-- Found ament_cmake: 2.5.6 (/opt/ros/jazzy/share/ament_cmake/cmake)
-- Found rclcpp: 28.1.22 (/opt/ros/jazzy/share/rclcpp/cmake)
-- Found rosidl_generator_c: 4.6.9 (/opt/ros/jazzy/share/rosidl_generator_c/cmake)
-- Found rosidl_generator_cpp: 4.6.9 (/opt/ros/jazzy/share/rosidl_generator_cpp/cmake)
-- Using all available rosidl_typesupport_c: rosidl_typesupport_fastrtps_c;rosidl_typesupport_introspection_c
-- Using all available rosidl_typesupport_cpp: rosidl_typesupport_fastrtps_cpp;rosidl_typesupport_introspection_cpp
-- Found rmw_implementation_cmake: 7.3.3 (/opt/ros/jazzy/share/rmw_implementation_cmake/cmake)
-- Found rmw_fastrtps_cpp: 8.4.4 (/opt/ros/jazzy/share/rmw_fastrtps_cpp/cmake)
-- Using RMW implementation 'rmw_fastrtps_cpp' as default
-- Found std_msgs: 5.3.8 (/opt/ros/jazzy/share/std_msgs/cmake)
-- Found px4_msgs: 2.0.1 (/home/vdt_2026/ros2_ws/install/px4_msgs/share/px4_msgs/cmake)
-- Found vdt_msgs: 0.1.0 (/home/vdt_2026/VDT_project/install/vdt_msgs/share/vdt_msgs/cmake)
-- Configuring done (0.9s)
-- Generating done (0.0s)
-- Build files have been written to: /home/vdt_2026/VDT_project/build/offboard_manager
Change Dir: '/home/vdt_2026/VDT_project/build/offboard_manager'

Run Build Command(s): /usr/bin/cmake -E env VERBOSE=1 /usr/bin/gmake -f Makefile -j4 -l4
/usr/bin/cmake -S/home/vdt_2026/VDT_project/ros2_ws/src/offboard_manager -B/home/vdt_2026/VDT_project/build/offboard_manager --check-build-system CMakeFiles/Makefile.cmake 0
/usr/bin/cmake -E cmake_progress_start /home/vdt_2026/VDT_project/build/offboard_manager/CMakeFiles /home/vdt_2026/VDT_project/build/offboard_manager//CMakeFiles/progress.marks
/usr/bin/gmake  -f CMakeFiles/Makefile2 all
gmake[1]: Entering directory '/home/vdt_2026/VDT_project/build/offboard_manager'
/usr/bin/gmake  -f CMakeFiles/offboard_node.dir/build.make CMakeFiles/offboard_node.dir/depend
/usr/bin/gmake  -f CMakeFiles/offboard_logic_test.dir/build.make CMakeFiles/offboard_logic_test.dir/depend
gmake[2]: Entering directory '/home/vdt_2026/VDT_project/build/offboard_manager'
cd /home/vdt_2026/VDT_project/build/offboard_manager && /usr/bin/cmake -E cmake_depends "Unix Makefiles" /home/vdt_2026/VDT_project/ros2_ws/src/offboard_manager /home/vdt_2026/VDT_project/ros2_ws/src/offboard_manager /home/vdt_2026/VDT_project/build/offboard_manager /home/vdt_2026/VDT_project/build/offboard_manager /home/vdt_2026/VDT_project/build/offboard_manager/CMakeFiles/offboard_node.dir/DependInfo.cmake "--color="
gmake[2]: Entering directory '/home/vdt_2026/VDT_project/build/offboard_manager'
cd /home/vdt_2026/VDT_project/build/offboard_manager && /usr/bin/cmake -E cmake_depends "Unix Makefiles" /home/vdt_2026/VDT_project/ros2_ws/src/offboard_manager /home/vdt_2026/VDT_project/ros2_ws/src/offboard_manager /home/vdt_2026/VDT_project/build/offboard_manager /home/vdt_2026/VDT_project/build/offboard_manager /home/vdt_2026/VDT_project/build/offboard_manager/CMakeFiles/offboard_logic_test.dir/DependInfo.cmake "--color="
Dependencies file "CMakeFiles/offboard_node.dir/src/main.cpp.o.d" is newer than depends file "/home/vdt_2026/VDT_project/build/offboard_manager/CMakeFiles/offboard_node.dir/compiler_depend.internal".
Dependencies file "CMakeFiles/offboard_logic_test.dir/src/offboard_logic.cpp.o.d" is newer than depends file "/home/vdt_2026/VDT_project/build/offboard_manager/CMakeFiles/offboard_logic_test.dir/compiler_depend.internal".
Dependencies file "CMakeFiles/offboard_logic_test.dir/test/offboard_logic_test.cpp.o.d" is newer than depends file "/home/vdt_2026/VDT_project/build/offboard_manager/CMakeFiles/offboard_logic_test.dir/compiler_depend.internal".
Dependencies file "CMakeFiles/offboard_node.dir/src/offboard_logic.cpp.o.d" is newer than depends file "/home/vdt_2026/VDT_project/build/offboard_manager/CMakeFiles/offboard_node.dir/compiler_depend.internal".
Dependencies file "CMakeFiles/offboard_node.dir/src/offboard_node.cpp.o.d" is newer than depends file "/home/vdt_2026/VDT_project/build/offboard_manager/CMakeFiles/offboard_node.dir/compiler_depend.internal".
Consolidate compiler generated dependencies of target offboard_logic_test
gmake[2]: Leaving directory '/home/vdt_2026/VDT_project/build/offboard_manager'
/usr/bin/gmake  -f CMakeFiles/offboard_logic_test.dir/build.make CMakeFiles/offboard_logic_test.dir/build
gmake[2]: Entering directory '/home/vdt_2026/VDT_project/build/offboard_manager'
Consolidate compiler generated dependencies of target offboard_node
gmake[2]: Leaving directory '/home/vdt_2026/VDT_project/build/offboard_manager'
/usr/bin/gmake  -f CMakeFiles/offboard_node.dir/build.make CMakeFiles/offboard_node.dir/build
[ 14%] Linking CXX executable offboard_logic_test
/usr/bin/cmake -E cmake_link_script CMakeFiles/offboard_logic_test.dir/link.txt --verbose=1
/usr/bin/c++ -O3 -DNDEBUG CMakeFiles/offboard_logic_test.dir/test/offboard_logic_test.cpp.o CMakeFiles/offboard_logic_test.dir/src/offboard_logic.cpp.o -o offboard_logic_test  -Wl,-rpath,/opt/ros/jazzy/lib:/home/vdt_2026/ros2_ws/install/px4_msgs/lib:/home/vdt_2026/VDT_project/install/vdt_msgs/lib /opt/ros/jazzy/lib/librclcpp.so /home/vdt_2026/ros2_ws/install/px4_msgs/lib/libpx4_msgs__rosidl_typesupport_fastrtps_c.so /home/vdt_2026/ros2_ws/install/px4_msgs/lib/libpx4_msgs__rosidl_typesupport_fastrtps_cpp.so /home/vdt_2026/ros2_ws/install/px4_msgs/lib/libpx4_msgs__rosidl_typesupport_introspection_c.so /home/vdt_2026/ros2_ws/install/px4_msgs/lib/libpx4_msgs__rosidl_typesupport_introspection_cpp.so /home/vdt_2026/ros2_ws/install/px4_msgs/lib/libpx4_msgs__rosidl_typesupport_cpp.so /home/vdt_2026/ros2_ws/install/px4_msgs/lib/libpx4_msgs__rosidl_generator_py.so /home/vdt_2026/VDT_project/install/vdt_msgs/lib/libvdt_msgs__rosidl_typesupport_fastrtps_c.so /home/vdt_2026/VDT_project/install/vdt_msgs/lib/libvdt_msgs__rosidl_typesupport_fastrtps_cpp.so /home/vdt_2026/VDT_project/install/vdt_msgs/lib/libvdt_msgs__rosidl_typesupport_introspection_c.so /home/vdt_2026/VDT_project/install/vdt_msgs/lib/libvdt_msgs__rosidl_typesupport_introspection_cpp.so /home/vdt_2026/VDT_project/install/vdt_msgs/lib/libvdt_msgs__rosidl_typesupport_cpp.so /home/vdt_2026/VDT_project/install/vdt_msgs/lib/libvdt_msgs__rosidl_generator_py.so /opt/ros/jazzy/lib/liblibstatistics_collector.so /opt/ros/jazzy/lib/librcl.so /opt/ros/jazzy/lib/librmw_implementation.so /opt/ros/jazzy/lib/libtype_description_interfaces__rosidl_typesupport_fastrtps_c.so /opt/ros/jazzy/lib/libtype_description_interfaces__rosidl_typesupport_introspection_c.so /opt/ros/jazzy/lib/libtype_description_interfaces__rosidl_typesupport_fastrtps_cpp.so /opt/ros/jazzy/lib/libtype_description_interfaces__rosidl_typesupport_introspection_cpp.so /opt/ros/jazzy/lib/libtype_description_interfaces__rosidl_typesupport_cpp.so /opt/ros/jazzy/lib/libtype_description_interfaces__rosidl_generator_py.so /opt/ros/jazzy/lib/libtype_description_interfaces__rosidl_typesupport_c.so /opt/ros/jazzy/lib/libtype_description_interfaces__rosidl_generator_c.so /opt/ros/jazzy/lib/librcl_yaml_param_parser.so /opt/ros/jazzy/lib/librosgraph_msgs__rosidl_typesupport_fastrtps_c.so /opt/ros/jazzy/lib/librosgraph_msgs__rosidl_typesupport_fastrtps_cpp.so /opt/ros/jazzy/lib/librosgraph_msgs__rosidl_typesupport_introspection_c.so /opt/ros/jazzy/lib/librosgraph_msgs__rosidl_typesupport_introspection_cpp.so /opt/ros/jazzy/lib/librosgraph_msgs__rosidl_typesupport_cpp.so /opt/ros/jazzy/lib/librosgraph_msgs__rosidl_generator_py.so /opt/ros/jazzy/lib/librcl_interfaces__rosidl_typesupport_fastrtps_c.so /opt/ros/jazzy/lib/librcl_interfaces__rosidl_typesupport_introspection_c.so /opt/ros/jazzy/lib/librcl_interfaces__rosidl_typesupport_fastrtps_cpp.so /opt/ros/jazzy/lib/librcl_interfaces__rosidl_typesupport_introspection_cpp.so /opt/ros/jazzy/lib/librcl_interfaces__rosidl_typesupport_cpp.so /opt/ros/jazzy/lib/librcl_interfaces__rosidl_generator_py.so /opt/ros/jazzy/lib/librosgraph_msgs__rosidl_typesupport_c.so /opt/ros/jazzy/lib/librcl_interfaces__rosidl_typesupport_c.so /opt/ros/jazzy/lib/librosgraph_msgs__rosidl_generator_c.so /opt/ros/jazzy/lib/librcl_interfaces__rosidl_generator_c.so /opt/ros/jazzy/lib/libstatistics_msgs__rosidl_typesupport_fastrtps_c.so /opt/ros/jazzy/lib/libstatistics_msgs__rosidl_typesupport_fastrtps_cpp.so /opt/ros/jazzy/lib/libstatistics_msgs__rosidl_typesupport_introspection_c.so /opt/ros/jazzy/lib/libstatistics_msgs__rosidl_typesupport_introspection_cpp.so /opt/ros/jazzy/lib/libstatistics_msgs__rosidl_typesupport_cpp.so /opt/ros/jazzy/lib/libstatistics_msgs__rosidl_generator_py.so /opt/ros/jazzy/lib/libstatistics_msgs__rosidl_typesupport_c.so /opt/ros/jazzy/lib/libstatistics_msgs__rosidl_generator_c.so /opt/ros/jazzy/lib/libtracetools.so -llttng-ust -llttng-ust-common -rdynamic -ldl /opt/ros/jazzy/lib/librcl_logging_interface.so /home/vdt_2026/ros2_ws/install/px4_msgs/lib/libpx4_msgs__rosidl_typesupport_c.so /home/vdt_2026/ros2_ws/install/px4_msgs/lib/libpx4_msgs__rosidl_generator_c.so /opt/ros/jazzy/lib/libservice_msgs__rosidl_typesupport_fastrtps_c.so /opt/ros/jazzy/lib/libservice_msgs__rosidl_typesupport_fastrtps_cpp.so /opt/ros/jazzy/lib/libservice_msgs__rosidl_typesupport_introspection_c.so /opt/ros/jazzy/lib/libservice_msgs__rosidl_typesupport_introspection_cpp.so /opt/ros/jazzy/lib/libservice_msgs__rosidl_typesupport_cpp.so /opt/ros/jazzy/lib/libservice_msgs__rosidl_typesupport_c.so /opt/ros/jazzy/lib/libservice_msgs__rosidl_generator_c.so /opt/ros/jazzy/lib/libstd_msgs__rosidl_typesupport_fastrtps_c.so /opt/ros/jazzy/lib/libstd_msgs__rosidl_typesupport_fastrtps_cpp.so /opt/ros/jazzy/lib/libstd_msgs__rosidl_typesupport_introspection_c.so /opt/ros/jazzy/lib/libstd_msgs__rosidl_typesupport_introspection_cpp.so /opt/ros/jazzy/lib/libstd_msgs__rosidl_typesupport_cpp.so /opt/ros/jazzy/lib/libstd_msgs__rosidl_generator_py.so /home/vdt_2026/VDT_project/install/vdt_msgs/lib/libvdt_msgs__rosidl_typesupport_c.so /opt/ros/jazzy/lib/libstd_msgs__rosidl_typesupport_c.so /home/vdt_2026/VDT_project/install/vdt_msgs/lib/libvdt_msgs__rosidl_generator_c.so /opt/ros/jazzy/lib/libstd_msgs__rosidl_generator_c.so /opt/ros/jazzy/lib/libbuiltin_interfaces__rosidl_typesupport_fastrtps_c.so /opt/ros/jazzy/lib/librosidl_typesupport_fastrtps_c.so /opt/ros/jazzy/lib/libbuiltin_interfaces__rosidl_typesupport_introspection_c.so /opt/ros/jazzy/lib/libbuiltin_interfaces__rosidl_typesupport_fastrtps_cpp.so /opt/ros/jazzy/lib/librosidl_typesupport_fastrtps_cpp.so /opt/ros/jazzy/lib/librmw.so /opt/ros/jazzy/lib/librosidl_dynamic_typesupport.so /opt/ros/jazzy/lib/libfastcdr.so.2.2.8 /opt/ros/jazzy/lib/libbuiltin_interfaces__rosidl_typesupport_introspection_cpp.so /opt/ros/jazzy/lib/librosidl_typesupport_introspection_cpp.so /opt/ros/jazzy/lib/librosidl_typesupport_introspection_c.so /opt/ros/jazzy/lib/libbuiltin_interfaces__rosidl_typesupport_cpp.so /opt/ros/jazzy/lib/librosidl_typesupport_cpp.so /opt/ros/jazzy/lib/libbuiltin_interfaces__rosidl_generator_py.so /opt/ros/jazzy/lib/libbuiltin_interfaces__rosidl_typesupport_c.so /opt/ros/jazzy/lib/libbuiltin_interfaces__rosidl_generator_c.so /opt/ros/jazzy/lib/librosidl_typesupport_c.so /opt/ros/jazzy/lib/librcpputils.so /opt/ros/jazzy/lib/librosidl_runtime_c.so /opt/ros/jazzy/lib/librcutils.so -ldl -latomic -Wl,-rpath-link,/opt/ros/jazzy/lib 
gmake[2]: Entering directory '/home/vdt_2026/VDT_project/build/offboard_manager'
[ 28%] Linking CXX executable offboard_node
/usr/bin/cmake -E cmake_link_script CMakeFiles/offboard_node.dir/link.txt --verbose=1
/usr/bin/c++ -O3 -DNDEBUG CMakeFiles/offboard_node.dir/src/main.cpp.o CMakeFiles/offboard_node.dir/src/offboard_node.cpp.o CMakeFiles/offboard_node.dir/src/offboard_logic.cpp.o -o offboard_node  -Wl,-rpath,/opt/ros/jazzy/lib:/home/vdt_2026/ros2_ws/install/px4_msgs/lib:/home/vdt_2026/VDT_project/install/vdt_msgs/lib: /opt/ros/jazzy/lib/librclcpp.so /home/vdt_2026/ros2_ws/install/px4_msgs/lib/libpx4_msgs__rosidl_typesupport_fastrtps_c.so /home/vdt_2026/ros2_ws/install/px4_msgs/lib/libpx4_msgs__rosidl_typesupport_fastrtps_cpp.so /home/vdt_2026/ros2_ws/install/px4_msgs/lib/libpx4_msgs__rosidl_typesupport_introspection_c.so /home/vdt_2026/ros2_ws/install/px4_msgs/lib/libpx4_msgs__rosidl_typesupport_introspection_cpp.so /home/vdt_2026/ros2_ws/install/px4_msgs/lib/libpx4_msgs__rosidl_typesupport_cpp.so /home/vdt_2026/ros2_ws/install/px4_msgs/lib/libpx4_msgs__rosidl_generator_py.so /home/vdt_2026/VDT_project/install/vdt_msgs/lib/libvdt_msgs__rosidl_typesupport_fastrtps_c.so /home/vdt_2026/VDT_project/install/vdt_msgs/lib/libvdt_msgs__rosidl_typesupport_fastrtps_cpp.so /home/vdt_2026/VDT_project/install/vdt_msgs/lib/libvdt_msgs__rosidl_typesupport_introspection_c.so /home/vdt_2026/VDT_project/install/vdt_msgs/lib/libvdt_msgs__rosidl_typesupport_introspection_cpp.so /home/vdt_2026/VDT_project/install/vdt_msgs/lib/libvdt_msgs__rosidl_typesupport_cpp.so /home/vdt_2026/VDT_project/install/vdt_msgs/lib/libvdt_msgs__rosidl_generator_py.so /opt/ros/jazzy/lib/liblibstatistics_collector.so /opt/ros/jazzy/lib/librcl.so /opt/ros/jazzy/lib/librmw_implementation.so /opt/ros/jazzy/lib/libtype_description_interfaces__rosidl_typesupport_fastrtps_c.so /opt/ros/jazzy/lib/libtype_description_interfaces__rosidl_typesupport_introspection_c.so /opt/ros/jazzy/lib/libtype_description_interfaces__rosidl_typesupport_fastrtps_cpp.so /opt/ros/jazzy/lib/libtype_description_interfaces__rosidl_typesupport_introspection_cpp.so /opt/ros/jazzy/lib/libtype_description_interfaces__rosidl_typesupport_cpp.so /opt/ros/jazzy/lib/libtype_description_interfaces__rosidl_generator_py.so /opt/ros/jazzy/lib/libtype_description_interfaces__rosidl_typesupport_c.so /opt/ros/jazzy/lib/libtype_description_interfaces__rosidl_generator_c.so /opt/ros/jazzy/lib/librcl_yaml_param_parser.so /opt/ros/jazzy/lib/librosgraph_msgs__rosidl_typesupport_fastrtps_c.so /opt/ros/jazzy/lib/librosgraph_msgs__rosidl_typesupport_fastrtps_cpp.so /opt/ros/jazzy/lib/librosgraph_msgs__rosidl_typesupport_introspection_c.so /opt/ros/jazzy/lib/librosgraph_msgs__rosidl_typesupport_introspection_cpp.so /opt/ros/jazzy/lib/librosgraph_msgs__rosidl_typesupport_cpp.so /opt/ros/jazzy/lib/librosgraph_msgs__rosidl_generator_py.so /opt/ros/jazzy/lib/librcl_interfaces__rosidl_typesupport_fastrtps_c.so /opt/ros/jazzy/lib/librcl_interfaces__rosidl_typesupport_introspection_c.so /opt/ros/jazzy/lib/librcl_interfaces__rosidl_typesupport_fastrtps_cpp.so /opt/ros/jazzy/lib/librcl_interfaces__rosidl_typesupport_introspection_cpp.so /opt/ros/jazzy/lib/librcl_interfaces__rosidl_typesupport_cpp.so /opt/ros/jazzy/lib/librcl_interfaces__rosidl_generator_py.so /opt/ros/jazzy/lib/librosgraph_msgs__rosidl_typesupport_c.so /opt/ros/jazzy/lib/librcl_interfaces__rosidl_typesupport_c.so /opt/ros/jazzy/lib/librosgraph_msgs__rosidl_generator_c.so /opt/ros/jazzy/lib/librcl_interfaces__rosidl_generator_c.so /opt/ros/jazzy/lib/libstatistics_msgs__rosidl_typesupport_fastrtps_c.so /opt/ros/jazzy/lib/libstatistics_msgs__rosidl_typesupport_fastrtps_cpp.so /opt/ros/jazzy/lib/libstatistics_msgs__rosidl_typesupport_introspection_c.so /opt/ros/jazzy/lib/libstatistics_msgs__rosidl_typesupport_introspection_cpp.so /opt/ros/jazzy/lib/libstatistics_msgs__rosidl_typesupport_cpp.so /opt/ros/jazzy/lib/libstatistics_msgs__rosidl_generator_py.so /opt/ros/jazzy/lib/libstatistics_msgs__rosidl_typesupport_c.so /opt/ros/jazzy/lib/libstatistics_msgs__rosidl_generator_c.so /opt/ros/jazzy/lib/libtracetools.so -llttng-ust -llttng-ust-common -rdynamic -ldl /opt/ros/jazzy/lib/librcl_logging_interface.so /home/vdt_2026/ros2_ws/install/px4_msgs/lib/libpx4_msgs__rosidl_typesupport_c.so /home/vdt_2026/ros2_ws/install/px4_msgs/lib/libpx4_msgs__rosidl_generator_c.so /opt/ros/jazzy/lib/libservice_msgs__rosidl_typesupport_fastrtps_c.so /opt/ros/jazzy/lib/libservice_msgs__rosidl_typesupport_fastrtps_cpp.so /opt/ros/jazzy/lib/libservice_msgs__rosidl_typesupport_introspection_c.so /opt/ros/jazzy/lib/libservice_msgs__rosidl_typesupport_introspection_cpp.so /opt/ros/jazzy/lib/libservice_msgs__rosidl_typesupport_cpp.so /opt/ros/jazzy/lib/libservice_msgs__rosidl_typesupport_c.so /opt/ros/jazzy/lib/libservice_msgs__rosidl_generator_c.so /opt/ros/jazzy/lib/libstd_msgs__rosidl_typesupport_fastrtps_c.so /opt/ros/jazzy/lib/libstd_msgs__rosidl_typesupport_fastrtps_cpp.so /opt/ros/jazzy/lib/libstd_msgs__rosidl_typesupport_introspection_c.so /opt/ros/jazzy/lib/libstd_msgs__rosidl_typesupport_introspection_cpp.so /opt/ros/jazzy/lib/libstd_msgs__rosidl_typesupport_cpp.so /opt/ros/jazzy/lib/libstd_msgs__rosidl_generator_py.so /home/vdt_2026/VDT_project/install/vdt_msgs/lib/libvdt_msgs__rosidl_typesupport_c.so /opt/ros/jazzy/lib/libstd_msgs__rosidl_typesupport_c.so /home/vdt_2026/VDT_project/install/vdt_msgs/lib/libvdt_msgs__rosidl_generator_c.so /opt/ros/jazzy/lib/libstd_msgs__rosidl_generator_c.so /opt/ros/jazzy/lib/libbuiltin_interfaces__rosidl_typesupport_fastrtps_c.so /opt/ros/jazzy/lib/librosidl_typesupport_fastrtps_c.so /opt/ros/jazzy/lib/libbuiltin_interfaces__rosidl_typesupport_introspection_c.so /opt/ros/jazzy/lib/libbuiltin_interfaces__rosidl_typesupport_fastrtps_cpp.so /opt/ros/jazzy/lib/librosidl_typesupport_fastrtps_cpp.so /opt/ros/jazzy/lib/librmw.so /opt/ros/jazzy/lib/librosidl_dynamic_typesupport.so /opt/ros/jazzy/lib/libfastcdr.so.2.2.8 /opt/ros/jazzy/lib/libbuiltin_interfaces__rosidl_typesupport_introspection_cpp.so /opt/ros/jazzy/lib/librosidl_typesupport_introspection_cpp.so /opt/ros/jazzy/lib/librosidl_typesupport_introspection_c.so /opt/ros/jazzy/lib/libbuiltin_interfaces__rosidl_typesupport_cpp.so /opt/ros/jazzy/lib/librosidl_typesupport_cpp.so /opt/ros/jazzy/lib/libbuiltin_interfaces__rosidl_generator_py.so /opt/ros/jazzy/lib/libbuiltin_interfaces__rosidl_typesupport_c.so /opt/ros/jazzy/lib/libbuiltin_interfaces__rosidl_generator_c.so /opt/ros/jazzy/lib/librosidl_typesupport_c.so /opt/ros/jazzy/lib/librcpputils.so /opt/ros/jazzy/lib/librosidl_runtime_c.so /opt/ros/jazzy/lib/librcutils.so -ldl -latomic -Wl,-rpath-link,/opt/ros/jazzy/lib 
gmake[2]: Leaving directory '/home/vdt_2026/VDT_project/build/offboard_manager'
[ 57%] Built target offboard_logic_test
gmake[2]: Leaving directory '/home/vdt_2026/VDT_project/build/offboard_manager'
[100%] Built target offboard_node
gmake[1]: Leaving directory '/home/vdt_2026/VDT_project/build/offboard_manager'
/usr/bin/cmake -E cmake_progress_start /home/vdt_2026/VDT_project/build/offboard_manager/CMakeFiles 0

-- Install configuration: "Release"
-- Installing: /home/vdt_2026/VDT_project/install/offboard_manager/lib/offboard_manager/offboard_node
-- Set non-toolchain portion of runtime path of "/home/vdt_2026/VDT_project/install/offboard_manager/lib/offboard_manager/offboard_node" to ""
-- Installing: /home/vdt_2026/VDT_project/install/offboard_manager/share/ament_index/resource_index/package_run_dependencies/offboard_manager
-- Installing: /home/vdt_2026/VDT_project/install/offboard_manager/share/ament_index/resource_index/parent_prefix_path/offboard_manager
-- Installing: /home/vdt_2026/VDT_project/install/offboard_manager/share/offboard_manager/environment/ament_prefix_path.sh
-- Installing: /home/vdt_2026/VDT_project/install/offboard_manager/share/offboard_manager/environment/ament_prefix_path.dsv
-- Installing: /home/vdt_2026/VDT_project/install/offboard_manager/share/offboard_manager/environment/path.sh
-- Installing: /home/vdt_2026/VDT_project/install/offboard_manager/share/offboard_manager/environment/path.dsv
-- Installing: /home/vdt_2026/VDT_project/install/offboard_manager/share/offboard_manager/local_setup.bash
-- Installing: /home/vdt_2026/VDT_project/install/offboard_manager/share/offboard_manager/local_setup.sh
-- Installing: /home/vdt_2026/VDT_project/install/offboard_manager/share/offboard_manager/local_setup.zsh
-- Installing: /home/vdt_2026/VDT_project/install/offboard_manager/share/offboard_manager/local_setup.dsv
-- Installing: /home/vdt_2026/VDT_project/install/offboard_manager/share/offboard_manager/package.dsv
-- Installing: /home/vdt_2026/VDT_project/install/offboard_manager/share/ament_index/resource_index/packages/offboard_manager
-- Installing: /home/vdt_2026/VDT_project/install/offboard_manager/share/offboard_manager/cmake/offboard_managerConfig.cmake
-- Installing: /home/vdt_2026/VDT_project/install/offboard_manager/share/offboard_manager/cmake/offboard_managerConfig-version.cmake
-- Installing: /home/vdt_2026/VDT_project/install/offboard_manager/share/offboard_manager/package.xml
