-- The C compiler identification is GNU 13.3.0
-- The CXX compiler identification is GNU 13.3.0
-- Detecting C compiler ABI info
-- Detecting C compiler ABI info - done
-- Check for working C compiler: /usr/bin/cc - skipped
-- Detecting C compile features
-- Detecting C compile features - done
-- Detecting CXX compiler ABI info
-- Detecting CXX compiler ABI info - done
-- Check for working CXX compiler: /usr/bin/c++ - skipped
-- Detecting CXX compile features
-- Detecting CXX compile features - done
-- Found ament_cmake: 2.5.6 (/opt/ros/jazzy/share/ament_cmake/cmake)
-- Found Python3: /usr/bin/python3 (found version "3.12.3") found components: Interpreter 
-- Found rclcpp: 28.1.22 (/opt/ros/jazzy/share/rclcpp/cmake)
-- Found rosidl_generator_c: 4.6.9 (/opt/ros/jazzy/share/rosidl_generator_c/cmake)
-- Found rosidl_generator_cpp: 4.6.9 (/opt/ros/jazzy/share/rosidl_generator_cpp/cmake)
-- Using all available rosidl_typesupport_c: rosidl_typesupport_fastrtps_c;rosidl_typesupport_introspection_c
-- Using all available rosidl_typesupport_cpp: rosidl_typesupport_fastrtps_cpp;rosidl_typesupport_introspection_cpp
-- Found rmw_implementation_cmake: 7.3.3 (/opt/ros/jazzy/share/rmw_implementation_cmake/cmake)
-- Found rmw_fastrtps_cpp: 8.4.4 (/opt/ros/jazzy/share/rmw_fastrtps_cpp/cmake)
-- Found OpenSSL: /usr/lib/aarch64-linux-gnu/libcrypto.so (found version "3.0.13")  
-- Found FastRTPS: /opt/ros/jazzy/include (Required is at least version "2.13") 
-- Using RMW implementation 'rmw_fastrtps_cpp' as default
-- Found std_msgs: 5.3.8 (/opt/ros/jazzy/share/std_msgs/cmake)
-- Found sensor_msgs: 5.3.8 (/opt/ros/jazzy/share/sensor_msgs/cmake)
-- Found vision_msgs: 4.1.1 (/opt/ros/jazzy/share/vision_msgs/cmake)
-- Found vdt_msgs: 0.1.0 (/home/vdt_2026/VDT_project/install/vdt_msgs/share/vdt_msgs/cmake)
-- Configuring done (2.1s)
-- Generating done (0.0s)
-- Build files have been written to: /home/vdt_2026/VDT_project/build/vision_interface_bridge
Change Dir: '/home/vdt_2026/VDT_project/build/vision_interface_bridge'

Run Build Command(s): /usr/bin/cmake -E env VERBOSE=1 /usr/bin/gmake -f Makefile -j4 -l4
/usr/bin/cmake -S/home/vdt_2026/VDT_project/ros2_ws/src/vision_interface_bridge -B/home/vdt_2026/VDT_project/build/vision_interface_bridge --check-build-system CMakeFiles/Makefile.cmake 0
/usr/bin/cmake -E cmake_progress_start /home/vdt_2026/VDT_project/build/vision_interface_bridge/CMakeFiles /home/vdt_2026/VDT_project/build/vision_interface_bridge//CMakeFiles/progress.marks
/usr/bin/gmake  -f CMakeFiles/Makefile2 all
gmake[1]: Entering directory '/home/vdt_2026/VDT_project/build/vision_interface_bridge'
/usr/bin/gmake  -f CMakeFiles/vision_interface_bridge_node.dir/build.make CMakeFiles/vision_interface_bridge_node.dir/depend
/usr/bin/gmake  -f CMakeFiles/bridge_logic_test.dir/build.make CMakeFiles/bridge_logic_test.dir/depend
gmake[2]: Entering directory '/home/vdt_2026/VDT_project/build/vision_interface_bridge'
cd /home/vdt_2026/VDT_project/build/vision_interface_bridge && /usr/bin/cmake -E cmake_depends "Unix Makefiles" /home/vdt_2026/VDT_project/ros2_ws/src/vision_interface_bridge /home/vdt_2026/VDT_project/ros2_ws/src/vision_interface_bridge /home/vdt_2026/VDT_project/build/vision_interface_bridge /home/vdt_2026/VDT_project/build/vision_interface_bridge /home/vdt_2026/VDT_project/build/vision_interface_bridge/CMakeFiles/bridge_logic_test.dir/DependInfo.cmake "--color="
gmake[2]: Entering directory '/home/vdt_2026/VDT_project/build/vision_interface_bridge'
cd /home/vdt_2026/VDT_project/build/vision_interface_bridge && /usr/bin/cmake -E cmake_depends "Unix Makefiles" /home/vdt_2026/VDT_project/ros2_ws/src/vision_interface_bridge /home/vdt_2026/VDT_project/ros2_ws/src/vision_interface_bridge /home/vdt_2026/VDT_project/build/vision_interface_bridge /home/vdt_2026/VDT_project/build/vision_interface_bridge /home/vdt_2026/VDT_project/build/vision_interface_bridge/CMakeFiles/vision_interface_bridge_node.dir/DependInfo.cmake "--color="
gmake[2]: Leaving directory '/home/vdt_2026/VDT_project/build/vision_interface_bridge'
gmake[2]: Leaving directory '/home/vdt_2026/VDT_project/build/vision_interface_bridge'
/usr/bin/gmake  -f CMakeFiles/bridge_logic_test.dir/build.make CMakeFiles/bridge_logic_test.dir/build
/usr/bin/gmake  -f CMakeFiles/vision_interface_bridge_node.dir/build.make CMakeFiles/vision_interface_bridge_node.dir/build
gmake[2]: Entering directory '/home/vdt_2026/VDT_project/build/vision_interface_bridge'
gmake[2]: Entering directory '/home/vdt_2026/VDT_project/build/vision_interface_bridge'
[ 50%] Building CXX object CMakeFiles/vision_interface_bridge_node.dir/src/vision_interface_node.cpp.o
[ 50%] Building CXX object CMakeFiles/bridge_logic_test.dir/test/bridge_logic_test.cpp.o
/usr/bin/c++ -DDEFAULT_RMW_IMPLEMENTATION=rmw_fastrtps_cpp -DFASTCDR_DYN_LINK -I/home/vdt_2026/VDT_project/ros2_ws/src/vision_interface_bridge/include -isystem /home/vdt_2026/VDT_project/install/vdt_msgs/include/vdt_msgs -isystem /opt/ros/jazzy/include/rclcpp -isystem /opt/ros/jazzy/include/std_msgs -isystem /opt/ros/jazzy/include/sensor_msgs -isystem /opt/ros/jazzy/include/vision_msgs -isystem /opt/ros/jazzy/include/builtin_interfaces -isystem /opt/ros/jazzy/include/rosidl_runtime_c -isystem /opt/ros/jazzy/include/rcutils -isystem /opt/ros/jazzy/include/rosidl_typesupport_interface -isystem /opt/ros/jazzy/include/fastcdr -isystem /opt/ros/jazzy/include/rosidl_runtime_cpp -isystem /opt/ros/jazzy/include/rosidl_typesupport_fastrtps_cpp -isystem /opt/ros/jazzy/include/rmw -isystem /opt/ros/jazzy/include/rosidl_dynamic_typesupport -isystem /opt/ros/jazzy/include/rosidl_typesupport_fastrtps_c -isystem /opt/ros/jazzy/include/rosidl_typesupport_introspection_c -isystem /opt/ros/jazzy/include/rosidl_typesupport_introspection_cpp -isystem /opt/ros/jazzy/include/libstatistics_collector -isystem /opt/ros/jazzy/include/rcl -isystem /opt/ros/jazzy/include/rcl_interfaces -isystem /opt/ros/jazzy/include/service_msgs -isystem /opt/ros/jazzy/include/rcl_logging_interface -isystem /opt/ros/jazzy/include/rcl_yaml_param_parser -isystem /opt/ros/jazzy/include/type_description_interfaces -isystem /opt/ros/jazzy/include/rcpputils -isystem /opt/ros/jazzy/include/statistics_msgs -isystem /opt/ros/jazzy/include/rosgraph_msgs -isystem /opt/ros/jazzy/include/rosidl_typesupport_cpp -isystem /opt/ros/jazzy/include/rosidl_typesupport_c -isystem /opt/ros/jazzy/include/tracetools -isystem /opt/ros/jazzy/include/geometry_msgs  -MD -MT CMakeFiles/vision_interface_bridge_node.dir/src/vision_interface_node.cpp.o -MF CMakeFiles/vision_interface_bridge_node.dir/src/vision_interface_node.cpp.o.d -o CMakeFiles/vision_interface_bridge_node.dir/src/vision_interface_node.cpp.o -c /home/vdt_2026/VDT_project/ros2_ws/src/vision_interface_bridge/src/vision_interface_node.cpp
/usr/bin/c++  -I/home/vdt_2026/VDT_project/ros2_ws/src/vision_interface_bridge/include -UNDEBUG -MD -MT CMakeFiles/bridge_logic_test.dir/test/bridge_logic_test.cpp.o -MF CMakeFiles/bridge_logic_test.dir/test/bridge_logic_test.cpp.o.d -o CMakeFiles/bridge_logic_test.dir/test/bridge_logic_test.cpp.o -c /home/vdt_2026/VDT_project/ros2_ws/src/vision_interface_bridge/test/bridge_logic_test.cpp
[ 75%] Linking CXX executable bridge_logic_test
/usr/bin/cmake -E cmake_link_script CMakeFiles/bridge_logic_test.dir/link.txt --verbose=1
/usr/bin/c++ CMakeFiles/bridge_logic_test.dir/test/bridge_logic_test.cpp.o -o bridge_logic_test 
gmake[2]: Leaving directory '/home/vdt_2026/VDT_project/build/vision_interface_bridge'
[ 75%] Built target bridge_logic_test
[100%] Linking CXX executable vision_interface_bridge_node
/usr/bin/cmake -E cmake_link_script CMakeFiles/vision_interface_bridge_node.dir/link.txt --verbose=1
/usr/bin/c++ CMakeFiles/vision_interface_bridge_node.dir/src/vision_interface_node.cpp.o -o vision_interface_bridge_node  -Wl,-rpath,/opt/ros/jazzy/lib:/home/vdt_2026/VDT_project/install/vdt_msgs/lib: /opt/ros/jazzy/lib/librclcpp.so /opt/ros/jazzy/lib/libsensor_msgs__rosidl_typesupport_fastrtps_c.so /opt/ros/jazzy/lib/libsensor_msgs__rosidl_typesupport_fastrtps_cpp.so /opt/ros/jazzy/lib/libsensor_msgs__rosidl_typesupport_introspection_c.so /opt/ros/jazzy/lib/libsensor_msgs__rosidl_typesupport_introspection_cpp.so /opt/ros/jazzy/lib/libsensor_msgs__rosidl_generator_py.so /opt/ros/jazzy/lib/libvision_msgs__rosidl_typesupport_fastrtps_c.so /opt/ros/jazzy/lib/libvision_msgs__rosidl_typesupport_fastrtps_cpp.so /opt/ros/jazzy/lib/libvision_msgs__rosidl_typesupport_introspection_c.so /opt/ros/jazzy/lib/libvision_msgs__rosidl_typesupport_introspection_cpp.so /opt/ros/jazzy/lib/libvision_msgs__rosidl_typesupport_cpp.so /opt/ros/jazzy/lib/libvision_msgs__rosidl_generator_py.so /home/vdt_2026/VDT_project/install/vdt_msgs/lib/libvdt_msgs__rosidl_typesupport_fastrtps_c.so /home/vdt_2026/VDT_project/install/vdt_msgs/lib/libvdt_msgs__rosidl_typesupport_fastrtps_cpp.so /home/vdt_2026/VDT_project/install/vdt_msgs/lib/libvdt_msgs__rosidl_typesupport_introspection_c.so /home/vdt_2026/VDT_project/install/vdt_msgs/lib/libvdt_msgs__rosidl_typesupport_introspection_cpp.so /home/vdt_2026/VDT_project/install/vdt_msgs/lib/libvdt_msgs__rosidl_typesupport_cpp.so /home/vdt_2026/VDT_project/install/vdt_msgs/lib/libvdt_msgs__rosidl_generator_py.so /opt/ros/jazzy/lib/liblibstatistics_collector.so /opt/ros/jazzy/lib/librcl.so /opt/ros/jazzy/lib/librmw_implementation.so /opt/ros/jazzy/lib/libtype_description_interfaces__rosidl_typesupport_fastrtps_c.so /opt/ros/jazzy/lib/libtype_description_interfaces__rosidl_typesupport_introspection_c.so /opt/ros/jazzy/lib/libtype_description_interfaces__rosidl_typesupport_fastrtps_cpp.so /opt/ros/jazzy/lib/libtype_description_interfaces__rosidl_typesupport_introspection_cpp.so /opt/ros/jazzy/lib/libtype_description_interfaces__rosidl_typesupport_cpp.so /opt/ros/jazzy/lib/libtype_description_interfaces__rosidl_generator_py.so /opt/ros/jazzy/lib/libtype_description_interfaces__rosidl_typesupport_c.so /opt/ros/jazzy/lib/libtype_description_interfaces__rosidl_generator_c.so /opt/ros/jazzy/lib/librcl_yaml_param_parser.so /opt/ros/jazzy/lib/librosgraph_msgs__rosidl_typesupport_fastrtps_c.so /opt/ros/jazzy/lib/librosgraph_msgs__rosidl_typesupport_fastrtps_cpp.so /opt/ros/jazzy/lib/librosgraph_msgs__rosidl_typesupport_introspection_c.so /opt/ros/jazzy/lib/librosgraph_msgs__rosidl_typesupport_introspection_cpp.so /opt/ros/jazzy/lib/librosgraph_msgs__rosidl_typesupport_cpp.so /opt/ros/jazzy/lib/librosgraph_msgs__rosidl_generator_py.so /opt/ros/jazzy/lib/librcl_interfaces__rosidl_typesupport_fastrtps_c.so /opt/ros/jazzy/lib/librcl_interfaces__rosidl_typesupport_introspection_c.so /opt/ros/jazzy/lib/librcl_interfaces__rosidl_typesupport_fastrtps_cpp.so /opt/ros/jazzy/lib/librcl_interfaces__rosidl_typesupport_introspection_cpp.so /opt/ros/jazzy/lib/librcl_interfaces__rosidl_typesupport_cpp.so /opt/ros/jazzy/lib/librcl_interfaces__rosidl_generator_py.so /opt/ros/jazzy/lib/librosgraph_msgs__rosidl_typesupport_c.so /opt/ros/jazzy/lib/librcl_interfaces__rosidl_typesupport_c.so /opt/ros/jazzy/lib/librosgraph_msgs__rosidl_generator_c.so /opt/ros/jazzy/lib/librcl_interfaces__rosidl_generator_c.so /opt/ros/jazzy/lib/libstatistics_msgs__rosidl_typesupport_fastrtps_c.so /opt/ros/jazzy/lib/libstatistics_msgs__rosidl_typesupport_fastrtps_cpp.so /opt/ros/jazzy/lib/libstatistics_msgs__rosidl_typesupport_introspection_c.so /opt/ros/jazzy/lib/libstatistics_msgs__rosidl_typesupport_introspection_cpp.so /opt/ros/jazzy/lib/libstatistics_msgs__rosidl_typesupport_cpp.so /opt/ros/jazzy/lib/libstatistics_msgs__rosidl_generator_py.so /opt/ros/jazzy/lib/libstatistics_msgs__rosidl_typesupport_c.so /opt/ros/jazzy/lib/libstatistics_msgs__rosidl_generator_c.so /opt/ros/jazzy/lib/libtracetools.so -llttng-ust -llttng-ust-common -rdynamic -ldl /opt/ros/jazzy/lib/librcl_logging_interface.so /opt/ros/jazzy/lib/libsensor_msgs__rosidl_typesupport_c.so /opt/ros/jazzy/lib/libservice_msgs__rosidl_typesupport_fastrtps_c.so /opt/ros/jazzy/lib/libservice_msgs__rosidl_typesupport_fastrtps_cpp.so /opt/ros/jazzy/lib/libservice_msgs__rosidl_typesupport_introspection_c.so /opt/ros/jazzy/lib/libservice_msgs__rosidl_typesupport_introspection_cpp.so /opt/ros/jazzy/lib/libservice_msgs__rosidl_typesupport_c.so /opt/ros/jazzy/lib/libsensor_msgs__rosidl_typesupport_cpp.so /opt/ros/jazzy/lib/libsensor_msgs__rosidl_generator_c.so /opt/ros/jazzy/lib/libservice_msgs__rosidl_typesupport_cpp.so /opt/ros/jazzy/lib/libservice_msgs__rosidl_generator_c.so /opt/ros/jazzy/lib/libvision_msgs__rosidl_typesupport_c.so /opt/ros/jazzy/lib/libvision_msgs__rosidl_generator_c.so /opt/ros/jazzy/lib/libgeometry_msgs__rosidl_typesupport_fastrtps_c.so /opt/ros/jazzy/lib/libgeometry_msgs__rosidl_typesupport_fastrtps_cpp.so /opt/ros/jazzy/lib/libgeometry_msgs__rosidl_typesupport_introspection_c.so /opt/ros/jazzy/lib/libgeometry_msgs__rosidl_typesupport_introspection_cpp.so /opt/ros/jazzy/lib/libgeometry_msgs__rosidl_typesupport_cpp.so /opt/ros/jazzy/lib/libgeometry_msgs__rosidl_typesupport_c.so /opt/ros/jazzy/lib/libgeometry_msgs__rosidl_generator_c.so /opt/ros/jazzy/lib/libstd_msgs__rosidl_typesupport_fastrtps_c.so /opt/ros/jazzy/lib/libstd_msgs__rosidl_typesupport_fastrtps_cpp.so /opt/ros/jazzy/lib/libstd_msgs__rosidl_typesupport_introspection_c.so /opt/ros/jazzy/lib/libstd_msgs__rosidl_typesupport_introspection_cpp.so /opt/ros/jazzy/lib/libstd_msgs__rosidl_typesupport_cpp.so /opt/ros/jazzy/lib/libstd_msgs__rosidl_generator_py.so /home/vdt_2026/VDT_project/install/vdt_msgs/lib/libvdt_msgs__rosidl_typesupport_c.so /opt/ros/jazzy/lib/libstd_msgs__rosidl_typesupport_c.so /home/vdt_2026/VDT_project/install/vdt_msgs/lib/libvdt_msgs__rosidl_generator_c.so /opt/ros/jazzy/lib/libstd_msgs__rosidl_generator_c.so /opt/ros/jazzy/lib/libbuiltin_interfaces__rosidl_typesupport_fastrtps_c.so /opt/ros/jazzy/lib/librosidl_typesupport_fastrtps_c.so /opt/ros/jazzy/lib/libbuiltin_interfaces__rosidl_typesupport_introspection_c.so /opt/ros/jazzy/lib/libbuiltin_interfaces__rosidl_typesupport_fastrtps_cpp.so /opt/ros/jazzy/lib/librosidl_typesupport_fastrtps_cpp.so /opt/ros/jazzy/lib/librmw.so /opt/ros/jazzy/lib/librosidl_dynamic_typesupport.so /opt/ros/jazzy/lib/libfastcdr.so.2.2.8 /opt/ros/jazzy/lib/libbuiltin_interfaces__rosidl_typesupport_introspection_cpp.so /opt/ros/jazzy/lib/librosidl_typesupport_introspection_cpp.so /opt/ros/jazzy/lib/librosidl_typesupport_introspection_c.so /opt/ros/jazzy/lib/libbuiltin_interfaces__rosidl_typesupport_cpp.so /opt/ros/jazzy/lib/librosidl_typesupport_cpp.so /opt/ros/jazzy/lib/libbuiltin_interfaces__rosidl_generator_py.so /opt/ros/jazzy/lib/libbuiltin_interfaces__rosidl_typesupport_c.so /opt/ros/jazzy/lib/libbuiltin_interfaces__rosidl_generator_c.so /opt/ros/jazzy/lib/librosidl_typesupport_c.so /opt/ros/jazzy/lib/librcpputils.so /opt/ros/jazzy/lib/librosidl_runtime_c.so /opt/ros/jazzy/lib/librcutils.so -ldl -latomic -Wl,-rpath-link,/opt/ros/jazzy/lib 
gmake[2]: Leaving directory '/home/vdt_2026/VDT_project/build/vision_interface_bridge'
[100%] Built target vision_interface_bridge_node
gmake[1]: Leaving directory '/home/vdt_2026/VDT_project/build/vision_interface_bridge'
/usr/bin/cmake -E cmake_progress_start /home/vdt_2026/VDT_project/build/vision_interface_bridge/CMakeFiles 0

-- Install configuration: ""
-- Installing: /home/vdt_2026/VDT_project/install/vision_interface_bridge/lib/vision_interface_bridge/vision_interface_bridge_node
-- Set non-toolchain portion of runtime path of "/home/vdt_2026/VDT_project/install/vision_interface_bridge/lib/vision_interface_bridge/vision_interface_bridge_node" to ""
-- Installing: /home/vdt_2026/VDT_project/install/vision_interface_bridge/share/vision_interface_bridge/config
-- Installing: /home/vdt_2026/VDT_project/install/vision_interface_bridge/share/vision_interface_bridge/config/vision_interface_bridge.yaml
-- Installing: /home/vdt_2026/VDT_project/install/vision_interface_bridge/share/vision_interface_bridge/launch
-- Installing: /home/vdt_2026/VDT_project/install/vision_interface_bridge/share/vision_interface_bridge/launch/vision_interface_bridge.launch.py
-- Installing: /home/vdt_2026/VDT_project/install/vision_interface_bridge/share/ament_index/resource_index/package_run_dependencies/vision_interface_bridge
-- Installing: /home/vdt_2026/VDT_project/install/vision_interface_bridge/share/ament_index/resource_index/parent_prefix_path/vision_interface_bridge
-- Installing: /home/vdt_2026/VDT_project/install/vision_interface_bridge/share/vision_interface_bridge/environment/ament_prefix_path.sh
-- Installing: /home/vdt_2026/VDT_project/install/vision_interface_bridge/share/vision_interface_bridge/environment/ament_prefix_path.dsv
-- Installing: /home/vdt_2026/VDT_project/install/vision_interface_bridge/share/vision_interface_bridge/environment/path.sh
-- Installing: /home/vdt_2026/VDT_project/install/vision_interface_bridge/share/vision_interface_bridge/environment/path.dsv
-- Installing: /home/vdt_2026/VDT_project/install/vision_interface_bridge/share/vision_interface_bridge/local_setup.bash
-- Installing: /home/vdt_2026/VDT_project/install/vision_interface_bridge/share/vision_interface_bridge/local_setup.sh
-- Installing: /home/vdt_2026/VDT_project/install/vision_interface_bridge/share/vision_interface_bridge/local_setup.zsh
-- Installing: /home/vdt_2026/VDT_project/install/vision_interface_bridge/share/vision_interface_bridge/local_setup.dsv
-- Installing: /home/vdt_2026/VDT_project/install/vision_interface_bridge/share/vision_interface_bridge/package.dsv
-- Installing: /home/vdt_2026/VDT_project/install/vision_interface_bridge/share/ament_index/resource_index/packages/vision_interface_bridge
-- Installing: /home/vdt_2026/VDT_project/install/vision_interface_bridge/share/vision_interface_bridge/cmake/vision_interface_bridgeConfig.cmake
-- Installing: /home/vdt_2026/VDT_project/install/vision_interface_bridge/share/vision_interface_bridge/cmake/vision_interface_bridgeConfig-version.cmake
-- Installing: /home/vdt_2026/VDT_project/install/vision_interface_bridge/share/vision_interface_bridge/package.xml
