[0.011s] Invoking command in '/home/vdt_2026/VDT_project/build/vision_interface_bridge': AMENT_PREFIX_PATH=/home/vdt_2026/VDT_project/install/vdt_msgs:${AMENT_PREFIX_PATH} CMAKE_PREFIX_PATH=/home/vdt_2026/VDT_project/install/vdt_msgs:/home/vdt_2026/ros2_ws/install/px4_msgs:/opt/ros/jazzy LD_LIBRARY_PATH=/home/vdt_2026/VDT_project/install/vdt_msgs/lib:${LD_LIBRARY_PATH} PYTHONPATH=/home/vdt_2026/VDT_project/install/vdt_msgs/lib/python3.12/site-packages:${PYTHONPATH} /usr/bin/cmake /home/vdt_2026/VDT_project/ros2_ws/src/vision_interface_bridge -DCMAKE_VERBOSE_MAKEFILE=ON -DCMAKE_INSTALL_PREFIX=/home/vdt_2026/VDT_project/install/vision_interface_bridge
[0.401s] -- The C compiler identification is GNU 13.3.0
[0.514s] -- The CXX compiler identification is GNU 13.3.0
[0.545s] -- Detecting C compiler ABI info
[0.715s] -- Detecting C compiler ABI info - done
[0.731s] -- Check for working C compiler: /usr/bin/cc - skipped
[0.732s] -- Detecting C compile features
[0.733s] -- Detecting C compile features - done
[0.748s] -- Detecting CXX compiler ABI info
[0.923s] -- Detecting CXX compiler ABI info - done
[0.939s] -- Check for working CXX compiler: /usr/bin/c++ - skipped
[0.939s] -- Detecting CXX compile features
[0.940s] -- Detecting CXX compile features - done
[0.945s] -- Found ament_cmake: 2.5.6 (/opt/ros/jazzy/share/ament_cmake/cmake)
[1.160s] -- Found Python3: /usr/bin/python3 (found version "3.12.3") found components: Interpreter 
[1.318s] -- Found rclcpp: 28.1.22 (/opt/ros/jazzy/share/rclcpp/cmake)
[1.364s] -- Found rosidl_generator_c: 4.6.9 (/opt/ros/jazzy/share/rosidl_generator_c/cmake)
[1.381s] -- Found rosidl_generator_cpp: 4.6.9 (/opt/ros/jazzy/share/rosidl_generator_cpp/cmake)
[1.401s] -- Using all available rosidl_typesupport_c: rosidl_typesupport_fastrtps_c;rosidl_typesupport_introspection_c
[1.423s] -- Using all available rosidl_typesupport_cpp: rosidl_typesupport_fastrtps_cpp;rosidl_typesupport_introspection_cpp
[1.521s] -- Found rmw_implementation_cmake: 7.3.3 (/opt/ros/jazzy/share/rmw_implementation_cmake/cmake)
[1.524s] -- Found rmw_fastrtps_cpp: 8.4.4 (/opt/ros/jazzy/share/rmw_fastrtps_cpp/cmake)
[1.656s] -- Found OpenSSL: /usr/lib/aarch64-linux-gnu/libcrypto.so (found version "3.0.13")  
[1.679s] -- Found FastRTPS: /opt/ros/jazzy/include (Required is at least version "2.13") 
[1.714s] -- Using RMW implementation 'rmw_fastrtps_cpp' as default
[1.812s] -- Found std_msgs: 5.3.8 (/opt/ros/jazzy/share/std_msgs/cmake)
[1.833s] -- Found sensor_msgs: 5.3.8 (/opt/ros/jazzy/share/sensor_msgs/cmake)
[1.899s] -- Found vision_msgs: 4.1.1 (/opt/ros/jazzy/share/vision_msgs/cmake)
[1.937s] -- Found vdt_msgs: 0.1.0 (/home/vdt_2026/VDT_project/install/vdt_msgs/share/vdt_msgs/cmake)
[2.117s] -- Configuring done (2.1s)
[2.139s] -- Generating done (0.0s)
[2.146s] -- Build files have been written to: /home/vdt_2026/VDT_project/build/vision_interface_bridge
[2.168s] Invoked command in '/home/vdt_2026/VDT_project/build/vision_interface_bridge' returned '0': AMENT_PREFIX_PATH=/home/vdt_2026/VDT_project/install/vdt_msgs:${AMENT_PREFIX_PATH} CMAKE_PREFIX_PATH=/home/vdt_2026/VDT_project/install/vdt_msgs:/home/vdt_2026/ros2_ws/install/px4_msgs:/opt/ros/jazzy LD_LIBRARY_PATH=/home/vdt_2026/VDT_project/install/vdt_msgs/lib:${LD_LIBRARY_PATH} PYTHONPATH=/home/vdt_2026/VDT_project/install/vdt_msgs/lib/python3.12/site-packages:${PYTHONPATH} /usr/bin/cmake /home/vdt_2026/VDT_project/ros2_ws/src/vision_interface_bridge -DCMAKE_VERBOSE_MAKEFILE=ON -DCMAKE_INSTALL_PREFIX=/home/vdt_2026/VDT_project/install/vision_interface_bridge
[2.169s] Invoking command in '/home/vdt_2026/VDT_project/build/vision_interface_bridge': AMENT_PREFIX_PATH=/home/vdt_2026/VDT_project/install/vdt_msgs:${AMENT_PREFIX_PATH} CMAKE_PREFIX_PATH=/home/vdt_2026/VDT_project/install/vdt_msgs:/home/vdt_2026/ros2_ws/install/px4_msgs:/opt/ros/jazzy LD_LIBRARY_PATH=/home/vdt_2026/VDT_project/install/vdt_msgs/lib:${LD_LIBRARY_PATH} PYTHONPATH=/home/vdt_2026/VDT_project/install/vdt_msgs/lib/python3.12/site-packages:${PYTHONPATH} /usr/bin/cmake --build /home/vdt_2026/VDT_project/build/vision_interface_bridge -- -j4 -l4
[2.183s] Change Dir: '/home/vdt_2026/VDT_project/build/vision_interface_bridge'
[2.183s] 
[2.183s] Run Build Command(s): /usr/bin/cmake -E env VERBOSE=1 /usr/bin/gmake -f Makefile -j4 -l4
[2.200s] /usr/bin/cmake -S/home/vdt_2026/VDT_project/ros2_ws/src/vision_interface_bridge -B/home/vdt_2026/VDT_project/build/vision_interface_bridge --check-build-system CMakeFiles/Makefile.cmake 0
[2.221s] /usr/bin/cmake -E cmake_progress_start /home/vdt_2026/VDT_project/build/vision_interface_bridge/CMakeFiles /home/vdt_2026/VDT_project/build/vision_interface_bridge//CMakeFiles/progress.marks
[2.235s] /usr/bin/gmake  -f CMakeFiles/Makefile2 all
[2.237s] gmake[1]: Entering directory '/home/vdt_2026/VDT_project/build/vision_interface_bridge'
[2.237s] /usr/bin/gmake  -f CMakeFiles/vision_interface_bridge_node.dir/build.make CMakeFiles/vision_interface_bridge_node.dir/depend
[2.238s] /usr/bin/gmake  -f CMakeFiles/bridge_logic_test.dir/build.make CMakeFiles/bridge_logic_test.dir/depend
[2.239s] gmake[2]: Entering directory '/home/vdt_2026/VDT_project/build/vision_interface_bridge'
[2.240s] cd /home/vdt_2026/VDT_project/build/vision_interface_bridge && /usr/bin/cmake -E cmake_depends "Unix Makefiles" /home/vdt_2026/VDT_project/ros2_ws/src/vision_interface_bridge /home/vdt_2026/VDT_project/ros2_ws/src/vision_interface_bridge /home/vdt_2026/VDT_project/build/vision_interface_bridge /home/vdt_2026/VDT_project/build/vision_interface_bridge /home/vdt_2026/VDT_project/build/vision_interface_bridge/CMakeFiles/bridge_logic_test.dir/DependInfo.cmake "--color="
[2.240s] gmake[2]: Entering directory '/home/vdt_2026/VDT_project/build/vision_interface_bridge'
[2.240s] cd /home/vdt_2026/VDT_project/build/vision_interface_bridge && /usr/bin/cmake -E cmake_depends "Unix Makefiles" /home/vdt_2026/VDT_project/ros2_ws/src/vision_interface_bridge /home/vdt_2026/VDT_project/ros2_ws/src/vision_interface_bridge /home/vdt_2026/VDT_project/build/vision_interface_bridge /home/vdt_2026/VDT_project/build/vision_interface_bridge /home/vdt_2026/VDT_project/build/vision_interface_bridge/CMakeFiles/vision_interface_bridge_node.dir/DependInfo.cmake "--color="
[2.257s] gmake[2]: Leaving directory '/home/vdt_2026/VDT_project/build/vision_interface_bridge'
[2.257s] gmake[2]: Leaving directory '/home/vdt_2026/VDT_project/build/vision_interface_bridge'
[2.258s] /usr/bin/gmake  -f CMakeFiles/bridge_logic_test.dir/build.make CMakeFiles/bridge_logic_test.dir/build
[2.258s] /usr/bin/gmake  -f CMakeFiles/vision_interface_bridge_node.dir/build.make CMakeFiles/vision_interface_bridge_node.dir/build
[2.259s] gmake[2]: Entering directory '/home/vdt_2026/VDT_project/build/vision_interface_bridge'
[2.260s] gmake[2]: Entering directory '/home/vdt_2026/VDT_project/build/vision_interface_bridge'
[2.275s] [ 50%] Building CXX object CMakeFiles/vision_interface_bridge_node.dir/src/vision_interface_node.cpp.o
[2.275s] [ 50%] Building CXX object CMakeFiles/bridge_logic_test.dir/test/bridge_logic_test.cpp.o
[2.276s] /usr/bin/c++ -DDEFAULT_RMW_IMPLEMENTATION=rmw_fastrtps_cpp -DFASTCDR_DYN_LINK -I/home/vdt_2026/VDT_project/ros2_ws/src/vision_interface_bridge/include -isystem /home/vdt_2026/VDT_project/install/vdt_msgs/include/vdt_msgs -isystem /opt/ros/jazzy/include/rclcpp -isystem /opt/ros/jazzy/include/std_msgs -isystem /opt/ros/jazzy/include/sensor_msgs -isystem /opt/ros/jazzy/include/vision_msgs -isystem /opt/ros/jazzy/include/builtin_interfaces -isystem /opt/ros/jazzy/include/rosidl_runtime_c -isystem /opt/ros/jazzy/include/rcutils -isystem /opt/ros/jazzy/include/rosidl_typesupport_interface -isystem /opt/ros/jazzy/include/fastcdr -isystem /opt/ros/jazzy/include/rosidl_runtime_cpp -isystem /opt/ros/jazzy/include/rosidl_typesupport_fastrtps_cpp -isystem /opt/ros/jazzy/include/rmw -isystem /opt/ros/jazzy/include/rosidl_dynamic_typesupport -isystem /opt/ros/jazzy/include/rosidl_typesupport_fastrtps_c -isystem /opt/ros/jazzy/include/rosidl_typesupport_introspection_c -isystem /opt/ros/jazzy/include/rosidl_typesupport_introspection_cpp -isystem /opt/ros/jazzy/include/libstatistics_collector -isystem /opt/ros/jazzy/include/rcl -isystem /opt/ros/jazzy/include/rcl_interfaces -isystem /opt/ros/jazzy/include/service_msgs -isystem /opt/ros/jazzy/include/rcl_logging_interface -isystem /opt/ros/jazzy/include/rcl_yaml_param_parser -isystem /opt/ros/jazzy/include/type_description_interfaces -isystem /opt/ros/jazzy/include/rcpputils -isystem /opt/ros/jazzy/include/statistics_msgs -isystem /opt/ros/jazzy/include/rosgraph_msgs -isystem /opt/ros/jazzy/include/rosidl_typesupport_cpp -isystem /opt/ros/jazzy/include/rosidl_typesupport_c -isystem /opt/ros/jazzy/include/tracetools -isystem /opt/ros/jazzy/include/geometry_msgs  -MD -MT CMakeFiles/vision_interface_bridge_node.dir/src/vision_interface_node.cpp.o -MF CMakeFiles/vision_interface_bridge_node.dir/src/vision_interface_node.cpp.o.d -o CMakeFiles/vision_interface_bridge_node.dir/src/vision_interface_node.cpp.o -c /home/vdt_2026/VDT_project/ros2_ws/src/vision_interface_bridge/src/vision_interface_node.cpp
[2.276s] /usr/bin/c++  -I/home/vdt_2026/VDT_project/ros2_ws/src/vision_interface_bridge/include -UNDEBUG -MD -MT CMakeFiles/bridge_logic_test.dir/test/bridge_logic_test.cpp.o -MF CMakeFiles/bridge_logic_test.dir/test/bridge_logic_test.cpp.o.d -o CMakeFiles/bridge_logic_test.dir/test/bridge_logic_test.cpp.o -c /home/vdt_2026/VDT_project/ros2_ws/src/vision_interface_bridge/test/bridge_logic_test.cpp
[2.602s] [ 75%] Linking CXX executable bridge_logic_test
[2.604s] /usr/bin/cmake -E cmake_link_script CMakeFiles/bridge_logic_test.dir/link.txt --verbose=1
[2.616s] /usr/bin/c++ CMakeFiles/bridge_logic_test.dir/test/bridge_logic_test.cpp.o -o bridge_logic_test 
[2.689s] gmake[2]: Leaving directory '/home/vdt_2026/VDT_project/build/vision_interface_bridge'
[2.706s] [ 75%] Built target bridge_logic_test
[29.034s] [100%] Linking CXX executable vision_interface_bridge_node
[29.036s] /usr/bin/cmake -E cmake_link_script CMakeFiles/vision_interface_bridge_node.dir/link.txt --verbose=1
[29.047s] /usr/bin/c++ CMakeFiles/vision_interface_bridge_node.dir/src/vision_interface_node.cpp.o -o vision_interface_bridge_node  -Wl,-rpath,/opt/ros/jazzy/lib:/home/vdt_2026/VDT_project/install/vdt_msgs/lib: /opt/ros/jazzy/lib/librclcpp.so /opt/ros/jazzy/lib/libsensor_msgs__rosidl_typesupport_fastrtps_c.so /opt/ros/jazzy/lib/libsensor_msgs__rosidl_typesupport_fastrtps_cpp.so /opt/ros/jazzy/lib/libsensor_msgs__rosidl_typesupport_introspection_c.so /opt/ros/jazzy/lib/libsensor_msgs__rosidl_typesupport_introspection_cpp.so /opt/ros/jazzy/lib/libsensor_msgs__rosidl_generator_py.so /opt/ros/jazzy/lib/libvision_msgs__rosidl_typesupport_fastrtps_c.so /opt/ros/jazzy/lib/libvision_msgs__rosidl_typesupport_fastrtps_cpp.so /opt/ros/jazzy/lib/libvision_msgs__rosidl_typesupport_introspection_c.so /opt/ros/jazzy/lib/libvision_msgs__rosidl_typesupport_introspection_cpp.so /opt/ros/jazzy/lib/libvision_msgs__rosidl_typesupport_cpp.so /opt/ros/jazzy/lib/libvision_msgs__rosidl_generator_py.so /home/vdt_2026/VDT_project/install/vdt_msgs/lib/libvdt_msgs__rosidl_typesupport_fastrtps_c.so /home/vdt_2026/VDT_project/install/vdt_msgs/lib/libvdt_msgs__rosidl_typesupport_fastrtps_cpp.so /home/vdt_2026/VDT_project/install/vdt_msgs/lib/libvdt_msgs__rosidl_typesupport_introspection_c.so /home/vdt_2026/VDT_project/install/vdt_msgs/lib/libvdt_msgs__rosidl_typesupport_introspection_cpp.so /home/vdt_2026/VDT_project/install/vdt_msgs/lib/libvdt_msgs__rosidl_typesupport_cpp.so /home/vdt_2026/VDT_project/install/vdt_msgs/lib/libvdt_msgs__rosidl_generator_py.so /opt/ros/jazzy/lib/liblibstatistics_collector.so /opt/ros/jazzy/lib/librcl.so /opt/ros/jazzy/lib/librmw_implementation.so /opt/ros/jazzy/lib/libtype_description_interfaces__rosidl_typesupport_fastrtps_c.so /opt/ros/jazzy/lib/libtype_description_interfaces__rosidl_typesupport_introspection_c.so /opt/ros/jazzy/lib/libtype_description_interfaces__rosidl_typesupport_fastrtps_cpp.so /opt/ros/jazzy/lib/libtype_description_interfaces__rosidl_typesupport_introspection_cpp.so /opt/ros/jazzy/lib/libtype_description_interfaces__rosidl_typesupport_cpp.so /opt/ros/jazzy/lib/libtype_description_interfaces__rosidl_generator_py.so /opt/ros/jazzy/lib/libtype_description_interfaces__rosidl_typesupport_c.so /opt/ros/jazzy/lib/libtype_description_interfaces__rosidl_generator_c.so /opt/ros/jazzy/lib/librcl_yaml_param_parser.so /opt/ros/jazzy/lib/librosgraph_msgs__rosidl_typesupport_fastrtps_c.so /opt/ros/jazzy/lib/librosgraph_msgs__rosidl_typesupport_fastrtps_cpp.so /opt/ros/jazzy/lib/librosgraph_msgs__rosidl_typesupport_introspection_c.so /opt/ros/jazzy/lib/librosgraph_msgs__rosidl_typesupport_introspection_cpp.so /opt/ros/jazzy/lib/librosgraph_msgs__rosidl_typesupport_cpp.so /opt/ros/jazzy/lib/librosgraph_msgs__rosidl_generator_py.so /opt/ros/jazzy/lib/librcl_interfaces__rosidl_typesupport_fastrtps_c.so /opt/ros/jazzy/lib/librcl_interfaces__rosidl_typesupport_introspection_c.so /opt/ros/jazzy/lib/librcl_interfaces__rosidl_typesupport_fastrtps_cpp.so /opt/ros/jazzy/lib/librcl_interfaces__rosidl_typesupport_introspection_cpp.so /opt/ros/jazzy/lib/librcl_interfaces__rosidl_typesupport_cpp.so /opt/ros/jazzy/lib/librcl_interfaces__rosidl_generator_py.so /opt/ros/jazzy/lib/librosgraph_msgs__rosidl_typesupport_c.so /opt/ros/jazzy/lib/librcl_interfaces__rosidl_typesupport_c.so /opt/ros/jazzy/lib/librosgraph_msgs__rosidl_generator_c.so /opt/ros/jazzy/lib/librcl_interfaces__rosidl_generator_c.so /opt/ros/jazzy/lib/libstatistics_msgs__rosidl_typesupport_fastrtps_c.so /opt/ros/jazzy/lib/libstatistics_msgs__rosidl_typesupport_fastrtps_cpp.so /opt/ros/jazzy/lib/libstatistics_msgs__rosidl_typesupport_introspection_c.so /opt/ros/jazzy/lib/libstatistics_msgs__rosidl_typesupport_introspection_cpp.so /opt/ros/jazzy/lib/libstatistics_msgs__rosidl_typesupport_cpp.so /opt/ros/jazzy/lib/libstatistics_msgs__rosidl_generator_py.so /opt/ros/jazzy/lib/libstatistics_msgs__rosidl_typesupport_c.so /opt/ros/jazzy/lib/libstatistics_msgs__rosidl_generator_c.so /opt/ros/jazzy/lib/libtracetools.so -llttng-ust -llttng-ust-common -rdynamic -ldl /opt/ros/jazzy/lib/librcl_logging_interface.so /opt/ros/jazzy/lib/libsensor_msgs__rosidl_typesupport_c.so /opt/ros/jazzy/lib/libservice_msgs__rosidl_typesupport_fastrtps_c.so /opt/ros/jazzy/lib/libservice_msgs__rosidl_typesupport_fastrtps_cpp.so /opt/ros/jazzy/lib/libservice_msgs__rosidl_typesupport_introspection_c.so /opt/ros/jazzy/lib/libservice_msgs__rosidl_typesupport_introspection_cpp.so /opt/ros/jazzy/lib/libservice_msgs__rosidl_typesupport_c.so /opt/ros/jazzy/lib/libsensor_msgs__rosidl_typesupport_cpp.so /opt/ros/jazzy/lib/libsensor_msgs__rosidl_generator_c.so /opt/ros/jazzy/lib/libservice_msgs__rosidl_typesupport_cpp.so /opt/ros/jazzy/lib/libservice_msgs__rosidl_generator_c.so /opt/ros/jazzy/lib/libvision_msgs__rosidl_typesupport_c.so /opt/ros/jazzy/lib/libvision_msgs__rosidl_generator_c.so /opt/ros/jazzy/lib/libgeometry_msgs__rosidl_typesupport_fastrtps_c.so /opt/ros/jazzy/lib/libgeometry_msgs__rosidl_typesupport_fastrtps_cpp.so /opt/ros/jazzy/lib/libgeometry_msgs__rosidl_typesupport_introspection_c.so /opt/ros/jazzy/lib/libgeometry_msgs__rosidl_typesupport_introspection_cpp.so /opt/ros/jazzy/lib/libgeometry_msgs__rosidl_typesupport_cpp.so /opt/ros/jazzy/lib/libgeometry_msgs__rosidl_typesupport_c.so /opt/ros/jazzy/lib/libgeometry_msgs__rosidl_generator_c.so /opt/ros/jazzy/lib/libstd_msgs__rosidl_typesupport_fastrtps_c.so /opt/ros/jazzy/lib/libstd_msgs__rosidl_typesupport_fastrtps_cpp.so /opt/ros/jazzy/lib/libstd_msgs__rosidl_typesupport_introspection_c.so /opt/ros/jazzy/lib/libstd_msgs__rosidl_typesupport_introspection_cpp.so /opt/ros/jazzy/lib/libstd_msgs__rosidl_typesupport_cpp.so /opt/ros/jazzy/lib/libstd_msgs__rosidl_generator_py.so /home/vdt_2026/VDT_project/install/vdt_msgs/lib/libvdt_msgs__rosidl_typesupport_c.so /opt/ros/jazzy/lib/libstd_msgs__rosidl_typesupport_c.so /home/vdt_2026/VDT_project/install/vdt_msgs/lib/libvdt_msgs__rosidl_generator_c.so /opt/ros/jazzy/lib/libstd_msgs__rosidl_generator_c.so /opt/ros/jazzy/lib/libbuiltin_interfaces__rosidl_typesupport_fastrtps_c.so /opt/ros/jazzy/lib/librosidl_typesupport_fastrtps_c.so /opt/ros/jazzy/lib/libbuiltin_interfaces__rosidl_typesupport_introspection_c.so /opt/ros/jazzy/lib/libbuiltin_interfaces__rosidl_typesupport_fastrtps_cpp.so /opt/ros/jazzy/lib/librosidl_typesupport_fastrtps_cpp.so /opt/ros/jazzy/lib/librmw.so /opt/ros/jazzy/lib/librosidl_dynamic_typesupport.so /opt/ros/jazzy/lib/libfastcdr.so.2.2.8 /opt/ros/jazzy/lib/libbuiltin_interfaces__rosidl_typesupport_introspection_cpp.so /opt/ros/jazzy/lib/librosidl_typesupport_introspection_cpp.so /opt/ros/jazzy/lib/librosidl_typesupport_introspection_c.so /opt/ros/jazzy/lib/libbuiltin_interfaces__rosidl_typesupport_cpp.so /opt/ros/jazzy/lib/librosidl_typesupport_cpp.so /opt/ros/jazzy/lib/libbuiltin_interfaces__rosidl_generator_py.so /opt/ros/jazzy/lib/libbuiltin_interfaces__rosidl_typesupport_c.so /opt/ros/jazzy/lib/libbuiltin_interfaces__rosidl_generator_c.so /opt/ros/jazzy/lib/librosidl_typesupport_c.so /opt/ros/jazzy/lib/librcpputils.so /opt/ros/jazzy/lib/librosidl_runtime_c.so /opt/ros/jazzy/lib/librcutils.so -ldl -latomic -Wl,-rpath-link,/opt/ros/jazzy/lib 
[30.989s] gmake[2]: Leaving directory '/home/vdt_2026/VDT_project/build/vision_interface_bridge'
[31.005s] [100%] Built target vision_interface_bridge_node
[31.007s] gmake[1]: Leaving directory '/home/vdt_2026/VDT_project/build/vision_interface_bridge'
[31.007s] /usr/bin/cmake -E cmake_progress_start /home/vdt_2026/VDT_project/build/vision_interface_bridge/CMakeFiles 0
[31.025s] 
[31.028s] Invoked command in '/home/vdt_2026/VDT_project/build/vision_interface_bridge' returned '0': AMENT_PREFIX_PATH=/home/vdt_2026/VDT_project/install/vdt_msgs:${AMENT_PREFIX_PATH} CMAKE_PREFIX_PATH=/home/vdt_2026/VDT_project/install/vdt_msgs:/home/vdt_2026/ros2_ws/install/px4_msgs:/opt/ros/jazzy LD_LIBRARY_PATH=/home/vdt_2026/VDT_project/install/vdt_msgs/lib:${LD_LIBRARY_PATH} PYTHONPATH=/home/vdt_2026/VDT_project/install/vdt_msgs/lib/python3.12/site-packages:${PYTHONPATH} /usr/bin/cmake --build /home/vdt_2026/VDT_project/build/vision_interface_bridge -- -j4 -l4
[31.029s] Invoking command in '/home/vdt_2026/VDT_project/build/vision_interface_bridge': AMENT_PREFIX_PATH=/home/vdt_2026/VDT_project/install/vdt_msgs:${AMENT_PREFIX_PATH} CMAKE_PREFIX_PATH=/home/vdt_2026/VDT_project/install/vdt_msgs:/home/vdt_2026/ros2_ws/install/px4_msgs:/opt/ros/jazzy LD_LIBRARY_PATH=/home/vdt_2026/VDT_project/install/vdt_msgs/lib:${LD_LIBRARY_PATH} PYTHONPATH=/home/vdt_2026/VDT_project/install/vdt_msgs/lib/python3.12/site-packages:${PYTHONPATH} /usr/bin/cmake --install /home/vdt_2026/VDT_project/build/vision_interface_bridge
[31.044s] -- Install configuration: ""
[31.044s] -- Installing: /home/vdt_2026/VDT_project/install/vision_interface_bridge/lib/vision_interface_bridge/vision_interface_bridge_node
[31.067s] -- Set non-toolchain portion of runtime path of "/home/vdt_2026/VDT_project/install/vision_interface_bridge/lib/vision_interface_bridge/vision_interface_bridge_node" to ""
[31.067s] -- Installing: /home/vdt_2026/VDT_project/install/vision_interface_bridge/share/vision_interface_bridge/config
[31.068s] -- Installing: /home/vdt_2026/VDT_project/install/vision_interface_bridge/share/vision_interface_bridge/config/vision_interface_bridge.yaml
[31.068s] -- Installing: /home/vdt_2026/VDT_project/install/vision_interface_bridge/share/vision_interface_bridge/launch
[31.069s] -- Installing: /home/vdt_2026/VDT_project/install/vision_interface_bridge/share/vision_interface_bridge/launch/vision_interface_bridge.launch.py
[31.070s] -- Installing: /home/vdt_2026/VDT_project/install/vision_interface_bridge/share/ament_index/resource_index/package_run_dependencies/vision_interface_bridge
[31.070s] -- Installing: /home/vdt_2026/VDT_project/install/vision_interface_bridge/share/ament_index/resource_index/parent_prefix_path/vision_interface_bridge
[31.070s] -- Installing: /home/vdt_2026/VDT_project/install/vision_interface_bridge/share/vision_interface_bridge/environment/ament_prefix_path.sh
[31.070s] -- Installing: /home/vdt_2026/VDT_project/install/vision_interface_bridge/share/vision_interface_bridge/environment/ament_prefix_path.dsv
[31.070s] -- Installing: /home/vdt_2026/VDT_project/install/vision_interface_bridge/share/vision_interface_bridge/environment/path.sh
[31.071s] -- Installing: /home/vdt_2026/VDT_project/install/vision_interface_bridge/share/vision_interface_bridge/environment/path.dsv
[31.071s] -- Installing: /home/vdt_2026/VDT_project/install/vision_interface_bridge/share/vision_interface_bridge/local_setup.bash
[31.071s] -- Installing: /home/vdt_2026/VDT_project/install/vision_interface_bridge/share/vision_interface_bridge/local_setup.sh
[31.071s] -- Installing: /home/vdt_2026/VDT_project/install/vision_interface_bridge/share/vision_interface_bridge/local_setup.zsh
[31.071s] -- Installing: /home/vdt_2026/VDT_project/install/vision_interface_bridge/share/vision_interface_bridge/local_setup.dsv
[31.072s] -- Installing: /home/vdt_2026/VDT_project/install/vision_interface_bridge/share/vision_interface_bridge/package.dsv
[31.072s] -- Installing: /home/vdt_2026/VDT_project/install/vision_interface_bridge/share/ament_index/resource_index/packages/vision_interface_bridge
[31.072s] -- Installing: /home/vdt_2026/VDT_project/install/vision_interface_bridge/share/vision_interface_bridge/cmake/vision_interface_bridgeConfig.cmake
[31.072s] -- Installing: /home/vdt_2026/VDT_project/install/vision_interface_bridge/share/vision_interface_bridge/cmake/vision_interface_bridgeConfig-version.cmake
[31.072s] -- Installing: /home/vdt_2026/VDT_project/install/vision_interface_bridge/share/vision_interface_bridge/package.xml
[31.076s] Invoked command in '/home/vdt_2026/VDT_project/build/vision_interface_bridge' returned '0': AMENT_PREFIX_PATH=/home/vdt_2026/VDT_project/install/vdt_msgs:${AMENT_PREFIX_PATH} CMAKE_PREFIX_PATH=/home/vdt_2026/VDT_project/install/vdt_msgs:/home/vdt_2026/ros2_ws/install/px4_msgs:/opt/ros/jazzy LD_LIBRARY_PATH=/home/vdt_2026/VDT_project/install/vdt_msgs/lib:${LD_LIBRARY_PATH} PYTHONPATH=/home/vdt_2026/VDT_project/install/vdt_msgs/lib/python3.12/site-packages:${PYTHONPATH} /usr/bin/cmake --install /home/vdt_2026/VDT_project/build/vision_interface_bridge
