running egg_info
creating ../../../build/xrce_bridge_manager/xrce_bridge_manager.egg-info
writing ../../../build/xrce_bridge_manager/xrce_bridge_manager.egg-info/PKG-INFO
writing dependency_links to ../../../build/xrce_bridge_manager/xrce_bridge_manager.egg-info/dependency_links.txt
writing entry points to ../../../build/xrce_bridge_manager/xrce_bridge_manager.egg-info/entry_points.txt
writing requirements to ../../../build/xrce_bridge_manager/xrce_bridge_manager.egg-info/requires.txt
writing top-level names to ../../../build/xrce_bridge_manager/xrce_bridge_manager.egg-info/top_level.txt
writing manifest file '../../../build/xrce_bridge_manager/xrce_bridge_manager.egg-info/SOURCES.txt'
reading manifest file '../../../build/xrce_bridge_manager/xrce_bridge_manager.egg-info/SOURCES.txt'
writing manifest file '../../../build/xrce_bridge_manager/xrce_bridge_manager.egg-info/SOURCES.txt'
running build
running build_py
creating /home/vdt_2026/VDT_project/build/xrce_bridge_manager/build
creating /home/vdt_2026/VDT_project/build/xrce_bridge_manager/build/lib
creating /home/vdt_2026/VDT_project/build/xrce_bridge_manager/build/lib/xrce_bridge_manager
copying xrce_bridge_manager/__init__.py -> /home/vdt_2026/VDT_project/build/xrce_bridge_manager/build/lib/xrce_bridge_manager
copying xrce_bridge_manager/xrce_node.py -> /home/vdt_2026/VDT_project/build/xrce_bridge_manager/build/lib/xrce_bridge_manager
copying xrce_bridge_manager/xrce_logic.py -> /home/vdt_2026/VDT_project/build/xrce_bridge_manager/build/lib/xrce_bridge_manager
running install
running install_lib
creating /home/vdt_2026/VDT_project/install/xrce_bridge_manager/lib/python3.12/site-packages/xrce_bridge_manager
copying /home/vdt_2026/VDT_project/build/xrce_bridge_manager/build/lib/xrce_bridge_manager/__init__.py -> /home/vdt_2026/VDT_project/install/xrce_bridge_manager/lib/python3.12/site-packages/xrce_bridge_manager
copying /home/vdt_2026/VDT_project/build/xrce_bridge_manager/build/lib/xrce_bridge_manager/xrce_node.py -> /home/vdt_2026/VDT_project/install/xrce_bridge_manager/lib/python3.12/site-packages/xrce_bridge_manager
copying /home/vdt_2026/VDT_project/build/xrce_bridge_manager/build/lib/xrce_bridge_manager/xrce_logic.py -> /home/vdt_2026/VDT_project/install/xrce_bridge_manager/lib/python3.12/site-packages/xrce_bridge_manager
byte-compiling /home/vdt_2026/VDT_project/install/xrce_bridge_manager/lib/python3.12/site-packages/xrce_bridge_manager/__init__.py to __init__.cpython-312.pyc
byte-compiling /home/vdt_2026/VDT_project/install/xrce_bridge_manager/lib/python3.12/site-packages/xrce_bridge_manager/xrce_node.py to xrce_node.cpython-312.pyc
byte-compiling /home/vdt_2026/VDT_project/install/xrce_bridge_manager/lib/python3.12/site-packages/xrce_bridge_manager/xrce_logic.py to xrce_logic.cpython-312.pyc
running install_data
creating /home/vdt_2026/VDT_project/install/xrce_bridge_manager/share/ament_index
creating /home/vdt_2026/VDT_project/install/xrce_bridge_manager/share/ament_index/resource_index
creating /home/vdt_2026/VDT_project/install/xrce_bridge_manager/share/ament_index/resource_index/packages
copying resource/xrce_bridge_manager -> /home/vdt_2026/VDT_project/install/xrce_bridge_manager/share/ament_index/resource_index/packages
copying package.xml -> /home/vdt_2026/VDT_project/install/xrce_bridge_manager/share/xrce_bridge_manager
running install_egg_info
Copying ../../../build/xrce_bridge_manager/xrce_bridge_manager.egg-info to /home/vdt_2026/VDT_project/install/xrce_bridge_manager/lib/python3.12/site-packages/xrce_bridge_manager-0.1.0-py3.12.egg-info
running install_scripts
Installing xrce_bridge_node script to /home/vdt_2026/VDT_project/install/xrce_bridge_manager/lib/xrce_bridge_manager
writing list of installed files to '/home/vdt_2026/VDT_project/build/xrce_bridge_manager/install.log'
