-- Found ament_cmake: 2.5.6 (/opt/ros/jazzy/share/ament_cmake/cmake)
-- Found rclcpp: 28.1.22 (/opt/ros/jazzy/share/rclcpp/cmake)
-- Found rosidl_generator_c: 4.6.9 (/opt/ros/jazzy/share/rosidl_generator_c/cmake)
-- Found rosidl_generator_cpp: 4.6.9 (/opt/ros/jazzy/share/rosidl_generator_cpp/cmake)
-- Using all available rosidl_typesupport_c: rosidl_typesupport_fastrtps_c;rosidl_typesupport_introspection_c
-- Using all available rosidl_typesupport_cpp: rosidl_typesupport_fastrtps_cpp;rosidl_typesupport_introspection_cpp
-- Found rmw_implementation_cmake: 7.3.3 (/opt/ros/jazzy/share/rmw_implementation_cmake/cmake)
-- Found rmw_fastrtps_cpp: 8.4.4 (/opt/ros/jazzy/share/rmw_fastrtps_cpp/cmake)
-- Using RMW implementation 'rmw_fastrtps_cpp' as default
-- Found std_msgs: 5.3.8 (/opt/ros/jazzy/share/std_msgs/cmake)
-- Found nav_msgs: 5.3.8 (/opt/ros/jazzy/share/nav_msgs/cmake)
-- Found vdt_msgs: 0.1.0 (/home/vdt_2026/VDT_project/install/vdt_msgs/share/vdt_msgs/cmake)
-- Found ament_cmake_gtest: 2.5.6 (/opt/ros/jazzy/share/ament_cmake_gtest/cmake)
-- Found launch_testing_ament_cmake: 3.4.12 (/opt/ros/jazzy/share/launch_testing_ament_cmake/cmake)
-- Found python_cmake_module: 0.11.1 (/opt/ros/jazzy/share/python_cmake_module/cmake)
-- Found gtest sources under '/opt/ros/jazzy/src/gtest_vendor': C++ tests using 'Google Test' will be built
-- Configuring done (1.4s)
-- Generating done (0.1s)
-- Build files have been written to: /home/vdt_2026/VDT_project/build/fsm_state_machine
Change Dir: '/home/vdt_2026/VDT_project/build/fsm_state_machine'

Run Build Command(s): /usr/bin/cmake -E env VERBOSE=1 /usr/bin/gmake -f Makefile -j4 -l4
/usr/bin/cmake -S/home/vdt_2026/VDT_project/ros2_ws/src/fsm_state_machine -B/home/vdt_2026/VDT_project/build/fsm_state_machine --check-build-system CMakeFiles/Makefile.cmake 0
/usr/bin/cmake -E cmake_progress_start /home/vdt_2026/VDT_project/build/fsm_state_machine/CMakeFiles /home/vdt_2026/VDT_project/build/fsm_state_machine//CMakeFiles/progress.marks
/usr/bin/gmake  -f CMakeFiles/Makefile2 all
gmake[1]: Entering directory '/home/vdt_2026/VDT_project/build/fsm_state_machine'
/usr/bin/gmake  -f CMakeFiles/fsm_logic.dir/build.make CMakeFiles/fsm_logic.dir/depend
/usr/bin/gmake  -f gtest/CMakeFiles/gtest_main.dir/build.make gtest/CMakeFiles/gtest_main.dir/depend
/usr/bin/gmake  -f gtest/CMakeFiles/gtest.dir/build.make gtest/CMakeFiles/gtest.dir/depend
gmake[2]: Entering directory '/home/vdt_2026/VDT_project/build/fsm_state_machine'
cd /home/vdt_2026/VDT_project/build/fsm_state_machine && /usr/bin/cmake -E cmake_depends "Unix Makefiles" /home/vdt_2026/VDT_project/ros2_ws/src/fsm_state_machine /home/vdt_2026/VDT_project/ros2_ws/src/fsm_state_machine /home/vdt_2026/VDT_project/build/fsm_state_machine /home/vdt_2026/VDT_project/build/fsm_state_machine /home/vdt_2026/VDT_project/build/fsm_state_machine/CMakeFiles/fsm_logic.dir/DependInfo.cmake "--color="
gmake[2]: Entering directory '/home/vdt_2026/VDT_project/build/fsm_state_machine'
cd /home/vdt_2026/VDT_project/build/fsm_state_machine && /usr/bin/cmake -E cmake_depends "Unix Makefiles" /home/vdt_2026/VDT_project/ros2_ws/src/fsm_state_machine /opt/ros/jazzy/src/gtest_vendor /home/vdt_2026/VDT_project/build/fsm_state_machine /home/vdt_2026/VDT_project/build/fsm_state_machine/gtest /home/vdt_2026/VDT_project/build/fsm_state_machine/gtest/CMakeFiles/gtest_main.dir/DependInfo.cmake "--color="
gmake[2]: Entering directory '/home/vdt_2026/VDT_project/build/fsm_state_machine'
cd /home/vdt_2026/VDT_project/build/fsm_state_machine && /usr/bin/cmake -E cmake_depends "Unix Makefiles" /home/vdt_2026/VDT_project/ros2_ws/src/fsm_state_machine /opt/ros/jazzy/src/gtest_vendor /home/vdt_2026/VDT_project/build/fsm_state_machine /home/vdt_2026/VDT_project/build/fsm_state_machine/gtest /home/vdt_2026/VDT_project/build/fsm_state_machine/gtest/CMakeFiles/gtest.dir/DependInfo.cmake "--color="
Dependencies file "CMakeFiles/fsm_logic.dir/src/fsm_logic.cpp.o.d" is newer than depends file "/home/vdt_2026/VDT_project/build/fsm_state_machine/CMakeFiles/fsm_logic.dir/compiler_depend.internal".
Dependencies file "gtest/CMakeFiles/gtest_main.dir/src/gtest_main.cc.o.d" is newer than depends file "/home/vdt_2026/VDT_project/build/fsm_state_machine/gtest/CMakeFiles/gtest_main.dir/compiler_depend.internal".
Dependencies file "gtest/CMakeFiles/gtest.dir/src/gtest-all.cc.o.d" is newer than depends file "/home/vdt_2026/VDT_project/build/fsm_state_machine/gtest/CMakeFiles/gtest.dir/compiler_depend.internal".
Consolidate compiler generated dependencies of target fsm_logic
gmake[2]: Leaving directory '/home/vdt_2026/VDT_project/build/fsm_state_machine'
/usr/bin/gmake  -f CMakeFiles/fsm_logic.dir/build.make CMakeFiles/fsm_logic.dir/build
gmake[2]: Entering directory '/home/vdt_2026/VDT_project/build/fsm_state_machine'
Consolidate compiler generated dependencies of target gtest_main
Consolidate compiler generated dependencies of target gtest
gmake[2]: Leaving directory '/home/vdt_2026/VDT_project/build/fsm_state_machine'
gmake[2]: Leaving directory '/home/vdt_2026/VDT_project/build/fsm_state_machine'
/usr/bin/gmake  -f gtest/CMakeFiles/gtest.dir/build.make gtest/CMakeFiles/gtest.dir/build
/usr/bin/gmake  -f gtest/CMakeFiles/gtest_main.dir/build.make gtest/CMakeFiles/gtest_main.dir/build
gmake[2]: Entering directory '/home/vdt_2026/VDT_project/build/fsm_state_machine'
[  5%] Linking CXX static library libfsm_logic.a
gmake[2]: Entering directory '/home/vdt_2026/VDT_project/build/fsm_state_machine'
/usr/bin/cmake -P CMakeFiles/fsm_logic.dir/cmake_clean_target.cmake
[ 11%] Linking CXX static library libgtest_main.a
cd /home/vdt_2026/VDT_project/build/fsm_state_machine/gtest && /usr/bin/cmake -P CMakeFiles/gtest_main.dir/cmake_clean_target.cmake
[ 16%] Linking CXX static library libgtest.a
cd /home/vdt_2026/VDT_project/build/fsm_state_machine/gtest && /usr/bin/cmake -P CMakeFiles/gtest.dir/cmake_clean_target.cmake
/usr/bin/cmake -E cmake_link_script CMakeFiles/fsm_logic.dir/link.txt --verbose=1
/usr/bin/ar qc libfsm_logic.a CMakeFiles/fsm_logic.dir/src/fsm_logic.cpp.o
cd /home/vdt_2026/VDT_project/build/fsm_state_machine/gtest && /usr/bin/cmake -E cmake_link_script CMakeFiles/gtest.dir/link.txt --verbose=1
cd /home/vdt_2026/VDT_project/build/fsm_state_machine/gtest && /usr/bin/cmake -E cmake_link_script CMakeFiles/gtest_main.dir/link.txt --verbose=1
/usr/bin/ranlib libfsm_logic.a
/usr/bin/ar qc libgtest.a "CMakeFiles/gtest.dir/src/gtest-all.cc.o"
/usr/bin/ar qc libgtest_main.a CMakeFiles/gtest_main.dir/src/gtest_main.cc.o
gmake[2]: Leaving directory '/home/vdt_2026/VDT_project/build/fsm_state_machine'
/usr/bin/ranlib libgtest_main.a
gmake[2]: Leaving directory '/home/vdt_2026/VDT_project/build/fsm_state_machine'
[ 22%] Built target fsm_logic
/usr/bin/gmake  -f CMakeFiles/fsm_actions.dir/build.make CMakeFiles/fsm_actions.dir/depend
gmake[2]: Entering directory '/home/vdt_2026/VDT_project/build/fsm_state_machine'
cd /home/vdt_2026/VDT_project/build/fsm_state_machine && /usr/bin/cmake -E cmake_depends "Unix Makefiles" /home/vdt_2026/VDT_project/ros2_ws/src/fsm_state_machine /home/vdt_2026/VDT_project/ros2_ws/src/fsm_state_machine /home/vdt_2026/VDT_project/build/fsm_state_machine /home/vdt_2026/VDT_project/build/fsm_state_machine /home/vdt_2026/VDT_project/build/fsm_state_machine/CMakeFiles/fsm_actions.dir/DependInfo.cmake "--color="
[ 27%] Built target gtest_main
/usr/bin/ranlib libgtest.a
Dependencies file "CMakeFiles/fsm_actions.dir/src/fsm_actions.cpp.o.d" is newer than depends file "/home/vdt_2026/VDT_project/build/fsm_state_machine/CMakeFiles/fsm_actions.dir/compiler_depend.internal".
Consolidate compiler generated dependencies of target fsm_actions
gmake[2]: Leaving directory '/home/vdt_2026/VDT_project/build/fsm_state_machine'
/usr/bin/gmake  -f CMakeFiles/fsm_actions.dir/build.make CMakeFiles/fsm_actions.dir/build
gmake[2]: Leaving directory '/home/vdt_2026/VDT_project/build/fsm_state_machine'
[ 33%] Built target gtest
/usr/bin/gmake  -f CMakeFiles/fsm_logic_test.dir/build.make CMakeFiles/fsm_logic_test.dir/depend
gmake[2]: Entering directory '/home/vdt_2026/VDT_project/build/fsm_state_machine'
cd /home/vdt_2026/VDT_project/build/fsm_state_machine && /usr/bin/cmake -E cmake_depends "Unix Makefiles" /home/vdt_2026/VDT_project/ros2_ws/src/fsm_state_machine /home/vdt_2026/VDT_project/ros2_ws/src/fsm_state_machine /home/vdt_2026/VDT_project/build/fsm_state_machine /home/vdt_2026/VDT_project/build/fsm_state_machine /home/vdt_2026/VDT_project/build/fsm_state_machine/CMakeFiles/fsm_logic_test.dir/DependInfo.cmake "--color="
Dependencies file "CMakeFiles/fsm_logic_test.dir/test/unit/fsm_logic_test.cpp.o.d" is newer than depends file "/home/vdt_2026/VDT_project/build/fsm_state_machine/CMakeFiles/fsm_logic_test.dir/compiler_depend.internal".
Consolidate compiler generated dependencies of target fsm_logic_test
gmake[2]: Leaving directory '/home/vdt_2026/VDT_project/build/fsm_state_machine'
/usr/bin/gmake  -f CMakeFiles/fsm_logic_test.dir/build.make CMakeFiles/fsm_logic_test.dir/build
gmake[2]: Entering directory '/home/vdt_2026/VDT_project/build/fsm_state_machine'
gmake[2]: Entering directory '/home/vdt_2026/VDT_project/build/fsm_state_machine'
[ 38%] Linking CXX executable fsm_logic_test
[ 44%] Linking CXX static library libfsm_actions.a
/usr/bin/cmake -E cmake_link_script CMakeFiles/fsm_logic_test.dir/link.txt --verbose=1
/usr/bin/cmake -P CMakeFiles/fsm_actions.dir/cmake_clean_target.cmake
/usr/bin/c++ -O3 -DNDEBUG CMakeFiles/fsm_logic_test.dir/test/unit/fsm_logic_test.cpp.o -o fsm_logic_test  -Wl,-rpath,/opt/ros/jazzy/lib:/home/vdt_2026/VDT_project/install/vdt_msgs/lib gtest/libgtest_main.a gtest/libgtest.a libfsm_logic.a -pthread /opt/ros/jazzy/lib/librclcpp.so /opt/ros/jazzy/lib/liblibstatistics_collector.so /opt/ros/jazzy/lib/librcl.so /opt/ros/jazzy/lib/librmw_implementation.so /opt/ros/jazzy/lib/libtype_description_interfaces__rosidl_typesupport_fastrtps_c.so /opt/ros/jazzy/lib/libtype_description_interfaces__rosidl_typesupport_introspection_c.so /opt/ros/jazzy/lib/libtype_description_interfaces__rosidl_typesupport_fastrtps_cpp.so /opt/ros/jazzy/lib/libtype_description_interfaces__rosidl_typesupport_introspection_cpp.so /opt/ros/jazzy/lib/libtype_description_interfaces__rosidl_typesupport_cpp.so /opt/ros/jazzy/lib/libtype_description_interfaces__rosidl_generator_py.so /opt/ros/jazzy/lib/libtype_description_interfaces__rosidl_typesupport_c.so /opt/ros/jazzy/lib/libtype_description_interfaces__rosidl_generator_c.so /opt/ros/jazzy/lib/librcl_yaml_param_parser.so /opt/ros/jazzy/lib/librosgraph_msgs__rosidl_typesupport_fastrtps_c.so /opt/ros/jazzy/lib/librosgraph_msgs__rosidl_typesupport_fastrtps_cpp.so /opt/ros/jazzy/lib/librosgraph_msgs__rosidl_typesupport_introspection_c.so /opt/ros/jazzy/lib/librosgraph_msgs__rosidl_typesupport_introspection_cpp.so /opt/ros/jazzy/lib/librosgraph_msgs__rosidl_typesupport_cpp.so /opt/ros/jazzy/lib/librosgraph_msgs__rosidl_generator_py.so /opt/ros/jazzy/lib/librcl_interfaces__rosidl_typesupport_fastrtps_c.so /opt/ros/jazzy/lib/librcl_interfaces__rosidl_typesupport_introspection_c.so /opt/ros/jazzy/lib/librcl_interfaces__rosidl_typesupport_fastrtps_cpp.so /opt/ros/jazzy/lib/librcl_interfaces__rosidl_typesupport_introspection_cpp.so /opt/ros/jazzy/lib/librcl_interfaces__rosidl_typesupport_cpp.so /opt/ros/jazzy/lib/librcl_interfaces__rosidl_generator_py.so /opt/ros/jazzy/lib/librosgraph_msgs__rosidl_typesupport_c.so /opt/ros/jazzy/lib/librcl_interfaces__rosidl_typesupport_c.so /opt/ros/jazzy/lib/librosgraph_msgs__rosidl_generator_c.so /opt/ros/jazzy/lib/librcl_interfaces__rosidl_generator_c.so /opt/ros/jazzy/lib/libstatistics_msgs__rosidl_typesupport_fastrtps_c.so /opt/ros/jazzy/lib/libstatistics_msgs__rosidl_typesupport_fastrtps_cpp.so /opt/ros/jazzy/lib/libstatistics_msgs__rosidl_typesupport_introspection_c.so /opt/ros/jazzy/lib/libstatistics_msgs__rosidl_typesupport_introspection_cpp.so /opt/ros/jazzy/lib/libstatistics_msgs__rosidl_typesupport_cpp.so /opt/ros/jazzy/lib/libstatistics_msgs__rosidl_generator_py.so /opt/ros/jazzy/lib/libstatistics_msgs__rosidl_typesupport_c.so /opt/ros/jazzy/lib/libstatistics_msgs__rosidl_generator_c.so /opt/ros/jazzy/lib/libtracetools.so -llttng-ust -llttng-ust-common -rdynamic -ldl /opt/ros/jazzy/lib/librcl_logging_interface.so /opt/ros/jazzy/lib/libnav_msgs__rosidl_typesupport_fastrtps_c.so /opt/ros/jazzy/lib/libnav_msgs__rosidl_typesupport_fastrtps_cpp.so /opt/ros/jazzy/lib/libnav_msgs__rosidl_typesupport_introspection_c.so /opt/ros/jazzy/lib/libnav_msgs__rosidl_typesupport_introspection_cpp.so /opt/ros/jazzy/lib/libnav_msgs__rosidl_typesupport_cpp.so /opt/ros/jazzy/lib/libnav_msgs__rosidl_generator_py.so /opt/ros/jazzy/lib/libnav_msgs__rosidl_typesupport_c.so /opt/ros/jazzy/lib/libnav_msgs__rosidl_generator_c.so /opt/ros/jazzy/lib/libgeometry_msgs__rosidl_typesupport_fastrtps_c.so /opt/ros/jazzy/lib/libservice_msgs__rosidl_typesupport_fastrtps_c.so /opt/ros/jazzy/lib/libgeometry_msgs__rosidl_typesupport_fastrtps_cpp.so /opt/ros/jazzy/lib/libservice_msgs__rosidl_typesupport_fastrtps_cpp.so /opt/ros/jazzy/lib/libgeometry_msgs__rosidl_typesupport_introspection_c.so /opt/ros/jazzy/lib/libservice_msgs__rosidl_typesupport_introspection_c.so /opt/ros/jazzy/lib/libgeometry_msgs__rosidl_typesupport_introspection_cpp.so /opt/ros/jazzy/lib/libservice_msgs__rosidl_typesupport_introspection_cpp.so /opt/ros/jazzy/lib/libgeometry_msgs__rosidl_typesupport_cpp.so /opt/ros/jazzy/lib/libservice_msgs__rosidl_typesupport_cpp.so /opt/ros/jazzy/lib/libgeometry_msgs__rosidl_typesupport_c.so /opt/ros/jazzy/lib/libgeometry_msgs__rosidl_generator_c.so /opt/ros/jazzy/lib/libservice_msgs__rosidl_typesupport_c.so /opt/ros/jazzy/lib/libservice_msgs__rosidl_generator_c.so /home/vdt_2026/VDT_project/install/vdt_msgs/lib/libvdt_msgs__rosidl_typesupport_fastrtps_c.so /home/vdt_2026/VDT_project/install/vdt_msgs/lib/libvdt_msgs__rosidl_typesupport_fastrtps_cpp.so /home/vdt_2026/VDT_project/install/vdt_msgs/lib/libvdt_msgs__rosidl_typesupport_introspection_c.so /home/vdt_2026/VDT_project/install/vdt_msgs/lib/libvdt_msgs__rosidl_typesupport_introspection_cpp.so /home/vdt_2026/VDT_project/install/vdt_msgs/lib/libvdt_msgs__rosidl_typesupport_cpp.so /home/vdt_2026/VDT_project/install/vdt_msgs/lib/libvdt_msgs__rosidl_generator_py.so /opt/ros/jazzy/lib/libstd_msgs__rosidl_typesupport_fastrtps_c.so /opt/ros/jazzy/lib/libstd_msgs__rosidl_typesupport_fastrtps_cpp.so /opt/ros/jazzy/lib/libstd_msgs__rosidl_typesupport_introspection_c.so /opt/ros/jazzy/lib/libstd_msgs__rosidl_typesupport_introspection_cpp.so /opt/ros/jazzy/lib/libstd_msgs__rosidl_typesupport_cpp.so /opt/ros/jazzy/lib/libstd_msgs__rosidl_generator_py.so /home/vdt_2026/VDT_project/install/vdt_msgs/lib/libvdt_msgs__rosidl_typesupport_c.so /opt/ros/jazzy/lib/libstd_msgs__rosidl_typesupport_c.so /home/vdt_2026/VDT_project/install/vdt_msgs/lib/libvdt_msgs__rosidl_generator_c.so /opt/ros/jazzy/lib/libstd_msgs__rosidl_generator_c.so /opt/ros/jazzy/lib/libbuiltin_interfaces__rosidl_typesupport_fastrtps_c.so /opt/ros/jazzy/lib/librosidl_typesupport_fastrtps_c.so /opt/ros/jazzy/lib/libbuiltin_interfaces__rosidl_typesupport_introspection_c.so /opt/ros/jazzy/lib/libbuiltin_interfaces__rosidl_typesupport_fastrtps_cpp.so /opt/ros/jazzy/lib/librosidl_typesupport_fastrtps_cpp.so /opt/ros/jazzy/lib/librmw.so /opt/ros/jazzy/lib/librosidl_dynamic_typesupport.so /opt/ros/jazzy/lib/libfastcdr.so.2.2.8 /opt/ros/jazzy/lib/libbuiltin_interfaces__rosidl_typesupport_introspection_cpp.so /opt/ros/jazzy/lib/librosidl_typesupport_introspection_cpp.so /opt/ros/jazzy/lib/librosidl_typesupport_introspection_c.so /opt/ros/jazzy/lib/libbuiltin_interfaces__rosidl_typesupport_cpp.so /opt/ros/jazzy/lib/librosidl_typesupport_cpp.so /opt/ros/jazzy/lib/libbuiltin_interfaces__rosidl_generator_py.so /opt/ros/jazzy/lib/libbuiltin_interfaces__rosidl_typesupport_c.so /opt/ros/jazzy/lib/libbuiltin_interfaces__rosidl_generator_c.so /opt/ros/jazzy/lib/librosidl_typesupport_c.so /opt/ros/jazzy/lib/librcpputils.so /opt/ros/jazzy/lib/librosidl_runtime_c.so /opt/ros/jazzy/lib/librcutils.so -ldl -latomic -Wl,-rpath-link,/opt/ros/jazzy/lib 
/usr/bin/cmake -E cmake_link_script CMakeFiles/fsm_actions.dir/link.txt --verbose=1
/usr/bin/ar qc libfsm_actions.a CMakeFiles/fsm_actions.dir/src/fsm_actions.cpp.o
/usr/bin/ranlib libfsm_actions.a
gmake[2]: Leaving directory '/home/vdt_2026/VDT_project/build/fsm_state_machine'
[ 50%] Built target fsm_actions
/usr/bin/gmake  -f CMakeFiles/fsm_node_lib.dir/build.make CMakeFiles/fsm_node_lib.dir/depend
/usr/bin/gmake  -f CMakeFiles/fsm_actions_test.dir/build.make CMakeFiles/fsm_actions_test.dir/depend
gmake[2]: Entering directory '/home/vdt_2026/VDT_project/build/fsm_state_machine'
cd /home/vdt_2026/VDT_project/build/fsm_state_machine && /usr/bin/cmake -E cmake_depends "Unix Makefiles" /home/vdt_2026/VDT_project/ros2_ws/src/fsm_state_machine /home/vdt_2026/VDT_project/ros2_ws/src/fsm_state_machine /home/vdt_2026/VDT_project/build/fsm_state_machine /home/vdt_2026/VDT_project/build/fsm_state_machine /home/vdt_2026/VDT_project/build/fsm_state_machine/CMakeFiles/fsm_node_lib.dir/DependInfo.cmake "--color="
gmake[2]: Entering directory '/home/vdt_2026/VDT_project/build/fsm_state_machine'
cd /home/vdt_2026/VDT_project/build/fsm_state_machine && /usr/bin/cmake -E cmake_depends "Unix Makefiles" /home/vdt_2026/VDT_project/ros2_ws/src/fsm_state_machine /home/vdt_2026/VDT_project/ros2_ws/src/fsm_state_machine /home/vdt_2026/VDT_project/build/fsm_state_machine /home/vdt_2026/VDT_project/build/fsm_state_machine /home/vdt_2026/VDT_project/build/fsm_state_machine/CMakeFiles/fsm_actions_test.dir/DependInfo.cmake "--color="
Dependencies file "CMakeFiles/fsm_node_lib.dir/src/fsm_node.cpp.o.d" is newer than depends file "/home/vdt_2026/VDT_project/build/fsm_state_machine/CMakeFiles/fsm_node_lib.dir/compiler_depend.internal".
Dependencies file "CMakeFiles/fsm_actions_test.dir/test/ros2/fsm_actions_test.cpp.o.d" is newer than depends file "/home/vdt_2026/VDT_project/build/fsm_state_machine/CMakeFiles/fsm_actions_test.dir/compiler_depend.internal".
Consolidate compiler generated dependencies of target fsm_node_lib
Consolidate compiler generated dependencies of target fsm_actions_test
gmake[2]: Leaving directory '/home/vdt_2026/VDT_project/build/fsm_state_machine'
/usr/bin/gmake  -f CMakeFiles/fsm_node_lib.dir/build.make CMakeFiles/fsm_node_lib.dir/build
gmake[2]: Leaving directory '/home/vdt_2026/VDT_project/build/fsm_state_machine'
/usr/bin/gmake  -f CMakeFiles/fsm_actions_test.dir/build.make CMakeFiles/fsm_actions_test.dir/build
gmake[2]: Entering directory '/home/vdt_2026/VDT_project/build/fsm_state_machine'
gmake[2]: Entering directory '/home/vdt_2026/VDT_project/build/fsm_state_machine'
[ 61%] Linking CXX executable fsm_actions_test
[ 61%] Linking CXX static library libfsm_node_lib.a
/usr/bin/cmake -E cmake_link_script CMakeFiles/fsm_actions_test.dir/link.txt --verbose=1
/usr/bin/cmake -P CMakeFiles/fsm_node_lib.dir/cmake_clean_target.cmake
/usr/bin/c++ -O3 -DNDEBUG CMakeFiles/fsm_actions_test.dir/test/ros2/fsm_actions_test.cpp.o -o fsm_actions_test  -Wl,-rpath,/opt/ros/jazzy/lib:/home/vdt_2026/VDT_project/install/vdt_msgs/lib gtest/libgtest.a libfsm_actions.a gtest/libgtest.a -pthread libfsm_logic.a /opt/ros/jazzy/lib/librclcpp.so /opt/ros/jazzy/lib/liblibstatistics_collector.so /opt/ros/jazzy/lib/librcl.so /opt/ros/jazzy/lib/librmw_implementation.so /opt/ros/jazzy/lib/libtype_description_interfaces__rosidl_typesupport_fastrtps_c.so /opt/ros/jazzy/lib/libtype_description_interfaces__rosidl_typesupport_introspection_c.so /opt/ros/jazzy/lib/libtype_description_interfaces__rosidl_typesupport_fastrtps_cpp.so /opt/ros/jazzy/lib/libtype_description_interfaces__rosidl_typesupport_introspection_cpp.so /opt/ros/jazzy/lib/libtype_description_interfaces__rosidl_typesupport_cpp.so /opt/ros/jazzy/lib/libtype_description_interfaces__rosidl_generator_py.so /opt/ros/jazzy/lib/libtype_description_interfaces__rosidl_typesupport_c.so /opt/ros/jazzy/lib/libtype_description_interfaces__rosidl_generator_c.so /opt/ros/jazzy/lib/librcl_yaml_param_parser.so /opt/ros/jazzy/lib/librosgraph_msgs__rosidl_typesupport_fastrtps_c.so /opt/ros/jazzy/lib/librosgraph_msgs__rosidl_typesupport_fastrtps_cpp.so /opt/ros/jazzy/lib/librosgraph_msgs__rosidl_typesupport_introspection_c.so /opt/ros/jazzy/lib/librosgraph_msgs__rosidl_typesupport_introspection_cpp.so /opt/ros/jazzy/lib/librosgraph_msgs__rosidl_typesupport_cpp.so /opt/ros/jazzy/lib/librosgraph_msgs__rosidl_generator_py.so /opt/ros/jazzy/lib/librcl_interfaces__rosidl_typesupport_fastrtps_c.so /opt/ros/jazzy/lib/librcl_interfaces__rosidl_typesupport_introspection_c.so /opt/ros/jazzy/lib/librcl_interfaces__rosidl_typesupport_fastrtps_cpp.so /opt/ros/jazzy/lib/librcl_interfaces__rosidl_typesupport_introspection_cpp.so /opt/ros/jazzy/lib/librcl_interfaces__rosidl_typesupport_cpp.so /opt/ros/jazzy/lib/librcl_interfaces__rosidl_generator_py.so /opt/ros/jazzy/lib/librosgraph_msgs__rosidl_typesupport_c.so /opt/ros/jazzy/lib/librcl_interfaces__rosidl_typesupport_c.so /opt/ros/jazzy/lib/librosgraph_msgs__rosidl_generator_c.so /opt/ros/jazzy/lib/librcl_interfaces__rosidl_generator_c.so /opt/ros/jazzy/lib/libstatistics_msgs__rosidl_typesupport_fastrtps_c.so /opt/ros/jazzy/lib/libstatistics_msgs__rosidl_typesupport_fastrtps_cpp.so /opt/ros/jazzy/lib/libstatistics_msgs__rosidl_typesupport_introspection_c.so /opt/ros/jazzy/lib/libstatistics_msgs__rosidl_typesupport_introspection_cpp.so /opt/ros/jazzy/lib/libstatistics_msgs__rosidl_typesupport_cpp.so /opt/ros/jazzy/lib/libstatistics_msgs__rosidl_generator_py.so /opt/ros/jazzy/lib/libstatistics_msgs__rosidl_typesupport_c.so /opt/ros/jazzy/lib/libstatistics_msgs__rosidl_generator_c.so /opt/ros/jazzy/lib/libtracetools.so -llttng-ust -llttng-ust-common -rdynamic -ldl /opt/ros/jazzy/lib/librcl_logging_interface.so /opt/ros/jazzy/lib/libnav_msgs__rosidl_typesupport_fastrtps_c.so /opt/ros/jazzy/lib/libnav_msgs__rosidl_typesupport_fastrtps_cpp.so /opt/ros/jazzy/lib/libnav_msgs__rosidl_typesupport_introspection_c.so /opt/ros/jazzy/lib/libnav_msgs__rosidl_typesupport_introspection_cpp.so /opt/ros/jazzy/lib/libnav_msgs__rosidl_typesupport_cpp.so /opt/ros/jazzy/lib/libnav_msgs__rosidl_generator_py.so /opt/ros/jazzy/lib/libnav_msgs__rosidl_typesupport_c.so /opt/ros/jazzy/lib/libnav_msgs__rosidl_generator_c.so /opt/ros/jazzy/lib/libgeometry_msgs__rosidl_typesupport_fastrtps_c.so /opt/ros/jazzy/lib/libservice_msgs__rosidl_typesupport_fastrtps_c.so /opt/ros/jazzy/lib/libgeometry_msgs__rosidl_typesupport_fastrtps_cpp.so /opt/ros/jazzy/lib/libservice_msgs__rosidl_typesupport_fastrtps_cpp.so /opt/ros/jazzy/lib/libgeometry_msgs__rosidl_typesupport_introspection_c.so /opt/ros/jazzy/lib/libservice_msgs__rosidl_typesupport_introspection_c.so /opt/ros/jazzy/lib/libgeometry_msgs__rosidl_typesupport_introspection_cpp.so /opt/ros/jazzy/lib/libservice_msgs__rosidl_typesupport_introspection_cpp.so /opt/ros/jazzy/lib/libgeometry_msgs__rosidl_typesupport_cpp.so /opt/ros/jazzy/lib/libservice_msgs__rosidl_typesupport_cpp.so /opt/ros/jazzy/lib/libgeometry_msgs__rosidl_typesupport_c.so /opt/ros/jazzy/lib/libgeometry_msgs__rosidl_generator_c.so /opt/ros/jazzy/lib/libservice_msgs__rosidl_typesupport_c.so /opt/ros/jazzy/lib/libservice_msgs__rosidl_generator_c.so /home/vdt_2026/VDT_project/install/vdt_msgs/lib/libvdt_msgs__rosidl_typesupport_fastrtps_c.so /home/vdt_2026/VDT_project/install/vdt_msgs/lib/libvdt_msgs__rosidl_typesupport_fastrtps_cpp.so /home/vdt_2026/VDT_project/install/vdt_msgs/lib/libvdt_msgs__rosidl_typesupport_introspection_c.so /home/vdt_2026/VDT_project/install/vdt_msgs/lib/libvdt_msgs__rosidl_typesupport_introspection_cpp.so /home/vdt_2026/VDT_project/install/vdt_msgs/lib/libvdt_msgs__rosidl_typesupport_cpp.so /home/vdt_2026/VDT_project/install/vdt_msgs/lib/libvdt_msgs__rosidl_generator_py.so /opt/ros/jazzy/lib/libstd_msgs__rosidl_typesupport_fastrtps_c.so /opt/ros/jazzy/lib/libstd_msgs__rosidl_typesupport_fastrtps_cpp.so /opt/ros/jazzy/lib/libstd_msgs__rosidl_typesupport_introspection_c.so /opt/ros/jazzy/lib/libstd_msgs__rosidl_typesupport_introspection_cpp.so /opt/ros/jazzy/lib/libstd_msgs__rosidl_typesupport_cpp.so /opt/ros/jazzy/lib/libstd_msgs__rosidl_generator_py.so /home/vdt_2026/VDT_project/install/vdt_msgs/lib/libvdt_msgs__rosidl_typesupport_c.so /opt/ros/jazzy/lib/libstd_msgs__rosidl_typesupport_c.so /home/vdt_2026/VDT_project/install/vdt_msgs/lib/libvdt_msgs__rosidl_generator_c.so /opt/ros/jazzy/lib/libstd_msgs__rosidl_generator_c.so /opt/ros/jazzy/lib/libbuiltin_interfaces__rosidl_typesupport_fastrtps_c.so /opt/ros/jazzy/lib/librosidl_typesupport_fastrtps_c.so /opt/ros/jazzy/lib/libbuiltin_interfaces__rosidl_typesupport_introspection_c.so /opt/ros/jazzy/lib/libbuiltin_interfaces__rosidl_typesupport_fastrtps_cpp.so /opt/ros/jazzy/lib/librosidl_typesupport_fastrtps_cpp.so /opt/ros/jazzy/lib/librmw.so /opt/ros/jazzy/lib/librosidl_dynamic_typesupport.so /opt/ros/jazzy/lib/libfastcdr.so.2.2.8 /opt/ros/jazzy/lib/libbuiltin_interfaces__rosidl_typesupport_introspection_cpp.so /opt/ros/jazzy/lib/librosidl_typesupport_introspection_cpp.so /opt/ros/jazzy/lib/librosidl_typesupport_introspection_c.so /opt/ros/jazzy/lib/libbuiltin_interfaces__rosidl_typesupport_cpp.so /opt/ros/jazzy/lib/librosidl_typesupport_cpp.so /opt/ros/jazzy/lib/libbuiltin_interfaces__rosidl_generator_py.so /opt/ros/jazzy/lib/libbuiltin_interfaces__rosidl_typesupport_c.so /opt/ros/jazzy/lib/libbuiltin_interfaces__rosidl_generator_c.so /opt/ros/jazzy/lib/librosidl_typesupport_c.so /opt/ros/jazzy/lib/librcpputils.so /opt/ros/jazzy/lib/librosidl_runtime_c.so /opt/ros/jazzy/lib/librcutils.so -ldl -latomic -Wl,-rpath-link,/opt/ros/jazzy/lib 
/usr/bin/cmake -E cmake_link_script CMakeFiles/fsm_node_lib.dir/link.txt --verbose=1
/usr/bin/ar qc libfsm_node_lib.a CMakeFiles/fsm_node_lib.dir/src/fsm_node.cpp.o
/usr/bin/ranlib libfsm_node_lib.a
gmake[2]: Leaving directory '/home/vdt_2026/VDT_project/build/fsm_state_machine'
[ 66%] Built target fsm_node_lib
/usr/bin/gmake  -f CMakeFiles/fsm_node.dir/build.make CMakeFiles/fsm_node.dir/depend
/usr/bin/gmake  -f CMakeFiles/fsm_node_test.dir/build.make CMakeFiles/fsm_node_test.dir/depend
gmake[2]: Entering directory '/home/vdt_2026/VDT_project/build/fsm_state_machine'
gmake[2]: Entering directory '/home/vdt_2026/VDT_project/build/fsm_state_machine'
cd /home/vdt_2026/VDT_project/build/fsm_state_machine && /usr/bin/cmake -E cmake_depends "Unix Makefiles" /home/vdt_2026/VDT_project/ros2_ws/src/fsm_state_machine /home/vdt_2026/VDT_project/ros2_ws/src/fsm_state_machine /home/vdt_2026/VDT_project/build/fsm_state_machine /home/vdt_2026/VDT_project/build/fsm_state_machine /home/vdt_2026/VDT_project/build/fsm_state_machine/CMakeFiles/fsm_node_test.dir/DependInfo.cmake "--color="
cd /home/vdt_2026/VDT_project/build/fsm_state_machine && /usr/bin/cmake -E cmake_depends "Unix Makefiles" /home/vdt_2026/VDT_project/ros2_ws/src/fsm_state_machine /home/vdt_2026/VDT_project/ros2_ws/src/fsm_state_machine /home/vdt_2026/VDT_project/build/fsm_state_machine /home/vdt_2026/VDT_project/build/fsm_state_machine /home/vdt_2026/VDT_project/build/fsm_state_machine/CMakeFiles/fsm_node.dir/DependInfo.cmake "--color="
Dependencies file "CMakeFiles/fsm_node.dir/src/main.cpp.o.d" is newer than depends file "/home/vdt_2026/VDT_project/build/fsm_state_machine/CMakeFiles/fsm_node.dir/compiler_depend.internal".
Dependencies file "CMakeFiles/fsm_node_test.dir/test/ros2/fsm_node_test.cpp.o.d" is newer than depends file "/home/vdt_2026/VDT_project/build/fsm_state_machine/CMakeFiles/fsm_node_test.dir/compiler_depend.internal".
Consolidate compiler generated dependencies of target fsm_node_test
Consolidate compiler generated dependencies of target fsm_node
gmake[2]: Leaving directory '/home/vdt_2026/VDT_project/build/fsm_state_machine'
gmake[2]: Leaving directory '/home/vdt_2026/VDT_project/build/fsm_state_machine'
/usr/bin/gmake  -f CMakeFiles/fsm_node_test.dir/build.make CMakeFiles/fsm_node_test.dir/build
/usr/bin/gmake  -f CMakeFiles/fsm_node.dir/build.make CMakeFiles/fsm_node.dir/build
gmake[2]: Entering directory '/home/vdt_2026/VDT_project/build/fsm_state_machine'
gmake[2]: Entering directory '/home/vdt_2026/VDT_project/build/fsm_state_machine'
[ 77%] Linking CXX executable fsm_node_test
[ 77%] Linking CXX executable fsm_node
/usr/bin/cmake -E cmake_link_script CMakeFiles/fsm_node_test.dir/link.txt --verbose=1
/usr/bin/cmake -E cmake_link_script CMakeFiles/fsm_node.dir/link.txt --verbose=1
/usr/bin/c++ -O3 -DNDEBUG CMakeFiles/fsm_node_test.dir/test/ros2/fsm_node_test.cpp.o -o fsm_node_test  -Wl,-rpath,/opt/ros/jazzy/lib:/home/vdt_2026/VDT_project/install/vdt_msgs/lib gtest/libgtest.a libfsm_node_lib.a gtest/libgtest.a -pthread libfsm_actions.a libfsm_logic.a /opt/ros/jazzy/lib/librclcpp.so /opt/ros/jazzy/lib/liblibstatistics_collector.so /opt/ros/jazzy/lib/librcl.so /opt/ros/jazzy/lib/librmw_implementation.so /opt/ros/jazzy/lib/libtype_description_interfaces__rosidl_typesupport_fastrtps_c.so /opt/ros/jazzy/lib/libtype_description_interfaces__rosidl_typesupport_introspection_c.so /opt/ros/jazzy/lib/libtype_description_interfaces__rosidl_typesupport_fastrtps_cpp.so /opt/ros/jazzy/lib/libtype_description_interfaces__rosidl_typesupport_introspection_cpp.so /opt/ros/jazzy/lib/libtype_description_interfaces__rosidl_typesupport_cpp.so /opt/ros/jazzy/lib/libtype_description_interfaces__rosidl_generator_py.so /opt/ros/jazzy/lib/libtype_description_interfaces__rosidl_typesupport_c.so /opt/ros/jazzy/lib/libtype_description_interfaces__rosidl_generator_c.so /opt/ros/jazzy/lib/librcl_yaml_param_parser.so /opt/ros/jazzy/lib/librosgraph_msgs__rosidl_typesupport_fastrtps_c.so /opt/ros/jazzy/lib/librosgraph_msgs__rosidl_typesupport_fastrtps_cpp.so /opt/ros/jazzy/lib/librosgraph_msgs__rosidl_typesupport_introspection_c.so /opt/ros/jazzy/lib/librosgraph_msgs__rosidl_typesupport_introspection_cpp.so /opt/ros/jazzy/lib/librosgraph_msgs__rosidl_typesupport_cpp.so /opt/ros/jazzy/lib/librosgraph_msgs__rosidl_generator_py.so /opt/ros/jazzy/lib/librcl_interfaces__rosidl_typesupport_fastrtps_c.so /opt/ros/jazzy/lib/librcl_interfaces__rosidl_typesupport_introspection_c.so /opt/ros/jazzy/lib/librcl_interfaces__rosidl_typesupport_fastrtps_cpp.so /opt/ros/jazzy/lib/librcl_interfaces__rosidl_typesupport_introspection_cpp.so /opt/ros/jazzy/lib/librcl_interfaces__rosidl_typesupport_cpp.so /opt/ros/jazzy/lib/librcl_interfaces__rosidl_generator_py.so /opt/ros/jazzy/lib/librosgraph_msgs__rosidl_typesupport_c.so /opt/ros/jazzy/lib/librcl_interfaces__rosidl_typesupport_c.so /opt/ros/jazzy/lib/librosgraph_msgs__rosidl_generator_c.so /opt/ros/jazzy/lib/librcl_interfaces__rosidl_generator_c.so /opt/ros/jazzy/lib/libstatistics_msgs__rosidl_typesupport_fastrtps_c.so /opt/ros/jazzy/lib/libstatistics_msgs__rosidl_typesupport_fastrtps_cpp.so /opt/ros/jazzy/lib/libstatistics_msgs__rosidl_typesupport_introspection_c.so /opt/ros/jazzy/lib/libstatistics_msgs__rosidl_typesupport_introspection_cpp.so /opt/ros/jazzy/lib/libstatistics_msgs__rosidl_typesupport_cpp.so /opt/ros/jazzy/lib/libstatistics_msgs__rosidl_generator_py.so /opt/ros/jazzy/lib/libstatistics_msgs__rosidl_typesupport_c.so /opt/ros/jazzy/lib/libstatistics_msgs__rosidl_generator_c.so /opt/ros/jazzy/lib/libtracetools.so -llttng-ust -llttng-ust-common -rdynamic -ldl /opt/ros/jazzy/lib/librcl_logging_interface.so /opt/ros/jazzy/lib/libnav_msgs__rosidl_typesupport_fastrtps_c.so /opt/ros/jazzy/lib/libnav_msgs__rosidl_typesupport_fastrtps_cpp.so /opt/ros/jazzy/lib/libnav_msgs__rosidl_typesupport_introspection_c.so /opt/ros/jazzy/lib/libnav_msgs__rosidl_typesupport_introspection_cpp.so /opt/ros/jazzy/lib/libnav_msgs__rosidl_typesupport_cpp.so /opt/ros/jazzy/lib/libnav_msgs__rosidl_generator_py.so /opt/ros/jazzy/lib/libnav_msgs__rosidl_typesupport_c.so /opt/ros/jazzy/lib/libnav_msgs__rosidl_generator_c.so /opt/ros/jazzy/lib/libgeometry_msgs__rosidl_typesupport_fastrtps_c.so /opt/ros/jazzy/lib/libservice_msgs__rosidl_typesupport_fastrtps_c.so /opt/ros/jazzy/lib/libgeometry_msgs__rosidl_typesupport_fastrtps_cpp.so /opt/ros/jazzy/lib/libservice_msgs__rosidl_typesupport_fastrtps_cpp.so /opt/ros/jazzy/lib/libgeometry_msgs__rosidl_typesupport_introspection_c.so /opt/ros/jazzy/lib/libservice_msgs__rosidl_typesupport_introspection_c.so /opt/ros/jazzy/lib/libgeometry_msgs__rosidl_typesupport_introspection_cpp.so /opt/ros/jazzy/lib/libservice_msgs__rosidl_typesupport_introspection_cpp.so /opt/ros/jazzy/lib/libgeometry_msgs__rosidl_typesupport_cpp.so /opt/ros/jazzy/lib/libservice_msgs__rosidl_typesupport_cpp.so /opt/ros/jazzy/lib/libgeometry_msgs__rosidl_typesupport_c.so /opt/ros/jazzy/lib/libgeometry_msgs__rosidl_generator_c.so /opt/ros/jazzy/lib/libservice_msgs__rosidl_typesupport_c.so /opt/ros/jazzy/lib/libservice_msgs__rosidl_generator_c.so /home/vdt_2026/VDT_project/install/vdt_msgs/lib/libvdt_msgs__rosidl_typesupport_fastrtps_c.so /home/vdt_2026/VDT_project/install/vdt_msgs/lib/libvdt_msgs__rosidl_typesupport_fastrtps_cpp.so /home/vdt_2026/VDT_project/install/vdt_msgs/lib/libvdt_msgs__rosidl_typesupport_introspection_c.so /home/vdt_2026/VDT_project/install/vdt_msgs/lib/libvdt_msgs__rosidl_typesupport_introspection_cpp.so /home/vdt_2026/VDT_project/install/vdt_msgs/lib/libvdt_msgs__rosidl_typesupport_cpp.so /home/vdt_2026/VDT_project/install/vdt_msgs/lib/libvdt_msgs__rosidl_generator_py.so /opt/ros/jazzy/lib/libstd_msgs__rosidl_typesupport_fastrtps_c.so /opt/ros/jazzy/lib/libstd_msgs__rosidl_typesupport_fastrtps_cpp.so /opt/ros/jazzy/lib/libstd_msgs__rosidl_typesupport_introspection_c.so /opt/ros/jazzy/lib/libstd_msgs__rosidl_typesupport_introspection_cpp.so /opt/ros/jazzy/lib/libstd_msgs__rosidl_typesupport_cpp.so /opt/ros/jazzy/lib/libstd_msgs__rosidl_generator_py.so /home/vdt_2026/VDT_project/install/vdt_msgs/lib/libvdt_msgs__rosidl_typesupport_c.so /opt/ros/jazzy/lib/libstd_msgs__rosidl_typesupport_c.so /home/vdt_2026/VDT_project/install/vdt_msgs/lib/libvdt_msgs__rosidl_generator_c.so /opt/ros/jazzy/lib/libstd_msgs__rosidl_generator_c.so /opt/ros/jazzy/lib/libbuiltin_interfaces__rosidl_typesupport_fastrtps_c.so /opt/ros/jazzy/lib/librosidl_typesupport_fastrtps_c.so /opt/ros/jazzy/lib/libbuiltin_interfaces__rosidl_typesupport_introspection_c.so /opt/ros/jazzy/lib/libbuiltin_interfaces__rosidl_typesupport_fastrtps_cpp.so /opt/ros/jazzy/lib/librosidl_typesupport_fastrtps_cpp.so /opt/ros/jazzy/lib/librmw.so /opt/ros/jazzy/lib/librosidl_dynamic_typesupport.so /opt/ros/jazzy/lib/libfastcdr.so.2.2.8 /opt/ros/jazzy/lib/libbuiltin_interfaces__rosidl_typesupport_introspection_cpp.so /opt/ros/jazzy/lib/librosidl_typesupport_introspection_cpp.so /opt/ros/jazzy/lib/librosidl_typesupport_introspection_c.so /opt/ros/jazzy/lib/libbuiltin_interfaces__rosidl_typesupport_cpp.so /opt/ros/jazzy/lib/librosidl_typesupport_cpp.so /opt/ros/jazzy/lib/libbuiltin_interfaces__rosidl_generator_py.so /opt/ros/jazzy/lib/libbuiltin_interfaces__rosidl_typesupport_c.so /opt/ros/jazzy/lib/libbuiltin_interfaces__rosidl_generator_c.so /opt/ros/jazzy/lib/librosidl_typesupport_c.so /opt/ros/jazzy/lib/librcpputils.so /opt/ros/jazzy/lib/librosidl_runtime_c.so /opt/ros/jazzy/lib/librcutils.so -ldl -latomic -Wl,-rpath-link,/opt/ros/jazzy/lib 
/usr/bin/c++ -O3 -DNDEBUG CMakeFiles/fsm_node.dir/src/main.cpp.o -o fsm_node  -Wl,-rpath,/opt/ros/jazzy/lib:/home/vdt_2026/VDT_project/install/vdt_msgs/lib: libfsm_node_lib.a libfsm_actions.a libfsm_logic.a /opt/ros/jazzy/lib/librclcpp.so /opt/ros/jazzy/lib/liblibstatistics_collector.so /opt/ros/jazzy/lib/librcl.so /opt/ros/jazzy/lib/librmw_implementation.so /opt/ros/jazzy/lib/libtype_description_interfaces__rosidl_typesupport_fastrtps_c.so /opt/ros/jazzy/lib/libtype_description_interfaces__rosidl_typesupport_introspection_c.so /opt/ros/jazzy/lib/libtype_description_interfaces__rosidl_typesupport_fastrtps_cpp.so /opt/ros/jazzy/lib/libtype_description_interfaces__rosidl_typesupport_introspection_cpp.so /opt/ros/jazzy/lib/libtype_description_interfaces__rosidl_typesupport_cpp.so /opt/ros/jazzy/lib/libtype_description_interfaces__rosidl_generator_py.so /opt/ros/jazzy/lib/libtype_description_interfaces__rosidl_typesupport_c.so /opt/ros/jazzy/lib/libtype_description_interfaces__rosidl_generator_c.so /opt/ros/jazzy/lib/librcl_yaml_param_parser.so /opt/ros/jazzy/lib/librosgraph_msgs__rosidl_typesupport_fastrtps_c.so /opt/ros/jazzy/lib/librosgraph_msgs__rosidl_typesupport_fastrtps_cpp.so /opt/ros/jazzy/lib/librosgraph_msgs__rosidl_typesupport_introspection_c.so /opt/ros/jazzy/lib/librosgraph_msgs__rosidl_typesupport_introspection_cpp.so /opt/ros/jazzy/lib/librosgraph_msgs__rosidl_typesupport_cpp.so /opt/ros/jazzy/lib/librosgraph_msgs__rosidl_generator_py.so /opt/ros/jazzy/lib/librcl_interfaces__rosidl_typesupport_fastrtps_c.so /opt/ros/jazzy/lib/librcl_interfaces__rosidl_typesupport_introspection_c.so /opt/ros/jazzy/lib/librcl_interfaces__rosidl_typesupport_fastrtps_cpp.so /opt/ros/jazzy/lib/librcl_interfaces__rosidl_typesupport_introspection_cpp.so /opt/ros/jazzy/lib/librcl_interfaces__rosidl_typesupport_cpp.so /opt/ros/jazzy/lib/librcl_interfaces__rosidl_generator_py.so /opt/ros/jazzy/lib/librosgraph_msgs__rosidl_typesupport_c.so /opt/ros/jazzy/lib/librcl_interfaces__rosidl_typesupport_c.so /opt/ros/jazzy/lib/librosgraph_msgs__rosidl_generator_c.so /opt/ros/jazzy/lib/librcl_interfaces__rosidl_generator_c.so /opt/ros/jazzy/lib/libstatistics_msgs__rosidl_typesupport_fastrtps_c.so /opt/ros/jazzy/lib/libstatistics_msgs__rosidl_typesupport_fastrtps_cpp.so /opt/ros/jazzy/lib/libstatistics_msgs__rosidl_typesupport_introspection_c.so /opt/ros/jazzy/lib/libstatistics_msgs__rosidl_typesupport_introspection_cpp.so /opt/ros/jazzy/lib/libstatistics_msgs__rosidl_typesupport_cpp.so /opt/ros/jazzy/lib/libstatistics_msgs__rosidl_generator_py.so /opt/ros/jazzy/lib/libstatistics_msgs__rosidl_typesupport_c.so /opt/ros/jazzy/lib/libstatistics_msgs__rosidl_generator_c.so /opt/ros/jazzy/lib/libtracetools.so -llttng-ust -llttng-ust-common -rdynamic -ldl /opt/ros/jazzy/lib/librcl_logging_interface.so /opt/ros/jazzy/lib/libnav_msgs__rosidl_typesupport_fastrtps_c.so /opt/ros/jazzy/lib/libnav_msgs__rosidl_typesupport_fastrtps_cpp.so /opt/ros/jazzy/lib/libnav_msgs__rosidl_typesupport_introspection_c.so /opt/ros/jazzy/lib/libnav_msgs__rosidl_typesupport_introspection_cpp.so /opt/ros/jazzy/lib/libnav_msgs__rosidl_typesupport_cpp.so /opt/ros/jazzy/lib/libnav_msgs__rosidl_generator_py.so /opt/ros/jazzy/lib/libnav_msgs__rosidl_typesupport_c.so /opt/ros/jazzy/lib/libnav_msgs__rosidl_generator_c.so /opt/ros/jazzy/lib/libgeometry_msgs__rosidl_typesupport_fastrtps_c.so /opt/ros/jazzy/lib/libservice_msgs__rosidl_typesupport_fastrtps_c.so /opt/ros/jazzy/lib/libgeometry_msgs__rosidl_typesupport_fastrtps_cpp.so /opt/ros/jazzy/lib/libservice_msgs__rosidl_typesupport_fastrtps_cpp.so /opt/ros/jazzy/lib/libgeometry_msgs__rosidl_typesupport_introspection_c.so /opt/ros/jazzy/lib/libservice_msgs__rosidl_typesupport_introspection_c.so /opt/ros/jazzy/lib/libgeometry_msgs__rosidl_typesupport_introspection_cpp.so /opt/ros/jazzy/lib/libservice_msgs__rosidl_typesupport_introspection_cpp.so /opt/ros/jazzy/lib/libgeometry_msgs__rosidl_typesupport_cpp.so /opt/ros/jazzy/lib/libservice_msgs__rosidl_typesupport_cpp.so /opt/ros/jazzy/lib/libgeometry_msgs__rosidl_typesupport_c.so /opt/ros/jazzy/lib/libgeometry_msgs__rosidl_generator_c.so /opt/ros/jazzy/lib/libservice_msgs__rosidl_typesupport_c.so /opt/ros/jazzy/lib/libservice_msgs__rosidl_generator_c.so /home/vdt_2026/VDT_project/install/vdt_msgs/lib/libvdt_msgs__rosidl_typesupport_fastrtps_c.so /home/vdt_2026/VDT_project/install/vdt_msgs/lib/libvdt_msgs__rosidl_typesupport_fastrtps_cpp.so /home/vdt_2026/VDT_project/install/vdt_msgs/lib/libvdt_msgs__rosidl_typesupport_introspection_c.so /home/vdt_2026/VDT_project/install/vdt_msgs/lib/libvdt_msgs__rosidl_typesupport_introspection_cpp.so /home/vdt_2026/VDT_project/install/vdt_msgs/lib/libvdt_msgs__rosidl_typesupport_cpp.so /home/vdt_2026/VDT_project/install/vdt_msgs/lib/libvdt_msgs__rosidl_generator_py.so /opt/ros/jazzy/lib/libstd_msgs__rosidl_typesupport_fastrtps_c.so /opt/ros/jazzy/lib/libstd_msgs__rosidl_typesupport_fastrtps_cpp.so /opt/ros/jazzy/lib/libstd_msgs__rosidl_typesupport_introspection_c.so /opt/ros/jazzy/lib/libstd_msgs__rosidl_typesupport_introspection_cpp.so /opt/ros/jazzy/lib/libstd_msgs__rosidl_typesupport_cpp.so /opt/ros/jazzy/lib/libstd_msgs__rosidl_generator_py.so /home/vdt_2026/VDT_project/install/vdt_msgs/lib/libvdt_msgs__rosidl_typesupport_c.so /opt/ros/jazzy/lib/libstd_msgs__rosidl_typesupport_c.so /home/vdt_2026/VDT_project/install/vdt_msgs/lib/libvdt_msgs__rosidl_generator_c.so /opt/ros/jazzy/lib/libstd_msgs__rosidl_generator_c.so /opt/ros/jazzy/lib/libbuiltin_interfaces__rosidl_typesupport_fastrtps_c.so /opt/ros/jazzy/lib/librosidl_typesupport_fastrtps_c.so /opt/ros/jazzy/lib/libbuiltin_interfaces__rosidl_typesupport_introspection_c.so /opt/ros/jazzy/lib/libbuiltin_interfaces__rosidl_typesupport_fastrtps_cpp.so /opt/ros/jazzy/lib/librosidl_typesupport_fastrtps_cpp.so /opt/ros/jazzy/lib/librmw.so /opt/ros/jazzy/lib/librosidl_dynamic_typesupport.so /opt/ros/jazzy/lib/libfastcdr.so.2.2.8 /opt/ros/jazzy/lib/libbuiltin_interfaces__rosidl_typesupport_introspection_cpp.so /opt/ros/jazzy/lib/librosidl_typesupport_introspection_cpp.so /opt/ros/jazzy/lib/librosidl_typesupport_introspection_c.so /opt/ros/jazzy/lib/libbuiltin_interfaces__rosidl_typesupport_cpp.so /opt/ros/jazzy/lib/librosidl_typesupport_cpp.so /opt/ros/jazzy/lib/libbuiltin_interfaces__rosidl_generator_py.so /opt/ros/jazzy/lib/libbuiltin_interfaces__rosidl_typesupport_c.so /opt/ros/jazzy/lib/libbuiltin_interfaces__rosidl_generator_c.so /opt/ros/jazzy/lib/librosidl_typesupport_c.so /opt/ros/jazzy/lib/librcpputils.so /opt/ros/jazzy/lib/librosidl_runtime_c.so /opt/ros/jazzy/lib/librcutils.so -ldl -latomic -Wl,-rpath-link,/opt/ros/jazzy/lib 
gmake[2]: Leaving directory '/home/vdt_2026/VDT_project/build/fsm_state_machine'
[ 83%] Built target fsm_logic_test
gmake[2]: Leaving directory '/home/vdt_2026/VDT_project/build/fsm_state_machine'
[ 88%] Built target fsm_actions_test
gmake[2]: Leaving directory '/home/vdt_2026/VDT_project/build/fsm_state_machine'
[ 94%] Built target fsm_node
gmake[2]: Leaving directory '/home/vdt_2026/VDT_project/build/fsm_state_machine'
[100%] Built target fsm_node_test
gmake[1]: Leaving directory '/home/vdt_2026/VDT_project/build/fsm_state_machine'
/usr/bin/cmake -E cmake_progress_start /home/vdt_2026/VDT_project/build/fsm_state_machine/CMakeFiles 0

-- Install configuration: "Release"
-- Installing: /home/vdt_2026/VDT_project/install/fsm_state_machine/lib/fsm_state_machine/fsm_node
-- Set non-toolchain portion of runtime path of "/home/vdt_2026/VDT_project/install/fsm_state_machine/lib/fsm_state_machine/fsm_node" to ""
-- Installing: /home/vdt_2026/VDT_project/install/fsm_state_machine/share/ament_index/resource_index/package_run_dependencies/fsm_state_machine
-- Installing: /home/vdt_2026/VDT_project/install/fsm_state_machine/share/ament_index/resource_index/parent_prefix_path/fsm_state_machine
-- Installing: /home/vdt_2026/VDT_project/install/fsm_state_machine/share/fsm_state_machine/environment/ament_prefix_path.sh
-- Installing: /home/vdt_2026/VDT_project/install/fsm_state_machine/share/fsm_state_machine/environment/ament_prefix_path.dsv
-- Installing: /home/vdt_2026/VDT_project/install/fsm_state_machine/share/fsm_state_machine/environment/path.sh
-- Installing: /home/vdt_2026/VDT_project/install/fsm_state_machine/share/fsm_state_machine/environment/path.dsv
-- Installing: /home/vdt_2026/VDT_project/install/fsm_state_machine/share/fsm_state_machine/local_setup.bash
-- Installing: /home/vdt_2026/VDT_project/install/fsm_state_machine/share/fsm_state_machine/local_setup.sh
-- Installing: /home/vdt_2026/VDT_project/install/fsm_state_machine/share/fsm_state_machine/local_setup.zsh
-- Installing: /home/vdt_2026/VDT_project/install/fsm_state_machine/share/fsm_state_machine/local_setup.dsv
-- Installing: /home/vdt_2026/VDT_project/install/fsm_state_machine/share/fsm_state_machine/package.dsv
-- Installing: /home/vdt_2026/VDT_project/install/fsm_state_machine/share/ament_index/resource_index/packages/fsm_state_machine
-- Installing: /home/vdt_2026/VDT_project/install/fsm_state_machine/share/fsm_state_machine/cmake/fsm_state_machineConfig.cmake
-- Installing: /home/vdt_2026/VDT_project/install/fsm_state_machine/share/fsm_state_machine/cmake/fsm_state_machineConfig-version.cmake
-- Installing: /home/vdt_2026/VDT_project/install/fsm_state_machine/share/fsm_state_machine/package.xml
