[0.023s] Invoking command in '/home/vdt_2026/VDT_project/build/fsm_state_machine': AMENT_PREFIX_PATH=/home/vdt_2026/VDT_project/install/vdt_msgs:${AMENT_PREFIX_PATH} CMAKE_PREFIX_PATH=/home/vdt_2026/VDT_project/install/vdt_msgs:/home/vdt_2026/ros2_ws/install/px4_msgs:/opt/ros/jazzy LD_LIBRARY_PATH=/home/vdt_2026/VDT_project/install/vdt_msgs/lib:${LD_LIBRARY_PATH} PYTHONPATH=/home/vdt_2026/VDT_project/install/vdt_msgs/lib/python3.12/site-packages:${PYTHONPATH} /usr/bin/cmake /home/vdt_2026/VDT_project/ros2_ws/src/fsm_state_machine -DCMAKE_VERBOSE_MAKEFILE=ON -DCMAKE_INSTALL_PREFIX=/home/vdt_2026/VDT_project/install/fsm_state_machine
[0.051s] -- Found ament_cmake: 2.5.6 (/opt/ros/jazzy/share/ament_cmake/cmake)
[0.393s] -- Found rclcpp: 28.1.22 (/opt/ros/jazzy/share/rclcpp/cmake)
[0.430s] -- Found rosidl_generator_c: 4.6.9 (/opt/ros/jazzy/share/rosidl_generator_c/cmake)
[0.444s] -- Found rosidl_generator_cpp: 4.6.9 (/opt/ros/jazzy/share/rosidl_generator_cpp/cmake)
[0.463s] -- Using all available rosidl_typesupport_c: rosidl_typesupport_fastrtps_c;rosidl_typesupport_introspection_c
[0.482s] -- Using all available rosidl_typesupport_cpp: rosidl_typesupport_fastrtps_cpp;rosidl_typesupport_introspection_cpp
[0.623s] -- Found rmw_implementation_cmake: 7.3.3 (/opt/ros/jazzy/share/rmw_implementation_cmake/cmake)
[0.630s] -- Found rmw_fastrtps_cpp: 8.4.4 (/opt/ros/jazzy/share/rmw_fastrtps_cpp/cmake)
[0.772s] -- Using RMW implementation 'rmw_fastrtps_cpp' as default
[0.934s] -- Found std_msgs: 5.3.8 (/opt/ros/jazzy/share/std_msgs/cmake)
[0.955s] -- Found nav_msgs: 5.3.8 (/opt/ros/jazzy/share/nav_msgs/cmake)
[1.042s] -- Found vdt_msgs: 0.1.0 (/home/vdt_2026/VDT_project/install/vdt_msgs/share/vdt_msgs/cmake)
[1.083s] -- Found ament_cmake_gtest: 2.5.6 (/opt/ros/jazzy/share/ament_cmake_gtest/cmake)
[1.085s] -- Found launch_testing_ament_cmake: 3.4.12 (/opt/ros/jazzy/share/launch_testing_ament_cmake/cmake)
[1.086s] -- Found python_cmake_module: 0.11.1 (/opt/ros/jazzy/share/python_cmake_module/cmake)
[1.301s] -- Found gtest sources under '/opt/ros/jazzy/src/gtest_vendor': C++ tests using 'Google Test' will be built
[1.483s] -- Configuring done (1.4s)
[1.640s] -- Generating done (0.1s)
[1.671s] -- Build files have been written to: /home/vdt_2026/VDT_project/build/fsm_state_machine
[1.694s] Invoked command in '/home/vdt_2026/VDT_project/build/fsm_state_machine' returned '0': AMENT_PREFIX_PATH=/home/vdt_2026/VDT_project/install/vdt_msgs:${AMENT_PREFIX_PATH} CMAKE_PREFIX_PATH=/home/vdt_2026/VDT_project/install/vdt_msgs:/home/vdt_2026/ros2_ws/install/px4_msgs:/opt/ros/jazzy LD_LIBRARY_PATH=/home/vdt_2026/VDT_project/install/vdt_msgs/lib:${LD_LIBRARY_PATH} PYTHONPATH=/home/vdt_2026/VDT_project/install/vdt_msgs/lib/python3.12/site-packages:${PYTHONPATH} /usr/bin/cmake /home/vdt_2026/VDT_project/ros2_ws/src/fsm_state_machine -DCMAKE_VERBOSE_MAKEFILE=ON -DCMAKE_INSTALL_PREFIX=/home/vdt_2026/VDT_project/install/fsm_state_machine
[1.695s] Invoking command in '/home/vdt_2026/VDT_project/build/fsm_state_machine': AMENT_PREFIX_PATH=/home/vdt_2026/VDT_project/install/vdt_msgs:${AMENT_PREFIX_PATH} CMAKE_PREFIX_PATH=/home/vdt_2026/VDT_project/install/vdt_msgs:/home/vdt_2026/ros2_ws/install/px4_msgs:/opt/ros/jazzy LD_LIBRARY_PATH=/home/vdt_2026/VDT_project/install/vdt_msgs/lib:${LD_LIBRARY_PATH} PYTHONPATH=/home/vdt_2026/VDT_project/install/vdt_msgs/lib/python3.12/site-packages:${PYTHONPATH} /usr/bin/cmake --build /home/vdt_2026/VDT_project/build/fsm_state_machine -- -j4 -l4
[1.709s] Change Dir: '/home/vdt_2026/VDT_project/build/fsm_state_machine'
[1.709s] 
[1.709s] Run Build Command(s): /usr/bin/cmake -E env VERBOSE=1 /usr/bin/gmake -f Makefile -j4 -l4
[1.726s] /usr/bin/cmake -S/home/vdt_2026/VDT_project/ros2_ws/src/fsm_state_machine -B/home/vdt_2026/VDT_project/build/fsm_state_machine --check-build-system CMakeFiles/Makefile.cmake 0
[1.747s] /usr/bin/cmake -E cmake_progress_start /home/vdt_2026/VDT_project/build/fsm_state_machine/CMakeFiles /home/vdt_2026/VDT_project/build/fsm_state_machine//CMakeFiles/progress.marks
[1.761s] /usr/bin/gmake  -f CMakeFiles/Makefile2 all
[1.763s] gmake[1]: Entering directory '/home/vdt_2026/VDT_project/build/fsm_state_machine'
[1.763s] /usr/bin/gmake  -f CMakeFiles/fsm_logic.dir/build.make CMakeFiles/fsm_logic.dir/depend
[1.764s] /usr/bin/gmake  -f gtest/CMakeFiles/gtest_main.dir/build.make gtest/CMakeFiles/gtest_main.dir/depend
[1.764s] /usr/bin/gmake  -f gtest/CMakeFiles/gtest.dir/build.make gtest/CMakeFiles/gtest.dir/depend
[1.765s] gmake[2]: Entering directory '/home/vdt_2026/VDT_project/build/fsm_state_machine'
[1.766s] cd /home/vdt_2026/VDT_project/build/fsm_state_machine && /usr/bin/cmake -E cmake_depends "Unix Makefiles" /home/vdt_2026/VDT_project/ros2_ws/src/fsm_state_machine /home/vdt_2026/VDT_project/ros2_ws/src/fsm_state_machine /home/vdt_2026/VDT_project/build/fsm_state_machine /home/vdt_2026/VDT_project/build/fsm_state_machine /home/vdt_2026/VDT_project/build/fsm_state_machine/CMakeFiles/fsm_logic.dir/DependInfo.cmake "--color="
[1.766s] gmake[2]: Entering directory '/home/vdt_2026/VDT_project/build/fsm_state_machine'
[1.766s] cd /home/vdt_2026/VDT_project/build/fsm_state_machine && /usr/bin/cmake -E cmake_depends "Unix Makefiles" /home/vdt_2026/VDT_project/ros2_ws/src/fsm_state_machine /opt/ros/jazzy/src/gtest_vendor /home/vdt_2026/VDT_project/build/fsm_state_machine /home/vdt_2026/VDT_project/build/fsm_state_machine/gtest /home/vdt_2026/VDT_project/build/fsm_state_machine/gtest/CMakeFiles/gtest_main.dir/DependInfo.cmake "--color="
[1.767s] gmake[2]: Entering directory '/home/vdt_2026/VDT_project/build/fsm_state_machine'
[1.767s] cd /home/vdt_2026/VDT_project/build/fsm_state_machine && /usr/bin/cmake -E cmake_depends "Unix Makefiles" /home/vdt_2026/VDT_project/ros2_ws/src/fsm_state_machine /opt/ros/jazzy/src/gtest_vendor /home/vdt_2026/VDT_project/build/fsm_state_machine /home/vdt_2026/VDT_project/build/fsm_state_machine/gtest /home/vdt_2026/VDT_project/build/fsm_state_machine/gtest/CMakeFiles/gtest.dir/DependInfo.cmake "--color="
[1.782s] Dependencies file "CMakeFiles/fsm_logic.dir/src/fsm_logic.cpp.o.d" is newer than depends file "/home/vdt_2026/VDT_project/build/fsm_state_machine/CMakeFiles/fsm_logic.dir/compiler_depend.internal".
[1.782s] Dependencies file "gtest/CMakeFiles/gtest_main.dir/src/gtest_main.cc.o.d" is newer than depends file "/home/vdt_2026/VDT_project/build/fsm_state_machine/gtest/CMakeFiles/gtest_main.dir/compiler_depend.internal".
[1.784s] Dependencies file "gtest/CMakeFiles/gtest.dir/src/gtest-all.cc.o.d" is newer than depends file "/home/vdt_2026/VDT_project/build/fsm_state_machine/gtest/CMakeFiles/gtest.dir/compiler_depend.internal".
[1.785s] Consolidate compiler generated dependencies of target fsm_logic
[1.787s] gmake[2]: Leaving directory '/home/vdt_2026/VDT_project/build/fsm_state_machine'
[1.787s] /usr/bin/gmake  -f CMakeFiles/fsm_logic.dir/build.make CMakeFiles/fsm_logic.dir/build
[1.794s] gmake[2]: Entering directory '/home/vdt_2026/VDT_project/build/fsm_state_machine'
[1.794s] Consolidate compiler generated dependencies of target gtest_main
[1.795s] Consolidate compiler generated dependencies of target gtest
[1.796s] gmake[2]: Leaving directory '/home/vdt_2026/VDT_project/build/fsm_state_machine'
[1.796s] gmake[2]: Leaving directory '/home/vdt_2026/VDT_project/build/fsm_state_machine'
[1.796s] /usr/bin/gmake  -f gtest/CMakeFiles/gtest.dir/build.make gtest/CMakeFiles/gtest.dir/build
[1.797s] /usr/bin/gmake  -f gtest/CMakeFiles/gtest_main.dir/build.make gtest/CMakeFiles/gtest_main.dir/build
[1.804s] gmake[2]: Entering directory '/home/vdt_2026/VDT_project/build/fsm_state_machine'
[1.809s] [  5%] Linking CXX static library libfsm_logic.a
[1.809s] gmake[2]: Entering directory '/home/vdt_2026/VDT_project/build/fsm_state_machine'
[1.811s] /usr/bin/cmake -P CMakeFiles/fsm_logic.dir/cmake_clean_target.cmake
[1.824s] [ 11%] Linking CXX static library libgtest_main.a
[1.828s] cd /home/vdt_2026/VDT_project/build/fsm_state_machine/gtest && /usr/bin/cmake -P CMakeFiles/gtest_main.dir/cmake_clean_target.cmake
[1.828s] [ 16%] Linking CXX static library libgtest.a
[1.829s] cd /home/vdt_2026/VDT_project/build/fsm_state_machine/gtest && /usr/bin/cmake -P CMakeFiles/gtest.dir/cmake_clean_target.cmake
[1.830s] /usr/bin/cmake -E cmake_link_script CMakeFiles/fsm_logic.dir/link.txt --verbose=1
[1.844s] /usr/bin/ar qc libfsm_logic.a CMakeFiles/fsm_logic.dir/src/fsm_logic.cpp.o
[1.847s] cd /home/vdt_2026/VDT_project/build/fsm_state_machine/gtest && /usr/bin/cmake -E cmake_link_script CMakeFiles/gtest.dir/link.txt --verbose=1
[1.847s] cd /home/vdt_2026/VDT_project/build/fsm_state_machine/gtest && /usr/bin/cmake -E cmake_link_script CMakeFiles/gtest_main.dir/link.txt --verbose=1
[1.860s] /usr/bin/ranlib libfsm_logic.a
[1.863s] /usr/bin/ar qc libgtest.a "CMakeFiles/gtest.dir/src/gtest-all.cc.o"
[1.867s] /usr/bin/ar qc libgtest_main.a CMakeFiles/gtest_main.dir/src/gtest_main.cc.o
[1.870s] gmake[2]: Leaving directory '/home/vdt_2026/VDT_project/build/fsm_state_machine'
[1.873s] /usr/bin/ranlib libgtest_main.a
[1.884s] gmake[2]: Leaving directory '/home/vdt_2026/VDT_project/build/fsm_state_machine'
[1.886s] [ 22%] Built target fsm_logic
[1.888s] /usr/bin/gmake  -f CMakeFiles/fsm_actions.dir/build.make CMakeFiles/fsm_actions.dir/depend
[1.891s] gmake[2]: Entering directory '/home/vdt_2026/VDT_project/build/fsm_state_machine'
[1.891s] cd /home/vdt_2026/VDT_project/build/fsm_state_machine && /usr/bin/cmake -E cmake_depends "Unix Makefiles" /home/vdt_2026/VDT_project/ros2_ws/src/fsm_state_machine /home/vdt_2026/VDT_project/ros2_ws/src/fsm_state_machine /home/vdt_2026/VDT_project/build/fsm_state_machine /home/vdt_2026/VDT_project/build/fsm_state_machine /home/vdt_2026/VDT_project/build/fsm_state_machine/CMakeFiles/fsm_actions.dir/DependInfo.cmake "--color="
[1.902s] [ 27%] Built target gtest_main
[1.918s] /usr/bin/ranlib libgtest.a
[1.923s] Dependencies file "CMakeFiles/fsm_actions.dir/src/fsm_actions.cpp.o.d" is newer than depends file "/home/vdt_2026/VDT_project/build/fsm_state_machine/CMakeFiles/fsm_actions.dir/compiler_depend.internal".
[1.933s] Consolidate compiler generated dependencies of target fsm_actions
[1.935s] gmake[2]: Leaving directory '/home/vdt_2026/VDT_project/build/fsm_state_machine'
[1.935s] /usr/bin/gmake  -f CMakeFiles/fsm_actions.dir/build.make CMakeFiles/fsm_actions.dir/build
[1.950s] gmake[2]: Leaving directory '/home/vdt_2026/VDT_project/build/fsm_state_machine'
[1.967s] [ 33%] Built target gtest
[1.969s] /usr/bin/gmake  -f CMakeFiles/fsm_logic_test.dir/build.make CMakeFiles/fsm_logic_test.dir/depend
[1.971s] gmake[2]: Entering directory '/home/vdt_2026/VDT_project/build/fsm_state_machine'
[1.971s] cd /home/vdt_2026/VDT_project/build/fsm_state_machine && /usr/bin/cmake -E cmake_depends "Unix Makefiles" /home/vdt_2026/VDT_project/ros2_ws/src/fsm_state_machine /home/vdt_2026/VDT_project/ros2_ws/src/fsm_state_machine /home/vdt_2026/VDT_project/build/fsm_state_machine /home/vdt_2026/VDT_project/build/fsm_state_machine /home/vdt_2026/VDT_project/build/fsm_state_machine/CMakeFiles/fsm_logic_test.dir/DependInfo.cmake "--color="
[1.986s] Dependencies file "CMakeFiles/fsm_logic_test.dir/test/unit/fsm_logic_test.cpp.o.d" is newer than depends file "/home/vdt_2026/VDT_project/build/fsm_state_machine/CMakeFiles/fsm_logic_test.dir/compiler_depend.internal".
[1.991s] Consolidate compiler generated dependencies of target fsm_logic_test
[1.993s] gmake[2]: Leaving directory '/home/vdt_2026/VDT_project/build/fsm_state_machine'
[1.993s] /usr/bin/gmake  -f CMakeFiles/fsm_logic_test.dir/build.make CMakeFiles/fsm_logic_test.dir/build
[1.998s] gmake[2]: Entering directory '/home/vdt_2026/VDT_project/build/fsm_state_machine'
[2.001s] gmake[2]: Entering directory '/home/vdt_2026/VDT_project/build/fsm_state_machine'
[2.014s] [ 38%] Linking CXX executable fsm_logic_test
[2.016s] [ 44%] Linking CXX static library libfsm_actions.a
[2.016s] /usr/bin/cmake -E cmake_link_script CMakeFiles/fsm_logic_test.dir/link.txt --verbose=1
[2.018s] /usr/bin/cmake -P CMakeFiles/fsm_actions.dir/cmake_clean_target.cmake
[2.030s] /usr/bin/c++ -O3 -DNDEBUG CMakeFiles/fsm_logic_test.dir/test/unit/fsm_logic_test.cpp.o -o fsm_logic_test  -Wl,-rpath,/opt/ros/jazzy/lib:/home/vdt_2026/VDT_project/install/vdt_msgs/lib gtest/libgtest_main.a gtest/libgtest.a libfsm_logic.a -pthread /opt/ros/jazzy/lib/librclcpp.so /opt/ros/jazzy/lib/liblibstatistics_collector.so /opt/ros/jazzy/lib/librcl.so /opt/ros/jazzy/lib/librmw_implementation.so /opt/ros/jazzy/lib/libtype_description_interfaces__rosidl_typesupport_fastrtps_c.so /opt/ros/jazzy/lib/libtype_description_interfaces__rosidl_typesupport_introspection_c.so /opt/ros/jazzy/lib/libtype_description_interfaces__rosidl_typesupport_fastrtps_cpp.so /opt/ros/jazzy/lib/libtype_description_interfaces__rosidl_typesupport_introspection_cpp.so /opt/ros/jazzy/lib/libtype_description_interfaces__rosidl_typesupport_cpp.so /opt/ros/jazzy/lib/libtype_description_interfaces__rosidl_generator_py.so /opt/ros/jazzy/lib/libtype_description_interfaces__rosidl_typesupport_c.so /opt/ros/jazzy/lib/libtype_description_interfaces__rosidl_generator_c.so /opt/ros/jazzy/lib/librcl_yaml_param_parser.so /opt/ros/jazzy/lib/librosgraph_msgs__rosidl_typesupport_fastrtps_c.so /opt/ros/jazzy/lib/librosgraph_msgs__rosidl_typesupport_fastrtps_cpp.so /opt/ros/jazzy/lib/librosgraph_msgs__rosidl_typesupport_introspection_c.so /opt/ros/jazzy/lib/librosgraph_msgs__rosidl_typesupport_introspection_cpp.so /opt/ros/jazzy/lib/librosgraph_msgs__rosidl_typesupport_cpp.so /opt/ros/jazzy/lib/librosgraph_msgs__rosidl_generator_py.so /opt/ros/jazzy/lib/librcl_interfaces__rosidl_typesupport_fastrtps_c.so /opt/ros/jazzy/lib/librcl_interfaces__rosidl_typesupport_introspection_c.so /opt/ros/jazzy/lib/librcl_interfaces__rosidl_typesupport_fastrtps_cpp.so /opt/ros/jazzy/lib/librcl_interfaces__rosidl_typesupport_introspection_cpp.so /opt/ros/jazzy/lib/librcl_interfaces__rosidl_typesupport_cpp.so /opt/ros/jazzy/lib/librcl_interfaces__rosidl_generator_py.so /opt/ros/jazzy/lib/librosgraph_msgs__rosidl_typesupport_c.so /opt/ros/jazzy/lib/librcl_interfaces__rosidl_typesupport_c.so /opt/ros/jazzy/lib/librosgraph_msgs__rosidl_generator_c.so /opt/ros/jazzy/lib/librcl_interfaces__rosidl_generator_c.so /opt/ros/jazzy/lib/libstatistics_msgs__rosidl_typesupport_fastrtps_c.so /opt/ros/jazzy/lib/libstatistics_msgs__rosidl_typesupport_fastrtps_cpp.so /opt/ros/jazzy/lib/libstatistics_msgs__rosidl_typesupport_introspection_c.so /opt/ros/jazzy/lib/libstatistics_msgs__rosidl_typesupport_introspection_cpp.so /opt/ros/jazzy/lib/libstatistics_msgs__rosidl_typesupport_cpp.so /opt/ros/jazzy/lib/libstatistics_msgs__rosidl_generator_py.so /opt/ros/jazzy/lib/libstatistics_msgs__rosidl_typesupport_c.so /opt/ros/jazzy/lib/libstatistics_msgs__rosidl_generator_c.so /opt/ros/jazzy/lib/libtracetools.so -llttng-ust -llttng-ust-common -rdynamic -ldl /opt/ros/jazzy/lib/librcl_logging_interface.so /opt/ros/jazzy/lib/libnav_msgs__rosidl_typesupport_fastrtps_c.so /opt/ros/jazzy/lib/libnav_msgs__rosidl_typesupport_fastrtps_cpp.so /opt/ros/jazzy/lib/libnav_msgs__rosidl_typesupport_introspection_c.so /opt/ros/jazzy/lib/libnav_msgs__rosidl_typesupport_introspection_cpp.so /opt/ros/jazzy/lib/libnav_msgs__rosidl_typesupport_cpp.so /opt/ros/jazzy/lib/libnav_msgs__rosidl_generator_py.so /opt/ros/jazzy/lib/libnav_msgs__rosidl_typesupport_c.so /opt/ros/jazzy/lib/libnav_msgs__rosidl_generator_c.so /opt/ros/jazzy/lib/libgeometry_msgs__rosidl_typesupport_fastrtps_c.so /opt/ros/jazzy/lib/libservice_msgs__rosidl_typesupport_fastrtps_c.so /opt/ros/jazzy/lib/libgeometry_msgs__rosidl_typesupport_fastrtps_cpp.so /opt/ros/jazzy/lib/libservice_msgs__rosidl_typesupport_fastrtps_cpp.so /opt/ros/jazzy/lib/libgeometry_msgs__rosidl_typesupport_introspection_c.so /opt/ros/jazzy/lib/libservice_msgs__rosidl_typesupport_introspection_c.so /opt/ros/jazzy/lib/libgeometry_msgs__rosidl_typesupport_introspection_cpp.so /opt/ros/jazzy/lib/libservice_msgs__rosidl_typesupport_introspection_cpp.so /opt/ros/jazzy/lib/libgeometry_msgs__rosidl_typesupport_cpp.so /opt/ros/jazzy/lib/libservice_msgs__rosidl_typesupport_cpp.so /opt/ros/jazzy/lib/libgeometry_msgs__rosidl_typesupport_c.so /opt/ros/jazzy/lib/libgeometry_msgs__rosidl_generator_c.so /opt/ros/jazzy/lib/libservice_msgs__rosidl_typesupport_c.so /opt/ros/jazzy/lib/libservice_msgs__rosidl_generator_c.so /home/vdt_2026/VDT_project/install/vdt_msgs/lib/libvdt_msgs__rosidl_typesupport_fastrtps_c.so /home/vdt_2026/VDT_project/install/vdt_msgs/lib/libvdt_msgs__rosidl_typesupport_fastrtps_cpp.so /home/vdt_2026/VDT_project/install/vdt_msgs/lib/libvdt_msgs__rosidl_typesupport_introspection_c.so /home/vdt_2026/VDT_project/install/vdt_msgs/lib/libvdt_msgs__rosidl_typesupport_introspection_cpp.so /home/vdt_2026/VDT_project/install/vdt_msgs/lib/libvdt_msgs__rosidl_typesupport_cpp.so /home/vdt_2026/VDT_project/install/vdt_msgs/lib/libvdt_msgs__rosidl_generator_py.so /opt/ros/jazzy/lib/libstd_msgs__rosidl_typesupport_fastrtps_c.so /opt/ros/jazzy/lib/libstd_msgs__rosidl_typesupport_fastrtps_cpp.so /opt/ros/jazzy/lib/libstd_msgs__rosidl_typesupport_introspection_c.so /opt/ros/jazzy/lib/libstd_msgs__rosidl_typesupport_introspection_cpp.so /opt/ros/jazzy/lib/libstd_msgs__rosidl_typesupport_cpp.so /opt/ros/jazzy/lib/libstd_msgs__rosidl_generator_py.so /home/vdt_2026/VDT_project/install/vdt_msgs/lib/libvdt_msgs__rosidl_typesupport_c.so /opt/ros/jazzy/lib/libstd_msgs__rosidl_typesupport_c.so /home/vdt_2026/VDT_project/install/vdt_msgs/lib/libvdt_msgs__rosidl_generator_c.so /opt/ros/jazzy/lib/libstd_msgs__rosidl_generator_c.so /opt/ros/jazzy/lib/libbuiltin_interfaces__rosidl_typesupport_fastrtps_c.so /opt/ros/jazzy/lib/librosidl_typesupport_fastrtps_c.so /opt/ros/jazzy/lib/libbuiltin_interfaces__rosidl_typesupport_introspection_c.so /opt/ros/jazzy/lib/libbuiltin_interfaces__rosidl_typesupport_fastrtps_cpp.so /opt/ros/jazzy/lib/librosidl_typesupport_fastrtps_cpp.so /opt/ros/jazzy/lib/librmw.so /opt/ros/jazzy/lib/librosidl_dynamic_typesupport.so /opt/ros/jazzy/lib/libfastcdr.so.2.2.8 /opt/ros/jazzy/lib/libbuiltin_interfaces__rosidl_typesupport_introspection_cpp.so /opt/ros/jazzy/lib/librosidl_typesupport_introspection_cpp.so /opt/ros/jazzy/lib/librosidl_typesupport_introspection_c.so /opt/ros/jazzy/lib/libbuiltin_interfaces__rosidl_typesupport_cpp.so /opt/ros/jazzy/lib/librosidl_typesupport_cpp.so /opt/ros/jazzy/lib/libbuiltin_interfaces__rosidl_generator_py.so /opt/ros/jazzy/lib/libbuiltin_interfaces__rosidl_typesupport_c.so /opt/ros/jazzy/lib/libbuiltin_interfaces__rosidl_generator_c.so /opt/ros/jazzy/lib/librosidl_typesupport_c.so /opt/ros/jazzy/lib/librcpputils.so /opt/ros/jazzy/lib/librosidl_runtime_c.so /opt/ros/jazzy/lib/librcutils.so -ldl -latomic -Wl,-rpath-link,/opt/ros/jazzy/lib 
[2.033s] /usr/bin/cmake -E cmake_link_script CMakeFiles/fsm_actions.dir/link.txt --verbose=1
[2.046s] /usr/bin/ar qc libfsm_actions.a CMakeFiles/fsm_actions.dir/src/fsm_actions.cpp.o
[2.091s] /usr/bin/ranlib libfsm_actions.a
[2.108s] gmake[2]: Leaving directory '/home/vdt_2026/VDT_project/build/fsm_state_machine'
[2.122s] [ 50%] Built target fsm_actions
[2.123s] /usr/bin/gmake  -f CMakeFiles/fsm_node_lib.dir/build.make CMakeFiles/fsm_node_lib.dir/depend
[2.124s] /usr/bin/gmake  -f CMakeFiles/fsm_actions_test.dir/build.make CMakeFiles/fsm_actions_test.dir/depend
[2.125s] gmake[2]: Entering directory '/home/vdt_2026/VDT_project/build/fsm_state_machine'
[2.126s] cd /home/vdt_2026/VDT_project/build/fsm_state_machine && /usr/bin/cmake -E cmake_depends "Unix Makefiles" /home/vdt_2026/VDT_project/ros2_ws/src/fsm_state_machine /home/vdt_2026/VDT_project/ros2_ws/src/fsm_state_machine /home/vdt_2026/VDT_project/build/fsm_state_machine /home/vdt_2026/VDT_project/build/fsm_state_machine /home/vdt_2026/VDT_project/build/fsm_state_machine/CMakeFiles/fsm_node_lib.dir/DependInfo.cmake "--color="
[2.126s] gmake[2]: Entering directory '/home/vdt_2026/VDT_project/build/fsm_state_machine'
[2.126s] cd /home/vdt_2026/VDT_project/build/fsm_state_machine && /usr/bin/cmake -E cmake_depends "Unix Makefiles" /home/vdt_2026/VDT_project/ros2_ws/src/fsm_state_machine /home/vdt_2026/VDT_project/ros2_ws/src/fsm_state_machine /home/vdt_2026/VDT_project/build/fsm_state_machine /home/vdt_2026/VDT_project/build/fsm_state_machine /home/vdt_2026/VDT_project/build/fsm_state_machine/CMakeFiles/fsm_actions_test.dir/DependInfo.cmake "--color="
[2.144s] Dependencies file "CMakeFiles/fsm_node_lib.dir/src/fsm_node.cpp.o.d" is newer than depends file "/home/vdt_2026/VDT_project/build/fsm_state_machine/CMakeFiles/fsm_node_lib.dir/compiler_depend.internal".
[2.145s] Dependencies file "CMakeFiles/fsm_actions_test.dir/test/ros2/fsm_actions_test.cpp.o.d" is newer than depends file "/home/vdt_2026/VDT_project/build/fsm_state_machine/CMakeFiles/fsm_actions_test.dir/compiler_depend.internal".
[2.158s] Consolidate compiler generated dependencies of target fsm_node_lib
[2.160s] Consolidate compiler generated dependencies of target fsm_actions_test
[2.160s] gmake[2]: Leaving directory '/home/vdt_2026/VDT_project/build/fsm_state_machine'
[2.161s] /usr/bin/gmake  -f CMakeFiles/fsm_node_lib.dir/build.make CMakeFiles/fsm_node_lib.dir/build
[2.162s] gmake[2]: Leaving directory '/home/vdt_2026/VDT_project/build/fsm_state_machine'
[2.162s] /usr/bin/gmake  -f CMakeFiles/fsm_actions_test.dir/build.make CMakeFiles/fsm_actions_test.dir/build
[2.169s] gmake[2]: Entering directory '/home/vdt_2026/VDT_project/build/fsm_state_machine'
[2.171s] gmake[2]: Entering directory '/home/vdt_2026/VDT_project/build/fsm_state_machine'
[2.188s] [ 61%] Linking CXX executable fsm_actions_test
[2.188s] [ 61%] Linking CXX static library libfsm_node_lib.a
[2.190s] /usr/bin/cmake -E cmake_link_script CMakeFiles/fsm_actions_test.dir/link.txt --verbose=1
[2.190s] /usr/bin/cmake -P CMakeFiles/fsm_node_lib.dir/cmake_clean_target.cmake
[2.206s] /usr/bin/c++ -O3 -DNDEBUG CMakeFiles/fsm_actions_test.dir/test/ros2/fsm_actions_test.cpp.o -o fsm_actions_test  -Wl,-rpath,/opt/ros/jazzy/lib:/home/vdt_2026/VDT_project/install/vdt_msgs/lib gtest/libgtest.a libfsm_actions.a gtest/libgtest.a -pthread libfsm_logic.a /opt/ros/jazzy/lib/librclcpp.so /opt/ros/jazzy/lib/liblibstatistics_collector.so /opt/ros/jazzy/lib/librcl.so /opt/ros/jazzy/lib/librmw_implementation.so /opt/ros/jazzy/lib/libtype_description_interfaces__rosidl_typesupport_fastrtps_c.so /opt/ros/jazzy/lib/libtype_description_interfaces__rosidl_typesupport_introspection_c.so /opt/ros/jazzy/lib/libtype_description_interfaces__rosidl_typesupport_fastrtps_cpp.so /opt/ros/jazzy/lib/libtype_description_interfaces__rosidl_typesupport_introspection_cpp.so /opt/ros/jazzy/lib/libtype_description_interfaces__rosidl_typesupport_cpp.so /opt/ros/jazzy/lib/libtype_description_interfaces__rosidl_generator_py.so /opt/ros/jazzy/lib/libtype_description_interfaces__rosidl_typesupport_c.so /opt/ros/jazzy/lib/libtype_description_interfaces__rosidl_generator_c.so /opt/ros/jazzy/lib/librcl_yaml_param_parser.so /opt/ros/jazzy/lib/librosgraph_msgs__rosidl_typesupport_fastrtps_c.so /opt/ros/jazzy/lib/librosgraph_msgs__rosidl_typesupport_fastrtps_cpp.so /opt/ros/jazzy/lib/librosgraph_msgs__rosidl_typesupport_introspection_c.so /opt/ros/jazzy/lib/librosgraph_msgs__rosidl_typesupport_introspection_cpp.so /opt/ros/jazzy/lib/librosgraph_msgs__rosidl_typesupport_cpp.so /opt/ros/jazzy/lib/librosgraph_msgs__rosidl_generator_py.so /opt/ros/jazzy/lib/librcl_interfaces__rosidl_typesupport_fastrtps_c.so /opt/ros/jazzy/lib/librcl_interfaces__rosidl_typesupport_introspection_c.so /opt/ros/jazzy/lib/librcl_interfaces__rosidl_typesupport_fastrtps_cpp.so /opt/ros/jazzy/lib/librcl_interfaces__rosidl_typesupport_introspection_cpp.so /opt/ros/jazzy/lib/librcl_interfaces__rosidl_typesupport_cpp.so /opt/ros/jazzy/lib/librcl_interfaces__rosidl_generator_py.so /opt/ros/jazzy/lib/librosgraph_msgs__rosidl_typesupport_c.so /opt/ros/jazzy/lib/librcl_interfaces__rosidl_typesupport_c.so /opt/ros/jazzy/lib/librosgraph_msgs__rosidl_generator_c.so /opt/ros/jazzy/lib/librcl_interfaces__rosidl_generator_c.so /opt/ros/jazzy/lib/libstatistics_msgs__rosidl_typesupport_fastrtps_c.so /opt/ros/jazzy/lib/libstatistics_msgs__rosidl_typesupport_fastrtps_cpp.so /opt/ros/jazzy/lib/libstatistics_msgs__rosidl_typesupport_introspection_c.so /opt/ros/jazzy/lib/libstatistics_msgs__rosidl_typesupport_introspection_cpp.so /opt/ros/jazzy/lib/libstatistics_msgs__rosidl_typesupport_cpp.so /opt/ros/jazzy/lib/libstatistics_msgs__rosidl_generator_py.so /opt/ros/jazzy/lib/libstatistics_msgs__rosidl_typesupport_c.so /opt/ros/jazzy/lib/libstatistics_msgs__rosidl_generator_c.so /opt/ros/jazzy/lib/libtracetools.so -llttng-ust -llttng-ust-common -rdynamic -ldl /opt/ros/jazzy/lib/librcl_logging_interface.so /opt/ros/jazzy/lib/libnav_msgs__rosidl_typesupport_fastrtps_c.so /opt/ros/jazzy/lib/libnav_msgs__rosidl_typesupport_fastrtps_cpp.so /opt/ros/jazzy/lib/libnav_msgs__rosidl_typesupport_introspection_c.so /opt/ros/jazzy/lib/libnav_msgs__rosidl_typesupport_introspection_cpp.so /opt/ros/jazzy/lib/libnav_msgs__rosidl_typesupport_cpp.so /opt/ros/jazzy/lib/libnav_msgs__rosidl_generator_py.so /opt/ros/jazzy/lib/libnav_msgs__rosidl_typesupport_c.so /opt/ros/jazzy/lib/libnav_msgs__rosidl_generator_c.so /opt/ros/jazzy/lib/libgeometry_msgs__rosidl_typesupport_fastrtps_c.so /opt/ros/jazzy/lib/libservice_msgs__rosidl_typesupport_fastrtps_c.so /opt/ros/jazzy/lib/libgeometry_msgs__rosidl_typesupport_fastrtps_cpp.so /opt/ros/jazzy/lib/libservice_msgs__rosidl_typesupport_fastrtps_cpp.so /opt/ros/jazzy/lib/libgeometry_msgs__rosidl_typesupport_introspection_c.so /opt/ros/jazzy/lib/libservice_msgs__rosidl_typesupport_introspection_c.so /opt/ros/jazzy/lib/libgeometry_msgs__rosidl_typesupport_introspection_cpp.so /opt/ros/jazzy/lib/libservice_msgs__rosidl_typesupport_introspection_cpp.so /opt/ros/jazzy/lib/libgeometry_msgs__rosidl_typesupport_cpp.so /opt/ros/jazzy/lib/libservice_msgs__rosidl_typesupport_cpp.so /opt/ros/jazzy/lib/libgeometry_msgs__rosidl_typesupport_c.so /opt/ros/jazzy/lib/libgeometry_msgs__rosidl_generator_c.so /opt/ros/jazzy/lib/libservice_msgs__rosidl_typesupport_c.so /opt/ros/jazzy/lib/libservice_msgs__rosidl_generator_c.so /home/vdt_2026/VDT_project/install/vdt_msgs/lib/libvdt_msgs__rosidl_typesupport_fastrtps_c.so /home/vdt_2026/VDT_project/install/vdt_msgs/lib/libvdt_msgs__rosidl_typesupport_fastrtps_cpp.so /home/vdt_2026/VDT_project/install/vdt_msgs/lib/libvdt_msgs__rosidl_typesupport_introspection_c.so /home/vdt_2026/VDT_project/install/vdt_msgs/lib/libvdt_msgs__rosidl_typesupport_introspection_cpp.so /home/vdt_2026/VDT_project/install/vdt_msgs/lib/libvdt_msgs__rosidl_typesupport_cpp.so /home/vdt_2026/VDT_project/install/vdt_msgs/lib/libvdt_msgs__rosidl_generator_py.so /opt/ros/jazzy/lib/libstd_msgs__rosidl_typesupport_fastrtps_c.so /opt/ros/jazzy/lib/libstd_msgs__rosidl_typesupport_fastrtps_cpp.so /opt/ros/jazzy/lib/libstd_msgs__rosidl_typesupport_introspection_c.so /opt/ros/jazzy/lib/libstd_msgs__rosidl_typesupport_introspection_cpp.so /opt/ros/jazzy/lib/libstd_msgs__rosidl_typesupport_cpp.so /opt/ros/jazzy/lib/libstd_msgs__rosidl_generator_py.so /home/vdt_2026/VDT_project/install/vdt_msgs/lib/libvdt_msgs__rosidl_typesupport_c.so /opt/ros/jazzy/lib/libstd_msgs__rosidl_typesupport_c.so /home/vdt_2026/VDT_project/install/vdt_msgs/lib/libvdt_msgs__rosidl_generator_c.so /opt/ros/jazzy/lib/libstd_msgs__rosidl_generator_c.so /opt/ros/jazzy/lib/libbuiltin_interfaces__rosidl_typesupport_fastrtps_c.so /opt/ros/jazzy/lib/librosidl_typesupport_fastrtps_c.so /opt/ros/jazzy/lib/libbuiltin_interfaces__rosidl_typesupport_introspection_c.so /opt/ros/jazzy/lib/libbuiltin_interfaces__rosidl_typesupport_fastrtps_cpp.so /opt/ros/jazzy/lib/librosidl_typesupport_fastrtps_cpp.so /opt/ros/jazzy/lib/librmw.so /opt/ros/jazzy/lib/librosidl_dynamic_typesupport.so /opt/ros/jazzy/lib/libfastcdr.so.2.2.8 /opt/ros/jazzy/lib/libbuiltin_interfaces__rosidl_typesupport_introspection_cpp.so /opt/ros/jazzy/lib/librosidl_typesupport_introspection_cpp.so /opt/ros/jazzy/lib/librosidl_typesupport_introspection_c.so /opt/ros/jazzy/lib/libbuiltin_interfaces__rosidl_typesupport_cpp.so /opt/ros/jazzy/lib/librosidl_typesupport_cpp.so /opt/ros/jazzy/lib/libbuiltin_interfaces__rosidl_generator_py.so /opt/ros/jazzy/lib/libbuiltin_interfaces__rosidl_typesupport_c.so /opt/ros/jazzy/lib/libbuiltin_interfaces__rosidl_generator_c.so /opt/ros/jazzy/lib/librosidl_typesupport_c.so /opt/ros/jazzy/lib/librcpputils.so /opt/ros/jazzy/lib/librosidl_runtime_c.so /opt/ros/jazzy/lib/librcutils.so -ldl -latomic -Wl,-rpath-link,/opt/ros/jazzy/lib 
[2.211s] /usr/bin/cmake -E cmake_link_script CMakeFiles/fsm_node_lib.dir/link.txt --verbose=1
[2.225s] /usr/bin/ar qc libfsm_node_lib.a CMakeFiles/fsm_node_lib.dir/src/fsm_node.cpp.o
[2.403s] /usr/bin/ranlib libfsm_node_lib.a
[2.508s] gmake[2]: Leaving directory '/home/vdt_2026/VDT_project/build/fsm_state_machine'
[2.534s] [ 66%] Built target fsm_node_lib
[2.536s] /usr/bin/gmake  -f CMakeFiles/fsm_node.dir/build.make CMakeFiles/fsm_node.dir/depend
[2.537s] /usr/bin/gmake  -f CMakeFiles/fsm_node_test.dir/build.make CMakeFiles/fsm_node_test.dir/depend
[2.539s] gmake[2]: Entering directory '/home/vdt_2026/VDT_project/build/fsm_state_machine'
[2.539s] gmake[2]: Entering directory '/home/vdt_2026/VDT_project/build/fsm_state_machine'
[2.540s] cd /home/vdt_2026/VDT_project/build/fsm_state_machine && /usr/bin/cmake -E cmake_depends "Unix Makefiles" /home/vdt_2026/VDT_project/ros2_ws/src/fsm_state_machine /home/vdt_2026/VDT_project/ros2_ws/src/fsm_state_machine /home/vdt_2026/VDT_project/build/fsm_state_machine /home/vdt_2026/VDT_project/build/fsm_state_machine /home/vdt_2026/VDT_project/build/fsm_state_machine/CMakeFiles/fsm_node_test.dir/DependInfo.cmake "--color="
[2.540s] cd /home/vdt_2026/VDT_project/build/fsm_state_machine && /usr/bin/cmake -E cmake_depends "Unix Makefiles" /home/vdt_2026/VDT_project/ros2_ws/src/fsm_state_machine /home/vdt_2026/VDT_project/ros2_ws/src/fsm_state_machine /home/vdt_2026/VDT_project/build/fsm_state_machine /home/vdt_2026/VDT_project/build/fsm_state_machine /home/vdt_2026/VDT_project/build/fsm_state_machine/CMakeFiles/fsm_node.dir/DependInfo.cmake "--color="
[2.578s] Dependencies file "CMakeFiles/fsm_node.dir/src/main.cpp.o.d" is newer than depends file "/home/vdt_2026/VDT_project/build/fsm_state_machine/CMakeFiles/fsm_node.dir/compiler_depend.internal".
[2.578s] Dependencies file "CMakeFiles/fsm_node_test.dir/test/ros2/fsm_node_test.cpp.o.d" is newer than depends file "/home/vdt_2026/VDT_project/build/fsm_state_machine/CMakeFiles/fsm_node_test.dir/compiler_depend.internal".
[2.594s] Consolidate compiler generated dependencies of target fsm_node_test
[2.594s] Consolidate compiler generated dependencies of target fsm_node
[2.596s] gmake[2]: Leaving directory '/home/vdt_2026/VDT_project/build/fsm_state_machine'
[2.596s] gmake[2]: Leaving directory '/home/vdt_2026/VDT_project/build/fsm_state_machine'
[2.596s] /usr/bin/gmake  -f CMakeFiles/fsm_node_test.dir/build.make CMakeFiles/fsm_node_test.dir/build
[2.597s] /usr/bin/gmake  -f CMakeFiles/fsm_node.dir/build.make CMakeFiles/fsm_node.dir/build
[2.610s] gmake[2]: Entering directory '/home/vdt_2026/VDT_project/build/fsm_state_machine'
[2.612s] gmake[2]: Entering directory '/home/vdt_2026/VDT_project/build/fsm_state_machine'
[2.653s] [ 77%] Linking CXX executable fsm_node_test
[2.655s] [ 77%] Linking CXX executable fsm_node
[2.664s] /usr/bin/cmake -E cmake_link_script CMakeFiles/fsm_node_test.dir/link.txt --verbose=1
[2.669s] /usr/bin/cmake -E cmake_link_script CMakeFiles/fsm_node.dir/link.txt --verbose=1
[2.714s] /usr/bin/c++ -O3 -DNDEBUG CMakeFiles/fsm_node_test.dir/test/ros2/fsm_node_test.cpp.o -o fsm_node_test  -Wl,-rpath,/opt/ros/jazzy/lib:/home/vdt_2026/VDT_project/install/vdt_msgs/lib gtest/libgtest.a libfsm_node_lib.a gtest/libgtest.a -pthread libfsm_actions.a libfsm_logic.a /opt/ros/jazzy/lib/librclcpp.so /opt/ros/jazzy/lib/liblibstatistics_collector.so /opt/ros/jazzy/lib/librcl.so /opt/ros/jazzy/lib/librmw_implementation.so /opt/ros/jazzy/lib/libtype_description_interfaces__rosidl_typesupport_fastrtps_c.so /opt/ros/jazzy/lib/libtype_description_interfaces__rosidl_typesupport_introspection_c.so /opt/ros/jazzy/lib/libtype_description_interfaces__rosidl_typesupport_fastrtps_cpp.so /opt/ros/jazzy/lib/libtype_description_interfaces__rosidl_typesupport_introspection_cpp.so /opt/ros/jazzy/lib/libtype_description_interfaces__rosidl_typesupport_cpp.so /opt/ros/jazzy/lib/libtype_description_interfaces__rosidl_generator_py.so /opt/ros/jazzy/lib/libtype_description_interfaces__rosidl_typesupport_c.so /opt/ros/jazzy/lib/libtype_description_interfaces__rosidl_generator_c.so /opt/ros/jazzy/lib/librcl_yaml_param_parser.so /opt/ros/jazzy/lib/librosgraph_msgs__rosidl_typesupport_fastrtps_c.so /opt/ros/jazzy/lib/librosgraph_msgs__rosidl_typesupport_fastrtps_cpp.so /opt/ros/jazzy/lib/librosgraph_msgs__rosidl_typesupport_introspection_c.so /opt/ros/jazzy/lib/librosgraph_msgs__rosidl_typesupport_introspection_cpp.so /opt/ros/jazzy/lib/librosgraph_msgs__rosidl_typesupport_cpp.so /opt/ros/jazzy/lib/librosgraph_msgs__rosidl_generator_py.so /opt/ros/jazzy/lib/librcl_interfaces__rosidl_typesupport_fastrtps_c.so /opt/ros/jazzy/lib/librcl_interfaces__rosidl_typesupport_introspection_c.so /opt/ros/jazzy/lib/librcl_interfaces__rosidl_typesupport_fastrtps_cpp.so /opt/ros/jazzy/lib/librcl_interfaces__rosidl_typesupport_introspection_cpp.so /opt/ros/jazzy/lib/librcl_interfaces__rosidl_typesupport_cpp.so /opt/ros/jazzy/lib/librcl_interfaces__rosidl_generator_py.so /opt/ros/jazzy/lib/librosgraph_msgs__rosidl_typesupport_c.so /opt/ros/jazzy/lib/librcl_interfaces__rosidl_typesupport_c.so /opt/ros/jazzy/lib/librosgraph_msgs__rosidl_generator_c.so /opt/ros/jazzy/lib/librcl_interfaces__rosidl_generator_c.so /opt/ros/jazzy/lib/libstatistics_msgs__rosidl_typesupport_fastrtps_c.so /opt/ros/jazzy/lib/libstatistics_msgs__rosidl_typesupport_fastrtps_cpp.so /opt/ros/jazzy/lib/libstatistics_msgs__rosidl_typesupport_introspection_c.so /opt/ros/jazzy/lib/libstatistics_msgs__rosidl_typesupport_introspection_cpp.so /opt/ros/jazzy/lib/libstatistics_msgs__rosidl_typesupport_cpp.so /opt/ros/jazzy/lib/libstatistics_msgs__rosidl_generator_py.so /opt/ros/jazzy/lib/libstatistics_msgs__rosidl_typesupport_c.so /opt/ros/jazzy/lib/libstatistics_msgs__rosidl_generator_c.so /opt/ros/jazzy/lib/libtracetools.so -llttng-ust -llttng-ust-common -rdynamic -ldl /opt/ros/jazzy/lib/librcl_logging_interface.so /opt/ros/jazzy/lib/libnav_msgs__rosidl_typesupport_fastrtps_c.so /opt/ros/jazzy/lib/libnav_msgs__rosidl_typesupport_fastrtps_cpp.so /opt/ros/jazzy/lib/libnav_msgs__rosidl_typesupport_introspection_c.so /opt/ros/jazzy/lib/libnav_msgs__rosidl_typesupport_introspection_cpp.so /opt/ros/jazzy/lib/libnav_msgs__rosidl_typesupport_cpp.so /opt/ros/jazzy/lib/libnav_msgs__rosidl_generator_py.so /opt/ros/jazzy/lib/libnav_msgs__rosidl_typesupport_c.so /opt/ros/jazzy/lib/libnav_msgs__rosidl_generator_c.so /opt/ros/jazzy/lib/libgeometry_msgs__rosidl_typesupport_fastrtps_c.so /opt/ros/jazzy/lib/libservice_msgs__rosidl_typesupport_fastrtps_c.so /opt/ros/jazzy/lib/libgeometry_msgs__rosidl_typesupport_fastrtps_cpp.so /opt/ros/jazzy/lib/libservice_msgs__rosidl_typesupport_fastrtps_cpp.so /opt/ros/jazzy/lib/libgeometry_msgs__rosidl_typesupport_introspection_c.so /opt/ros/jazzy/lib/libservice_msgs__rosidl_typesupport_introspection_c.so /opt/ros/jazzy/lib/libgeometry_msgs__rosidl_typesupport_introspection_cpp.so /opt/ros/jazzy/lib/libservice_msgs__rosidl_typesupport_introspection_cpp.so /opt/ros/jazzy/lib/libgeometry_msgs__rosidl_typesupport_cpp.so /opt/ros/jazzy/lib/libservice_msgs__rosidl_typesupport_cpp.so /opt/ros/jazzy/lib/libgeometry_msgs__rosidl_typesupport_c.so /opt/ros/jazzy/lib/libgeometry_msgs__rosidl_generator_c.so /opt/ros/jazzy/lib/libservice_msgs__rosidl_typesupport_c.so /opt/ros/jazzy/lib/libservice_msgs__rosidl_generator_c.so /home/vdt_2026/VDT_project/install/vdt_msgs/lib/libvdt_msgs__rosidl_typesupport_fastrtps_c.so /home/vdt_2026/VDT_project/install/vdt_msgs/lib/libvdt_msgs__rosidl_typesupport_fastrtps_cpp.so /home/vdt_2026/VDT_project/install/vdt_msgs/lib/libvdt_msgs__rosidl_typesupport_introspection_c.so /home/vdt_2026/VDT_project/install/vdt_msgs/lib/libvdt_msgs__rosidl_typesupport_introspection_cpp.so /home/vdt_2026/VDT_project/install/vdt_msgs/lib/libvdt_msgs__rosidl_typesupport_cpp.so /home/vdt_2026/VDT_project/install/vdt_msgs/lib/libvdt_msgs__rosidl_generator_py.so /opt/ros/jazzy/lib/libstd_msgs__rosidl_typesupport_fastrtps_c.so /opt/ros/jazzy/lib/libstd_msgs__rosidl_typesupport_fastrtps_cpp.so /opt/ros/jazzy/lib/libstd_msgs__rosidl_typesupport_introspection_c.so /opt/ros/jazzy/lib/libstd_msgs__rosidl_typesupport_introspection_cpp.so /opt/ros/jazzy/lib/libstd_msgs__rosidl_typesupport_cpp.so /opt/ros/jazzy/lib/libstd_msgs__rosidl_generator_py.so /home/vdt_2026/VDT_project/install/vdt_msgs/lib/libvdt_msgs__rosidl_typesupport_c.so /opt/ros/jazzy/lib/libstd_msgs__rosidl_typesupport_c.so /home/vdt_2026/VDT_project/install/vdt_msgs/lib/libvdt_msgs__rosidl_generator_c.so /opt/ros/jazzy/lib/libstd_msgs__rosidl_generator_c.so /opt/ros/jazzy/lib/libbuiltin_interfaces__rosidl_typesupport_fastrtps_c.so /opt/ros/jazzy/lib/librosidl_typesupport_fastrtps_c.so /opt/ros/jazzy/lib/libbuiltin_interfaces__rosidl_typesupport_introspection_c.so /opt/ros/jazzy/lib/libbuiltin_interfaces__rosidl_typesupport_fastrtps_cpp.so /opt/ros/jazzy/lib/librosidl_typesupport_fastrtps_cpp.so /opt/ros/jazzy/lib/librmw.so /opt/ros/jazzy/lib/librosidl_dynamic_typesupport.so /opt/ros/jazzy/lib/libfastcdr.so.2.2.8 /opt/ros/jazzy/lib/libbuiltin_interfaces__rosidl_typesupport_introspection_cpp.so /opt/ros/jazzy/lib/librosidl_typesupport_introspection_cpp.so /opt/ros/jazzy/lib/librosidl_typesupport_introspection_c.so /opt/ros/jazzy/lib/libbuiltin_interfaces__rosidl_typesupport_cpp.so /opt/ros/jazzy/lib/librosidl_typesupport_cpp.so /opt/ros/jazzy/lib/libbuiltin_interfaces__rosidl_generator_py.so /opt/ros/jazzy/lib/libbuiltin_interfaces__rosidl_typesupport_c.so /opt/ros/jazzy/lib/libbuiltin_interfaces__rosidl_generator_c.so /opt/ros/jazzy/lib/librosidl_typesupport_c.so /opt/ros/jazzy/lib/librcpputils.so /opt/ros/jazzy/lib/librosidl_runtime_c.so /opt/ros/jazzy/lib/librcutils.so -ldl -latomic -Wl,-rpath-link,/opt/ros/jazzy/lib 
[2.716s] /usr/bin/c++ -O3 -DNDEBUG CMakeFiles/fsm_node.dir/src/main.cpp.o -o fsm_node  -Wl,-rpath,/opt/ros/jazzy/lib:/home/vdt_2026/VDT_project/install/vdt_msgs/lib: libfsm_node_lib.a libfsm_actions.a libfsm_logic.a /opt/ros/jazzy/lib/librclcpp.so /opt/ros/jazzy/lib/liblibstatistics_collector.so /opt/ros/jazzy/lib/librcl.so /opt/ros/jazzy/lib/librmw_implementation.so /opt/ros/jazzy/lib/libtype_description_interfaces__rosidl_typesupport_fastrtps_c.so /opt/ros/jazzy/lib/libtype_description_interfaces__rosidl_typesupport_introspection_c.so /opt/ros/jazzy/lib/libtype_description_interfaces__rosidl_typesupport_fastrtps_cpp.so /opt/ros/jazzy/lib/libtype_description_interfaces__rosidl_typesupport_introspection_cpp.so /opt/ros/jazzy/lib/libtype_description_interfaces__rosidl_typesupport_cpp.so /opt/ros/jazzy/lib/libtype_description_interfaces__rosidl_generator_py.so /opt/ros/jazzy/lib/libtype_description_interfaces__rosidl_typesupport_c.so /opt/ros/jazzy/lib/libtype_description_interfaces__rosidl_generator_c.so /opt/ros/jazzy/lib/librcl_yaml_param_parser.so /opt/ros/jazzy/lib/librosgraph_msgs__rosidl_typesupport_fastrtps_c.so /opt/ros/jazzy/lib/librosgraph_msgs__rosidl_typesupport_fastrtps_cpp.so /opt/ros/jazzy/lib/librosgraph_msgs__rosidl_typesupport_introspection_c.so /opt/ros/jazzy/lib/librosgraph_msgs__rosidl_typesupport_introspection_cpp.so /opt/ros/jazzy/lib/librosgraph_msgs__rosidl_typesupport_cpp.so /opt/ros/jazzy/lib/librosgraph_msgs__rosidl_generator_py.so /opt/ros/jazzy/lib/librcl_interfaces__rosidl_typesupport_fastrtps_c.so /opt/ros/jazzy/lib/librcl_interfaces__rosidl_typesupport_introspection_c.so /opt/ros/jazzy/lib/librcl_interfaces__rosidl_typesupport_fastrtps_cpp.so /opt/ros/jazzy/lib/librcl_interfaces__rosidl_typesupport_introspection_cpp.so /opt/ros/jazzy/lib/librcl_interfaces__rosidl_typesupport_cpp.so /opt/ros/jazzy/lib/librcl_interfaces__rosidl_generator_py.so /opt/ros/jazzy/lib/librosgraph_msgs__rosidl_typesupport_c.so /opt/ros/jazzy/lib/librcl_interfaces__rosidl_typesupport_c.so /opt/ros/jazzy/lib/librosgraph_msgs__rosidl_generator_c.so /opt/ros/jazzy/lib/librcl_interfaces__rosidl_generator_c.so /opt/ros/jazzy/lib/libstatistics_msgs__rosidl_typesupport_fastrtps_c.so /opt/ros/jazzy/lib/libstatistics_msgs__rosidl_typesupport_fastrtps_cpp.so /opt/ros/jazzy/lib/libstatistics_msgs__rosidl_typesupport_introspection_c.so /opt/ros/jazzy/lib/libstatistics_msgs__rosidl_typesupport_introspection_cpp.so /opt/ros/jazzy/lib/libstatistics_msgs__rosidl_typesupport_cpp.so /opt/ros/jazzy/lib/libstatistics_msgs__rosidl_generator_py.so /opt/ros/jazzy/lib/libstatistics_msgs__rosidl_typesupport_c.so /opt/ros/jazzy/lib/libstatistics_msgs__rosidl_generator_c.so /opt/ros/jazzy/lib/libtracetools.so -llttng-ust -llttng-ust-common -rdynamic -ldl /opt/ros/jazzy/lib/librcl_logging_interface.so /opt/ros/jazzy/lib/libnav_msgs__rosidl_typesupport_fastrtps_c.so /opt/ros/jazzy/lib/libnav_msgs__rosidl_typesupport_fastrtps_cpp.so /opt/ros/jazzy/lib/libnav_msgs__rosidl_typesupport_introspection_c.so /opt/ros/jazzy/lib/libnav_msgs__rosidl_typesupport_introspection_cpp.so /opt/ros/jazzy/lib/libnav_msgs__rosidl_typesupport_cpp.so /opt/ros/jazzy/lib/libnav_msgs__rosidl_generator_py.so /opt/ros/jazzy/lib/libnav_msgs__rosidl_typesupport_c.so /opt/ros/jazzy/lib/libnav_msgs__rosidl_generator_c.so /opt/ros/jazzy/lib/libgeometry_msgs__rosidl_typesupport_fastrtps_c.so /opt/ros/jazzy/lib/libservice_msgs__rosidl_typesupport_fastrtps_c.so /opt/ros/jazzy/lib/libgeometry_msgs__rosidl_typesupport_fastrtps_cpp.so /opt/ros/jazzy/lib/libservice_msgs__rosidl_typesupport_fastrtps_cpp.so /opt/ros/jazzy/lib/libgeometry_msgs__rosidl_typesupport_introspection_c.so /opt/ros/jazzy/lib/libservice_msgs__rosidl_typesupport_introspection_c.so /opt/ros/jazzy/lib/libgeometry_msgs__rosidl_typesupport_introspection_cpp.so /opt/ros/jazzy/lib/libservice_msgs__rosidl_typesupport_introspection_cpp.so /opt/ros/jazzy/lib/libgeometry_msgs__rosidl_typesupport_cpp.so /opt/ros/jazzy/lib/libservice_msgs__rosidl_typesupport_cpp.so /opt/ros/jazzy/lib/libgeometry_msgs__rosidl_typesupport_c.so /opt/ros/jazzy/lib/libgeometry_msgs__rosidl_generator_c.so /opt/ros/jazzy/lib/libservice_msgs__rosidl_typesupport_c.so /opt/ros/jazzy/lib/libservice_msgs__rosidl_generator_c.so /home/vdt_2026/VDT_project/install/vdt_msgs/lib/libvdt_msgs__rosidl_typesupport_fastrtps_c.so /home/vdt_2026/VDT_project/install/vdt_msgs/lib/libvdt_msgs__rosidl_typesupport_fastrtps_cpp.so /home/vdt_2026/VDT_project/install/vdt_msgs/lib/libvdt_msgs__rosidl_typesupport_introspection_c.so /home/vdt_2026/VDT_project/install/vdt_msgs/lib/libvdt_msgs__rosidl_typesupport_introspection_cpp.so /home/vdt_2026/VDT_project/install/vdt_msgs/lib/libvdt_msgs__rosidl_typesupport_cpp.so /home/vdt_2026/VDT_project/install/vdt_msgs/lib/libvdt_msgs__rosidl_generator_py.so /opt/ros/jazzy/lib/libstd_msgs__rosidl_typesupport_fastrtps_c.so /opt/ros/jazzy/lib/libstd_msgs__rosidl_typesupport_fastrtps_cpp.so /opt/ros/jazzy/lib/libstd_msgs__rosidl_typesupport_introspection_c.so /opt/ros/jazzy/lib/libstd_msgs__rosidl_typesupport_introspection_cpp.so /opt/ros/jazzy/lib/libstd_msgs__rosidl_typesupport_cpp.so /opt/ros/jazzy/lib/libstd_msgs__rosidl_generator_py.so /home/vdt_2026/VDT_project/install/vdt_msgs/lib/libvdt_msgs__rosidl_typesupport_c.so /opt/ros/jazzy/lib/libstd_msgs__rosidl_typesupport_c.so /home/vdt_2026/VDT_project/install/vdt_msgs/lib/libvdt_msgs__rosidl_generator_c.so /opt/ros/jazzy/lib/libstd_msgs__rosidl_generator_c.so /opt/ros/jazzy/lib/libbuiltin_interfaces__rosidl_typesupport_fastrtps_c.so /opt/ros/jazzy/lib/librosidl_typesupport_fastrtps_c.so /opt/ros/jazzy/lib/libbuiltin_interfaces__rosidl_typesupport_introspection_c.so /opt/ros/jazzy/lib/libbuiltin_interfaces__rosidl_typesupport_fastrtps_cpp.so /opt/ros/jazzy/lib/librosidl_typesupport_fastrtps_cpp.so /opt/ros/jazzy/lib/librmw.so /opt/ros/jazzy/lib/librosidl_dynamic_typesupport.so /opt/ros/jazzy/lib/libfastcdr.so.2.2.8 /opt/ros/jazzy/lib/libbuiltin_interfaces__rosidl_typesupport_introspection_cpp.so /opt/ros/jazzy/lib/librosidl_typesupport_introspection_cpp.so /opt/ros/jazzy/lib/librosidl_typesupport_introspection_c.so /opt/ros/jazzy/lib/libbuiltin_interfaces__rosidl_typesupport_cpp.so /opt/ros/jazzy/lib/librosidl_typesupport_cpp.so /opt/ros/jazzy/lib/libbuiltin_interfaces__rosidl_generator_py.so /opt/ros/jazzy/lib/libbuiltin_interfaces__rosidl_typesupport_c.so /opt/ros/jazzy/lib/libbuiltin_interfaces__rosidl_generator_c.so /opt/ros/jazzy/lib/librosidl_typesupport_c.so /opt/ros/jazzy/lib/librcpputils.so /opt/ros/jazzy/lib/librosidl_runtime_c.so /opt/ros/jazzy/lib/librcutils.so -ldl -latomic -Wl,-rpath-link,/opt/ros/jazzy/lib 
[3.812s] gmake[2]: Leaving directory '/home/vdt_2026/VDT_project/build/fsm_state_machine'
[3.909s] [ 83%] Built target fsm_logic_test
[4.257s] gmake[2]: Leaving directory '/home/vdt_2026/VDT_project/build/fsm_state_machine'
[4.296s] [ 88%] Built target fsm_actions_test
[4.403s] gmake[2]: Leaving directory '/home/vdt_2026/VDT_project/build/fsm_state_machine'
[4.422s] [ 94%] Built target fsm_node
[4.580s] gmake[2]: Leaving directory '/home/vdt_2026/VDT_project/build/fsm_state_machine'
[4.595s] [100%] Built target fsm_node_test
[4.596s] gmake[1]: Leaving directory '/home/vdt_2026/VDT_project/build/fsm_state_machine'
[4.597s] /usr/bin/cmake -E cmake_progress_start /home/vdt_2026/VDT_project/build/fsm_state_machine/CMakeFiles 0
[4.614s] 
[4.617s] Invoked command in '/home/vdt_2026/VDT_project/build/fsm_state_machine' returned '0': AMENT_PREFIX_PATH=/home/vdt_2026/VDT_project/install/vdt_msgs:${AMENT_PREFIX_PATH} CMAKE_PREFIX_PATH=/home/vdt_2026/VDT_project/install/vdt_msgs:/home/vdt_2026/ros2_ws/install/px4_msgs:/opt/ros/jazzy LD_LIBRARY_PATH=/home/vdt_2026/VDT_project/install/vdt_msgs/lib:${LD_LIBRARY_PATH} PYTHONPATH=/home/vdt_2026/VDT_project/install/vdt_msgs/lib/python3.12/site-packages:${PYTHONPATH} /usr/bin/cmake --build /home/vdt_2026/VDT_project/build/fsm_state_machine -- -j4 -l4
[4.619s] Invoking command in '/home/vdt_2026/VDT_project/build/fsm_state_machine': AMENT_PREFIX_PATH=/home/vdt_2026/VDT_project/install/vdt_msgs:${AMENT_PREFIX_PATH} CMAKE_PREFIX_PATH=/home/vdt_2026/VDT_project/install/vdt_msgs:/home/vdt_2026/ros2_ws/install/px4_msgs:/opt/ros/jazzy LD_LIBRARY_PATH=/home/vdt_2026/VDT_project/install/vdt_msgs/lib:${LD_LIBRARY_PATH} PYTHONPATH=/home/vdt_2026/VDT_project/install/vdt_msgs/lib/python3.12/site-packages:${PYTHONPATH} /usr/bin/cmake --install /home/vdt_2026/VDT_project/build/fsm_state_machine
[4.635s] -- Install configuration: "Release"
[4.635s] -- Installing: /home/vdt_2026/VDT_project/install/fsm_state_machine/lib/fsm_state_machine/fsm_node
[4.639s] -- Set non-toolchain portion of runtime path of "/home/vdt_2026/VDT_project/install/fsm_state_machine/lib/fsm_state_machine/fsm_node" to ""
[4.639s] -- Installing: /home/vdt_2026/VDT_project/install/fsm_state_machine/share/ament_index/resource_index/package_run_dependencies/fsm_state_machine
[4.640s] -- Installing: /home/vdt_2026/VDT_project/install/fsm_state_machine/share/ament_index/resource_index/parent_prefix_path/fsm_state_machine
[4.640s] -- Installing: /home/vdt_2026/VDT_project/install/fsm_state_machine/share/fsm_state_machine/environment/ament_prefix_path.sh
[4.640s] -- Installing: /home/vdt_2026/VDT_project/install/fsm_state_machine/share/fsm_state_machine/environment/ament_prefix_path.dsv
[4.641s] -- Installing: /home/vdt_2026/VDT_project/install/fsm_state_machine/share/fsm_state_machine/environment/path.sh
[4.641s] -- Installing: /home/vdt_2026/VDT_project/install/fsm_state_machine/share/fsm_state_machine/environment/path.dsv
[4.641s] -- Installing: /home/vdt_2026/VDT_project/install/fsm_state_machine/share/fsm_state_machine/local_setup.bash
[4.642s] -- Installing: /home/vdt_2026/VDT_project/install/fsm_state_machine/share/fsm_state_machine/local_setup.sh
[4.642s] -- Installing: /home/vdt_2026/VDT_project/install/fsm_state_machine/share/fsm_state_machine/local_setup.zsh
[4.642s] -- Installing: /home/vdt_2026/VDT_project/install/fsm_state_machine/share/fsm_state_machine/local_setup.dsv
[4.642s] -- Installing: /home/vdt_2026/VDT_project/install/fsm_state_machine/share/fsm_state_machine/package.dsv
[4.642s] -- Installing: /home/vdt_2026/VDT_project/install/fsm_state_machine/share/ament_index/resource_index/packages/fsm_state_machine
[4.642s] -- Installing: /home/vdt_2026/VDT_project/install/fsm_state_machine/share/fsm_state_machine/cmake/fsm_state_machineConfig.cmake
[4.642s] -- Installing: /home/vdt_2026/VDT_project/install/fsm_state_machine/share/fsm_state_machine/cmake/fsm_state_machineConfig-version.cmake
[4.642s] -- Installing: /home/vdt_2026/VDT_project/install/fsm_state_machine/share/fsm_state_machine/package.xml
[4.645s] Invoked command in '/home/vdt_2026/VDT_project/build/fsm_state_machine' returned '0': AMENT_PREFIX_PATH=/home/vdt_2026/VDT_project/install/vdt_msgs:${AMENT_PREFIX_PATH} CMAKE_PREFIX_PATH=/home/vdt_2026/VDT_project/install/vdt_msgs:/home/vdt_2026/ros2_ws/install/px4_msgs:/opt/ros/jazzy LD_LIBRARY_PATH=/home/vdt_2026/VDT_project/install/vdt_msgs/lib:${LD_LIBRARY_PATH} PYTHONPATH=/home/vdt_2026/VDT_project/install/vdt_msgs/lib/python3.12/site-packages:${PYTHONPATH} /usr/bin/cmake --install /home/vdt_2026/VDT_project/build/fsm_state_machine
