[1.078s] Invoking command in '/home/vdt_2026/VDT_project/ros2_ws/src/ekf_adapter': PYTHONPATH=/home/vdt_2026/VDT_project/build/ekf_adapter/prefix_override:/usr/lib/python3/dist-packages/colcon_core/task/python/colcon_distutils_commands:/home/vdt_2026/VDT_project/install/ekf_adapter/lib/python3.12/site-packages:${PYTHONPATH} /usr/bin/python3 -W ignore:setup.py install is deprecated -W ignore:easy_install command is deprecated setup.py egg_info --egg-base ../../../build/ekf_adapter build --build-base /home/vdt_2026/VDT_project/build/ekf_adapter/build install --record /home/vdt_2026/VDT_project/build/ekf_adapter/install.log --install-scripts $base/lib/ekf_adapter --single-version-externally-managed install_data
[1.383s] running egg_info
[1.403s] writing ../../../build/ekf_adapter/ekf_adapter.egg-info/PKG-INFO
[1.404s] writing dependency_links to ../../../build/ekf_adapter/ekf_adapter.egg-info/dependency_links.txt
[1.405s] writing entry points to ../../../build/ekf_adapter/ekf_adapter.egg-info/entry_points.txt
[1.406s] writing requirements to ../../../build/ekf_adapter/ekf_adapter.egg-info/requires.txt
[1.407s] writing top-level names to ../../../build/ekf_adapter/ekf_adapter.egg-info/top_level.txt
[1.449s] reading manifest file '../../../build/ekf_adapter/ekf_adapter.egg-info/SOURCES.txt'
[1.451s] writing manifest file '../../../build/ekf_adapter/ekf_adapter.egg-info/SOURCES.txt'
[1.451s] running build
[1.451s] running build_py
[1.454s] running install
[1.464s] running install_lib
[1.486s] running install_data
[1.488s] running install_egg_info
[1.511s] removing '/home/vdt_2026/VDT_project/install/ekf_adapter/lib/python3.12/site-packages/ekf_adapter-0.1.0-py3.12.egg-info' (and everything under it)
[1.511s] Copying ../../../build/ekf_adapter/ekf_adapter.egg-info to /home/vdt_2026/VDT_project/install/ekf_adapter/lib/python3.12/site-packages/ekf_adapter-0.1.0-py3.12.egg-info
[1.513s] running install_scripts
[1.658s] Installing ekf_node script to /home/vdt_2026/VDT_project/install/ekf_adapter/lib/ekf_adapter
[1.659s] Installing odom_tf_node script to /home/vdt_2026/VDT_project/install/ekf_adapter/lib/ekf_adapter
[1.663s] writing list of installed files to '/home/vdt_2026/VDT_project/build/ekf_adapter/install.log'
[1.750s] Invoked command in '/home/vdt_2026/VDT_project/ros2_ws/src/ekf_adapter' returned '0': PYTHONPATH=/home/vdt_2026/VDT_project/build/ekf_adapter/prefix_override:/usr/lib/python3/dist-packages/colcon_core/task/python/colcon_distutils_commands:/home/vdt_2026/VDT_project/install/ekf_adapter/lib/python3.12/site-packages:${PYTHONPATH} /usr/bin/python3 -W ignore:setup.py install is deprecated -W ignore:easy_install command is deprecated setup.py egg_info --egg-base ../../../build/ekf_adapter build --build-base /home/vdt_2026/VDT_project/build/ekf_adapter/build install --record /home/vdt_2026/VDT_project/build/ekf_adapter/install.log --install-scripts $base/lib/ekf_adapter --single-version-externally-managed install_data
