-- The C compiler identification is GNU 13.3.0
-- The CXX compiler identification is GNU 13.3.0
-- Detecting C compiler ABI info
-- Detecting C compiler ABI info - done
-- Check for working C compiler: /usr/bin/cc - skipped
-- Detecting C compile features
-- Detecting C compile features - done
-- Detecting CXX compiler ABI info
-- Detecting CXX compiler ABI info - done
-- Check for working CXX compiler: /usr/bin/c++ - skipped
-- Detecting CXX compile features
-- Detecting CXX compile features - done
-- Found ament_cmake: 2.5.6 (/opt/ros/jazzy/share/ament_cmake/cmake)
-- Found Python3: /usr/bin/python3 (found version "3.12.3") found components: Interpreter 
-- Found rclcpp: 28.1.22 (/opt/ros/jazzy/share/rclcpp/cmake)
-- Found rosidl_generator_c: 4.6.9 (/opt/ros/jazzy/share/rosidl_generator_c/cmake)
-- Found rosidl_generator_cpp: 4.6.9 (/opt/ros/jazzy/share/rosidl_generator_cpp/cmake)
-- Using all available rosidl_typesupport_c: rosidl_typesupport_fastrtps_c;rosidl_typesupport_introspection_c
-- Using all available rosidl_typesupport_cpp: rosidl_typesupport_fastrtps_cpp;rosidl_typesupport_introspection_cpp
-- Found rmw_implementation_cmake: 7.3.3 (/opt/ros/jazzy/share/rmw_implementation_cmake/cmake)
-- Found rmw_fastrtps_cpp: 8.4.4 (/opt/ros/jazzy/share/rmw_fastrtps_cpp/cmake)
-- Found OpenSSL: /usr/lib/aarch64-linux-gnu/libcrypto.so (found version "3.0.13")  
-- Found FastRTPS: /opt/ros/jazzy/include (Required is at least version "2.13") 
-- Using RMW implementation 'rmw_fastrtps_cpp' as default
-- Found std_msgs: 5.3.8 (/opt/ros/jazzy/share/std_msgs/cmake)
-- Found nav_msgs: 5.3.8 (/opt/ros/jazzy/share/nav_msgs/cmake)
-- Found vdt_msgs: 0.1.0 (/home/vdt_2026/VDT_project/install/vdt_msgs/share/vdt_msgs/cmake)
-- Configuring done (1.7s)
-- Generating done (0.0s)
-- Build files have been written to: /home/vdt_2026/VDT_project/build/gimbal_control
Change Dir: '/home/vdt_2026/VDT_project/build/gimbal_control'

Run Build Command(s): /usr/bin/cmake -E env VERBOSE=1 /usr/bin/gmake -f Makefile -j4 -l4
/usr/bin/cmake -S/home/vdt_2026/VDT_project/ros2_ws/src/gimbal_control -B/home/vdt_2026/VDT_project/build/gimbal_control --check-build-system CMakeFiles/Makefile.cmake 0
/usr/bin/cmake -E cmake_progress_start /home/vdt_2026/VDT_project/build/gimbal_control/CMakeFiles /home/vdt_2026/VDT_project/build/gimbal_control//CMakeFiles/progress.marks
/usr/bin/gmake  -f CMakeFiles/Makefile2 all
gmake[1]: Entering directory '/home/vdt_2026/VDT_project/build/gimbal_control'
/usr/bin/gmake  -f CMakeFiles/gimbal_node.dir/build.make CMakeFiles/gimbal_node.dir/depend
/usr/bin/gmake  -f CMakeFiles/gimbal_logic_test.dir/build.make CMakeFiles/gimbal_logic_test.dir/depend
gmake[2]: Entering directory '/home/vdt_2026/VDT_project/build/gimbal_control'
cd /home/vdt_2026/VDT_project/build/gimbal_control && /usr/bin/cmake -E cmake_depends "Unix Makefiles" /home/vdt_2026/VDT_project/ros2_ws/src/gimbal_control /home/vdt_2026/VDT_project/ros2_ws/src/gimbal_control /home/vdt_2026/VDT_project/build/gimbal_control /home/vdt_2026/VDT_project/build/gimbal_control /home/vdt_2026/VDT_project/build/gimbal_control/CMakeFiles/gimbal_logic_test.dir/DependInfo.cmake "--color="
gmake[2]: Entering directory '/home/vdt_2026/VDT_project/build/gimbal_control'
cd /home/vdt_2026/VDT_project/build/gimbal_control && /usr/bin/cmake -E cmake_depends "Unix Makefiles" /home/vdt_2026/VDT_project/ros2_ws/src/gimbal_control /home/vdt_2026/VDT_project/ros2_ws/src/gimbal_control /home/vdt_2026/VDT_project/build/gimbal_control /home/vdt_2026/VDT_project/build/gimbal_control /home/vdt_2026/VDT_project/build/gimbal_control/CMakeFiles/gimbal_node.dir/DependInfo.cmake "--color="
gmake[2]: Leaving directory '/home/vdt_2026/VDT_project/build/gimbal_control'
gmake[2]: Leaving directory '/home/vdt_2026/VDT_project/build/gimbal_control'
/usr/bin/gmake  -f CMakeFiles/gimbal_node.dir/build.make CMakeFiles/gimbal_node.dir/build
/usr/bin/gmake  -f CMakeFiles/gimbal_logic_test.dir/build.make CMakeFiles/gimbal_logic_test.dir/build
gmake[2]: Entering directory '/home/vdt_2026/VDT_project/build/gimbal_control'
gmake[2]: Entering directory '/home/vdt_2026/VDT_project/build/gimbal_control'
[ 57%] Building CXX object CMakeFiles/gimbal_node.dir/src/main.cpp.o
[ 57%] Building CXX object CMakeFiles/gimbal_logic_test.dir/test/gimbal_logic_test.cpp.o
[ 57%] Building CXX object CMakeFiles/gimbal_node.dir/src/gimbal_node.cpp.o
[ 57%] Building CXX object CMakeFiles/gimbal_logic_test.dir/src/gimbal_logic.cpp.o
/usr/bin/c++ -DFASTCDR_DYN_LINK -I/home/vdt_2026/VDT_project/ros2_ws/src/gimbal_control/include -isystem /home/vdt_2026/VDT_project/install/vdt_msgs/include/vdt_msgs -isystem /opt/ros/jazzy/include/std_msgs -isystem /opt/ros/jazzy/include/builtin_interfaces -isystem /opt/ros/jazzy/include/rosidl_runtime_c -isystem /opt/ros/jazzy/include/rcutils -isystem /opt/ros/jazzy/include/rosidl_typesupport_interface -isystem /opt/ros/jazzy/include/fastcdr -isystem /opt/ros/jazzy/include/rosidl_runtime_cpp -isystem /opt/ros/jazzy/include/rosidl_typesupport_fastrtps_cpp -isystem /opt/ros/jazzy/include/rmw -isystem /opt/ros/jazzy/include/rosidl_dynamic_typesupport -isystem /opt/ros/jazzy/include/rosidl_typesupport_fastrtps_c -isystem /opt/ros/jazzy/include/rosidl_typesupport_introspection_c -isystem /opt/ros/jazzy/include/rosidl_typesupport_introspection_cpp -O3 -DNDEBUG -std=gnu++17 -MD -MT CMakeFiles/gimbal_logic_test.dir/test/gimbal_logic_test.cpp.o -MF CMakeFiles/gimbal_logic_test.dir/test/gimbal_logic_test.cpp.o.d -o CMakeFiles/gimbal_logic_test.dir/test/gimbal_logic_test.cpp.o -c /home/vdt_2026/VDT_project/ros2_ws/src/gimbal_control/test/gimbal_logic_test.cpp
/usr/bin/c++ -DDEFAULT_RMW_IMPLEMENTATION=rmw_fastrtps_cpp -DFASTCDR_DYN_LINK -I/home/vdt_2026/VDT_project/ros2_ws/src/gimbal_control/include -isystem /home/vdt_2026/VDT_project/install/vdt_msgs/include/vdt_msgs -isystem /opt/ros/jazzy/include/rclcpp -isystem /opt/ros/jazzy/include/std_msgs -isystem /opt/ros/jazzy/include/nav_msgs -isystem /opt/ros/jazzy/include/builtin_interfaces -isystem /opt/ros/jazzy/include/rosidl_runtime_c -isystem /opt/ros/jazzy/include/rcutils -isystem /opt/ros/jazzy/include/rosidl_typesupport_interface -isystem /opt/ros/jazzy/include/fastcdr -isystem /opt/ros/jazzy/include/rosidl_runtime_cpp -isystem /opt/ros/jazzy/include/rosidl_typesupport_fastrtps_cpp -isystem /opt/ros/jazzy/include/rmw -isystem /opt/ros/jazzy/include/rosidl_dynamic_typesupport -isystem /opt/ros/jazzy/include/rosidl_typesupport_fastrtps_c -isystem /opt/ros/jazzy/include/rosidl_typesupport_introspection_c -isystem /opt/ros/jazzy/include/rosidl_typesupport_introspection_cpp -isystem /opt/ros/jazzy/include/libstatistics_collector -isystem /opt/ros/jazzy/include/rcl -isystem /opt/ros/jazzy/include/rcl_interfaces -isystem /opt/ros/jazzy/include/service_msgs -isystem /opt/ros/jazzy/include/rcl_logging_interface -isystem /opt/ros/jazzy/include/rcl_yaml_param_parser -isystem /opt/ros/jazzy/include/type_description_interfaces -isystem /opt/ros/jazzy/include/rcpputils -isystem /opt/ros/jazzy/include/statistics_msgs -isystem /opt/ros/jazzy/include/rosgraph_msgs -isystem /opt/ros/jazzy/include/rosidl_typesupport_cpp -isystem /opt/ros/jazzy/include/rosidl_typesupport_c -isystem /opt/ros/jazzy/include/tracetools -isystem /opt/ros/jazzy/include/geometry_msgs -O3 -DNDEBUG -std=gnu++17 -MD -MT CMakeFiles/gimbal_node.dir/src/gimbal_node.cpp.o -MF CMakeFiles/gimbal_node.dir/src/gimbal_node.cpp.o.d -o CMakeFiles/gimbal_node.dir/src/gimbal_node.cpp.o -c /home/vdt_2026/VDT_project/ros2_ws/src/gimbal_control/src/gimbal_node.cpp
/usr/bin/c++ -DFASTCDR_DYN_LINK -I/home/vdt_2026/VDT_project/ros2_ws/src/gimbal_control/include -isystem /home/vdt_2026/VDT_project/install/vdt_msgs/include/vdt_msgs -isystem /opt/ros/jazzy/include/std_msgs -isystem /opt/ros/jazzy/include/builtin_interfaces -isystem /opt/ros/jazzy/include/rosidl_runtime_c -isystem /opt/ros/jazzy/include/rcutils -isystem /opt/ros/jazzy/include/rosidl_typesupport_interface -isystem /opt/ros/jazzy/include/fastcdr -isystem /opt/ros/jazzy/include/rosidl_runtime_cpp -isystem /opt/ros/jazzy/include/rosidl_typesupport_fastrtps_cpp -isystem /opt/ros/jazzy/include/rmw -isystem /opt/ros/jazzy/include/rosidl_dynamic_typesupport -isystem /opt/ros/jazzy/include/rosidl_typesupport_fastrtps_c -isystem /opt/ros/jazzy/include/rosidl_typesupport_introspection_c -isystem /opt/ros/jazzy/include/rosidl_typesupport_introspection_cpp -O3 -DNDEBUG -std=gnu++17 -MD -MT CMakeFiles/gimbal_logic_test.dir/src/gimbal_logic.cpp.o -MF CMakeFiles/gimbal_logic_test.dir/src/gimbal_logic.cpp.o.d -o CMakeFiles/gimbal_logic_test.dir/src/gimbal_logic.cpp.o -c /home/vdt_2026/VDT_project/ros2_ws/src/gimbal_control/src/gimbal_logic.cpp
/usr/bin/c++ -DDEFAULT_RMW_IMPLEMENTATION=rmw_fastrtps_cpp -DFASTCDR_DYN_LINK -I/home/vdt_2026/VDT_project/ros2_ws/src/gimbal_control/include -isystem /home/vdt_2026/VDT_project/install/vdt_msgs/include/vdt_msgs -isystem /opt/ros/jazzy/include/rclcpp -isystem /opt/ros/jazzy/include/std_msgs -isystem /opt/ros/jazzy/include/nav_msgs -isystem /opt/ros/jazzy/include/builtin_interfaces -isystem /opt/ros/jazzy/include/rosidl_runtime_c -isystem /opt/ros/jazzy/include/rcutils -isystem /opt/ros/jazzy/include/rosidl_typesupport_interface -isystem /opt/ros/jazzy/include/fastcdr -isystem /opt/ros/jazzy/include/rosidl_runtime_cpp -isystem /opt/ros/jazzy/include/rosidl_typesupport_fastrtps_cpp -isystem /opt/ros/jazzy/include/rmw -isystem /opt/ros/jazzy/include/rosidl_dynamic_typesupport -isystem /opt/ros/jazzy/include/rosidl_typesupport_fastrtps_c -isystem /opt/ros/jazzy/include/rosidl_typesupport_introspection_c -isystem /opt/ros/jazzy/include/rosidl_typesupport_introspection_cpp -isystem /opt/ros/jazzy/include/libstatistics_collector -isystem /opt/ros/jazzy/include/rcl -isystem /opt/ros/jazzy/include/rcl_interfaces -isystem /opt/ros/jazzy/include/service_msgs -isystem /opt/ros/jazzy/include/rcl_logging_interface -isystem /opt/ros/jazzy/include/rcl_yaml_param_parser -isystem /opt/ros/jazzy/include/type_description_interfaces -isystem /opt/ros/jazzy/include/rcpputils -isystem /opt/ros/jazzy/include/statistics_msgs -isystem /opt/ros/jazzy/include/rosgraph_msgs -isystem /opt/ros/jazzy/include/rosidl_typesupport_cpp -isystem /opt/ros/jazzy/include/rosidl_typesupport_c -isystem /opt/ros/jazzy/include/tracetools -isystem /opt/ros/jazzy/include/geometry_msgs -O3 -DNDEBUG -std=gnu++17 -MD -MT CMakeFiles/gimbal_node.dir/src/main.cpp.o -MF CMakeFiles/gimbal_node.dir/src/main.cpp.o.d -o CMakeFiles/gimbal_node.dir/src/main.cpp.o -c /home/vdt_2026/VDT_project/ros2_ws/src/gimbal_control/src/main.cpp
[ 71%] Building CXX object CMakeFiles/gimbal_node.dir/src/gimbal_logic.cpp.o
/usr/bin/c++ -DDEFAULT_RMW_IMPLEMENTATION=rmw_fastrtps_cpp -DFASTCDR_DYN_LINK -I/home/vdt_2026/VDT_project/ros2_ws/src/gimbal_control/include -isystem /home/vdt_2026/VDT_project/install/vdt_msgs/include/vdt_msgs -isystem /opt/ros/jazzy/include/rclcpp -isystem /opt/ros/jazzy/include/std_msgs -isystem /opt/ros/jazzy/include/nav_msgs -isystem /opt/ros/jazzy/include/builtin_interfaces -isystem /opt/ros/jazzy/include/rosidl_runtime_c -isystem /opt/ros/jazzy/include/rcutils -isystem /opt/ros/jazzy/include/rosidl_typesupport_interface -isystem /opt/ros/jazzy/include/fastcdr -isystem /opt/ros/jazzy/include/rosidl_runtime_cpp -isystem /opt/ros/jazzy/include/rosidl_typesupport_fastrtps_cpp -isystem /opt/ros/jazzy/include/rmw -isystem /opt/ros/jazzy/include/rosidl_dynamic_typesupport -isystem /opt/ros/jazzy/include/rosidl_typesupport_fastrtps_c -isystem /opt/ros/jazzy/include/rosidl_typesupport_introspection_c -isystem /opt/ros/jazzy/include/rosidl_typesupport_introspection_cpp -isystem /opt/ros/jazzy/include/libstatistics_collector -isystem /opt/ros/jazzy/include/rcl -isystem /opt/ros/jazzy/include/rcl_interfaces -isystem /opt/ros/jazzy/include/service_msgs -isystem /opt/ros/jazzy/include/rcl_logging_interface -isystem /opt/ros/jazzy/include/rcl_yaml_param_parser -isystem /opt/ros/jazzy/include/type_description_interfaces -isystem /opt/ros/jazzy/include/rcpputils -isystem /opt/ros/jazzy/include/statistics_msgs -isystem /opt/ros/jazzy/include/rosgraph_msgs -isystem /opt/ros/jazzy/include/rosidl_typesupport_cpp -isystem /opt/ros/jazzy/include/rosidl_typesupport_c -isystem /opt/ros/jazzy/include/tracetools -isystem /opt/ros/jazzy/include/geometry_msgs -O3 -DNDEBUG -std=gnu++17 -MD -MT CMakeFiles/gimbal_node.dir/src/gimbal_logic.cpp.o -MF CMakeFiles/gimbal_node.dir/src/gimbal_logic.cpp.o.d -o CMakeFiles/gimbal_node.dir/src/gimbal_logic.cpp.o -c /home/vdt_2026/VDT_project/ros2_ws/src/gimbal_control/src/gimbal_logic.cpp
[ 85%] Linking CXX executable gimbal_logic_test
/usr/bin/cmake -E cmake_link_script CMakeFiles/gimbal_logic_test.dir/link.txt --verbose=1
/usr/bin/c++ -O3 -DNDEBUG CMakeFiles/gimbal_logic_test.dir/test/gimbal_logic_test.cpp.o CMakeFiles/gimbal_logic_test.dir/src/gimbal_logic.cpp.o -o gimbal_logic_test  -Wl,-rpath,/home/vdt_2026/VDT_project/install/vdt_msgs/lib:/opt/ros/jazzy/lib /home/vdt_2026/VDT_project/install/vdt_msgs/lib/libvdt_msgs__rosidl_typesupport_fastrtps_c.so /home/vdt_2026/VDT_project/install/vdt_msgs/lib/libvdt_msgs__rosidl_typesupport_fastrtps_cpp.so /home/vdt_2026/VDT_project/install/vdt_msgs/lib/libvdt_msgs__rosidl_typesupport_introspection_c.so /home/vdt_2026/VDT_project/install/vdt_msgs/lib/libvdt_msgs__rosidl_typesupport_introspection_cpp.so /home/vdt_2026/VDT_project/install/vdt_msgs/lib/libvdt_msgs__rosidl_typesupport_cpp.so /home/vdt_2026/VDT_project/install/vdt_msgs/lib/libvdt_msgs__rosidl_generator_py.so /home/vdt_2026/VDT_project/install/vdt_msgs/lib/libvdt_msgs__rosidl_typesupport_c.so /home/vdt_2026/VDT_project/install/vdt_msgs/lib/libvdt_msgs__rosidl_generator_c.so /opt/ros/jazzy/lib/libstd_msgs__rosidl_typesupport_fastrtps_c.so /opt/ros/jazzy/lib/libstd_msgs__rosidl_typesupport_fastrtps_cpp.so /opt/ros/jazzy/lib/libstd_msgs__rosidl_typesupport_introspection_c.so /opt/ros/jazzy/lib/libstd_msgs__rosidl_typesupport_introspection_cpp.so /opt/ros/jazzy/lib/libstd_msgs__rosidl_typesupport_cpp.so /opt/ros/jazzy/lib/libbuiltin_interfaces__rosidl_typesupport_fastrtps_c.so /opt/ros/jazzy/lib/librosidl_typesupport_fastrtps_c.so /opt/ros/jazzy/lib/libbuiltin_interfaces__rosidl_typesupport_fastrtps_cpp.so /opt/ros/jazzy/lib/librosidl_typesupport_fastrtps_cpp.so /opt/ros/jazzy/lib/libfastcdr.so.2.2.8 /opt/ros/jazzy/lib/librmw.so /opt/ros/jazzy/lib/librosidl_dynamic_typesupport.so /opt/ros/jazzy/lib/libbuiltin_interfaces__rosidl_typesupport_introspection_c.so /opt/ros/jazzy/lib/libstd_msgs__rosidl_typesupport_c.so /opt/ros/jazzy/lib/libstd_msgs__rosidl_generator_c.so /opt/ros/jazzy/lib/libbuiltin_interfaces__rosidl_typesupport_introspection_cpp.so /opt/ros/jazzy/lib/librosidl_typesupport_introspection_cpp.so /opt/ros/jazzy/lib/librosidl_typesupport_introspection_c.so /opt/ros/jazzy/lib/libbuiltin_interfaces__rosidl_typesupport_cpp.so /opt/ros/jazzy/lib/libbuiltin_interfaces__rosidl_typesupport_c.so /opt/ros/jazzy/lib/libbuiltin_interfaces__rosidl_generator_c.so /opt/ros/jazzy/lib/librosidl_runtime_c.so /opt/ros/jazzy/lib/librcutils.so -ldl -latomic -Wl,-rpath-link,/opt/ros/jazzy/lib 
gmake[2]: Leaving directory '/home/vdt_2026/VDT_project/build/gimbal_control'
[ 85%] Built target gimbal_logic_test
[100%] Linking CXX executable gimbal_node
/usr/bin/cmake -E cmake_link_script CMakeFiles/gimbal_node.dir/link.txt --verbose=1
/usr/bin/c++ -O3 -DNDEBUG CMakeFiles/gimbal_node.dir/src/main.cpp.o CMakeFiles/gimbal_node.dir/src/gimbal_node.cpp.o CMakeFiles/gimbal_node.dir/src/gimbal_logic.cpp.o -o gimbal_node  -Wl,-rpath,/opt/ros/jazzy/lib:/home/vdt_2026/VDT_project/install/vdt_msgs/lib: /opt/ros/jazzy/lib/librclcpp.so /opt/ros/jazzy/lib/libnav_msgs__rosidl_typesupport_fastrtps_c.so /opt/ros/jazzy/lib/libnav_msgs__rosidl_typesupport_fastrtps_cpp.so /opt/ros/jazzy/lib/libnav_msgs__rosidl_typesupport_introspection_c.so /opt/ros/jazzy/lib/libnav_msgs__rosidl_typesupport_introspection_cpp.so /opt/ros/jazzy/lib/libnav_msgs__rosidl_typesupport_cpp.so /opt/ros/jazzy/lib/libnav_msgs__rosidl_generator_py.so /home/vdt_2026/VDT_project/install/vdt_msgs/lib/libvdt_msgs__rosidl_typesupport_fastrtps_c.so /home/vdt_2026/VDT_project/install/vdt_msgs/lib/libvdt_msgs__rosidl_typesupport_fastrtps_cpp.so /home/vdt_2026/VDT_project/install/vdt_msgs/lib/libvdt_msgs__rosidl_typesupport_introspection_c.so /home/vdt_2026/VDT_project/install/vdt_msgs/lib/libvdt_msgs__rosidl_typesupport_introspection_cpp.so /home/vdt_2026/VDT_project/install/vdt_msgs/lib/libvdt_msgs__rosidl_typesupport_cpp.so /home/vdt_2026/VDT_project/install/vdt_msgs/lib/libvdt_msgs__rosidl_generator_py.so /opt/ros/jazzy/lib/liblibstatistics_collector.so /opt/ros/jazzy/lib/librcl.so /opt/ros/jazzy/lib/librmw_implementation.so /opt/ros/jazzy/lib/libtype_description_interfaces__rosidl_typesupport_fastrtps_c.so /opt/ros/jazzy/lib/libtype_description_interfaces__rosidl_typesupport_introspection_c.so /opt/ros/jazzy/lib/libtype_description_interfaces__rosidl_typesupport_fastrtps_cpp.so /opt/ros/jazzy/lib/libtype_description_interfaces__rosidl_typesupport_introspection_cpp.so /opt/ros/jazzy/lib/libtype_description_interfaces__rosidl_typesupport_cpp.so /opt/ros/jazzy/lib/libtype_description_interfaces__rosidl_generator_py.so /opt/ros/jazzy/lib/libtype_description_interfaces__rosidl_typesupport_c.so /opt/ros/jazzy/lib/libtype_description_interfaces__rosidl_generator_c.so /opt/ros/jazzy/lib/librcl_yaml_param_parser.so /opt/ros/jazzy/lib/librosgraph_msgs__rosidl_typesupport_fastrtps_c.so /opt/ros/jazzy/lib/librosgraph_msgs__rosidl_typesupport_fastrtps_cpp.so /opt/ros/jazzy/lib/librosgraph_msgs__rosidl_typesupport_introspection_c.so /opt/ros/jazzy/lib/librosgraph_msgs__rosidl_typesupport_introspection_cpp.so /opt/ros/jazzy/lib/librosgraph_msgs__rosidl_typesupport_cpp.so /opt/ros/jazzy/lib/librosgraph_msgs__rosidl_generator_py.so /opt/ros/jazzy/lib/librcl_interfaces__rosidl_typesupport_fastrtps_c.so /opt/ros/jazzy/lib/librcl_interfaces__rosidl_typesupport_introspection_c.so /opt/ros/jazzy/lib/librcl_interfaces__rosidl_typesupport_fastrtps_cpp.so /opt/ros/jazzy/lib/librcl_interfaces__rosidl_typesupport_introspection_cpp.so /opt/ros/jazzy/lib/librcl_interfaces__rosidl_typesupport_cpp.so /opt/ros/jazzy/lib/librcl_interfaces__rosidl_generator_py.so /opt/ros/jazzy/lib/librosgraph_msgs__rosidl_typesupport_c.so /opt/ros/jazzy/lib/librcl_interfaces__rosidl_typesupport_c.so /opt/ros/jazzy/lib/librosgraph_msgs__rosidl_generator_c.so /opt/ros/jazzy/lib/librcl_interfaces__rosidl_generator_c.so /opt/ros/jazzy/lib/libstatistics_msgs__rosidl_typesupport_fastrtps_c.so /opt/ros/jazzy/lib/libstatistics_msgs__rosidl_typesupport_fastrtps_cpp.so /opt/ros/jazzy/lib/libstatistics_msgs__rosidl_typesupport_introspection_c.so /opt/ros/jazzy/lib/libstatistics_msgs__rosidl_typesupport_introspection_cpp.so /opt/ros/jazzy/lib/libstatistics_msgs__rosidl_typesupport_cpp.so /opt/ros/jazzy/lib/libstatistics_msgs__rosidl_generator_py.so /opt/ros/jazzy/lib/libstatistics_msgs__rosidl_typesupport_c.so /opt/ros/jazzy/lib/libstatistics_msgs__rosidl_generator_c.so /opt/ros/jazzy/lib/libtracetools.so -llttng-ust -llttng-ust-common -rdynamic -ldl /opt/ros/jazzy/lib/librcl_logging_interface.so /opt/ros/jazzy/lib/libnav_msgs__rosidl_typesupport_c.so /opt/ros/jazzy/lib/libnav_msgs__rosidl_generator_c.so /opt/ros/jazzy/lib/libgeometry_msgs__rosidl_typesupport_fastrtps_c.so /opt/ros/jazzy/lib/libservice_msgs__rosidl_typesupport_fastrtps_c.so /opt/ros/jazzy/lib/libgeometry_msgs__rosidl_typesupport_fastrtps_cpp.so /opt/ros/jazzy/lib/libservice_msgs__rosidl_typesupport_fastrtps_cpp.so /opt/ros/jazzy/lib/libgeometry_msgs__rosidl_typesupport_introspection_c.so /opt/ros/jazzy/lib/libservice_msgs__rosidl_typesupport_introspection_c.so /opt/ros/jazzy/lib/libgeometry_msgs__rosidl_typesupport_introspection_cpp.so /opt/ros/jazzy/lib/libservice_msgs__rosidl_typesupport_introspection_cpp.so /opt/ros/jazzy/lib/libgeometry_msgs__rosidl_typesupport_cpp.so /opt/ros/jazzy/lib/libservice_msgs__rosidl_typesupport_cpp.so /opt/ros/jazzy/lib/libgeometry_msgs__rosidl_typesupport_c.so /opt/ros/jazzy/lib/libgeometry_msgs__rosidl_generator_c.so /opt/ros/jazzy/lib/libservice_msgs__rosidl_typesupport_c.so /opt/ros/jazzy/lib/libservice_msgs__rosidl_generator_c.so /opt/ros/jazzy/lib/libstd_msgs__rosidl_typesupport_fastrtps_c.so /opt/ros/jazzy/lib/libstd_msgs__rosidl_typesupport_fastrtps_cpp.so /opt/ros/jazzy/lib/libstd_msgs__rosidl_typesupport_introspection_c.so /opt/ros/jazzy/lib/libstd_msgs__rosidl_typesupport_introspection_cpp.so /opt/ros/jazzy/lib/libstd_msgs__rosidl_typesupport_cpp.so /opt/ros/jazzy/lib/libstd_msgs__rosidl_generator_py.so /home/vdt_2026/VDT_project/install/vdt_msgs/lib/libvdt_msgs__rosidl_typesupport_c.so /opt/ros/jazzy/lib/libstd_msgs__rosidl_typesupport_c.so /home/vdt_2026/VDT_project/install/vdt_msgs/lib/libvdt_msgs__rosidl_generator_c.so /opt/ros/jazzy/lib/libstd_msgs__rosidl_generator_c.so /opt/ros/jazzy/lib/libbuiltin_interfaces__rosidl_typesupport_fastrtps_c.so /opt/ros/jazzy/lib/librosidl_typesupport_fastrtps_c.so /opt/ros/jazzy/lib/libbuiltin_interfaces__rosidl_typesupport_introspection_c.so /opt/ros/jazzy/lib/libbuiltin_interfaces__rosidl_typesupport_fastrtps_cpp.so /opt/ros/jazzy/lib/librosidl_typesupport_fastrtps_cpp.so /opt/ros/jazzy/lib/librmw.so /opt/ros/jazzy/lib/librosidl_dynamic_typesupport.so /opt/ros/jazzy/lib/libfastcdr.so.2.2.8 /opt/ros/jazzy/lib/libbuiltin_interfaces__rosidl_typesupport_introspection_cpp.so /opt/ros/jazzy/lib/librosidl_typesupport_introspection_cpp.so /opt/ros/jazzy/lib/librosidl_typesupport_introspection_c.so /opt/ros/jazzy/lib/libbuiltin_interfaces__rosidl_typesupport_cpp.so /opt/ros/jazzy/lib/librosidl_typesupport_cpp.so /opt/ros/jazzy/lib/libbuiltin_interfaces__rosidl_generator_py.so /opt/ros/jazzy/lib/libbuiltin_interfaces__rosidl_typesupport_c.so /opt/ros/jazzy/lib/libbuiltin_interfaces__rosidl_generator_c.so /opt/ros/jazzy/lib/librosidl_typesupport_c.so /opt/ros/jazzy/lib/librcpputils.so /opt/ros/jazzy/lib/librosidl_runtime_c.so /opt/ros/jazzy/lib/librcutils.so -ldl -latomic -Wl,-rpath-link,/opt/ros/jazzy/lib 
gmake[2]: Leaving directory '/home/vdt_2026/VDT_project/build/gimbal_control'
[100%] Built target gimbal_node
gmake[1]: Leaving directory '/home/vdt_2026/VDT_project/build/gimbal_control'
/usr/bin/cmake -E cmake_progress_start /home/vdt_2026/VDT_project/build/gimbal_control/CMakeFiles 0

-- Install configuration: "Release"
-- Installing: /home/vdt_2026/VDT_project/install/gimbal_control/lib/gimbal_control/gimbal_node
-- Set non-toolchain portion of runtime path of "/home/vdt_2026/VDT_project/install/gimbal_control/lib/gimbal_control/gimbal_node" to ""
-- Installing: /home/vdt_2026/VDT_project/install/gimbal_control/share/ament_index/resource_index/package_run_dependencies/gimbal_control
-- Installing: /home/vdt_2026/VDT_project/install/gimbal_control/share/ament_index/resource_index/parent_prefix_path/gimbal_control
-- Installing: /home/vdt_2026/VDT_project/install/gimbal_control/share/gimbal_control/environment/ament_prefix_path.sh
-- Installing: /home/vdt_2026/VDT_project/install/gimbal_control/share/gimbal_control/environment/ament_prefix_path.dsv
-- Installing: /home/vdt_2026/VDT_project/install/gimbal_control/share/gimbal_control/environment/path.sh
-- Installing: /home/vdt_2026/VDT_project/install/gimbal_control/share/gimbal_control/environment/path.dsv
-- Installing: /home/vdt_2026/VDT_project/install/gimbal_control/share/gimbal_control/local_setup.bash
-- Installing: /home/vdt_2026/VDT_project/install/gimbal_control/share/gimbal_control/local_setup.sh
-- Installing: /home/vdt_2026/VDT_project/install/gimbal_control/share/gimbal_control/local_setup.zsh
-- Installing: /home/vdt_2026/VDT_project/install/gimbal_control/share/gimbal_control/local_setup.dsv
-- Installing: /home/vdt_2026/VDT_project/install/gimbal_control/share/gimbal_control/package.dsv
-- Installing: /home/vdt_2026/VDT_project/install/gimbal_control/share/ament_index/resource_index/packages/gimbal_control
-- Installing: /home/vdt_2026/VDT_project/install/gimbal_control/share/gimbal_control/cmake/gimbal_controlConfig.cmake
-- Installing: /home/vdt_2026/VDT_project/install/gimbal_control/share/gimbal_control/cmake/gimbal_controlConfig-version.cmake
-- Installing: /home/vdt_2026/VDT_project/install/gimbal_control/share/gimbal_control/package.xml
