running egg_info
creating ../../../build/vdt_takeoff/takeoff.egg-info
writing ../../../build/vdt_takeoff/takeoff.egg-info/PKG-INFO
writing dependency_links to ../../../build/vdt_takeoff/takeoff.egg-info/dependency_links.txt
writing entry points to ../../../build/vdt_takeoff/takeoff.egg-info/entry_points.txt
writing requirements to ../../../build/vdt_takeoff/takeoff.egg-info/requires.txt
writing top-level names to ../../../build/vdt_takeoff/takeoff.egg-info/top_level.txt
writing manifest file '../../../build/vdt_takeoff/takeoff.egg-info/SOURCES.txt'
reading manifest file '../../../build/vdt_takeoff/takeoff.egg-info/SOURCES.txt'
writing manifest file '../../../build/vdt_takeoff/takeoff.egg-info/SOURCES.txt'
running build
running build_py
creating /home/vdt_2026/VDT_project/build/vdt_takeoff/build
creating /home/vdt_2026/VDT_project/build/vdt_takeoff/build/lib
creating /home/vdt_2026/VDT_project/build/vdt_takeoff/build/lib/takeoff
copying takeoff/takeoff_cmd.py -> /home/vdt_2026/VDT_project/build/vdt_takeoff/build/lib/takeoff
copying takeoff/__init__.py -> /home/vdt_2026/VDT_project/build/vdt_takeoff/build/lib/takeoff
running install
running install_lib
creating /home/vdt_2026/VDT_project/install/vdt_takeoff/lib/python3.12/site-packages/takeoff
copying /home/vdt_2026/VDT_project/build/vdt_takeoff/build/lib/takeoff/takeoff_cmd.py -> /home/vdt_2026/VDT_project/install/vdt_takeoff/lib/python3.12/site-packages/takeoff
copying /home/vdt_2026/VDT_project/build/vdt_takeoff/build/lib/takeoff/__init__.py -> /home/vdt_2026/VDT_project/install/vdt_takeoff/lib/python3.12/site-packages/takeoff
byte-compiling /home/vdt_2026/VDT_project/install/vdt_takeoff/lib/python3.12/site-packages/takeoff/takeoff_cmd.py to takeoff_cmd.cpython-312.pyc
byte-compiling /home/vdt_2026/VDT_project/install/vdt_takeoff/lib/python3.12/site-packages/takeoff/__init__.py to __init__.cpython-312.pyc
running install_data
copying resource/takeoff -> /home/vdt_2026/VDT_project/install/vdt_takeoff/share/ament_index/resource_index/packages
creating /home/vdt_2026/VDT_project/install/vdt_takeoff/share/takeoff
copying package.xml -> /home/vdt_2026/VDT_project/install/vdt_takeoff/share/takeoff
running install_egg_info
Copying ../../../build/vdt_takeoff/takeoff.egg-info to /home/vdt_2026/VDT_project/install/vdt_takeoff/lib/python3.12/site-packages/takeoff-0.1.0-py3.12.egg-info
running install_scripts
Installing takeoff script to /home/vdt_2026/VDT_project/install/vdt_takeoff/lib/vdt_takeoff
writing list of installed files to '/home/vdt_2026/VDT_project/build/vdt_takeoff/install.log'
