[1.773s] Invoking command in '/home/vdt_2026/VDT_project/ros2_ws/src/takeoff': PYTHONPATH=/home/vdt_2026/VDT_project/build/vdt_takeoff/prefix_override:/usr/lib/python3/dist-packages/colcon_core/task/python/colcon_distutils_commands:/home/vdt_2026/VDT_project/install/vdt_takeoff/lib/python3.12/site-packages:${PYTHONPATH} /usr/bin/python3 -W ignore:setup.py install is deprecated -W ignore:easy_install command is deprecated setup.py egg_info --egg-base ../../../build/vdt_takeoff build --build-base /home/vdt_2026/VDT_project/build/vdt_takeoff/build install --record /home/vdt_2026/VDT_project/build/vdt_takeoff/install.log --install-scripts $base/lib/vdt_takeoff --single-version-externally-managed install_data
[2.241s] running egg_info
[2.242s] creating ../../../build/vdt_takeoff/takeoff.egg-info
[2.266s] writing ../../../build/vdt_takeoff/takeoff.egg-info/PKG-INFO
[2.268s] writing dependency_links to ../../../build/vdt_takeoff/takeoff.egg-info/dependency_links.txt
[2.268s] writing entry points to ../../../build/vdt_takeoff/takeoff.egg-info/entry_points.txt
[2.269s] writing requirements to ../../../build/vdt_takeoff/takeoff.egg-info/requires.txt
[2.269s] writing top-level names to ../../../build/vdt_takeoff/takeoff.egg-info/top_level.txt
[2.269s] writing manifest file '../../../build/vdt_takeoff/takeoff.egg-info/SOURCES.txt'
[2.343s] reading manifest file '../../../build/vdt_takeoff/takeoff.egg-info/SOURCES.txt'
[2.347s] writing manifest file '../../../build/vdt_takeoff/takeoff.egg-info/SOURCES.txt'
[2.347s] running build
[2.347s] running build_py
[2.347s] creating /home/vdt_2026/VDT_project/build/vdt_takeoff/build
[2.348s] creating /home/vdt_2026/VDT_project/build/vdt_takeoff/build/lib
[2.348s] creating /home/vdt_2026/VDT_project/build/vdt_takeoff/build/lib/takeoff
[2.348s] copying takeoff/takeoff_cmd.py -> /home/vdt_2026/VDT_project/build/vdt_takeoff/build/lib/takeoff
[2.362s] copying takeoff/__init__.py -> /home/vdt_2026/VDT_project/build/vdt_takeoff/build/lib/takeoff
[2.363s] running install
[2.376s] running install_lib
[2.406s] creating /home/vdt_2026/VDT_project/install/vdt_takeoff/lib/python3.12/site-packages/takeoff
[2.407s] copying /home/vdt_2026/VDT_project/build/vdt_takeoff/build/lib/takeoff/takeoff_cmd.py -> /home/vdt_2026/VDT_project/install/vdt_takeoff/lib/python3.12/site-packages/takeoff
[2.408s] copying /home/vdt_2026/VDT_project/build/vdt_takeoff/build/lib/takeoff/__init__.py -> /home/vdt_2026/VDT_project/install/vdt_takeoff/lib/python3.12/site-packages/takeoff
[2.410s] byte-compiling /home/vdt_2026/VDT_project/install/vdt_takeoff/lib/python3.12/site-packages/takeoff/takeoff_cmd.py to takeoff_cmd.cpython-312.pyc
[2.413s] byte-compiling /home/vdt_2026/VDT_project/install/vdt_takeoff/lib/python3.12/site-packages/takeoff/__init__.py to __init__.cpython-312.pyc
[2.414s] running install_data
[2.415s] copying resource/takeoff -> /home/vdt_2026/VDT_project/install/vdt_takeoff/share/ament_index/resource_index/packages
[2.415s] creating /home/vdt_2026/VDT_project/install/vdt_takeoff/share/takeoff
[2.415s] copying package.xml -> /home/vdt_2026/VDT_project/install/vdt_takeoff/share/takeoff
[2.415s] running install_egg_info
[2.456s] Copying ../../../build/vdt_takeoff/takeoff.egg-info to /home/vdt_2026/VDT_project/install/vdt_takeoff/lib/python3.12/site-packages/takeoff-0.1.0-py3.12.egg-info
[2.456s] running install_scripts
[2.616s] Installing takeoff script to /home/vdt_2026/VDT_project/install/vdt_takeoff/lib/vdt_takeoff
[2.618s] writing list of installed files to '/home/vdt_2026/VDT_project/build/vdt_takeoff/install.log'
[2.739s] Invoked command in '/home/vdt_2026/VDT_project/ros2_ws/src/takeoff' returned '0': PYTHONPATH=/home/vdt_2026/VDT_project/build/vdt_takeoff/prefix_override:/usr/lib/python3/dist-packages/colcon_core/task/python/colcon_distutils_commands:/home/vdt_2026/VDT_project/install/vdt_takeoff/lib/python3.12/site-packages:${PYTHONPATH} /usr/bin/python3 -W ignore:setup.py install is deprecated -W ignore:easy_install command is deprecated setup.py egg_info --egg-base ../../../build/vdt_takeoff build --build-base /home/vdt_2026/VDT_project/build/vdt_takeoff/build install --record /home/vdt_2026/VDT_project/build/vdt_takeoff/install.log --install-scripts $base/lib/vdt_takeoff --single-version-externally-managed install_data
