/home/vdt_2026/VDT_project/install/aruco_detector/lib/python3.12/site-packages/aruco_detector/geometry_utils.py
/home/vdt_2026/VDT_project/install/aruco_detector/lib/python3.12/site-packages/aruco_detector/camera_model.py
/home/vdt_2026/VDT_project/install/aruco_detector/lib/python3.12/site-packages/aruco_detector/aruco_logic.py
/home/vdt_2026/VDT_project/install/aruco_detector/lib/python3.12/site-packages/aruco_detector/image_conversion.py
/home/vdt_2026/VDT_project/install/aruco_detector/lib/python3.12/site-packages/aruco_detector/__init__.py
/home/vdt_2026/VDT_project/install/aruco_detector/lib/python3.12/site-packages/aruco_detector/message_builders.py
/home/vdt_2026/VDT_project/install/aruco_detector/lib/python3.12/site-packages/aruco_detector/depth_to_image_node.py
/home/vdt_2026/VDT_project/install/aruco_detector/lib/python3.12/site-packages/aruco_detector/aruco_node.py
/home/vdt_2026/VDT_project/install/aruco_detector/lib/python3.12/site-packages/aruco_detector/annotation.py
/home/vdt_2026/VDT_project/install/aruco_detector/lib/python3.12/site-packages/aruco_detector/detection_filter.py
/home/vdt_2026/VDT_project/install/aruco_detector/lib/python3.12/site-packages/aruco_detector/__pycache__/geometry_utils.cpython-312.pyc
/home/vdt_2026/VDT_project/install/aruco_detector/lib/python3.12/site-packages/aruco_detector/__pycache__/camera_model.cpython-312.pyc
/home/vdt_2026/VDT_project/install/aruco_detector/lib/python3.12/site-packages/aruco_detector/__pycache__/aruco_logic.cpython-312.pyc
/home/vdt_2026/VDT_project/install/aruco_detector/lib/python3.12/site-packages/aruco_detector/__pycache__/image_conversion.cpython-312.pyc
/home/vdt_2026/VDT_project/install/aruco_detector/lib/python3.12/site-packages/aruco_detector/__pycache__/__init__.cpython-312.pyc
/home/vdt_2026/VDT_project/install/aruco_detector/lib/python3.12/site-packages/aruco_detector/__pycache__/message_builders.cpython-312.pyc
/home/vdt_2026/VDT_project/install/aruco_detector/lib/python3.12/site-packages/aruco_detector/__pycache__/depth_to_image_node.cpython-312.pyc
/home/vdt_2026/VDT_project/install/aruco_detector/lib/python3.12/site-packages/aruco_detector/__pycache__/aruco_node.cpython-312.pyc
/home/vdt_2026/VDT_project/install/aruco_detector/lib/python3.12/site-packages/aruco_detector/__pycache__/annotation.cpython-312.pyc
/home/vdt_2026/VDT_project/install/aruco_detector/lib/python3.12/site-packages/aruco_detector/__pycache__/detection_filter.cpython-312.pyc
/home/vdt_2026/VDT_project/install/aruco_detector/share/ament_index/resource_index/packages/aruco_detector
/home/vdt_2026/VDT_project/install/aruco_detector/share/aruco_detector/package.xml
/home/vdt_2026/VDT_project/install/aruco_detector/share/aruco_detector/launch/aruco.launch.py
/home/vdt_2026/VDT_project/install/aruco_detector/lib/python3.12/site-packages/aruco_detector-0.1.0-py3.12.egg-info/dependency_links.txt
/home/vdt_2026/VDT_project/install/aruco_detector/lib/python3.12/site-packages/aruco_detector-0.1.0-py3.12.egg-info/SOURCES.txt
/home/vdt_2026/VDT_project/install/aruco_detector/lib/python3.12/site-packages/aruco_detector-0.1.0-py3.12.egg-info/entry_points.txt
/home/vdt_2026/VDT_project/install/aruco_detector/lib/python3.12/site-packages/aruco_detector-0.1.0-py3.12.egg-info/PKG-INFO
/home/vdt_2026/VDT_project/install/aruco_detector/lib/python3.12/site-packages/aruco_detector-0.1.0-py3.12.egg-info/requires.txt
/home/vdt_2026/VDT_project/install/aruco_detector/lib/python3.12/site-packages/aruco_detector-0.1.0-py3.12.egg-info/zip-safe
/home/vdt_2026/VDT_project/install/aruco_detector/lib/python3.12/site-packages/aruco_detector-0.1.0-py3.12.egg-info/top_level.txt
/home/vdt_2026/VDT_project/install/aruco_detector/lib/aruco_detector/aruco_node
/home/vdt_2026/VDT_project/install/aruco_detector/lib/aruco_detector/depth_to_image_node
