running egg_info
creating ../../../build/ibvs/ibvs.egg-info
writing ../../../build/ibvs/ibvs.egg-info/PKG-INFO
writing dependency_links to ../../../build/ibvs/ibvs.egg-info/dependency_links.txt
writing entry points to ../../../build/ibvs/ibvs.egg-info/entry_points.txt
writing requirements to ../../../build/ibvs/ibvs.egg-info/requires.txt
writing top-level names to ../../../build/ibvs/ibvs.egg-info/top_level.txt
writing manifest file '../../../build/ibvs/ibvs.egg-info/SOURCES.txt'
reading manifest file '../../../build/ibvs/ibvs.egg-info/SOURCES.txt'
writing manifest file '../../../build/ibvs/ibvs.egg-info/SOURCES.txt'
running build
running build_py
creating /home/vdt_2026/VDT_project/build/ibvs/build
creating /home/vdt_2026/VDT_project/build/ibvs/build/lib
creating /home/vdt_2026/VDT_project/build/ibvs/build/lib/ibvs
copying ibvs/ibvs_controller.py -> /home/vdt_2026/VDT_project/build/ibvs/build/lib/ibvs
copying ibvs/__init__.py -> /home/vdt_2026/VDT_project/build/ibvs/build/lib/ibvs
copying ibvs/ibvs_logic.py -> /home/vdt_2026/VDT_project/build/ibvs/build/lib/ibvs
running install
running install_lib
creating /home/vdt_2026/VDT_project/install/ibvs/lib/python3.12/site-packages/ibvs
copying /home/vdt_2026/VDT_project/build/ibvs/build/lib/ibvs/ibvs_controller.py -> /home/vdt_2026/VDT_project/install/ibvs/lib/python3.12/site-packages/ibvs
copying /home/vdt_2026/VDT_project/build/ibvs/build/lib/ibvs/__init__.py -> /home/vdt_2026/VDT_project/install/ibvs/lib/python3.12/site-packages/ibvs
copying /home/vdt_2026/VDT_project/build/ibvs/build/lib/ibvs/ibvs_logic.py -> /home/vdt_2026/VDT_project/install/ibvs/lib/python3.12/site-packages/ibvs
byte-compiling /home/vdt_2026/VDT_project/install/ibvs/lib/python3.12/site-packages/ibvs/ibvs_controller.py to ibvs_controller.cpython-312.pyc
byte-compiling /home/vdt_2026/VDT_project/install/ibvs/lib/python3.12/site-packages/ibvs/__init__.py to __init__.cpython-312.pyc
byte-compiling /home/vdt_2026/VDT_project/install/ibvs/lib/python3.12/site-packages/ibvs/ibvs_logic.py to ibvs_logic.cpython-312.pyc
running install_data
creating /home/vdt_2026/VDT_project/install/ibvs/share/ament_index
creating /home/vdt_2026/VDT_project/install/ibvs/share/ament_index/resource_index
creating /home/vdt_2026/VDT_project/install/ibvs/share/ament_index/resource_index/packages
copying resource/ibvs -> /home/vdt_2026/VDT_project/install/ibvs/share/ament_index/resource_index/packages
copying package.xml -> /home/vdt_2026/VDT_project/install/ibvs/share/ibvs
creating /home/vdt_2026/VDT_project/install/ibvs/share/ibvs/launch
copying launch/ibvs.launch.py -> /home/vdt_2026/VDT_project/install/ibvs/share/ibvs/launch
running install_egg_info
Copying ../../../build/ibvs/ibvs.egg-info to /home/vdt_2026/VDT_project/install/ibvs/lib/python3.12/site-packages/ibvs-0.1.0-py3.12.egg-info
running install_scripts
Installing ibvs_controller script to /home/vdt_2026/VDT_project/install/ibvs/lib/ibvs
writing list of installed files to '/home/vdt_2026/VDT_project/build/ibvs/install.log'
