-- Found ament_cmake: 2.5.6 (/opt/ros/jazzy/share/ament_cmake/cmake)
-- Found rclcpp: 28.1.22 (/opt/ros/jazzy/share/rclcpp/cmake)
-- Found rosidl_generator_c: 4.6.9 (/opt/ros/jazzy/share/rosidl_generator_c/cmake)
-- Found rosidl_generator_cpp: 4.6.9 (/opt/ros/jazzy/share/rosidl_generator_cpp/cmake)
-- Using all available rosidl_typesupport_c: rosidl_typesupport_fastrtps_c;rosidl_typesupport_introspection_c
-- Using all available rosidl_typesupport_cpp: rosidl_typesupport_fastrtps_cpp;rosidl_typesupport_introspection_cpp
-- Found rmw_implementation_cmake: 7.3.3 (/opt/ros/jazzy/share/rmw_implementation_cmake/cmake)
-- Found rmw_fastrtps_cpp: 8.4.4 (/opt/ros/jazzy/share/rmw_fastrtps_cpp/cmake)
-- Using RMW implementation 'rmw_fastrtps_cpp' as default
-- Found nav_msgs: 5.3.8 (/opt/ros/jazzy/share/nav_msgs/cmake)
-- Found vdt_msgs: 0.1.0 (/home/vdt_2026/VDT_project/install/vdt_msgs/share/vdt_msgs/cmake)
-- Found ament_cmake_gtest: 2.5.6 (/opt/ros/jazzy/share/ament_cmake_gtest/cmake)
-- Found launch_testing_ament_cmake: 3.4.12 (/opt/ros/jazzy/share/launch_testing_ament_cmake/cmake)
-- Found python_cmake_module: 0.11.1 (/opt/ros/jazzy/share/python_cmake_module/cmake)
-- Found gtest sources under '/opt/ros/jazzy/src/gtest_vendor': C++ tests using 'Google Test' will be built
-- Configuring done (1.2s)
-- Generating done (0.1s)
-- Build files have been written to: /home/vdt_2026/VDT_project/build/input_state_cache
Change Dir: '/home/vdt_2026/VDT_project/build/input_state_cache'

Run Build Command(s): /usr/bin/cmake -E env VERBOSE=1 /usr/bin/gmake -f Makefile -j4 -l4
/usr/bin/cmake -S/home/vdt_2026/VDT_project/ros2_ws/src/input_state_cache -B/home/vdt_2026/VDT_project/build/input_state_cache --check-build-system CMakeFiles/Makefile.cmake 0
/usr/bin/cmake -E cmake_progress_start /home/vdt_2026/VDT_project/build/input_state_cache/CMakeFiles /home/vdt_2026/VDT_project/build/input_state_cache//CMakeFiles/progress.marks
/usr/bin/gmake  -f CMakeFiles/Makefile2 all
gmake[1]: Entering directory '/home/vdt_2026/VDT_project/build/input_state_cache'
/usr/bin/gmake  -f CMakeFiles/input_cache_node.dir/build.make CMakeFiles/input_cache_node.dir/depend
/usr/bin/gmake  -f gtest/CMakeFiles/gtest_main.dir/build.make gtest/CMakeFiles/gtest_main.dir/depend
/usr/bin/gmake  -f gtest/CMakeFiles/gtest.dir/build.make gtest/CMakeFiles/gtest.dir/depend
gmake[2]: Entering directory '/home/vdt_2026/VDT_project/build/input_state_cache'
gmake[2]: Entering directory '/home/vdt_2026/VDT_project/build/input_state_cache'
cd /home/vdt_2026/VDT_project/build/input_state_cache && /usr/bin/cmake -E cmake_depends "Unix Makefiles" /home/vdt_2026/VDT_project/ros2_ws/src/input_state_cache /home/vdt_2026/VDT_project/ros2_ws/src/input_state_cache /home/vdt_2026/VDT_project/build/input_state_cache /home/vdt_2026/VDT_project/build/input_state_cache /home/vdt_2026/VDT_project/build/input_state_cache/CMakeFiles/input_cache_node.dir/DependInfo.cmake "--color="
cd /home/vdt_2026/VDT_project/build/input_state_cache && /usr/bin/cmake -E cmake_depends "Unix Makefiles" /home/vdt_2026/VDT_project/ros2_ws/src/input_state_cache /opt/ros/jazzy/src/gtest_vendor /home/vdt_2026/VDT_project/build/input_state_cache /home/vdt_2026/VDT_project/build/input_state_cache/gtest /home/vdt_2026/VDT_project/build/input_state_cache/gtest/CMakeFiles/gtest_main.dir/DependInfo.cmake "--color="
gmake[2]: Entering directory '/home/vdt_2026/VDT_project/build/input_state_cache'
cd /home/vdt_2026/VDT_project/build/input_state_cache && /usr/bin/cmake -E cmake_depends "Unix Makefiles" /home/vdt_2026/VDT_project/ros2_ws/src/input_state_cache /opt/ros/jazzy/src/gtest_vendor /home/vdt_2026/VDT_project/build/input_state_cache /home/vdt_2026/VDT_project/build/input_state_cache/gtest /home/vdt_2026/VDT_project/build/input_state_cache/gtest/CMakeFiles/gtest.dir/DependInfo.cmake "--color="
Dependencies file "gtest/CMakeFiles/gtest_main.dir/src/gtest_main.cc.o.d" is newer than depends file "/home/vdt_2026/VDT_project/build/input_state_cache/gtest/CMakeFiles/gtest_main.dir/compiler_depend.internal".
Dependencies file "CMakeFiles/input_cache_node.dir/src/input_cache_logic.cpp.o.d" is newer than depends file "/home/vdt_2026/VDT_project/build/input_state_cache/CMakeFiles/input_cache_node.dir/compiler_depend.internal".
Dependencies file "gtest/CMakeFiles/gtest.dir/src/gtest-all.cc.o.d" is newer than depends file "/home/vdt_2026/VDT_project/build/input_state_cache/gtest/CMakeFiles/gtest.dir/compiler_depend.internal".
Dependencies file "CMakeFiles/input_cache_node.dir/src/input_cache_node.cpp.o.d" is newer than depends file "/home/vdt_2026/VDT_project/build/input_state_cache/CMakeFiles/input_cache_node.dir/compiler_depend.internal".
Consolidate compiler generated dependencies of target gtest_main
Dependencies file "CMakeFiles/input_cache_node.dir/src/main.cpp.o.d" is newer than depends file "/home/vdt_2026/VDT_project/build/input_state_cache/CMakeFiles/input_cache_node.dir/compiler_depend.internal".
gmake[2]: Leaving directory '/home/vdt_2026/VDT_project/build/input_state_cache'
/usr/bin/gmake  -f gtest/CMakeFiles/gtest_main.dir/build.make gtest/CMakeFiles/gtest_main.dir/build
Consolidate compiler generated dependencies of target gtest
gmake[2]: Leaving directory '/home/vdt_2026/VDT_project/build/input_state_cache'
/usr/bin/gmake  -f gtest/CMakeFiles/gtest.dir/build.make gtest/CMakeFiles/gtest.dir/build
gmake[2]: Entering directory '/home/vdt_2026/VDT_project/build/input_state_cache'
gmake[2]: Entering directory '/home/vdt_2026/VDT_project/build/input_state_cache'
Consolidate compiler generated dependencies of target input_cache_node
gmake[2]: Leaving directory '/home/vdt_2026/VDT_project/build/input_state_cache'
/usr/bin/gmake  -f CMakeFiles/input_cache_node.dir/build.make CMakeFiles/input_cache_node.dir/build
[  9%] Linking CXX static library libgtest_main.a
cd /home/vdt_2026/VDT_project/build/input_state_cache/gtest && /usr/bin/cmake -P CMakeFiles/gtest_main.dir/cmake_clean_target.cmake
[ 18%] Linking CXX static library libgtest.a
cd /home/vdt_2026/VDT_project/build/input_state_cache/gtest && /usr/bin/cmake -P CMakeFiles/gtest.dir/cmake_clean_target.cmake
gmake[2]: Entering directory '/home/vdt_2026/VDT_project/build/input_state_cache'
cd /home/vdt_2026/VDT_project/build/input_state_cache/gtest && /usr/bin/cmake -E cmake_link_script CMakeFiles/gtest_main.dir/link.txt --verbose=1
cd /home/vdt_2026/VDT_project/build/input_state_cache/gtest && /usr/bin/cmake -E cmake_link_script CMakeFiles/gtest.dir/link.txt --verbose=1
[ 27%] Linking CXX executable input_cache_node
/usr/bin/cmake -E cmake_link_script CMakeFiles/input_cache_node.dir/link.txt --verbose=1
/usr/bin/ar qc libgtest_main.a CMakeFiles/gtest_main.dir/src/gtest_main.cc.o
/usr/bin/ar qc libgtest.a "CMakeFiles/gtest.dir/src/gtest-all.cc.o"
/usr/bin/ranlib libgtest_main.a
/usr/bin/c++ -O3 -DNDEBUG CMakeFiles/input_cache_node.dir/src/main.cpp.o CMakeFiles/input_cache_node.dir/src/input_cache_node.cpp.o CMakeFiles/input_cache_node.dir/src/input_cache_logic.cpp.o -o input_cache_node  -Wl,-rpath,/opt/ros/jazzy/lib:/home/vdt_2026/VDT_project/install/vdt_msgs/lib: /opt/ros/jazzy/lib/librclcpp.so /opt/ros/jazzy/lib/libnav_msgs__rosidl_typesupport_fastrtps_c.so /opt/ros/jazzy/lib/libnav_msgs__rosidl_typesupport_fastrtps_cpp.so /opt/ros/jazzy/lib/libnav_msgs__rosidl_typesupport_introspection_c.so /opt/ros/jazzy/lib/libnav_msgs__rosidl_typesupport_introspection_cpp.so /opt/ros/jazzy/lib/libnav_msgs__rosidl_typesupport_cpp.so /opt/ros/jazzy/lib/libnav_msgs__rosidl_generator_py.so /home/vdt_2026/VDT_project/install/vdt_msgs/lib/libvdt_msgs__rosidl_typesupport_fastrtps_c.so /home/vdt_2026/VDT_project/install/vdt_msgs/lib/libvdt_msgs__rosidl_typesupport_fastrtps_cpp.so /home/vdt_2026/VDT_project/install/vdt_msgs/lib/libvdt_msgs__rosidl_typesupport_introspection_c.so /home/vdt_2026/VDT_project/install/vdt_msgs/lib/libvdt_msgs__rosidl_typesupport_introspection_cpp.so /home/vdt_2026/VDT_project/install/vdt_msgs/lib/libvdt_msgs__rosidl_typesupport_cpp.so /home/vdt_2026/VDT_project/install/vdt_msgs/lib/libvdt_msgs__rosidl_generator_py.so /opt/ros/jazzy/lib/liblibstatistics_collector.so /opt/ros/jazzy/lib/librcl.so /opt/ros/jazzy/lib/librmw_implementation.so /opt/ros/jazzy/lib/libtype_description_interfaces__rosidl_typesupport_fastrtps_c.so /opt/ros/jazzy/lib/libtype_description_interfaces__rosidl_typesupport_introspection_c.so /opt/ros/jazzy/lib/libtype_description_interfaces__rosidl_typesupport_fastrtps_cpp.so /opt/ros/jazzy/lib/libtype_description_interfaces__rosidl_typesupport_introspection_cpp.so /opt/ros/jazzy/lib/libtype_description_interfaces__rosidl_typesupport_cpp.so /opt/ros/jazzy/lib/libtype_description_interfaces__rosidl_generator_py.so /opt/ros/jazzy/lib/libtype_description_interfaces__rosidl_typesupport_c.so /opt/ros/jazzy/lib/libtype_description_interfaces__rosidl_generator_c.so /opt/ros/jazzy/lib/librcl_yaml_param_parser.so /opt/ros/jazzy/lib/librosgraph_msgs__rosidl_typesupport_fastrtps_c.so /opt/ros/jazzy/lib/librosgraph_msgs__rosidl_typesupport_fastrtps_cpp.so /opt/ros/jazzy/lib/librosgraph_msgs__rosidl_typesupport_introspection_c.so /opt/ros/jazzy/lib/librosgraph_msgs__rosidl_typesupport_introspection_cpp.so /opt/ros/jazzy/lib/librosgraph_msgs__rosidl_typesupport_cpp.so /opt/ros/jazzy/lib/librosgraph_msgs__rosidl_generator_py.so /opt/ros/jazzy/lib/librcl_interfaces__rosidl_typesupport_fastrtps_c.so /opt/ros/jazzy/lib/librcl_interfaces__rosidl_typesupport_introspection_c.so /opt/ros/jazzy/lib/librcl_interfaces__rosidl_typesupport_fastrtps_cpp.so /opt/ros/jazzy/lib/librcl_interfaces__rosidl_typesupport_introspection_cpp.so /opt/ros/jazzy/lib/librcl_interfaces__rosidl_typesupport_cpp.so /opt/ros/jazzy/lib/librcl_interfaces__rosidl_generator_py.so /opt/ros/jazzy/lib/librosgraph_msgs__rosidl_typesupport_c.so /opt/ros/jazzy/lib/librcl_interfaces__rosidl_typesupport_c.so /opt/ros/jazzy/lib/librosgraph_msgs__rosidl_generator_c.so /opt/ros/jazzy/lib/librcl_interfaces__rosidl_generator_c.so /opt/ros/jazzy/lib/libstatistics_msgs__rosidl_typesupport_fastrtps_c.so /opt/ros/jazzy/lib/libstatistics_msgs__rosidl_typesupport_fastrtps_cpp.so /opt/ros/jazzy/lib/libstatistics_msgs__rosidl_typesupport_introspection_c.so /opt/ros/jazzy/lib/libstatistics_msgs__rosidl_typesupport_introspection_cpp.so /opt/ros/jazzy/lib/libstatistics_msgs__rosidl_typesupport_cpp.so /opt/ros/jazzy/lib/libstatistics_msgs__rosidl_generator_py.so /opt/ros/jazzy/lib/libstatistics_msgs__rosidl_typesupport_c.so /opt/ros/jazzy/lib/libstatistics_msgs__rosidl_generator_c.so /opt/ros/jazzy/lib/libtracetools.so -llttng-ust -llttng-ust-common -rdynamic -ldl /opt/ros/jazzy/lib/librcl_logging_interface.so /opt/ros/jazzy/lib/libnav_msgs__rosidl_typesupport_c.so /opt/ros/jazzy/lib/libnav_msgs__rosidl_generator_c.so /opt/ros/jazzy/lib/libgeometry_msgs__rosidl_typesupport_fastrtps_c.so /opt/ros/jazzy/lib/libservice_msgs__rosidl_typesupport_fastrtps_c.so /opt/ros/jazzy/lib/libgeometry_msgs__rosidl_typesupport_fastrtps_cpp.so /opt/ros/jazzy/lib/libservice_msgs__rosidl_typesupport_fastrtps_cpp.so /opt/ros/jazzy/lib/libgeometry_msgs__rosidl_typesupport_introspection_c.so /opt/ros/jazzy/lib/libservice_msgs__rosidl_typesupport_introspection_c.so /opt/ros/jazzy/lib/libgeometry_msgs__rosidl_typesupport_introspection_cpp.so /opt/ros/jazzy/lib/libservice_msgs__rosidl_typesupport_introspection_cpp.so /opt/ros/jazzy/lib/libgeometry_msgs__rosidl_typesupport_cpp.so /opt/ros/jazzy/lib/libservice_msgs__rosidl_typesupport_cpp.so /opt/ros/jazzy/lib/libgeometry_msgs__rosidl_typesupport_c.so /opt/ros/jazzy/lib/libgeometry_msgs__rosidl_generator_c.so /opt/ros/jazzy/lib/libservice_msgs__rosidl_typesupport_c.so /opt/ros/jazzy/lib/libservice_msgs__rosidl_generator_c.so /home/vdt_2026/VDT_project/install/vdt_msgs/lib/libvdt_msgs__rosidl_typesupport_c.so /home/vdt_2026/VDT_project/install/vdt_msgs/lib/libvdt_msgs__rosidl_generator_c.so /opt/ros/jazzy/lib/libstd_msgs__rosidl_typesupport_fastrtps_c.so /opt/ros/jazzy/lib/libstd_msgs__rosidl_typesupport_fastrtps_cpp.so /opt/ros/jazzy/lib/libstd_msgs__rosidl_typesupport_introspection_c.so /opt/ros/jazzy/lib/libstd_msgs__rosidl_typesupport_introspection_cpp.so /opt/ros/jazzy/lib/libstd_msgs__rosidl_typesupport_cpp.so /opt/ros/jazzy/lib/libbuiltin_interfaces__rosidl_typesupport_fastrtps_c.so /opt/ros/jazzy/lib/librosidl_typesupport_fastrtps_c.so /opt/ros/jazzy/lib/libbuiltin_interfaces__rosidl_typesupport_introspection_c.so /opt/ros/jazzy/lib/libbuiltin_interfaces__rosidl_typesupport_fastrtps_cpp.so /opt/ros/jazzy/lib/librosidl_typesupport_fastrtps_cpp.so /opt/ros/jazzy/lib/librmw.so /opt/ros/jazzy/lib/librosidl_dynamic_typesupport.so /opt/ros/jazzy/lib/libfastcdr.so.2.2.8 /opt/ros/jazzy/lib/libbuiltin_interfaces__rosidl_typesupport_introspection_cpp.so /opt/ros/jazzy/lib/librosidl_typesupport_introspection_cpp.so /opt/ros/jazzy/lib/librosidl_typesupport_introspection_c.so /opt/ros/jazzy/lib/libbuiltin_interfaces__rosidl_typesupport_cpp.so /opt/ros/jazzy/lib/librosidl_typesupport_cpp.so /opt/ros/jazzy/lib/libbuiltin_interfaces__rosidl_generator_py.so /opt/ros/jazzy/lib/libstd_msgs__rosidl_typesupport_c.so /opt/ros/jazzy/lib/libbuiltin_interfaces__rosidl_typesupport_c.so /opt/ros/jazzy/lib/libstd_msgs__rosidl_generator_c.so /opt/ros/jazzy/lib/libbuiltin_interfaces__rosidl_generator_c.so /opt/ros/jazzy/lib/librosidl_typesupport_c.so /opt/ros/jazzy/lib/librcpputils.so /opt/ros/jazzy/lib/librosidl_runtime_c.so /opt/ros/jazzy/lib/librcutils.so -ldl -latomic -Wl,-rpath-link,/opt/ros/jazzy/lib 
gmake[2]: Leaving directory '/home/vdt_2026/VDT_project/build/input_state_cache'
[ 36%] Built target gtest_main
/usr/bin/ranlib libgtest.a
gmake[2]: Leaving directory '/home/vdt_2026/VDT_project/build/input_state_cache'
[ 45%] Built target gtest
/usr/bin/gmake  -f CMakeFiles/input_cache_logic_test.dir/build.make CMakeFiles/input_cache_logic_test.dir/depend
gmake[2]: Entering directory '/home/vdt_2026/VDT_project/build/input_state_cache'
cd /home/vdt_2026/VDT_project/build/input_state_cache && /usr/bin/cmake -E cmake_depends "Unix Makefiles" /home/vdt_2026/VDT_project/ros2_ws/src/input_state_cache /home/vdt_2026/VDT_project/ros2_ws/src/input_state_cache /home/vdt_2026/VDT_project/build/input_state_cache /home/vdt_2026/VDT_project/build/input_state_cache /home/vdt_2026/VDT_project/build/input_state_cache/CMakeFiles/input_cache_logic_test.dir/DependInfo.cmake "--color="
Dependencies file "CMakeFiles/input_cache_logic_test.dir/src/input_cache_logic.cpp.o.d" is newer than depends file "/home/vdt_2026/VDT_project/build/input_state_cache/CMakeFiles/input_cache_logic_test.dir/compiler_depend.internal".
Dependencies file "CMakeFiles/input_cache_logic_test.dir/test/unit/input_state_logic_test.cpp.o.d" is newer than depends file "/home/vdt_2026/VDT_project/build/input_state_cache/CMakeFiles/input_cache_logic_test.dir/compiler_depend.internal".
Consolidate compiler generated dependencies of target input_cache_logic_test
gmake[2]: Leaving directory '/home/vdt_2026/VDT_project/build/input_state_cache'
/usr/bin/gmake  -f CMakeFiles/input_cache_logic_test.dir/build.make CMakeFiles/input_cache_logic_test.dir/build
gmake[2]: Entering directory '/home/vdt_2026/VDT_project/build/input_state_cache'
[ 54%] Linking CXX executable input_cache_logic_test
/usr/bin/cmake -E cmake_link_script CMakeFiles/input_cache_logic_test.dir/link.txt --verbose=1
/usr/bin/c++ -O3 -DNDEBUG CMakeFiles/input_cache_logic_test.dir/test/unit/input_state_logic_test.cpp.o CMakeFiles/input_cache_logic_test.dir/src/input_cache_logic.cpp.o -o input_cache_logic_test  -Wl,-rpath,/opt/ros/jazzy/lib:/home/vdt_2026/VDT_project/install/vdt_msgs/lib gtest/libgtest_main.a gtest/libgtest.a /opt/ros/jazzy/lib/librclcpp.so /opt/ros/jazzy/lib/libnav_msgs__rosidl_typesupport_fastrtps_c.so /opt/ros/jazzy/lib/libnav_msgs__rosidl_typesupport_fastrtps_cpp.so /opt/ros/jazzy/lib/libnav_msgs__rosidl_typesupport_introspection_c.so /opt/ros/jazzy/lib/libnav_msgs__rosidl_typesupport_introspection_cpp.so /opt/ros/jazzy/lib/libnav_msgs__rosidl_typesupport_cpp.so /opt/ros/jazzy/lib/libnav_msgs__rosidl_generator_py.so /home/vdt_2026/VDT_project/install/vdt_msgs/lib/libvdt_msgs__rosidl_typesupport_fastrtps_c.so /home/vdt_2026/VDT_project/install/vdt_msgs/lib/libvdt_msgs__rosidl_typesupport_fastrtps_cpp.so /home/vdt_2026/VDT_project/install/vdt_msgs/lib/libvdt_msgs__rosidl_typesupport_introspection_c.so /home/vdt_2026/VDT_project/install/vdt_msgs/lib/libvdt_msgs__rosidl_typesupport_introspection_cpp.so /home/vdt_2026/VDT_project/install/vdt_msgs/lib/libvdt_msgs__rosidl_typesupport_cpp.so /home/vdt_2026/VDT_project/install/vdt_msgs/lib/libvdt_msgs__rosidl_generator_py.so -pthread /opt/ros/jazzy/lib/liblibstatistics_collector.so /opt/ros/jazzy/lib/librcl.so /opt/ros/jazzy/lib/librmw_implementation.so /opt/ros/jazzy/lib/libtype_description_interfaces__rosidl_typesupport_fastrtps_c.so /opt/ros/jazzy/lib/libtype_description_interfaces__rosidl_typesupport_introspection_c.so /opt/ros/jazzy/lib/libtype_description_interfaces__rosidl_typesupport_fastrtps_cpp.so /opt/ros/jazzy/lib/libtype_description_interfaces__rosidl_typesupport_introspection_cpp.so /opt/ros/jazzy/lib/libtype_description_interfaces__rosidl_typesupport_cpp.so /opt/ros/jazzy/lib/libtype_description_interfaces__rosidl_generator_py.so /opt/ros/jazzy/lib/libtype_description_interfaces__rosidl_typesupport_c.so /opt/ros/jazzy/lib/libtype_description_interfaces__rosidl_generator_c.so /opt/ros/jazzy/lib/librcl_yaml_param_parser.so /opt/ros/jazzy/lib/librosgraph_msgs__rosidl_typesupport_fastrtps_c.so /opt/ros/jazzy/lib/librosgraph_msgs__rosidl_typesupport_fastrtps_cpp.so /opt/ros/jazzy/lib/librosgraph_msgs__rosidl_typesupport_introspection_c.so /opt/ros/jazzy/lib/librosgraph_msgs__rosidl_typesupport_introspection_cpp.so /opt/ros/jazzy/lib/librosgraph_msgs__rosidl_typesupport_cpp.so /opt/ros/jazzy/lib/librosgraph_msgs__rosidl_generator_py.so /opt/ros/jazzy/lib/librcl_interfaces__rosidl_typesupport_fastrtps_c.so /opt/ros/jazzy/lib/librcl_interfaces__rosidl_typesupport_introspection_c.so /opt/ros/jazzy/lib/librcl_interfaces__rosidl_typesupport_fastrtps_cpp.so /opt/ros/jazzy/lib/librcl_interfaces__rosidl_typesupport_introspection_cpp.so /opt/ros/jazzy/lib/librcl_interfaces__rosidl_typesupport_cpp.so /opt/ros/jazzy/lib/librcl_interfaces__rosidl_generator_py.so /opt/ros/jazzy/lib/librosgraph_msgs__rosidl_typesupport_c.so /opt/ros/jazzy/lib/librcl_interfaces__rosidl_typesupport_c.so /opt/ros/jazzy/lib/librosgraph_msgs__rosidl_generator_c.so /opt/ros/jazzy/lib/librcl_interfaces__rosidl_generator_c.so /opt/ros/jazzy/lib/libstatistics_msgs__rosidl_typesupport_fastrtps_c.so /opt/ros/jazzy/lib/libstatistics_msgs__rosidl_typesupport_fastrtps_cpp.so /opt/ros/jazzy/lib/libstatistics_msgs__rosidl_typesupport_introspection_c.so /opt/ros/jazzy/lib/libstatistics_msgs__rosidl_typesupport_introspection_cpp.so /opt/ros/jazzy/lib/libstatistics_msgs__rosidl_typesupport_cpp.so /opt/ros/jazzy/lib/libstatistics_msgs__rosidl_generator_py.so /opt/ros/jazzy/lib/libstatistics_msgs__rosidl_typesupport_c.so /opt/ros/jazzy/lib/libstatistics_msgs__rosidl_generator_c.so /opt/ros/jazzy/lib/libtracetools.so -llttng-ust -llttng-ust-common -rdynamic -ldl /opt/ros/jazzy/lib/librcl_logging_interface.so /opt/ros/jazzy/lib/libnav_msgs__rosidl_typesupport_c.so /opt/ros/jazzy/lib/libnav_msgs__rosidl_generator_c.so /opt/ros/jazzy/lib/libgeometry_msgs__rosidl_typesupport_fastrtps_c.so /opt/ros/jazzy/lib/libservice_msgs__rosidl_typesupport_fastrtps_c.so /opt/ros/jazzy/lib/libgeometry_msgs__rosidl_typesupport_fastrtps_cpp.so /opt/ros/jazzy/lib/libservice_msgs__rosidl_typesupport_fastrtps_cpp.so /opt/ros/jazzy/lib/libgeometry_msgs__rosidl_typesupport_introspection_c.so /opt/ros/jazzy/lib/libservice_msgs__rosidl_typesupport_introspection_c.so /opt/ros/jazzy/lib/libgeometry_msgs__rosidl_typesupport_introspection_cpp.so /opt/ros/jazzy/lib/libservice_msgs__rosidl_typesupport_introspection_cpp.so /opt/ros/jazzy/lib/libgeometry_msgs__rosidl_typesupport_cpp.so /opt/ros/jazzy/lib/libservice_msgs__rosidl_typesupport_cpp.so /opt/ros/jazzy/lib/libgeometry_msgs__rosidl_typesupport_c.so /opt/ros/jazzy/lib/libgeometry_msgs__rosidl_generator_c.so /opt/ros/jazzy/lib/libservice_msgs__rosidl_typesupport_c.so /opt/ros/jazzy/lib/libservice_msgs__rosidl_generator_c.so /home/vdt_2026/VDT_project/install/vdt_msgs/lib/libvdt_msgs__rosidl_typesupport_c.so /home/vdt_2026/VDT_project/install/vdt_msgs/lib/libvdt_msgs__rosidl_generator_c.so /opt/ros/jazzy/lib/libstd_msgs__rosidl_typesupport_fastrtps_c.so /opt/ros/jazzy/lib/libstd_msgs__rosidl_typesupport_fastrtps_cpp.so /opt/ros/jazzy/lib/libstd_msgs__rosidl_typesupport_introspection_c.so /opt/ros/jazzy/lib/libstd_msgs__rosidl_typesupport_introspection_cpp.so /opt/ros/jazzy/lib/libstd_msgs__rosidl_typesupport_cpp.so /opt/ros/jazzy/lib/libbuiltin_interfaces__rosidl_typesupport_fastrtps_c.so /opt/ros/jazzy/lib/librosidl_typesupport_fastrtps_c.so /opt/ros/jazzy/lib/libbuiltin_interfaces__rosidl_typesupport_introspection_c.so /opt/ros/jazzy/lib/libbuiltin_interfaces__rosidl_typesupport_fastrtps_cpp.so /opt/ros/jazzy/lib/librosidl_typesupport_fastrtps_cpp.so /opt/ros/jazzy/lib/librmw.so /opt/ros/jazzy/lib/librosidl_dynamic_typesupport.so /opt/ros/jazzy/lib/libfastcdr.so.2.2.8 /opt/ros/jazzy/lib/libbuiltin_interfaces__rosidl_typesupport_introspection_cpp.so /opt/ros/jazzy/lib/librosidl_typesupport_introspection_cpp.so /opt/ros/jazzy/lib/librosidl_typesupport_introspection_c.so /opt/ros/jazzy/lib/libbuiltin_interfaces__rosidl_typesupport_cpp.so /opt/ros/jazzy/lib/librosidl_typesupport_cpp.so /opt/ros/jazzy/lib/libbuiltin_interfaces__rosidl_generator_py.so /opt/ros/jazzy/lib/libstd_msgs__rosidl_typesupport_c.so /opt/ros/jazzy/lib/libbuiltin_interfaces__rosidl_typesupport_c.so /opt/ros/jazzy/lib/libstd_msgs__rosidl_generator_c.so /opt/ros/jazzy/lib/libbuiltin_interfaces__rosidl_generator_c.so /opt/ros/jazzy/lib/librosidl_typesupport_c.so /opt/ros/jazzy/lib/librcpputils.so /opt/ros/jazzy/lib/librosidl_runtime_c.so /opt/ros/jazzy/lib/librcutils.so -ldl -latomic -Wl,-rpath-link,/opt/ros/jazzy/lib 
gmake[2]: Leaving directory '/home/vdt_2026/VDT_project/build/input_state_cache'
[ 72%] Built target input_cache_logic_test
gmake[2]: Leaving directory '/home/vdt_2026/VDT_project/build/input_state_cache'
[100%] Built target input_cache_node
gmake[1]: Leaving directory '/home/vdt_2026/VDT_project/build/input_state_cache'
/usr/bin/cmake -E cmake_progress_start /home/vdt_2026/VDT_project/build/input_state_cache/CMakeFiles 0

-- Install configuration: "Release"
-- Installing: /home/vdt_2026/VDT_project/install/input_state_cache/lib/input_state_cache/input_cache_node
-- Set non-toolchain portion of runtime path of "/home/vdt_2026/VDT_project/install/input_state_cache/lib/input_state_cache/input_cache_node" to ""
-- Installing: /home/vdt_2026/VDT_project/install/input_state_cache/share/ament_index/resource_index/package_run_dependencies/input_state_cache
-- Installing: /home/vdt_2026/VDT_project/install/input_state_cache/share/ament_index/resource_index/parent_prefix_path/input_state_cache
-- Installing: /home/vdt_2026/VDT_project/install/input_state_cache/share/input_state_cache/environment/ament_prefix_path.sh
-- Installing: /home/vdt_2026/VDT_project/install/input_state_cache/share/input_state_cache/environment/ament_prefix_path.dsv
-- Installing: /home/vdt_2026/VDT_project/install/input_state_cache/share/input_state_cache/environment/path.sh
-- Installing: /home/vdt_2026/VDT_project/install/input_state_cache/share/input_state_cache/environment/path.dsv
-- Installing: /home/vdt_2026/VDT_project/install/input_state_cache/share/input_state_cache/local_setup.bash
-- Installing: /home/vdt_2026/VDT_project/install/input_state_cache/share/input_state_cache/local_setup.sh
-- Installing: /home/vdt_2026/VDT_project/install/input_state_cache/share/input_state_cache/local_setup.zsh
-- Installing: /home/vdt_2026/VDT_project/install/input_state_cache/share/input_state_cache/local_setup.dsv
-- Installing: /home/vdt_2026/VDT_project/install/input_state_cache/share/input_state_cache/package.dsv
-- Installing: /home/vdt_2026/VDT_project/install/input_state_cache/share/ament_index/resource_index/packages/input_state_cache
-- Installing: /home/vdt_2026/VDT_project/install/input_state_cache/share/input_state_cache/cmake/input_state_cacheConfig.cmake
-- Installing: /home/vdt_2026/VDT_project/install/input_state_cache/share/input_state_cache/cmake/input_state_cacheConfig-version.cmake
-- Installing: /home/vdt_2026/VDT_project/install/input_state_cache/share/input_state_cache/package.xml
