[0.018s] Invoking command in '/home/vdt_2026/VDT_project/build/input_state_cache': AMENT_PREFIX_PATH=/home/vdt_2026/VDT_project/install/vdt_msgs:${AMENT_PREFIX_PATH} CMAKE_PREFIX_PATH=/home/vdt_2026/VDT_project/install/vdt_msgs:/home/vdt_2026/ros2_ws/install/px4_msgs:/opt/ros/jazzy LD_LIBRARY_PATH=/home/vdt_2026/VDT_project/install/vdt_msgs/lib:${LD_LIBRARY_PATH} PYTHONPATH=/home/vdt_2026/VDT_project/install/vdt_msgs/lib/python3.12/site-packages:${PYTHONPATH} /usr/bin/cmake /home/vdt_2026/VDT_project/ros2_ws/src/input_state_cache -DCMAKE_VERBOSE_MAKEFILE=ON -DCMAKE_INSTALL_PREFIX=/home/vdt_2026/VDT_project/install/input_state_cache
[0.045s] -- Found ament_cmake: 2.5.6 (/opt/ros/jazzy/share/ament_cmake/cmake)
[0.386s] -- Found rclcpp: 28.1.22 (/opt/ros/jazzy/share/rclcpp/cmake)
[0.419s] -- Found rosidl_generator_c: 4.6.9 (/opt/ros/jazzy/share/rosidl_generator_c/cmake)
[0.432s] -- Found rosidl_generator_cpp: 4.6.9 (/opt/ros/jazzy/share/rosidl_generator_cpp/cmake)
[0.450s] -- Using all available rosidl_typesupport_c: rosidl_typesupport_fastrtps_c;rosidl_typesupport_introspection_c
[0.470s] -- Using all available rosidl_typesupport_cpp: rosidl_typesupport_fastrtps_cpp;rosidl_typesupport_introspection_cpp
[0.552s] -- Found rmw_implementation_cmake: 7.3.3 (/opt/ros/jazzy/share/rmw_implementation_cmake/cmake)
[0.554s] -- Found rmw_fastrtps_cpp: 8.4.4 (/opt/ros/jazzy/share/rmw_fastrtps_cpp/cmake)
[0.643s] -- Using RMW implementation 'rmw_fastrtps_cpp' as default
[0.730s] -- Found nav_msgs: 5.3.8 (/opt/ros/jazzy/share/nav_msgs/cmake)
[0.803s] -- Found vdt_msgs: 0.1.0 (/home/vdt_2026/VDT_project/install/vdt_msgs/share/vdt_msgs/cmake)
[0.824s] -- Found ament_cmake_gtest: 2.5.6 (/opt/ros/jazzy/share/ament_cmake_gtest/cmake)
[0.824s] -- Found launch_testing_ament_cmake: 3.4.12 (/opt/ros/jazzy/share/launch_testing_ament_cmake/cmake)
[0.825s] -- Found python_cmake_module: 0.11.1 (/opt/ros/jazzy/share/python_cmake_module/cmake)
[1.035s] -- Found gtest sources under '/opt/ros/jazzy/src/gtest_vendor': C++ tests using 'Google Test' will be built
[1.209s] -- Configuring done (1.2s)
[1.290s] -- Generating done (0.1s)
[1.317s] -- Build files have been written to: /home/vdt_2026/VDT_project/build/input_state_cache
[1.337s] Invoked command in '/home/vdt_2026/VDT_project/build/input_state_cache' returned '0': AMENT_PREFIX_PATH=/home/vdt_2026/VDT_project/install/vdt_msgs:${AMENT_PREFIX_PATH} CMAKE_PREFIX_PATH=/home/vdt_2026/VDT_project/install/vdt_msgs:/home/vdt_2026/ros2_ws/install/px4_msgs:/opt/ros/jazzy LD_LIBRARY_PATH=/home/vdt_2026/VDT_project/install/vdt_msgs/lib:${LD_LIBRARY_PATH} PYTHONPATH=/home/vdt_2026/VDT_project/install/vdt_msgs/lib/python3.12/site-packages:${PYTHONPATH} /usr/bin/cmake /home/vdt_2026/VDT_project/ros2_ws/src/input_state_cache -DCMAKE_VERBOSE_MAKEFILE=ON -DCMAKE_INSTALL_PREFIX=/home/vdt_2026/VDT_project/install/input_state_cache
[1.338s] Invoking command in '/home/vdt_2026/VDT_project/build/input_state_cache': AMENT_PREFIX_PATH=/home/vdt_2026/VDT_project/install/vdt_msgs:${AMENT_PREFIX_PATH} CMAKE_PREFIX_PATH=/home/vdt_2026/VDT_project/install/vdt_msgs:/home/vdt_2026/ros2_ws/install/px4_msgs:/opt/ros/jazzy LD_LIBRARY_PATH=/home/vdt_2026/VDT_project/install/vdt_msgs/lib:${LD_LIBRARY_PATH} PYTHONPATH=/home/vdt_2026/VDT_project/install/vdt_msgs/lib/python3.12/site-packages:${PYTHONPATH} /usr/bin/cmake --build /home/vdt_2026/VDT_project/build/input_state_cache -- -j4 -l4
[1.353s] Change Dir: '/home/vdt_2026/VDT_project/build/input_state_cache'
[1.353s] 
[1.354s] Run Build Command(s): /usr/bin/cmake -E env VERBOSE=1 /usr/bin/gmake -f Makefile -j4 -l4
[1.371s] /usr/bin/cmake -S/home/vdt_2026/VDT_project/ros2_ws/src/input_state_cache -B/home/vdt_2026/VDT_project/build/input_state_cache --check-build-system CMakeFiles/Makefile.cmake 0
[1.392s] /usr/bin/cmake -E cmake_progress_start /home/vdt_2026/VDT_project/build/input_state_cache/CMakeFiles /home/vdt_2026/VDT_project/build/input_state_cache//CMakeFiles/progress.marks
[1.405s] /usr/bin/gmake  -f CMakeFiles/Makefile2 all
[1.407s] gmake[1]: Entering directory '/home/vdt_2026/VDT_project/build/input_state_cache'
[1.407s] /usr/bin/gmake  -f CMakeFiles/input_cache_node.dir/build.make CMakeFiles/input_cache_node.dir/depend
[1.408s] /usr/bin/gmake  -f gtest/CMakeFiles/gtest_main.dir/build.make gtest/CMakeFiles/gtest_main.dir/depend
[1.408s] /usr/bin/gmake  -f gtest/CMakeFiles/gtest.dir/build.make gtest/CMakeFiles/gtest.dir/depend
[1.410s] gmake[2]: Entering directory '/home/vdt_2026/VDT_project/build/input_state_cache'
[1.410s] gmake[2]: Entering directory '/home/vdt_2026/VDT_project/build/input_state_cache'
[1.410s] cd /home/vdt_2026/VDT_project/build/input_state_cache && /usr/bin/cmake -E cmake_depends "Unix Makefiles" /home/vdt_2026/VDT_project/ros2_ws/src/input_state_cache /home/vdt_2026/VDT_project/ros2_ws/src/input_state_cache /home/vdt_2026/VDT_project/build/input_state_cache /home/vdt_2026/VDT_project/build/input_state_cache /home/vdt_2026/VDT_project/build/input_state_cache/CMakeFiles/input_cache_node.dir/DependInfo.cmake "--color="
[1.411s] cd /home/vdt_2026/VDT_project/build/input_state_cache && /usr/bin/cmake -E cmake_depends "Unix Makefiles" /home/vdt_2026/VDT_project/ros2_ws/src/input_state_cache /opt/ros/jazzy/src/gtest_vendor /home/vdt_2026/VDT_project/build/input_state_cache /home/vdt_2026/VDT_project/build/input_state_cache/gtest /home/vdt_2026/VDT_project/build/input_state_cache/gtest/CMakeFiles/gtest_main.dir/DependInfo.cmake "--color="
[1.411s] gmake[2]: Entering directory '/home/vdt_2026/VDT_project/build/input_state_cache'
[1.411s] cd /home/vdt_2026/VDT_project/build/input_state_cache && /usr/bin/cmake -E cmake_depends "Unix Makefiles" /home/vdt_2026/VDT_project/ros2_ws/src/input_state_cache /opt/ros/jazzy/src/gtest_vendor /home/vdt_2026/VDT_project/build/input_state_cache /home/vdt_2026/VDT_project/build/input_state_cache/gtest /home/vdt_2026/VDT_project/build/input_state_cache/gtest/CMakeFiles/gtest.dir/DependInfo.cmake "--color="
[1.427s] Dependencies file "gtest/CMakeFiles/gtest_main.dir/src/gtest_main.cc.o.d" is newer than depends file "/home/vdt_2026/VDT_project/build/input_state_cache/gtest/CMakeFiles/gtest_main.dir/compiler_depend.internal".
[1.427s] Dependencies file "CMakeFiles/input_cache_node.dir/src/input_cache_logic.cpp.o.d" is newer than depends file "/home/vdt_2026/VDT_project/build/input_state_cache/CMakeFiles/input_cache_node.dir/compiler_depend.internal".
[1.427s] Dependencies file "gtest/CMakeFiles/gtest.dir/src/gtest-all.cc.o.d" is newer than depends file "/home/vdt_2026/VDT_project/build/input_state_cache/gtest/CMakeFiles/gtest.dir/compiler_depend.internal".
[1.429s] Dependencies file "CMakeFiles/input_cache_node.dir/src/input_cache_node.cpp.o.d" is newer than depends file "/home/vdt_2026/VDT_project/build/input_state_cache/CMakeFiles/input_cache_node.dir/compiler_depend.internal".
[1.433s] Consolidate compiler generated dependencies of target gtest_main
[1.434s] Dependencies file "CMakeFiles/input_cache_node.dir/src/main.cpp.o.d" is newer than depends file "/home/vdt_2026/VDT_project/build/input_state_cache/CMakeFiles/input_cache_node.dir/compiler_depend.internal".
[1.435s] gmake[2]: Leaving directory '/home/vdt_2026/VDT_project/build/input_state_cache'
[1.436s] /usr/bin/gmake  -f gtest/CMakeFiles/gtest_main.dir/build.make gtest/CMakeFiles/gtest_main.dir/build
[1.436s] Consolidate compiler generated dependencies of target gtest
[1.438s] gmake[2]: Leaving directory '/home/vdt_2026/VDT_project/build/input_state_cache'
[1.439s] /usr/bin/gmake  -f gtest/CMakeFiles/gtest.dir/build.make gtest/CMakeFiles/gtest.dir/build
[1.441s] gmake[2]: Entering directory '/home/vdt_2026/VDT_project/build/input_state_cache'
[1.444s] gmake[2]: Entering directory '/home/vdt_2026/VDT_project/build/input_state_cache'
[1.453s] Consolidate compiler generated dependencies of target input_cache_node
[1.453s] gmake[2]: Leaving directory '/home/vdt_2026/VDT_project/build/input_state_cache'
[1.453s] /usr/bin/gmake  -f CMakeFiles/input_cache_node.dir/build.make CMakeFiles/input_cache_node.dir/build
[1.459s] [  9%] Linking CXX static library libgtest_main.a
[1.461s] cd /home/vdt_2026/VDT_project/build/input_state_cache/gtest && /usr/bin/cmake -P CMakeFiles/gtest_main.dir/cmake_clean_target.cmake
[1.463s] [ 18%] Linking CXX static library libgtest.a
[1.464s] cd /home/vdt_2026/VDT_project/build/input_state_cache/gtest && /usr/bin/cmake -P CMakeFiles/gtest.dir/cmake_clean_target.cmake
[1.475s] gmake[2]: Entering directory '/home/vdt_2026/VDT_project/build/input_state_cache'
[1.482s] cd /home/vdt_2026/VDT_project/build/input_state_cache/gtest && /usr/bin/cmake -E cmake_link_script CMakeFiles/gtest_main.dir/link.txt --verbose=1
[1.485s] cd /home/vdt_2026/VDT_project/build/input_state_cache/gtest && /usr/bin/cmake -E cmake_link_script CMakeFiles/gtest.dir/link.txt --verbose=1
[1.495s] [ 27%] Linking CXX executable input_cache_node
[1.495s] /usr/bin/cmake -E cmake_link_script CMakeFiles/input_cache_node.dir/link.txt --verbose=1
[1.499s] /usr/bin/ar qc libgtest_main.a CMakeFiles/gtest_main.dir/src/gtest_main.cc.o
[1.504s] /usr/bin/ar qc libgtest.a "CMakeFiles/gtest.dir/src/gtest-all.cc.o"
[1.508s] /usr/bin/ranlib libgtest_main.a
[1.512s] /usr/bin/c++ -O3 -DNDEBUG CMakeFiles/input_cache_node.dir/src/main.cpp.o CMakeFiles/input_cache_node.dir/src/input_cache_node.cpp.o CMakeFiles/input_cache_node.dir/src/input_cache_logic.cpp.o -o input_cache_node  -Wl,-rpath,/opt/ros/jazzy/lib:/home/vdt_2026/VDT_project/install/vdt_msgs/lib: /opt/ros/jazzy/lib/librclcpp.so /opt/ros/jazzy/lib/libnav_msgs__rosidl_typesupport_fastrtps_c.so /opt/ros/jazzy/lib/libnav_msgs__rosidl_typesupport_fastrtps_cpp.so /opt/ros/jazzy/lib/libnav_msgs__rosidl_typesupport_introspection_c.so /opt/ros/jazzy/lib/libnav_msgs__rosidl_typesupport_introspection_cpp.so /opt/ros/jazzy/lib/libnav_msgs__rosidl_typesupport_cpp.so /opt/ros/jazzy/lib/libnav_msgs__rosidl_generator_py.so /home/vdt_2026/VDT_project/install/vdt_msgs/lib/libvdt_msgs__rosidl_typesupport_fastrtps_c.so /home/vdt_2026/VDT_project/install/vdt_msgs/lib/libvdt_msgs__rosidl_typesupport_fastrtps_cpp.so /home/vdt_2026/VDT_project/install/vdt_msgs/lib/libvdt_msgs__rosidl_typesupport_introspection_c.so /home/vdt_2026/VDT_project/install/vdt_msgs/lib/libvdt_msgs__rosidl_typesupport_introspection_cpp.so /home/vdt_2026/VDT_project/install/vdt_msgs/lib/libvdt_msgs__rosidl_typesupport_cpp.so /home/vdt_2026/VDT_project/install/vdt_msgs/lib/libvdt_msgs__rosidl_generator_py.so /opt/ros/jazzy/lib/liblibstatistics_collector.so /opt/ros/jazzy/lib/librcl.so /opt/ros/jazzy/lib/librmw_implementation.so /opt/ros/jazzy/lib/libtype_description_interfaces__rosidl_typesupport_fastrtps_c.so /opt/ros/jazzy/lib/libtype_description_interfaces__rosidl_typesupport_introspection_c.so /opt/ros/jazzy/lib/libtype_description_interfaces__rosidl_typesupport_fastrtps_cpp.so /opt/ros/jazzy/lib/libtype_description_interfaces__rosidl_typesupport_introspection_cpp.so /opt/ros/jazzy/lib/libtype_description_interfaces__rosidl_typesupport_cpp.so /opt/ros/jazzy/lib/libtype_description_interfaces__rosidl_generator_py.so /opt/ros/jazzy/lib/libtype_description_interfaces__rosidl_typesupport_c.so /opt/ros/jazzy/lib/libtype_description_interfaces__rosidl_generator_c.so /opt/ros/jazzy/lib/librcl_yaml_param_parser.so /opt/ros/jazzy/lib/librosgraph_msgs__rosidl_typesupport_fastrtps_c.so /opt/ros/jazzy/lib/librosgraph_msgs__rosidl_typesupport_fastrtps_cpp.so /opt/ros/jazzy/lib/librosgraph_msgs__rosidl_typesupport_introspection_c.so /opt/ros/jazzy/lib/librosgraph_msgs__rosidl_typesupport_introspection_cpp.so /opt/ros/jazzy/lib/librosgraph_msgs__rosidl_typesupport_cpp.so /opt/ros/jazzy/lib/librosgraph_msgs__rosidl_generator_py.so /opt/ros/jazzy/lib/librcl_interfaces__rosidl_typesupport_fastrtps_c.so /opt/ros/jazzy/lib/librcl_interfaces__rosidl_typesupport_introspection_c.so /opt/ros/jazzy/lib/librcl_interfaces__rosidl_typesupport_fastrtps_cpp.so /opt/ros/jazzy/lib/librcl_interfaces__rosidl_typesupport_introspection_cpp.so /opt/ros/jazzy/lib/librcl_interfaces__rosidl_typesupport_cpp.so /opt/ros/jazzy/lib/librcl_interfaces__rosidl_generator_py.so /opt/ros/jazzy/lib/librosgraph_msgs__rosidl_typesupport_c.so /opt/ros/jazzy/lib/librcl_interfaces__rosidl_typesupport_c.so /opt/ros/jazzy/lib/librosgraph_msgs__rosidl_generator_c.so /opt/ros/jazzy/lib/librcl_interfaces__rosidl_generator_c.so /opt/ros/jazzy/lib/libstatistics_msgs__rosidl_typesupport_fastrtps_c.so /opt/ros/jazzy/lib/libstatistics_msgs__rosidl_typesupport_fastrtps_cpp.so /opt/ros/jazzy/lib/libstatistics_msgs__rosidl_typesupport_introspection_c.so /opt/ros/jazzy/lib/libstatistics_msgs__rosidl_typesupport_introspection_cpp.so /opt/ros/jazzy/lib/libstatistics_msgs__rosidl_typesupport_cpp.so /opt/ros/jazzy/lib/libstatistics_msgs__rosidl_generator_py.so /opt/ros/jazzy/lib/libstatistics_msgs__rosidl_typesupport_c.so /opt/ros/jazzy/lib/libstatistics_msgs__rosidl_generator_c.so /opt/ros/jazzy/lib/libtracetools.so -llttng-ust -llttng-ust-common -rdynamic -ldl /opt/ros/jazzy/lib/librcl_logging_interface.so /opt/ros/jazzy/lib/libnav_msgs__rosidl_typesupport_c.so /opt/ros/jazzy/lib/libnav_msgs__rosidl_generator_c.so /opt/ros/jazzy/lib/libgeometry_msgs__rosidl_typesupport_fastrtps_c.so /opt/ros/jazzy/lib/libservice_msgs__rosidl_typesupport_fastrtps_c.so /opt/ros/jazzy/lib/libgeometry_msgs__rosidl_typesupport_fastrtps_cpp.so /opt/ros/jazzy/lib/libservice_msgs__rosidl_typesupport_fastrtps_cpp.so /opt/ros/jazzy/lib/libgeometry_msgs__rosidl_typesupport_introspection_c.so /opt/ros/jazzy/lib/libservice_msgs__rosidl_typesupport_introspection_c.so /opt/ros/jazzy/lib/libgeometry_msgs__rosidl_typesupport_introspection_cpp.so /opt/ros/jazzy/lib/libservice_msgs__rosidl_typesupport_introspection_cpp.so /opt/ros/jazzy/lib/libgeometry_msgs__rosidl_typesupport_cpp.so /opt/ros/jazzy/lib/libservice_msgs__rosidl_typesupport_cpp.so /opt/ros/jazzy/lib/libgeometry_msgs__rosidl_typesupport_c.so /opt/ros/jazzy/lib/libgeometry_msgs__rosidl_generator_c.so /opt/ros/jazzy/lib/libservice_msgs__rosidl_typesupport_c.so /opt/ros/jazzy/lib/libservice_msgs__rosidl_generator_c.so /home/vdt_2026/VDT_project/install/vdt_msgs/lib/libvdt_msgs__rosidl_typesupport_c.so /home/vdt_2026/VDT_project/install/vdt_msgs/lib/libvdt_msgs__rosidl_generator_c.so /opt/ros/jazzy/lib/libstd_msgs__rosidl_typesupport_fastrtps_c.so /opt/ros/jazzy/lib/libstd_msgs__rosidl_typesupport_fastrtps_cpp.so /opt/ros/jazzy/lib/libstd_msgs__rosidl_typesupport_introspection_c.so /opt/ros/jazzy/lib/libstd_msgs__rosidl_typesupport_introspection_cpp.so /opt/ros/jazzy/lib/libstd_msgs__rosidl_typesupport_cpp.so /opt/ros/jazzy/lib/libbuiltin_interfaces__rosidl_typesupport_fastrtps_c.so /opt/ros/jazzy/lib/librosidl_typesupport_fastrtps_c.so /opt/ros/jazzy/lib/libbuiltin_interfaces__rosidl_typesupport_introspection_c.so /opt/ros/jazzy/lib/libbuiltin_interfaces__rosidl_typesupport_fastrtps_cpp.so /opt/ros/jazzy/lib/librosidl_typesupport_fastrtps_cpp.so /opt/ros/jazzy/lib/librmw.so /opt/ros/jazzy/lib/librosidl_dynamic_typesupport.so /opt/ros/jazzy/lib/libfastcdr.so.2.2.8 /opt/ros/jazzy/lib/libbuiltin_interfaces__rosidl_typesupport_introspection_cpp.so /opt/ros/jazzy/lib/librosidl_typesupport_introspection_cpp.so /opt/ros/jazzy/lib/librosidl_typesupport_introspection_c.so /opt/ros/jazzy/lib/libbuiltin_interfaces__rosidl_typesupport_cpp.so /opt/ros/jazzy/lib/librosidl_typesupport_cpp.so /opt/ros/jazzy/lib/libbuiltin_interfaces__rosidl_generator_py.so /opt/ros/jazzy/lib/libstd_msgs__rosidl_typesupport_c.so /opt/ros/jazzy/lib/libbuiltin_interfaces__rosidl_typesupport_c.so /opt/ros/jazzy/lib/libstd_msgs__rosidl_generator_c.so /opt/ros/jazzy/lib/libbuiltin_interfaces__rosidl_generator_c.so /opt/ros/jazzy/lib/librosidl_typesupport_c.so /opt/ros/jazzy/lib/librcpputils.so /opt/ros/jazzy/lib/librosidl_runtime_c.so /opt/ros/jazzy/lib/librcutils.so -ldl -latomic -Wl,-rpath-link,/opt/ros/jazzy/lib 
[1.516s] gmake[2]: Leaving directory '/home/vdt_2026/VDT_project/build/input_state_cache'
[1.532s] [ 36%] Built target gtest_main
[1.557s] /usr/bin/ranlib libgtest.a
[1.596s] gmake[2]: Leaving directory '/home/vdt_2026/VDT_project/build/input_state_cache'
[1.614s] [ 45%] Built target gtest
[1.616s] /usr/bin/gmake  -f CMakeFiles/input_cache_logic_test.dir/build.make CMakeFiles/input_cache_logic_test.dir/depend
[1.618s] gmake[2]: Entering directory '/home/vdt_2026/VDT_project/build/input_state_cache'
[1.619s] cd /home/vdt_2026/VDT_project/build/input_state_cache && /usr/bin/cmake -E cmake_depends "Unix Makefiles" /home/vdt_2026/VDT_project/ros2_ws/src/input_state_cache /home/vdt_2026/VDT_project/ros2_ws/src/input_state_cache /home/vdt_2026/VDT_project/build/input_state_cache /home/vdt_2026/VDT_project/build/input_state_cache /home/vdt_2026/VDT_project/build/input_state_cache/CMakeFiles/input_cache_logic_test.dir/DependInfo.cmake "--color="
[1.638s] Dependencies file "CMakeFiles/input_cache_logic_test.dir/src/input_cache_logic.cpp.o.d" is newer than depends file "/home/vdt_2026/VDT_project/build/input_state_cache/CMakeFiles/input_cache_logic_test.dir/compiler_depend.internal".
[1.639s] Dependencies file "CMakeFiles/input_cache_logic_test.dir/test/unit/input_state_logic_test.cpp.o.d" is newer than depends file "/home/vdt_2026/VDT_project/build/input_state_cache/CMakeFiles/input_cache_logic_test.dir/compiler_depend.internal".
[1.646s] Consolidate compiler generated dependencies of target input_cache_logic_test
[1.650s] gmake[2]: Leaving directory '/home/vdt_2026/VDT_project/build/input_state_cache'
[1.651s] /usr/bin/gmake  -f CMakeFiles/input_cache_logic_test.dir/build.make CMakeFiles/input_cache_logic_test.dir/build
[1.658s] gmake[2]: Entering directory '/home/vdt_2026/VDT_project/build/input_state_cache'
[1.682s] [ 54%] Linking CXX executable input_cache_logic_test
[1.686s] /usr/bin/cmake -E cmake_link_script CMakeFiles/input_cache_logic_test.dir/link.txt --verbose=1
[1.707s] /usr/bin/c++ -O3 -DNDEBUG CMakeFiles/input_cache_logic_test.dir/test/unit/input_state_logic_test.cpp.o CMakeFiles/input_cache_logic_test.dir/src/input_cache_logic.cpp.o -o input_cache_logic_test  -Wl,-rpath,/opt/ros/jazzy/lib:/home/vdt_2026/VDT_project/install/vdt_msgs/lib gtest/libgtest_main.a gtest/libgtest.a /opt/ros/jazzy/lib/librclcpp.so /opt/ros/jazzy/lib/libnav_msgs__rosidl_typesupport_fastrtps_c.so /opt/ros/jazzy/lib/libnav_msgs__rosidl_typesupport_fastrtps_cpp.so /opt/ros/jazzy/lib/libnav_msgs__rosidl_typesupport_introspection_c.so /opt/ros/jazzy/lib/libnav_msgs__rosidl_typesupport_introspection_cpp.so /opt/ros/jazzy/lib/libnav_msgs__rosidl_typesupport_cpp.so /opt/ros/jazzy/lib/libnav_msgs__rosidl_generator_py.so /home/vdt_2026/VDT_project/install/vdt_msgs/lib/libvdt_msgs__rosidl_typesupport_fastrtps_c.so /home/vdt_2026/VDT_project/install/vdt_msgs/lib/libvdt_msgs__rosidl_typesupport_fastrtps_cpp.so /home/vdt_2026/VDT_project/install/vdt_msgs/lib/libvdt_msgs__rosidl_typesupport_introspection_c.so /home/vdt_2026/VDT_project/install/vdt_msgs/lib/libvdt_msgs__rosidl_typesupport_introspection_cpp.so /home/vdt_2026/VDT_project/install/vdt_msgs/lib/libvdt_msgs__rosidl_typesupport_cpp.so /home/vdt_2026/VDT_project/install/vdt_msgs/lib/libvdt_msgs__rosidl_generator_py.so -pthread /opt/ros/jazzy/lib/liblibstatistics_collector.so /opt/ros/jazzy/lib/librcl.so /opt/ros/jazzy/lib/librmw_implementation.so /opt/ros/jazzy/lib/libtype_description_interfaces__rosidl_typesupport_fastrtps_c.so /opt/ros/jazzy/lib/libtype_description_interfaces__rosidl_typesupport_introspection_c.so /opt/ros/jazzy/lib/libtype_description_interfaces__rosidl_typesupport_fastrtps_cpp.so /opt/ros/jazzy/lib/libtype_description_interfaces__rosidl_typesupport_introspection_cpp.so /opt/ros/jazzy/lib/libtype_description_interfaces__rosidl_typesupport_cpp.so /opt/ros/jazzy/lib/libtype_description_interfaces__rosidl_generator_py.so /opt/ros/jazzy/lib/libtype_description_interfaces__rosidl_typesupport_c.so /opt/ros/jazzy/lib/libtype_description_interfaces__rosidl_generator_c.so /opt/ros/jazzy/lib/librcl_yaml_param_parser.so /opt/ros/jazzy/lib/librosgraph_msgs__rosidl_typesupport_fastrtps_c.so /opt/ros/jazzy/lib/librosgraph_msgs__rosidl_typesupport_fastrtps_cpp.so /opt/ros/jazzy/lib/librosgraph_msgs__rosidl_typesupport_introspection_c.so /opt/ros/jazzy/lib/librosgraph_msgs__rosidl_typesupport_introspection_cpp.so /opt/ros/jazzy/lib/librosgraph_msgs__rosidl_typesupport_cpp.so /opt/ros/jazzy/lib/librosgraph_msgs__rosidl_generator_py.so /opt/ros/jazzy/lib/librcl_interfaces__rosidl_typesupport_fastrtps_c.so /opt/ros/jazzy/lib/librcl_interfaces__rosidl_typesupport_introspection_c.so /opt/ros/jazzy/lib/librcl_interfaces__rosidl_typesupport_fastrtps_cpp.so /opt/ros/jazzy/lib/librcl_interfaces__rosidl_typesupport_introspection_cpp.so /opt/ros/jazzy/lib/librcl_interfaces__rosidl_typesupport_cpp.so /opt/ros/jazzy/lib/librcl_interfaces__rosidl_generator_py.so /opt/ros/jazzy/lib/librosgraph_msgs__rosidl_typesupport_c.so /opt/ros/jazzy/lib/librcl_interfaces__rosidl_typesupport_c.so /opt/ros/jazzy/lib/librosgraph_msgs__rosidl_generator_c.so /opt/ros/jazzy/lib/librcl_interfaces__rosidl_generator_c.so /opt/ros/jazzy/lib/libstatistics_msgs__rosidl_typesupport_fastrtps_c.so /opt/ros/jazzy/lib/libstatistics_msgs__rosidl_typesupport_fastrtps_cpp.so /opt/ros/jazzy/lib/libstatistics_msgs__rosidl_typesupport_introspection_c.so /opt/ros/jazzy/lib/libstatistics_msgs__rosidl_typesupport_introspection_cpp.so /opt/ros/jazzy/lib/libstatistics_msgs__rosidl_typesupport_cpp.so /opt/ros/jazzy/lib/libstatistics_msgs__rosidl_generator_py.so /opt/ros/jazzy/lib/libstatistics_msgs__rosidl_typesupport_c.so /opt/ros/jazzy/lib/libstatistics_msgs__rosidl_generator_c.so /opt/ros/jazzy/lib/libtracetools.so -llttng-ust -llttng-ust-common -rdynamic -ldl /opt/ros/jazzy/lib/librcl_logging_interface.so /opt/ros/jazzy/lib/libnav_msgs__rosidl_typesupport_c.so /opt/ros/jazzy/lib/libnav_msgs__rosidl_generator_c.so /opt/ros/jazzy/lib/libgeometry_msgs__rosidl_typesupport_fastrtps_c.so /opt/ros/jazzy/lib/libservice_msgs__rosidl_typesupport_fastrtps_c.so /opt/ros/jazzy/lib/libgeometry_msgs__rosidl_typesupport_fastrtps_cpp.so /opt/ros/jazzy/lib/libservice_msgs__rosidl_typesupport_fastrtps_cpp.so /opt/ros/jazzy/lib/libgeometry_msgs__rosidl_typesupport_introspection_c.so /opt/ros/jazzy/lib/libservice_msgs__rosidl_typesupport_introspection_c.so /opt/ros/jazzy/lib/libgeometry_msgs__rosidl_typesupport_introspection_cpp.so /opt/ros/jazzy/lib/libservice_msgs__rosidl_typesupport_introspection_cpp.so /opt/ros/jazzy/lib/libgeometry_msgs__rosidl_typesupport_cpp.so /opt/ros/jazzy/lib/libservice_msgs__rosidl_typesupport_cpp.so /opt/ros/jazzy/lib/libgeometry_msgs__rosidl_typesupport_c.so /opt/ros/jazzy/lib/libgeometry_msgs__rosidl_generator_c.so /opt/ros/jazzy/lib/libservice_msgs__rosidl_typesupport_c.so /opt/ros/jazzy/lib/libservice_msgs__rosidl_generator_c.so /home/vdt_2026/VDT_project/install/vdt_msgs/lib/libvdt_msgs__rosidl_typesupport_c.so /home/vdt_2026/VDT_project/install/vdt_msgs/lib/libvdt_msgs__rosidl_generator_c.so /opt/ros/jazzy/lib/libstd_msgs__rosidl_typesupport_fastrtps_c.so /opt/ros/jazzy/lib/libstd_msgs__rosidl_typesupport_fastrtps_cpp.so /opt/ros/jazzy/lib/libstd_msgs__rosidl_typesupport_introspection_c.so /opt/ros/jazzy/lib/libstd_msgs__rosidl_typesupport_introspection_cpp.so /opt/ros/jazzy/lib/libstd_msgs__rosidl_typesupport_cpp.so /opt/ros/jazzy/lib/libbuiltin_interfaces__rosidl_typesupport_fastrtps_c.so /opt/ros/jazzy/lib/librosidl_typesupport_fastrtps_c.so /opt/ros/jazzy/lib/libbuiltin_interfaces__rosidl_typesupport_introspection_c.so /opt/ros/jazzy/lib/libbuiltin_interfaces__rosidl_typesupport_fastrtps_cpp.so /opt/ros/jazzy/lib/librosidl_typesupport_fastrtps_cpp.so /opt/ros/jazzy/lib/librmw.so /opt/ros/jazzy/lib/librosidl_dynamic_typesupport.so /opt/ros/jazzy/lib/libfastcdr.so.2.2.8 /opt/ros/jazzy/lib/libbuiltin_interfaces__rosidl_typesupport_introspection_cpp.so /opt/ros/jazzy/lib/librosidl_typesupport_introspection_cpp.so /opt/ros/jazzy/lib/librosidl_typesupport_introspection_c.so /opt/ros/jazzy/lib/libbuiltin_interfaces__rosidl_typesupport_cpp.so /opt/ros/jazzy/lib/librosidl_typesupport_cpp.so /opt/ros/jazzy/lib/libbuiltin_interfaces__rosidl_generator_py.so /opt/ros/jazzy/lib/libstd_msgs__rosidl_typesupport_c.so /opt/ros/jazzy/lib/libbuiltin_interfaces__rosidl_typesupport_c.so /opt/ros/jazzy/lib/libstd_msgs__rosidl_generator_c.so /opt/ros/jazzy/lib/libbuiltin_interfaces__rosidl_generator_c.so /opt/ros/jazzy/lib/librosidl_typesupport_c.so /opt/ros/jazzy/lib/librcpputils.so /opt/ros/jazzy/lib/librosidl_runtime_c.so /opt/ros/jazzy/lib/librcutils.so -ldl -latomic -Wl,-rpath-link,/opt/ros/jazzy/lib 
[2.097s] gmake[2]: Leaving directory '/home/vdt_2026/VDT_project/build/input_state_cache'
[2.116s] [ 72%] Built target input_cache_logic_test
[2.243s] gmake[2]: Leaving directory '/home/vdt_2026/VDT_project/build/input_state_cache'
[2.257s] [100%] Built target input_cache_node
[2.258s] gmake[1]: Leaving directory '/home/vdt_2026/VDT_project/build/input_state_cache'
[2.258s] /usr/bin/cmake -E cmake_progress_start /home/vdt_2026/VDT_project/build/input_state_cache/CMakeFiles 0
[2.275s] 
[2.277s] Invoked command in '/home/vdt_2026/VDT_project/build/input_state_cache' returned '0': AMENT_PREFIX_PATH=/home/vdt_2026/VDT_project/install/vdt_msgs:${AMENT_PREFIX_PATH} CMAKE_PREFIX_PATH=/home/vdt_2026/VDT_project/install/vdt_msgs:/home/vdt_2026/ros2_ws/install/px4_msgs:/opt/ros/jazzy LD_LIBRARY_PATH=/home/vdt_2026/VDT_project/install/vdt_msgs/lib:${LD_LIBRARY_PATH} PYTHONPATH=/home/vdt_2026/VDT_project/install/vdt_msgs/lib/python3.12/site-packages:${PYTHONPATH} /usr/bin/cmake --build /home/vdt_2026/VDT_project/build/input_state_cache -- -j4 -l4
[2.280s] Invoking command in '/home/vdt_2026/VDT_project/build/input_state_cache': AMENT_PREFIX_PATH=/home/vdt_2026/VDT_project/install/vdt_msgs:${AMENT_PREFIX_PATH} CMAKE_PREFIX_PATH=/home/vdt_2026/VDT_project/install/vdt_msgs:/home/vdt_2026/ros2_ws/install/px4_msgs:/opt/ros/jazzy LD_LIBRARY_PATH=/home/vdt_2026/VDT_project/install/vdt_msgs/lib:${LD_LIBRARY_PATH} PYTHONPATH=/home/vdt_2026/VDT_project/install/vdt_msgs/lib/python3.12/site-packages:${PYTHONPATH} /usr/bin/cmake --install /home/vdt_2026/VDT_project/build/input_state_cache
[2.294s] -- Install configuration: "Release"
[2.294s] -- Installing: /home/vdt_2026/VDT_project/install/input_state_cache/lib/input_state_cache/input_cache_node
[2.299s] -- Set non-toolchain portion of runtime path of "/home/vdt_2026/VDT_project/install/input_state_cache/lib/input_state_cache/input_cache_node" to ""
[2.300s] -- Installing: /home/vdt_2026/VDT_project/install/input_state_cache/share/ament_index/resource_index/package_run_dependencies/input_state_cache
[2.300s] -- Installing: /home/vdt_2026/VDT_project/install/input_state_cache/share/ament_index/resource_index/parent_prefix_path/input_state_cache
[2.300s] -- Installing: /home/vdt_2026/VDT_project/install/input_state_cache/share/input_state_cache/environment/ament_prefix_path.sh
[2.304s] -- Installing: /home/vdt_2026/VDT_project/install/input_state_cache/share/input_state_cache/environment/ament_prefix_path.dsv
[2.304s] -- Installing: /home/vdt_2026/VDT_project/install/input_state_cache/share/input_state_cache/environment/path.sh
[2.304s] -- Installing: /home/vdt_2026/VDT_project/install/input_state_cache/share/input_state_cache/environment/path.dsv
[2.304s] -- Installing: /home/vdt_2026/VDT_project/install/input_state_cache/share/input_state_cache/local_setup.bash
[2.304s] -- Installing: /home/vdt_2026/VDT_project/install/input_state_cache/share/input_state_cache/local_setup.sh
[2.304s] -- Installing: /home/vdt_2026/VDT_project/install/input_state_cache/share/input_state_cache/local_setup.zsh
[2.304s] -- Installing: /home/vdt_2026/VDT_project/install/input_state_cache/share/input_state_cache/local_setup.dsv
[2.304s] -- Installing: /home/vdt_2026/VDT_project/install/input_state_cache/share/input_state_cache/package.dsv
[2.304s] -- Installing: /home/vdt_2026/VDT_project/install/input_state_cache/share/ament_index/resource_index/packages/input_state_cache
[2.304s] -- Installing: /home/vdt_2026/VDT_project/install/input_state_cache/share/input_state_cache/cmake/input_state_cacheConfig.cmake
[2.305s] -- Installing: /home/vdt_2026/VDT_project/install/input_state_cache/share/input_state_cache/cmake/input_state_cacheConfig-version.cmake
[2.305s] -- Installing: /home/vdt_2026/VDT_project/install/input_state_cache/share/input_state_cache/package.xml
[2.306s] Invoked command in '/home/vdt_2026/VDT_project/build/input_state_cache' returned '0': AMENT_PREFIX_PATH=/home/vdt_2026/VDT_project/install/vdt_msgs:${AMENT_PREFIX_PATH} CMAKE_PREFIX_PATH=/home/vdt_2026/VDT_project/install/vdt_msgs:/home/vdt_2026/ros2_ws/install/px4_msgs:/opt/ros/jazzy LD_LIBRARY_PATH=/home/vdt_2026/VDT_project/install/vdt_msgs/lib:${LD_LIBRARY_PATH} PYTHONPATH=/home/vdt_2026/VDT_project/install/vdt_msgs/lib/python3.12/site-packages:${PYTHONPATH} /usr/bin/cmake --install /home/vdt_2026/VDT_project/build/input_state_cache
