[0.024s] Invoking command in '/home/vdt_2026/VDT_project/build/vdt_bringup': AMENT_PREFIX_PATH=/home/vdt_2026/VDT_project/install/offboard_safety_monitor:/home/vdt_2026/VDT_project/install/kill_switch:/home/vdt_2026/VDT_project/install/gimbal_control:/home/vdt_2026/VDT_project/install/rc_parser:/home/vdt_2026/VDT_project/install/offboard_manager:/home/vdt_2026/VDT_project/install/input_state_cache:/home/vdt_2026/VDT_project/install/fsm_state_machine:/home/vdt_2026/VDT_project/install/xrce_bridge_manager:/home/vdt_2026/VDT_project/install/vdt_msgs:/home/vdt_2026/VDT_project/install/servo_control:${AMENT_PREFIX_PATH} CMAKE_PREFIX_PATH=/home/vdt_2026/VDT_project/install/offboard_safety_monitor:/home/vdt_2026/VDT_project/install/kill_switch:/home/vdt_2026/VDT_project/install/gimbal_control:/home/vdt_2026/VDT_project/install/rc_parser:/home/vdt_2026/VDT_project/install/offboard_manager:/home/vdt_2026/VDT_project/install/input_state_cache:/home/vdt_2026/VDT_project/install/fsm_state_machine:/home/vdt_2026/VDT_project/install/vdt_msgs:/home/vdt_2026/ros2_ws/install/px4_msgs:/opt/ros/jazzy LD_LIBRARY_PATH=/home/vdt_2026/VDT_project/install/rc_parser/lib:/home/vdt_2026/VDT_project/install/vdt_msgs/lib:${LD_LIBRARY_PATH} PYTHONPATH=/home/vdt_2026/VDT_project/install/xrce_bridge_manager/lib/python3.12/site-packages:/home/vdt_2026/VDT_project/install/vdt_msgs/lib/python3.12/site-packages:/home/vdt_2026/VDT_project/install/servo_control/lib/python3.12/site-packages:${PYTHONPATH} /usr/bin/cmake /home/vdt_2026/VDT_project/ros2_ws/src/vdt_bringup -DCMAKE_VERBOSE_MAKEFILE=ON -DCMAKE_INSTALL_PREFIX=/home/vdt_2026/VDT_project/install/vdt_bringup
[0.126s] -- The C compiler identification is GNU 13.3.0
[0.227s] -- The CXX compiler identification is GNU 13.3.0
[0.254s] -- Detecting C compiler ABI info
[0.410s] -- Detecting C compiler ABI info - done
[0.425s] -- Check for working C compiler: /usr/bin/cc - skipped
[0.425s] -- Detecting C compile features
[0.426s] -- Detecting C compile features - done
[0.440s] -- Detecting CXX compiler ABI info
[0.609s] -- Detecting CXX compiler ABI info - done
[0.626s] -- Check for working CXX compiler: /usr/bin/c++ - skipped
[0.626s] -- Detecting CXX compile features
[0.627s] -- Detecting CXX compile features - done
[0.631s] -- Found ament_cmake: 2.5.6 (/opt/ros/jazzy/share/ament_cmake/cmake)
[0.852s] -- Found Python3: /usr/bin/python3 (found version "3.12.3") found components: Interpreter 
[1.160s] -- Configuring done (1.1s)
[1.164s] -- Generating done (0.0s)
[1.167s] -- Build files have been written to: /home/vdt_2026/VDT_project/build/vdt_bringup
[1.176s] Invoked command in '/home/vdt_2026/VDT_project/build/vdt_bringup' returned '0': AMENT_PREFIX_PATH=/home/vdt_2026/VDT_project/install/offboard_safety_monitor:/home/vdt_2026/VDT_project/install/kill_switch:/home/vdt_2026/VDT_project/install/gimbal_control:/home/vdt_2026/VDT_project/install/rc_parser:/home/vdt_2026/VDT_project/install/offboard_manager:/home/vdt_2026/VDT_project/install/input_state_cache:/home/vdt_2026/VDT_project/install/fsm_state_machine:/home/vdt_2026/VDT_project/install/xrce_bridge_manager:/home/vdt_2026/VDT_project/install/vdt_msgs:/home/vdt_2026/VDT_project/install/servo_control:${AMENT_PREFIX_PATH} CMAKE_PREFIX_PATH=/home/vdt_2026/VDT_project/install/offboard_safety_monitor:/home/vdt_2026/VDT_project/install/kill_switch:/home/vdt_2026/VDT_project/install/gimbal_control:/home/vdt_2026/VDT_project/install/rc_parser:/home/vdt_2026/VDT_project/install/offboard_manager:/home/vdt_2026/VDT_project/install/input_state_cache:/home/vdt_2026/VDT_project/install/fsm_state_machine:/home/vdt_2026/VDT_project/install/vdt_msgs:/home/vdt_2026/ros2_ws/install/px4_msgs:/opt/ros/jazzy LD_LIBRARY_PATH=/home/vdt_2026/VDT_project/install/rc_parser/lib:/home/vdt_2026/VDT_project/install/vdt_msgs/lib:${LD_LIBRARY_PATH} PYTHONPATH=/home/vdt_2026/VDT_project/install/xrce_bridge_manager/lib/python3.12/site-packages:/home/vdt_2026/VDT_project/install/vdt_msgs/lib/python3.12/site-packages:/home/vdt_2026/VDT_project/install/servo_control/lib/python3.12/site-packages:${PYTHONPATH} /usr/bin/cmake /home/vdt_2026/VDT_project/ros2_ws/src/vdt_bringup -DCMAKE_VERBOSE_MAKEFILE=ON -DCMAKE_INSTALL_PREFIX=/home/vdt_2026/VDT_project/install/vdt_bringup
[1.177s] Invoking command in '/home/vdt_2026/VDT_project/build/vdt_bringup': AMENT_PREFIX_PATH=/home/vdt_2026/VDT_project/install/offboard_safety_monitor:/home/vdt_2026/VDT_project/install/kill_switch:/home/vdt_2026/VDT_project/install/gimbal_control:/home/vdt_2026/VDT_project/install/rc_parser:/home/vdt_2026/VDT_project/install/offboard_manager:/home/vdt_2026/VDT_project/install/input_state_cache:/home/vdt_2026/VDT_project/install/fsm_state_machine:/home/vdt_2026/VDT_project/install/xrce_bridge_manager:/home/vdt_2026/VDT_project/install/vdt_msgs:/home/vdt_2026/VDT_project/install/servo_control:${AMENT_PREFIX_PATH} CMAKE_PREFIX_PATH=/home/vdt_2026/VDT_project/install/offboard_safety_monitor:/home/vdt_2026/VDT_project/install/kill_switch:/home/vdt_2026/VDT_project/install/gimbal_control:/home/vdt_2026/VDT_project/install/rc_parser:/home/vdt_2026/VDT_project/install/offboard_manager:/home/vdt_2026/VDT_project/install/input_state_cache:/home/vdt_2026/VDT_project/install/fsm_state_machine:/home/vdt_2026/VDT_project/install/vdt_msgs:/home/vdt_2026/ros2_ws/install/px4_msgs:/opt/ros/jazzy LD_LIBRARY_PATH=/home/vdt_2026/VDT_project/install/rc_parser/lib:/home/vdt_2026/VDT_project/install/vdt_msgs/lib:${LD_LIBRARY_PATH} PYTHONPATH=/home/vdt_2026/VDT_project/install/xrce_bridge_manager/lib/python3.12/site-packages:/home/vdt_2026/VDT_project/install/vdt_msgs/lib/python3.12/site-packages:/home/vdt_2026/VDT_project/install/servo_control/lib/python3.12/site-packages:${PYTHONPATH} /usr/bin/cmake --build /home/vdt_2026/VDT_project/build/vdt_bringup -- -j4 -l4
[1.190s] Change Dir: '/home/vdt_2026/VDT_project/build/vdt_bringup'
[1.191s] 
[1.191s] Run Build Command(s): /usr/bin/cmake -E env VERBOSE=1 /usr/bin/gmake -f Makefile -j4 -l4
[1.208s] /usr/bin/cmake -S/home/vdt_2026/VDT_project/ros2_ws/src/vdt_bringup -B/home/vdt_2026/VDT_project/build/vdt_bringup --check-build-system CMakeFiles/Makefile.cmake 0
[1.225s] /usr/bin/cmake -E cmake_progress_start /home/vdt_2026/VDT_project/build/vdt_bringup/CMakeFiles /home/vdt_2026/VDT_project/build/vdt_bringup//CMakeFiles/progress.marks
[1.240s] /usr/bin/gmake  -f CMakeFiles/Makefile2 all
[1.241s] gmake[1]: Entering directory '/home/vdt_2026/VDT_project/build/vdt_bringup'
[1.242s] gmake[1]: Nothing to be done for 'all'.
[1.242s] gmake[1]: Leaving directory '/home/vdt_2026/VDT_project/build/vdt_bringup'
[1.242s] /usr/bin/cmake -E cmake_progress_start /home/vdt_2026/VDT_project/build/vdt_bringup/CMakeFiles 0
[1.258s] 
[1.260s] Invoked command in '/home/vdt_2026/VDT_project/build/vdt_bringup' returned '0': AMENT_PREFIX_PATH=/home/vdt_2026/VDT_project/install/offboard_safety_monitor:/home/vdt_2026/VDT_project/install/kill_switch:/home/vdt_2026/VDT_project/install/gimbal_control:/home/vdt_2026/VDT_project/install/rc_parser:/home/vdt_2026/VDT_project/install/offboard_manager:/home/vdt_2026/VDT_project/install/input_state_cache:/home/vdt_2026/VDT_project/install/fsm_state_machine:/home/vdt_2026/VDT_project/install/xrce_bridge_manager:/home/vdt_2026/VDT_project/install/vdt_msgs:/home/vdt_2026/VDT_project/install/servo_control:${AMENT_PREFIX_PATH} CMAKE_PREFIX_PATH=/home/vdt_2026/VDT_project/install/offboard_safety_monitor:/home/vdt_2026/VDT_project/install/kill_switch:/home/vdt_2026/VDT_project/install/gimbal_control:/home/vdt_2026/VDT_project/install/rc_parser:/home/vdt_2026/VDT_project/install/offboard_manager:/home/vdt_2026/VDT_project/install/input_state_cache:/home/vdt_2026/VDT_project/install/fsm_state_machine:/home/vdt_2026/VDT_project/install/vdt_msgs:/home/vdt_2026/ros2_ws/install/px4_msgs:/opt/ros/jazzy LD_LIBRARY_PATH=/home/vdt_2026/VDT_project/install/rc_parser/lib:/home/vdt_2026/VDT_project/install/vdt_msgs/lib:${LD_LIBRARY_PATH} PYTHONPATH=/home/vdt_2026/VDT_project/install/xrce_bridge_manager/lib/python3.12/site-packages:/home/vdt_2026/VDT_project/install/vdt_msgs/lib/python3.12/site-packages:/home/vdt_2026/VDT_project/install/servo_control/lib/python3.12/site-packages:${PYTHONPATH} /usr/bin/cmake --build /home/vdt_2026/VDT_project/build/vdt_bringup -- -j4 -l4
[1.262s] Invoking command in '/home/vdt_2026/VDT_project/build/vdt_bringup': AMENT_PREFIX_PATH=/home/vdt_2026/VDT_project/install/offboard_safety_monitor:/home/vdt_2026/VDT_project/install/kill_switch:/home/vdt_2026/VDT_project/install/gimbal_control:/home/vdt_2026/VDT_project/install/rc_parser:/home/vdt_2026/VDT_project/install/offboard_manager:/home/vdt_2026/VDT_project/install/input_state_cache:/home/vdt_2026/VDT_project/install/fsm_state_machine:/home/vdt_2026/VDT_project/install/xrce_bridge_manager:/home/vdt_2026/VDT_project/install/vdt_msgs:/home/vdt_2026/VDT_project/install/servo_control:${AMENT_PREFIX_PATH} CMAKE_PREFIX_PATH=/home/vdt_2026/VDT_project/install/offboard_safety_monitor:/home/vdt_2026/VDT_project/install/kill_switch:/home/vdt_2026/VDT_project/install/gimbal_control:/home/vdt_2026/VDT_project/install/rc_parser:/home/vdt_2026/VDT_project/install/offboard_manager:/home/vdt_2026/VDT_project/install/input_state_cache:/home/vdt_2026/VDT_project/install/fsm_state_machine:/home/vdt_2026/VDT_project/install/vdt_msgs:/home/vdt_2026/ros2_ws/install/px4_msgs:/opt/ros/jazzy LD_LIBRARY_PATH=/home/vdt_2026/VDT_project/install/rc_parser/lib:/home/vdt_2026/VDT_project/install/vdt_msgs/lib:${LD_LIBRARY_PATH} PYTHONPATH=/home/vdt_2026/VDT_project/install/xrce_bridge_manager/lib/python3.12/site-packages:/home/vdt_2026/VDT_project/install/vdt_msgs/lib/python3.12/site-packages:/home/vdt_2026/VDT_project/install/servo_control/lib/python3.12/site-packages:${PYTHONPATH} /usr/bin/cmake --install /home/vdt_2026/VDT_project/build/vdt_bringup
[1.275s] -- Install configuration: ""
[1.275s] -- Installing: /home/vdt_2026/VDT_project/install/vdt_bringup/share/vdt_bringup/launch
[1.276s] -- Installing: /home/vdt_2026/VDT_project/install/vdt_bringup/share/vdt_bringup/launch/vdt_system.launch.py
[1.278s] -- Installing: /home/vdt_2026/VDT_project/install/vdt_bringup/share/vdt_bringup/System_Params.yaml
[1.279s] -- Installing: /home/vdt_2026/VDT_project/install/vdt_bringup/share/ament_index/resource_index/package_run_dependencies/vdt_bringup
[1.279s] -- Installing: /home/vdt_2026/VDT_project/install/vdt_bringup/share/ament_index/resource_index/parent_prefix_path/vdt_bringup
[1.279s] -- Installing: /home/vdt_2026/VDT_project/install/vdt_bringup/share/vdt_bringup/environment/ament_prefix_path.sh
[1.279s] -- Installing: /home/vdt_2026/VDT_project/install/vdt_bringup/share/vdt_bringup/environment/ament_prefix_path.dsv
[1.280s] -- Installing: /home/vdt_2026/VDT_project/install/vdt_bringup/share/vdt_bringup/environment/path.sh
[1.280s] -- Installing: /home/vdt_2026/VDT_project/install/vdt_bringup/share/vdt_bringup/environment/path.dsv
[1.280s] -- Installing: /home/vdt_2026/VDT_project/install/vdt_bringup/share/vdt_bringup/local_setup.bash
[1.281s] -- Installing: /home/vdt_2026/VDT_project/install/vdt_bringup/share/vdt_bringup/local_setup.sh
[1.281s] -- Installing: /home/vdt_2026/VDT_project/install/vdt_bringup/share/vdt_bringup/local_setup.zsh
[1.281s] -- Installing: /home/vdt_2026/VDT_project/install/vdt_bringup/share/vdt_bringup/local_setup.dsv
[1.282s] -- Installing: /home/vdt_2026/VDT_project/install/vdt_bringup/share/vdt_bringup/package.dsv
[1.282s] -- Installing: /home/vdt_2026/VDT_project/install/vdt_bringup/share/ament_index/resource_index/packages/vdt_bringup
[1.283s] -- Installing: /home/vdt_2026/VDT_project/install/vdt_bringup/share/vdt_bringup/cmake/vdt_bringupConfig.cmake
[1.283s] -- Installing: /home/vdt_2026/VDT_project/install/vdt_bringup/share/vdt_bringup/cmake/vdt_bringupConfig-version.cmake
[1.284s] -- Installing: /home/vdt_2026/VDT_project/install/vdt_bringup/share/vdt_bringup/package.xml
[1.286s] Invoked command in '/home/vdt_2026/VDT_project/build/vdt_bringup' returned '0': AMENT_PREFIX_PATH=/home/vdt_2026/VDT_project/install/offboard_safety_monitor:/home/vdt_2026/VDT_project/install/kill_switch:/home/vdt_2026/VDT_project/install/gimbal_control:/home/vdt_2026/VDT_project/install/rc_parser:/home/vdt_2026/VDT_project/install/offboard_manager:/home/vdt_2026/VDT_project/install/input_state_cache:/home/vdt_2026/VDT_project/install/fsm_state_machine:/home/vdt_2026/VDT_project/install/xrce_bridge_manager:/home/vdt_2026/VDT_project/install/vdt_msgs:/home/vdt_2026/VDT_project/install/servo_control:${AMENT_PREFIX_PATH} CMAKE_PREFIX_PATH=/home/vdt_2026/VDT_project/install/offboard_safety_monitor:/home/vdt_2026/VDT_project/install/kill_switch:/home/vdt_2026/VDT_project/install/gimbal_control:/home/vdt_2026/VDT_project/install/rc_parser:/home/vdt_2026/VDT_project/install/offboard_manager:/home/vdt_2026/VDT_project/install/input_state_cache:/home/vdt_2026/VDT_project/install/fsm_state_machine:/home/vdt_2026/VDT_project/install/vdt_msgs:/home/vdt_2026/ros2_ws/install/px4_msgs:/opt/ros/jazzy LD_LIBRARY_PATH=/home/vdt_2026/VDT_project/install/rc_parser/lib:/home/vdt_2026/VDT_project/install/vdt_msgs/lib:${LD_LIBRARY_PATH} PYTHONPATH=/home/vdt_2026/VDT_project/install/xrce_bridge_manager/lib/python3.12/site-packages:/home/vdt_2026/VDT_project/install/vdt_msgs/lib/python3.12/site-packages:/home/vdt_2026/VDT_project/install/servo_control/lib/python3.12/site-packages:${PYTHONPATH} /usr/bin/cmake --install /home/vdt_2026/VDT_project/build/vdt_bringup
