[1.071s] Invoking command in '/home/vdt_2026/VDT_project/ros2_ws/src/ibvs': PYTHONPATH=/home/vdt_2026/VDT_project/build/ibvs/prefix_override:/usr/lib/python3/dist-packages/colcon_core/task/python/colcon_distutils_commands:/home/vdt_2026/VDT_project/install/ibvs/lib/python3.12/site-packages:${PYTHONPATH} /usr/bin/python3 -W ignore:setup.py install is deprecated -W ignore:easy_install command is deprecated setup.py egg_info --egg-base ../../../build/ibvs build --build-base /home/vdt_2026/VDT_project/build/ibvs/build install --record /home/vdt_2026/VDT_project/build/ibvs/install.log --install-scripts $base/lib/ibvs --single-version-externally-managed install_data
[1.376s] running egg_info
[1.395s] writing ../../../build/ibvs/ibvs.egg-info/PKG-INFO
[1.396s] writing dependency_links to ../../../build/ibvs/ibvs.egg-info/dependency_links.txt
[1.397s] writing entry points to ../../../build/ibvs/ibvs.egg-info/entry_points.txt
[1.398s] writing requirements to ../../../build/ibvs/ibvs.egg-info/requires.txt
[1.399s] writing top-level names to ../../../build/ibvs/ibvs.egg-info/top_level.txt
[1.448s] reading manifest file '../../../build/ibvs/ibvs.egg-info/SOURCES.txt'
[1.450s] writing manifest file '../../../build/ibvs/ibvs.egg-info/SOURCES.txt'
[1.450s] running build
[1.450s] running build_py
[1.453s] running install
[1.463s] running install_lib
[1.485s] running install_data
[1.487s] running install_egg_info
[1.510s] removing '/home/vdt_2026/VDT_project/install/ibvs/lib/python3.12/site-packages/ibvs-0.1.0-py3.12.egg-info' (and everything under it)
[1.510s] Copying ../../../build/ibvs/ibvs.egg-info to /home/vdt_2026/VDT_project/install/ibvs/lib/python3.12/site-packages/ibvs-0.1.0-py3.12.egg-info
[1.512s] running install_scripts
[1.656s] Installing ibvs_controller script to /home/vdt_2026/VDT_project/install/ibvs/lib/ibvs
[1.657s] writing list of installed files to '/home/vdt_2026/VDT_project/build/ibvs/install.log'
[1.745s] Invoked command in '/home/vdt_2026/VDT_project/ros2_ws/src/ibvs' returned '0': PYTHONPATH=/home/vdt_2026/VDT_project/build/ibvs/prefix_override:/usr/lib/python3/dist-packages/colcon_core/task/python/colcon_distutils_commands:/home/vdt_2026/VDT_project/install/ibvs/lib/python3.12/site-packages:${PYTHONPATH} /usr/bin/python3 -W ignore:setup.py install is deprecated -W ignore:easy_install command is deprecated setup.py egg_info --egg-base ../../../build/ibvs build --build-base /home/vdt_2026/VDT_project/build/ibvs/build install --record /home/vdt_2026/VDT_project/build/ibvs/install.log --install-scripts $base/lib/ibvs --single-version-externally-managed install_data
