[1.063s] Invoking command in '/home/vdt_2026/VDT_project/ros2_ws/src/takeoff': PYTHONPATH=/home/vdt_2026/VDT_project/build/vdt_takeoff/prefix_override:/usr/lib/python3/dist-packages/colcon_core/task/python/colcon_distutils_commands:/home/vdt_2026/VDT_project/install/vdt_takeoff/lib/python3.12/site-packages:${PYTHONPATH} /usr/bin/python3 -W ignore:setup.py install is deprecated -W ignore:easy_install command is deprecated setup.py egg_info --egg-base ../../../build/vdt_takeoff build --build-base /home/vdt_2026/VDT_project/build/vdt_takeoff/build install --record /home/vdt_2026/VDT_project/build/vdt_takeoff/install.log --install-scripts $base/lib/vdt_takeoff --single-version-externally-managed install_data
[1.369s] running egg_info
[1.388s] writing ../../../build/vdt_takeoff/takeoff.egg-info/PKG-INFO
[1.389s] writing dependency_links to ../../../build/vdt_takeoff/takeoff.egg-info/dependency_links.txt
[1.390s] writing entry points to ../../../build/vdt_takeoff/takeoff.egg-info/entry_points.txt
[1.391s] writing requirements to ../../../build/vdt_takeoff/takeoff.egg-info/requires.txt
[1.391s] writing top-level names to ../../../build/vdt_takeoff/takeoff.egg-info/top_level.txt
[1.434s] reading manifest file '../../../build/vdt_takeoff/takeoff.egg-info/SOURCES.txt'
[1.436s] writing manifest file '../../../build/vdt_takeoff/takeoff.egg-info/SOURCES.txt'
[1.436s] running build
[1.437s] running build_py
[1.439s] running install
[1.449s] running install_lib
[1.472s] running install_data
[1.472s] running install_egg_info
[1.495s] removing '/home/vdt_2026/VDT_project/install/vdt_takeoff/lib/python3.12/site-packages/takeoff-0.1.0-py3.12.egg-info' (and everything under it)
[1.495s] Copying ../../../build/vdt_takeoff/takeoff.egg-info to /home/vdt_2026/VDT_project/install/vdt_takeoff/lib/python3.12/site-packages/takeoff-0.1.0-py3.12.egg-info
[1.497s] running install_scripts
[1.642s] Installing takeoff script to /home/vdt_2026/VDT_project/install/vdt_takeoff/lib/vdt_takeoff
[1.643s] writing list of installed files to '/home/vdt_2026/VDT_project/build/vdt_takeoff/install.log'
[1.731s] Invoked command in '/home/vdt_2026/VDT_project/ros2_ws/src/takeoff' returned '0': PYTHONPATH=/home/vdt_2026/VDT_project/build/vdt_takeoff/prefix_override:/usr/lib/python3/dist-packages/colcon_core/task/python/colcon_distutils_commands:/home/vdt_2026/VDT_project/install/vdt_takeoff/lib/python3.12/site-packages:${PYTHONPATH} /usr/bin/python3 -W ignore:setup.py install is deprecated -W ignore:easy_install command is deprecated setup.py egg_info --egg-base ../../../build/vdt_takeoff build --build-base /home/vdt_2026/VDT_project/build/vdt_takeoff/build install --record /home/vdt_2026/VDT_project/build/vdt_takeoff/install.log --install-scripts $base/lib/vdt_takeoff --single-version-externally-managed install_data
