running egg_info
creating ../../../build/servo_control/servo_control.egg-info
writing ../../../build/servo_control/servo_control.egg-info/PKG-INFO
writing dependency_links to ../../../build/servo_control/servo_control.egg-info/dependency_links.txt
writing entry points to ../../../build/servo_control/servo_control.egg-info/entry_points.txt
writing requirements to ../../../build/servo_control/servo_control.egg-info/requires.txt
writing top-level names to ../../../build/servo_control/servo_control.egg-info/top_level.txt
writing manifest file '../../../build/servo_control/servo_control.egg-info/SOURCES.txt'
reading manifest file '../../../build/servo_control/servo_control.egg-info/SOURCES.txt'
writing manifest file '../../../build/servo_control/servo_control.egg-info/SOURCES.txt'
running build
running build_py
creating /home/vdt_2026/VDT_project/build/servo_control/build
creating /home/vdt_2026/VDT_project/build/servo_control/build/lib
creating /home/vdt_2026/VDT_project/build/servo_control/build/lib/servo_control
copying servo_control/__init__.py -> /home/vdt_2026/VDT_project/build/servo_control/build/lib/servo_control
copying servo_control/servo_node.py -> /home/vdt_2026/VDT_project/build/servo_control/build/lib/servo_control
copying servo_control/servo_logic.py -> /home/vdt_2026/VDT_project/build/servo_control/build/lib/servo_control
running install
running install_lib
creating /home/vdt_2026/VDT_project/install/servo_control/lib/python3.12/site-packages/servo_control
copying /home/vdt_2026/VDT_project/build/servo_control/build/lib/servo_control/__init__.py -> /home/vdt_2026/VDT_project/install/servo_control/lib/python3.12/site-packages/servo_control
copying /home/vdt_2026/VDT_project/build/servo_control/build/lib/servo_control/servo_node.py -> /home/vdt_2026/VDT_project/install/servo_control/lib/python3.12/site-packages/servo_control
copying /home/vdt_2026/VDT_project/build/servo_control/build/lib/servo_control/servo_logic.py -> /home/vdt_2026/VDT_project/install/servo_control/lib/python3.12/site-packages/servo_control
byte-compiling /home/vdt_2026/VDT_project/install/servo_control/lib/python3.12/site-packages/servo_control/__init__.py to __init__.cpython-312.pyc
byte-compiling /home/vdt_2026/VDT_project/install/servo_control/lib/python3.12/site-packages/servo_control/servo_node.py to servo_node.cpython-312.pyc
byte-compiling /home/vdt_2026/VDT_project/install/servo_control/lib/python3.12/site-packages/servo_control/servo_logic.py to servo_logic.cpython-312.pyc
running install_data
creating /home/vdt_2026/VDT_project/install/servo_control/share/ament_index
creating /home/vdt_2026/VDT_project/install/servo_control/share/ament_index/resource_index
creating /home/vdt_2026/VDT_project/install/servo_control/share/ament_index/resource_index/packages
copying resource/servo_control -> /home/vdt_2026/VDT_project/install/servo_control/share/ament_index/resource_index/packages
copying package.xml -> /home/vdt_2026/VDT_project/install/servo_control/share/servo_control
running install_egg_info
Copying ../../../build/servo_control/servo_control.egg-info to /home/vdt_2026/VDT_project/install/servo_control/lib/python3.12/site-packages/servo_control-0.1.0-py3.12.egg-info
running install_scripts
Installing servo_node script to /home/vdt_2026/VDT_project/install/servo_control/lib/servo_control
writing list of installed files to '/home/vdt_2026/VDT_project/build/servo_control/install.log'
