[2.117s] Invoking command in '/home/vdt_2026/VDT_project/ros2_ws/src/servo_control': PYTHONPATH=/home/vdt_2026/VDT_project/build/servo_control/prefix_override:/usr/lib/python3/dist-packages/colcon_core/task/python/colcon_distutils_commands:/home/vdt_2026/VDT_project/install/servo_control/lib/python3.12/site-packages:${PYTHONPATH} /usr/bin/python3 -W ignore:setup.py install is deprecated -W ignore:easy_install command is deprecated setup.py egg_info --egg-base ../../../build/servo_control build --build-base /home/vdt_2026/VDT_project/build/servo_control/build install --record /home/vdt_2026/VDT_project/build/servo_control/install.log --install-scripts $base/lib/servo_control --single-version-externally-managed install_data
[2.555s] running egg_info
[2.556s] creating ../../../build/servo_control/servo_control.egg-info
[2.581s] writing ../../../build/servo_control/servo_control.egg-info/PKG-INFO
[2.582s] writing dependency_links to ../../../build/servo_control/servo_control.egg-info/dependency_links.txt
[2.585s] writing entry points to ../../../build/servo_control/servo_control.egg-info/entry_points.txt
[2.586s] writing requirements to ../../../build/servo_control/servo_control.egg-info/requires.txt
[2.586s] writing top-level names to ../../../build/servo_control/servo_control.egg-info/top_level.txt
[2.586s] writing manifest file '../../../build/servo_control/servo_control.egg-info/SOURCES.txt'
[2.637s] reading manifest file '../../../build/servo_control/servo_control.egg-info/SOURCES.txt'
[2.641s] writing manifest file '../../../build/servo_control/servo_control.egg-info/SOURCES.txt'
[2.641s] running build
[2.641s] running build_py
[2.641s] creating /home/vdt_2026/VDT_project/build/servo_control/build
[2.648s] creating /home/vdt_2026/VDT_project/build/servo_control/build/lib
[2.648s] creating /home/vdt_2026/VDT_project/build/servo_control/build/lib/servo_control
[2.648s] copying servo_control/__init__.py -> /home/vdt_2026/VDT_project/build/servo_control/build/lib/servo_control
[2.648s] copying servo_control/servo_node.py -> /home/vdt_2026/VDT_project/build/servo_control/build/lib/servo_control
[2.649s] copying servo_control/servo_logic.py -> /home/vdt_2026/VDT_project/build/servo_control/build/lib/servo_control
[2.651s] running install
[2.665s] running install_lib
[2.693s] creating /home/vdt_2026/VDT_project/install/servo_control/lib/python3.12/site-packages/servo_control
[2.693s] copying /home/vdt_2026/VDT_project/build/servo_control/build/lib/servo_control/__init__.py -> /home/vdt_2026/VDT_project/install/servo_control/lib/python3.12/site-packages/servo_control
[2.694s] copying /home/vdt_2026/VDT_project/build/servo_control/build/lib/servo_control/servo_node.py -> /home/vdt_2026/VDT_project/install/servo_control/lib/python3.12/site-packages/servo_control
[2.694s] copying /home/vdt_2026/VDT_project/build/servo_control/build/lib/servo_control/servo_logic.py -> /home/vdt_2026/VDT_project/install/servo_control/lib/python3.12/site-packages/servo_control
[2.694s] byte-compiling /home/vdt_2026/VDT_project/install/servo_control/lib/python3.12/site-packages/servo_control/__init__.py to __init__.cpython-312.pyc
[2.694s] byte-compiling /home/vdt_2026/VDT_project/install/servo_control/lib/python3.12/site-packages/servo_control/servo_node.py to servo_node.cpython-312.pyc
[2.695s] byte-compiling /home/vdt_2026/VDT_project/install/servo_control/lib/python3.12/site-packages/servo_control/servo_logic.py to servo_logic.cpython-312.pyc
[2.696s] running install_data
[2.699s] creating /home/vdt_2026/VDT_project/install/servo_control/share/ament_index
[2.699s] creating /home/vdt_2026/VDT_project/install/servo_control/share/ament_index/resource_index
[2.699s] creating /home/vdt_2026/VDT_project/install/servo_control/share/ament_index/resource_index/packages
[2.700s] copying resource/servo_control -> /home/vdt_2026/VDT_project/install/servo_control/share/ament_index/resource_index/packages
[2.700s] copying package.xml -> /home/vdt_2026/VDT_project/install/servo_control/share/servo_control
[2.700s] running install_egg_info
[2.729s] Copying ../../../build/servo_control/servo_control.egg-info to /home/vdt_2026/VDT_project/install/servo_control/lib/python3.12/site-packages/servo_control-0.1.0-py3.12.egg-info
[2.731s] running install_scripts
[2.931s] Installing servo_node script to /home/vdt_2026/VDT_project/install/servo_control/lib/servo_control
[2.931s] writing list of installed files to '/home/vdt_2026/VDT_project/build/servo_control/install.log'
[3.113s] Invoked command in '/home/vdt_2026/VDT_project/ros2_ws/src/servo_control' returned '0': PYTHONPATH=/home/vdt_2026/VDT_project/build/servo_control/prefix_override:/usr/lib/python3/dist-packages/colcon_core/task/python/colcon_distutils_commands:/home/vdt_2026/VDT_project/install/servo_control/lib/python3.12/site-packages:${PYTHONPATH} /usr/bin/python3 -W ignore:setup.py install is deprecated -W ignore:easy_install command is deprecated setup.py egg_info --egg-base ../../../build/servo_control build --build-base /home/vdt_2026/VDT_project/build/servo_control/build install --record /home/vdt_2026/VDT_project/build/servo_control/install.log --install-scripts $base/lib/servo_control --single-version-externally-managed install_data
