running egg_info
writing ../../../build/aruco_detector/aruco_detector.egg-info/PKG-INFO
writing dependency_links to ../../../build/aruco_detector/aruco_detector.egg-info/dependency_links.txt
writing entry points to ../../../build/aruco_detector/aruco_detector.egg-info/entry_points.txt
writing requirements to ../../../build/aruco_detector/aruco_detector.egg-info/requires.txt
writing top-level names to ../../../build/aruco_detector/aruco_detector.egg-info/top_level.txt
reading manifest file '../../../build/aruco_detector/aruco_detector.egg-info/SOURCES.txt'
writing manifest file '../../../build/aruco_detector/aruco_detector.egg-info/SOURCES.txt'
running build
running build_py
running install
running install_lib
running install_data
running install_egg_info
removing '/home/vdt_2026/VDT_project/install/aruco_detector/lib/python3.12/site-packages/aruco_detector-0.1.0-py3.12.egg-info' (and everything under it)
Copying ../../../build/aruco_detector/aruco_detector.egg-info to /home/vdt_2026/VDT_project/install/aruco_detector/lib/python3.12/site-packages/aruco_detector-0.1.0-py3.12.egg-info
running install_scripts
Installing aruco_node script to /home/vdt_2026/VDT_project/install/aruco_detector/lib/aruco_detector
Installing depth_to_image_node script to /home/vdt_2026/VDT_project/install/aruco_detector/lib/aruco_detector
writing list of installed files to '/home/vdt_2026/VDT_project/build/aruco_detector/install.log'
