[1.592s] Invoking command in '/home/vdt_2026/VDT_project/ros2_ws/src/aruco_detector': PYTHONPATH=/home/vdt_2026/VDT_project/build/aruco_detector/prefix_override:/usr/lib/python3/dist-packages/colcon_core/task/python/colcon_distutils_commands:/home/vdt_2026/VDT_project/install/aruco_detector/lib/python3.12/site-packages:${PYTHONPATH} /usr/bin/python3 -W ignore:setup.py install is deprecated -W ignore:easy_install command is deprecated setup.py egg_info --egg-base ../../../build/aruco_detector build --build-base /home/vdt_2026/VDT_project/build/aruco_detector/build install --record /home/vdt_2026/VDT_project/build/aruco_detector/install.log --install-scripts $base/lib/aruco_detector --single-version-externally-managed install_data
[1.899s] running egg_info
[1.918s] writing ../../../build/aruco_detector/aruco_detector.egg-info/PKG-INFO
[1.920s] writing dependency_links to ../../../build/aruco_detector/aruco_detector.egg-info/dependency_links.txt
[1.922s] writing entry points to ../../../build/aruco_detector/aruco_detector.egg-info/entry_points.txt
[1.923s] writing requirements to ../../../build/aruco_detector/aruco_detector.egg-info/requires.txt
[1.924s] writing top-level names to ../../../build/aruco_detector/aruco_detector.egg-info/top_level.txt
[1.966s] reading manifest file '../../../build/aruco_detector/aruco_detector.egg-info/SOURCES.txt'
[1.968s] writing manifest file '../../../build/aruco_detector/aruco_detector.egg-info/SOURCES.txt'
[1.968s] running build
[1.969s] running build_py
[1.972s] running install
[1.981s] running install_lib
[2.004s] running install_data
[2.006s] running install_egg_info
[2.029s] removing '/home/vdt_2026/VDT_project/install/aruco_detector/lib/python3.12/site-packages/aruco_detector-0.1.0-py3.12.egg-info' (and everything under it)
[2.030s] Copying ../../../build/aruco_detector/aruco_detector.egg-info to /home/vdt_2026/VDT_project/install/aruco_detector/lib/python3.12/site-packages/aruco_detector-0.1.0-py3.12.egg-info
[2.032s] running install_scripts
[2.178s] Installing aruco_node script to /home/vdt_2026/VDT_project/install/aruco_detector/lib/aruco_detector
[2.179s] Installing depth_to_image_node script to /home/vdt_2026/VDT_project/install/aruco_detector/lib/aruco_detector
[2.180s] writing list of installed files to '/home/vdt_2026/VDT_project/build/aruco_detector/install.log'
[2.270s] Invoked command in '/home/vdt_2026/VDT_project/ros2_ws/src/aruco_detector' returned '0': PYTHONPATH=/home/vdt_2026/VDT_project/build/aruco_detector/prefix_override:/usr/lib/python3/dist-packages/colcon_core/task/python/colcon_distutils_commands:/home/vdt_2026/VDT_project/install/aruco_detector/lib/python3.12/site-packages:${PYTHONPATH} /usr/bin/python3 -W ignore:setup.py install is deprecated -W ignore:easy_install command is deprecated setup.py egg_info --egg-base ../../../build/aruco_detector build --build-base /home/vdt_2026/VDT_project/build/aruco_detector/build install --record /home/vdt_2026/VDT_project/build/aruco_detector/install.log --install-scripts $base/lib/aruco_detector --single-version-externally-managed install_data
