[0.006s] Invoking command in '/home/duy/VDT_project/build/px4': CMAKE_PREFIX_PATH=/opt/ros/humble /usr/bin/cmake /home/duy/VDT_project/PX4-Autopilot -DCMAKE_INSTALL_PREFIX=/home/duy/VDT_project/install/px4
[0.025s] -- PX4_GIT_TAG: v1.18.0-beta1-445-g344d3adc9a
[0.162s] -- Found Python3: /usr/bin/python3.10 (found version "3.10.12") found components: Interpreter 
[0.190s] -- PX4 config file: /home/duy/VDT_project/PX4-Autopilot/boards/px4/ros2/default.px4board
[0.474s] -- PLATFORM ros2
[0.474s] -- ROMFSROOT px4fmu_common
[0.475s] -- ROOT_PATH /fs/microsd
[0.475s] -- PARAM_FILE /fs/mtd_params
[0.484s] -- PX4 config: px4_ros2_default
[0.484s] -- PX4 platform: ros2
[0.527s] -- The CXX compiler identification is GNU 11.4.0
[0.533s] -- Detecting CXX compiler ABI info
[0.594s] -- Detecting CXX compiler ABI info - done
[0.602s] -- Check for working CXX compiler: /usr/bin/c++ - skipped
[0.602s] -- Detecting CXX compile features
[0.602s] -- Detecting CXX compile features - done
[0.607s] -- Found ament_cmake: 1.3.14 (/opt/ros/humble/share/ament_cmake/cmake)
[0.692s] -- Found rclcpp: 16.0.19 (/opt/ros/humble/share/rclcpp/cmake)
[0.737s] -- Found rosidl_generator_c: 3.1.8 (/opt/ros/humble/share/rosidl_generator_c/cmake)
[0.744s] -- Found rosidl_adapter: 3.1.8 (/opt/ros/humble/share/rosidl_adapter/cmake)
[0.755s] -- Found rosidl_generator_cpp: 3.1.8 (/opt/ros/humble/share/rosidl_generator_cpp/cmake)
[0.767s] -- Using all available rosidl_typesupport_c: rosidl_typesupport_fastrtps_c;rosidl_typesupport_introspection_c
[0.779s] -- Using all available rosidl_typesupport_cpp: rosidl_typesupport_fastrtps_cpp;rosidl_typesupport_introspection_cpp
[0.816s] -- Found rmw_implementation_cmake: 6.1.2 (/opt/ros/humble/share/rmw_implementation_cmake/cmake)
[0.818s] -- Found rmw_fastrtps_cpp: 6.2.10 (/opt/ros/humble/share/rmw_fastrtps_cpp/cmake)
[0.909s] -- Found OpenSSL: /usr/lib/x86_64-linux-gnu/libcrypto.so (found version "3.0.2")  
[0.940s] -- Found FastRTPS: /opt/ros/humble/include  
[0.972s] -- Using RMW implementation 'rmw_fastrtps_cpp' as default
[0.979s] -- Looking for C++ include pthread.h
[1.060s] -- Looking for C++ include pthread.h - found
[1.060s] -- Performing Test CMAKE_HAVE_LIBC_PTHREAD
[1.125s] -- Performing Test CMAKE_HAVE_LIBC_PTHREAD - Success
[1.126s] -- Found Threads: TRUE  
[1.171s] -- Found rosidl_default_generators: 1.2.1 (/opt/ros/humble/share/rosidl_default_generators/cmake)
[1.214s] -- The C compiler identification is GNU 11.4.0
[1.224s] -- The ASM compiler identification is GNU
[1.226s] -- Found assembler: /usr/bin/cc
[1.230s] -- Detecting C compiler ABI info
[1.289s] -- Detecting C compiler ABI info - done
[1.297s] -- Check for working C compiler: /usr/bin/cc - skipped
[1.297s] -- Detecting C compile features
[1.297s] -- Detecting C compile features - done
[1.300s] -- cmake build type: RelWithDebInfo
[1.300s] -- ccache enabled (export CCACHE_DISABLE=1 to disable)
[1.339s] -- Adding fuzztest
[166.065s] -- Performing Test ABSL_INTERNAL_AT_LEAST_CXX17
[166.121s] -- Performing Test ABSL_INTERNAL_AT_LEAST_CXX17 - Success
[166.122s] -- Performing Test ABSL_INTERNAL_AT_LEAST_CXX20
[166.147s] -- Performing Test ABSL_INTERNAL_AT_LEAST_CXX20 - Failed
[343.613s] -- Building without demo. To enable demo build use: -DWITH_DEMO=True
[343.815s] -- ROS_VERSION: 2
[343.815s] -- AMENT_PREFIX_PATH: /opt/ros/humble
[345.181s] -- Found ament_cmake_ros: 0.10.0 (/opt/ros/humble/share/ament_cmake_ros/cmake)
[345.534s] -- Using all available rosidl_typesupport_c: rosidl_typesupport_fastrtps_c;rosidl_typesupport_introspection_c
[345.644s] -- Using all available rosidl_typesupport_cpp: rosidl_typesupport_fastrtps_cpp;rosidl_typesupport_introspection_cpp
[345.662s] -- Found PythonInterp: /usr/bin/python3.10 (found suitable version "3.10.12", minimum required is "3.6") 
[345.663s] -- Found python_cmake_module: 0.10.0 (/opt/ros/humble/share/python_cmake_module/cmake)
[345.684s] -- Found PythonLibs: /usr/lib/x86_64-linux-gnu/libpython3.10.so (found suitable version "3.10.12", minimum required is "3.5") 
[345.684s] -- Using PYTHON_EXECUTABLE: /usr/bin/python3.10
[345.684s] -- Using PYTHON_INCLUDE_DIRS: /usr/include/python3.10
[345.684s] -- Using PYTHON_LIBRARIES: /usr/lib/x86_64-linux-gnu/libpython3.10.so
[345.699s] -- Found PythonExtra: .so  
[345.885s] -- PX4 SITL .deb version: 1.18.0~beta1-jammy (amd64)
[345.885s] [31mCMake Error at cmake/package.cmake:104 (target_compile_definitions):
[345.886s]   target_compile_definitions called with non-compilable target type
[345.886s] Call Stack (most recent call first):
[345.886s]   CMakeLists.txt:532 (include)
[345.886s] 
[345.886s] [0m
[345.952s] -- Configuring incomplete, errors occurred!
[345.952s] See also "/home/duy/VDT_project/build/px4/CMakeFiles/CMakeOutput.log".
[345.952s] See also "/home/duy/VDT_project/build/px4/CMakeFiles/CMakeError.log".
