/home/vdt_2026/VDT_project/install/apf_planner/lib/python3.12/site-packages/apf_planner/planner_node.py
/home/vdt_2026/VDT_project/install/apf_planner/lib/python3.12/site-packages/apf_planner/pointcloud_generator.py
/home/vdt_2026/VDT_project/install/apf_planner/lib/python3.12/site-packages/apf_planner/__init__.py
/home/vdt_2026/VDT_project/install/apf_planner/lib/python3.12/site-packages/apf_planner/apf_core.py
/home/vdt_2026/VDT_project/install/apf_planner/lib/python3.12/site-packages/apf_planner/iapf_core.py
/home/vdt_2026/VDT_project/install/apf_planner/lib/python3.12/site-packages/apf_planner/planner_merge_node.py
/home/vdt_2026/VDT_project/install/apf_planner/lib/python3.12/site-packages/apf_planner/obstacles.py
/home/vdt_2026/VDT_project/install/apf_planner/lib/python3.12/site-packages/apf_planner/markers.py
/home/vdt_2026/VDT_project/install/apf_planner/lib/python3.12/site-packages/apf_planner/__pycache__/planner_node.cpython-312.pyc
/home/vdt_2026/VDT_project/install/apf_planner/lib/python3.12/site-packages/apf_planner/__pycache__/pointcloud_generator.cpython-312.pyc
/home/vdt_2026/VDT_project/install/apf_planner/lib/python3.12/site-packages/apf_planner/__pycache__/__init__.cpython-312.pyc
/home/vdt_2026/VDT_project/install/apf_planner/lib/python3.12/site-packages/apf_planner/__pycache__/apf_core.cpython-312.pyc
/home/vdt_2026/VDT_project/install/apf_planner/lib/python3.12/site-packages/apf_planner/__pycache__/iapf_core.cpython-312.pyc
/home/vdt_2026/VDT_project/install/apf_planner/lib/python3.12/site-packages/apf_planner/__pycache__/planner_merge_node.cpython-312.pyc
/home/vdt_2026/VDT_project/install/apf_planner/lib/python3.12/site-packages/apf_planner/__pycache__/obstacles.cpython-312.pyc
/home/vdt_2026/VDT_project/install/apf_planner/lib/python3.12/site-packages/apf_planner/__pycache__/markers.cpython-312.pyc
/home/vdt_2026/VDT_project/install/apf_planner/share/ament_index/resource_index/packages/apf_planner
/home/vdt_2026/VDT_project/install/apf_planner/share/apf_planner/package.xml
/home/vdt_2026/VDT_project/install/apf_planner/share/apf_planner/launch/apf_planner.launch.py
/home/vdt_2026/VDT_project/install/apf_planner/lib/python3.12/site-packages/apf_planner-0.1.0-py3.12.egg-info/dependency_links.txt
/home/vdt_2026/VDT_project/install/apf_planner/lib/python3.12/site-packages/apf_planner-0.1.0-py3.12.egg-info/SOURCES.txt
/home/vdt_2026/VDT_project/install/apf_planner/lib/python3.12/site-packages/apf_planner-0.1.0-py3.12.egg-info/entry_points.txt
/home/vdt_2026/VDT_project/install/apf_planner/lib/python3.12/site-packages/apf_planner-0.1.0-py3.12.egg-info/PKG-INFO
/home/vdt_2026/VDT_project/install/apf_planner/lib/python3.12/site-packages/apf_planner-0.1.0-py3.12.egg-info/requires.txt
/home/vdt_2026/VDT_project/install/apf_planner/lib/python3.12/site-packages/apf_planner-0.1.0-py3.12.egg-info/zip-safe
/home/vdt_2026/VDT_project/install/apf_planner/lib/python3.12/site-packages/apf_planner-0.1.0-py3.12.egg-info/top_level.txt
/home/vdt_2026/VDT_project/install/apf_planner/lib/apf_planner/planner_merge_node
/home/vdt_2026/VDT_project/install/apf_planner/lib/apf_planner/planner_node
/home/vdt_2026/VDT_project/install/apf_planner/lib/apf_planner/pointcloud_generator
