/home/vdt_2026/VDT_project/install/ekf_adapter/lib/python3.12/site-packages/ekf_adapter/odom_tf_node.py
/home/vdt_2026/VDT_project/install/ekf_adapter/lib/python3.12/site-packages/ekf_adapter/ekf_logic.py
/home/vdt_2026/VDT_project/install/ekf_adapter/lib/python3.12/site-packages/ekf_adapter/__init__.py
/home/vdt_2026/VDT_project/install/ekf_adapter/lib/python3.12/site-packages/ekf_adapter/target_state_ekf.py
/home/vdt_2026/VDT_project/install/ekf_adapter/lib/python3.12/site-packages/ekf_adapter/tracking_policy.py
/home/vdt_2026/VDT_project/install/ekf_adapter/lib/python3.12/site-packages/ekf_adapter/target_state_simulation.py
/home/vdt_2026/VDT_project/install/ekf_adapter/lib/python3.12/site-packages/ekf_adapter/ekf_node.py
/home/vdt_2026/VDT_project/install/ekf_adapter/lib/python3.12/site-packages/ekf_adapter/__pycache__/odom_tf_node.cpython-312.pyc
/home/vdt_2026/VDT_project/install/ekf_adapter/lib/python3.12/site-packages/ekf_adapter/__pycache__/ekf_logic.cpython-312.pyc
/home/vdt_2026/VDT_project/install/ekf_adapter/lib/python3.12/site-packages/ekf_adapter/__pycache__/__init__.cpython-312.pyc
/home/vdt_2026/VDT_project/install/ekf_adapter/lib/python3.12/site-packages/ekf_adapter/__pycache__/target_state_ekf.cpython-312.pyc
/home/vdt_2026/VDT_project/install/ekf_adapter/lib/python3.12/site-packages/ekf_adapter/__pycache__/tracking_policy.cpython-312.pyc
/home/vdt_2026/VDT_project/install/ekf_adapter/lib/python3.12/site-packages/ekf_adapter/__pycache__/target_state_simulation.cpython-312.pyc
/home/vdt_2026/VDT_project/install/ekf_adapter/lib/python3.12/site-packages/ekf_adapter/__pycache__/ekf_node.cpython-312.pyc
/home/vdt_2026/VDT_project/install/ekf_adapter/share/ament_index/resource_index/packages/ekf_adapter
/home/vdt_2026/VDT_project/install/ekf_adapter/share/ekf_adapter/package.xml
/home/vdt_2026/VDT_project/install/ekf_adapter/share/ekf_adapter/launch/ekf.launch.py
/home/vdt_2026/VDT_project/install/ekf_adapter/lib/python3.12/site-packages/ekf_adapter-0.1.0-py3.12.egg-info/dependency_links.txt
/home/vdt_2026/VDT_project/install/ekf_adapter/lib/python3.12/site-packages/ekf_adapter-0.1.0-py3.12.egg-info/SOURCES.txt
/home/vdt_2026/VDT_project/install/ekf_adapter/lib/python3.12/site-packages/ekf_adapter-0.1.0-py3.12.egg-info/entry_points.txt
/home/vdt_2026/VDT_project/install/ekf_adapter/lib/python3.12/site-packages/ekf_adapter-0.1.0-py3.12.egg-info/PKG-INFO
/home/vdt_2026/VDT_project/install/ekf_adapter/lib/python3.12/site-packages/ekf_adapter-0.1.0-py3.12.egg-info/requires.txt
/home/vdt_2026/VDT_project/install/ekf_adapter/lib/python3.12/site-packages/ekf_adapter-0.1.0-py3.12.egg-info/zip-safe
/home/vdt_2026/VDT_project/install/ekf_adapter/lib/python3.12/site-packages/ekf_adapter-0.1.0-py3.12.egg-info/top_level.txt
/home/vdt_2026/VDT_project/install/ekf_adapter/lib/ekf_adapter/ekf_node
/home/vdt_2026/VDT_project/install/ekf_adapter/lib/ekf_adapter/odom_tf_node
