-- The C compiler identification is GNU 13.3.0
-- The CXX compiler identification is GNU 13.3.0
-- Detecting C compiler ABI info
-- Detecting C compiler ABI info - done
-- Check for working C compiler: /usr/bin/cc - skipped
-- Detecting C compile features
-- Detecting C compile features - done
-- Detecting CXX compiler ABI info
-- Detecting CXX compiler ABI info - done
-- Check for working CXX compiler: /usr/bin/c++ - skipped
-- Detecting CXX compile features
-- Detecting CXX compile features - done
-- Found ament_cmake: 2.5.6 (/opt/ros/jazzy/share/ament_cmake/cmake)
-- Found Python3: /usr/bin/python3 (found version "3.12.3") found components: Interpreter 
-- Found rclcpp: 28.1.22 (/opt/ros/jazzy/share/rclcpp/cmake)
-- Found rosidl_generator_c: 4.6.9 (/opt/ros/jazzy/share/rosidl_generator_c/cmake)
-- Found rosidl_generator_cpp: 4.6.9 (/opt/ros/jazzy/share/rosidl_generator_cpp/cmake)
-- Using all available rosidl_typesupport_c: rosidl_typesupport_fastrtps_c;rosidl_typesupport_introspection_c
-- Using all available rosidl_typesupport_cpp: rosidl_typesupport_fastrtps_cpp;rosidl_typesupport_introspection_cpp
-- Found rmw_implementation_cmake: 7.3.3 (/opt/ros/jazzy/share/rmw_implementation_cmake/cmake)
-- Found rmw_fastrtps_cpp: 8.4.4 (/opt/ros/jazzy/share/rmw_fastrtps_cpp/cmake)
-- Found OpenSSL: /usr/lib/aarch64-linux-gnu/libcrypto.so (found version "3.0.13")  
-- Found FastRTPS: /opt/ros/jazzy/include (Required is at least version "2.13") 
-- Using RMW implementation 'rmw_fastrtps_cpp' as default
-- Found px4_msgs: 2.0.1 (/home/vdt_2026/ros2_ws/install/px4_msgs/share/px4_msgs/cmake)
-- Found nav_msgs: 5.3.8 (/opt/ros/jazzy/share/nav_msgs/cmake)
-- Found tf2_ros: 0.36.22 (/opt/ros/jazzy/share/tf2_ros/cmake)
-- Found fsm_state_machine: 0.1.0 (/home/vdt_2026/VDT_project/install/fsm_state_machine/share/fsm_state_machine/cmake)
-- Found vdt_msgs: 0.1.0 (/home/vdt_2026/VDT_project/install/vdt_msgs/share/vdt_msgs/cmake)
-- Configuring done (2.0s)
-- Generating done (0.0s)
-- Build files have been written to: /home/vdt_2026/VDT_project/build/px4_state_bridge
Change Dir: '/home/vdt_2026/VDT_project/build/px4_state_bridge'

Run Build Command(s): /usr/bin/cmake -E env VERBOSE=1 /usr/bin/gmake -f Makefile -j4 -l4
/usr/bin/cmake -S/home/vdt_2026/VDT_project/ros2_ws/src/px4_state_bridge -B/home/vdt_2026/VDT_project/build/px4_state_bridge --check-build-system CMakeFiles/Makefile.cmake 0
/usr/bin/cmake -E cmake_progress_start /home/vdt_2026/VDT_project/build/px4_state_bridge/CMakeFiles /home/vdt_2026/VDT_project/build/px4_state_bridge//CMakeFiles/progress.marks
/usr/bin/gmake  -f CMakeFiles/Makefile2 all
gmake[1]: Entering directory '/home/vdt_2026/VDT_project/build/px4_state_bridge'
/usr/bin/gmake  -f CMakeFiles/px4_state_bridge_node.dir/build.make CMakeFiles/px4_state_bridge_node.dir/depend
/usr/bin/gmake  -f CMakeFiles/frame_conversion_test.dir/build.make CMakeFiles/frame_conversion_test.dir/depend
gmake[2]: Entering directory '/home/vdt_2026/VDT_project/build/px4_state_bridge'
cd /home/vdt_2026/VDT_project/build/px4_state_bridge && /usr/bin/cmake -E cmake_depends "Unix Makefiles" /home/vdt_2026/VDT_project/ros2_ws/src/px4_state_bridge /home/vdt_2026/VDT_project/ros2_ws/src/px4_state_bridge /home/vdt_2026/VDT_project/build/px4_state_bridge /home/vdt_2026/VDT_project/build/px4_state_bridge /home/vdt_2026/VDT_project/build/px4_state_bridge/CMakeFiles/frame_conversion_test.dir/DependInfo.cmake "--color="
gmake[2]: Entering directory '/home/vdt_2026/VDT_project/build/px4_state_bridge'
cd /home/vdt_2026/VDT_project/build/px4_state_bridge && /usr/bin/cmake -E cmake_depends "Unix Makefiles" /home/vdt_2026/VDT_project/ros2_ws/src/px4_state_bridge /home/vdt_2026/VDT_project/ros2_ws/src/px4_state_bridge /home/vdt_2026/VDT_project/build/px4_state_bridge /home/vdt_2026/VDT_project/build/px4_state_bridge /home/vdt_2026/VDT_project/build/px4_state_bridge/CMakeFiles/px4_state_bridge_node.dir/DependInfo.cmake "--color="
gmake[2]: Leaving directory '/home/vdt_2026/VDT_project/build/px4_state_bridge'
gmake[2]: Leaving directory '/home/vdt_2026/VDT_project/build/px4_state_bridge'
/usr/bin/gmake  -f CMakeFiles/px4_state_bridge_node.dir/build.make CMakeFiles/px4_state_bridge_node.dir/build
/usr/bin/gmake  -f CMakeFiles/frame_conversion_test.dir/build.make CMakeFiles/frame_conversion_test.dir/build
gmake[2]: Entering directory '/home/vdt_2026/VDT_project/build/px4_state_bridge'
gmake[2]: Entering directory '/home/vdt_2026/VDT_project/build/px4_state_bridge'
[ 50%] Building CXX object CMakeFiles/px4_state_bridge_node.dir/src/px4_bridge_node.cpp.o
[ 50%] Building CXX object CMakeFiles/frame_conversion_test.dir/test/frame_conversion_test.cpp.o
/usr/bin/c++ -DDEFAULT_RMW_IMPLEMENTATION=rmw_fastrtps_cpp -DFASTCDR_DYN_LINK -I/home/vdt_2026/VDT_project/ros2_ws/src/px4_state_bridge/include -isystem /home/vdt_2026/VDT_project/install/vdt_msgs/include/vdt_msgs -isystem /home/vdt_2026/ros2_ws/install/px4_msgs/include/px4_msgs -isystem /opt/ros/jazzy/include/rclcpp -isystem /opt/ros/jazzy/include/nav_msgs -isystem /opt/ros/jazzy/include/geometry_msgs -isystem /opt/ros/jazzy/include/std_msgs -isystem /opt/ros/jazzy/include/tf2_ros -isystem /opt/ros/jazzy/include/builtin_interfaces -isystem /opt/ros/jazzy/include/rosidl_runtime_c -isystem /opt/ros/jazzy/include/rcutils -isystem /opt/ros/jazzy/include/rosidl_typesupport_interface -isystem /opt/ros/jazzy/include/fastcdr -isystem /opt/ros/jazzy/include/rosidl_runtime_cpp -isystem /opt/ros/jazzy/include/rosidl_typesupport_fastrtps_cpp -isystem /opt/ros/jazzy/include/rmw -isystem /opt/ros/jazzy/include/rosidl_dynamic_typesupport -isystem /opt/ros/jazzy/include/rosidl_typesupport_fastrtps_c -isystem /opt/ros/jazzy/include/rosidl_typesupport_introspection_c -isystem /opt/ros/jazzy/include/rosidl_typesupport_introspection_cpp -isystem /opt/ros/jazzy/include/libstatistics_collector -isystem /opt/ros/jazzy/include/rcl -isystem /opt/ros/jazzy/include/rcl_interfaces -isystem /opt/ros/jazzy/include/service_msgs -isystem /opt/ros/jazzy/include/rcl_logging_interface -isystem /opt/ros/jazzy/include/rcl_yaml_param_parser -isystem /opt/ros/jazzy/include/type_description_interfaces -isystem /opt/ros/jazzy/include/rcpputils -isystem /opt/ros/jazzy/include/statistics_msgs -isystem /opt/ros/jazzy/include/rosgraph_msgs -isystem /opt/ros/jazzy/include/rosidl_typesupport_cpp -isystem /opt/ros/jazzy/include/rosidl_typesupport_c -isystem /opt/ros/jazzy/include/tracetools -isystem /opt/ros/jazzy/include/message_filters -isystem /opt/ros/jazzy/include/rclcpp_action -isystem /opt/ros/jazzy/include/action_msgs -isystem /opt/ros/jazzy/include/unique_identifier_msgs -isystem /opt/ros/jazzy/include/rcl_action -isystem /opt/ros/jazzy/include/tf2 -isystem /opt/ros/jazzy/include/tf2_msgs  -MD -MT CMakeFiles/px4_state_bridge_node.dir/src/px4_bridge_node.cpp.o -MF CMakeFiles/px4_state_bridge_node.dir/src/px4_bridge_node.cpp.o.d -o CMakeFiles/px4_state_bridge_node.dir/src/px4_bridge_node.cpp.o -c /home/vdt_2026/VDT_project/ros2_ws/src/px4_state_bridge/src/px4_bridge_node.cpp
/usr/bin/c++  -I/home/vdt_2026/VDT_project/ros2_ws/src/px4_state_bridge/include -UNDEBUG -MD -MT CMakeFiles/frame_conversion_test.dir/test/frame_conversion_test.cpp.o -MF CMakeFiles/frame_conversion_test.dir/test/frame_conversion_test.cpp.o.d -o CMakeFiles/frame_conversion_test.dir/test/frame_conversion_test.cpp.o -c /home/vdt_2026/VDT_project/ros2_ws/src/px4_state_bridge/test/frame_conversion_test.cpp
[ 75%] Linking CXX executable frame_conversion_test
/usr/bin/cmake -E cmake_link_script CMakeFiles/frame_conversion_test.dir/link.txt --verbose=1
/usr/bin/c++ CMakeFiles/frame_conversion_test.dir/test/frame_conversion_test.cpp.o -o frame_conversion_test 
gmake[2]: Leaving directory '/home/vdt_2026/VDT_project/build/px4_state_bridge'
[ 75%] Built target frame_conversion_test
[100%] Linking CXX executable px4_state_bridge_node
/usr/bin/cmake -E cmake_link_script CMakeFiles/px4_state_bridge_node.dir/link.txt --verbose=1
/usr/bin/c++ CMakeFiles/px4_state_bridge_node.dir/src/px4_bridge_node.cpp.o -o px4_state_bridge_node  -Wl,-rpath,/home/vdt_2026/ros2_ws/install/px4_msgs/lib:/opt/ros/jazzy/lib:/home/vdt_2026/VDT_project/install/vdt_msgs/lib: /home/vdt_2026/ros2_ws/install/px4_msgs/lib/libpx4_msgs__rosidl_typesupport_fastrtps_c.so /home/vdt_2026/ros2_ws/install/px4_msgs/lib/libpx4_msgs__rosidl_typesupport_fastrtps_cpp.so /home/vdt_2026/ros2_ws/install/px4_msgs/lib/libpx4_msgs__rosidl_typesupport_introspection_c.so /home/vdt_2026/ros2_ws/install/px4_msgs/lib/libpx4_msgs__rosidl_typesupport_introspection_cpp.so /home/vdt_2026/ros2_ws/install/px4_msgs/lib/libpx4_msgs__rosidl_typesupport_cpp.so /home/vdt_2026/ros2_ws/install/px4_msgs/lib/libpx4_msgs__rosidl_generator_py.so /opt/ros/jazzy/lib/libnav_msgs__rosidl_typesupport_fastrtps_c.so /opt/ros/jazzy/lib/libnav_msgs__rosidl_typesupport_fastrtps_cpp.so /opt/ros/jazzy/lib/libnav_msgs__rosidl_typesupport_introspection_c.so /opt/ros/jazzy/lib/libnav_msgs__rosidl_typesupport_introspection_cpp.so /opt/ros/jazzy/lib/libnav_msgs__rosidl_typesupport_cpp.so /opt/ros/jazzy/lib/libnav_msgs__rosidl_generator_py.so /opt/ros/jazzy/lib/libstatic_transform_broadcaster_node.so /home/vdt_2026/VDT_project/install/vdt_msgs/lib/libvdt_msgs__rosidl_typesupport_fastrtps_c.so /home/vdt_2026/VDT_project/install/vdt_msgs/lib/libvdt_msgs__rosidl_typesupport_fastrtps_cpp.so /home/vdt_2026/VDT_project/install/vdt_msgs/lib/libvdt_msgs__rosidl_typesupport_introspection_c.so /home/vdt_2026/VDT_project/install/vdt_msgs/lib/libvdt_msgs__rosidl_typesupport_introspection_cpp.so /home/vdt_2026/VDT_project/install/vdt_msgs/lib/libvdt_msgs__rosidl_typesupport_cpp.so /home/vdt_2026/VDT_project/install/vdt_msgs/lib/libvdt_msgs__rosidl_generator_py.so /home/vdt_2026/ros2_ws/install/px4_msgs/lib/libpx4_msgs__rosidl_typesupport_c.so /home/vdt_2026/ros2_ws/install/px4_msgs/lib/libpx4_msgs__rosidl_generator_c.so /opt/ros/jazzy/lib/libnav_msgs__rosidl_typesupport_c.so /opt/ros/jazzy/lib/libnav_msgs__rosidl_generator_c.so /opt/ros/jazzy/lib/libtf2_ros.so /opt/ros/jazzy/lib/libmessage_filters.so /opt/ros/jazzy/lib/librclcpp_action.so /opt/ros/jazzy/lib/librclcpp.so /opt/ros/jazzy/lib/liblibstatistics_collector.so /opt/ros/jazzy/lib/librosgraph_msgs__rosidl_typesupport_fastrtps_c.so /opt/ros/jazzy/lib/librosgraph_msgs__rosidl_typesupport_fastrtps_cpp.so /opt/ros/jazzy/lib/librosgraph_msgs__rosidl_typesupport_introspection_c.so /opt/ros/jazzy/lib/librosgraph_msgs__rosidl_typesupport_introspection_cpp.so /opt/ros/jazzy/lib/librosgraph_msgs__rosidl_typesupport_cpp.so /opt/ros/jazzy/lib/librosgraph_msgs__rosidl_generator_py.so /opt/ros/jazzy/lib/librosgraph_msgs__rosidl_typesupport_c.so /opt/ros/jazzy/lib/librosgraph_msgs__rosidl_generator_c.so /opt/ros/jazzy/lib/libstatistics_msgs__rosidl_typesupport_fastrtps_c.so /opt/ros/jazzy/lib/libstatistics_msgs__rosidl_typesupport_fastrtps_cpp.so /opt/ros/jazzy/lib/libstatistics_msgs__rosidl_typesupport_introspection_c.so /opt/ros/jazzy/lib/libstatistics_msgs__rosidl_typesupport_introspection_cpp.so /opt/ros/jazzy/lib/libstatistics_msgs__rosidl_typesupport_cpp.so /opt/ros/jazzy/lib/libstatistics_msgs__rosidl_generator_py.so /opt/ros/jazzy/lib/libstatistics_msgs__rosidl_typesupport_c.so /opt/ros/jazzy/lib/libstatistics_msgs__rosidl_generator_c.so /opt/ros/jazzy/lib/librcl_action.so /opt/ros/jazzy/lib/librcl.so /opt/ros/jazzy/lib/librcl_interfaces__rosidl_typesupport_fastrtps_c.so /opt/ros/jazzy/lib/librcl_interfaces__rosidl_typesupport_introspection_c.so /opt/ros/jazzy/lib/librcl_interfaces__rosidl_typesupport_fastrtps_cpp.so /opt/ros/jazzy/lib/librcl_interfaces__rosidl_typesupport_introspection_cpp.so /opt/ros/jazzy/lib/librcl_interfaces__rosidl_typesupport_cpp.so /opt/ros/jazzy/lib/librcl_interfaces__rosidl_generator_py.so /opt/ros/jazzy/lib/librcl_interfaces__rosidl_typesupport_c.so /opt/ros/jazzy/lib/librcl_interfaces__rosidl_generator_c.so /opt/ros/jazzy/lib/librcl_yaml_param_parser.so /opt/ros/jazzy/lib/libtracetools.so -llttng-ust -llttng-ust-common -rdynamic -ldl /opt/ros/jazzy/lib/librcl_logging_interface.so /opt/ros/jazzy/lib/librmw_implementation.so /opt/ros/jazzy/lib/libtype_description_interfaces__rosidl_typesupport_fastrtps_c.so /opt/ros/jazzy/lib/libtype_description_interfaces__rosidl_typesupport_introspection_c.so /opt/ros/jazzy/lib/libtype_description_interfaces__rosidl_typesupport_fastrtps_cpp.so /opt/ros/jazzy/lib/libtype_description_interfaces__rosidl_typesupport_introspection_cpp.so /opt/ros/jazzy/lib/libtype_description_interfaces__rosidl_typesupport_cpp.so /opt/ros/jazzy/lib/libtype_description_interfaces__rosidl_generator_py.so /opt/ros/jazzy/lib/libtype_description_interfaces__rosidl_typesupport_c.so /opt/ros/jazzy/lib/libtype_description_interfaces__rosidl_generator_c.so /opt/ros/jazzy/lib/libtf2.so /opt/ros/jazzy/lib/libtf2_msgs__rosidl_typesupport_fastrtps_c.so /opt/ros/jazzy/lib/libtf2_msgs__rosidl_typesupport_introspection_c.so /opt/ros/jazzy/lib/libtf2_msgs__rosidl_typesupport_fastrtps_cpp.so /opt/ros/jazzy/lib/libtf2_msgs__rosidl_typesupport_introspection_cpp.so /opt/ros/jazzy/lib/libtf2_msgs__rosidl_typesupport_cpp.so /opt/ros/jazzy/lib/libtf2_msgs__rosidl_generator_py.so /opt/ros/jazzy/lib/libgeometry_msgs__rosidl_typesupport_fastrtps_c.so /opt/ros/jazzy/lib/libgeometry_msgs__rosidl_typesupport_introspection_c.so /opt/ros/jazzy/lib/libgeometry_msgs__rosidl_typesupport_fastrtps_cpp.so /opt/ros/jazzy/lib/libgeometry_msgs__rosidl_typesupport_introspection_cpp.so /opt/ros/jazzy/lib/libgeometry_msgs__rosidl_typesupport_cpp.so /opt/ros/jazzy/lib/libgeometry_msgs__rosidl_generator_py.so /opt/ros/jazzy/lib/libtf2_msgs__rosidl_typesupport_c.so /opt/ros/jazzy/lib/libgeometry_msgs__rosidl_typesupport_c.so /opt/ros/jazzy/lib/libtf2_msgs__rosidl_generator_c.so /opt/ros/jazzy/lib/libgeometry_msgs__rosidl_generator_c.so /opt/ros/jazzy/lib/libaction_msgs__rosidl_typesupport_fastrtps_c.so /opt/ros/jazzy/lib/libaction_msgs__rosidl_typesupport_fastrtps_cpp.so /opt/ros/jazzy/lib/libaction_msgs__rosidl_typesupport_introspection_c.so /opt/ros/jazzy/lib/libaction_msgs__rosidl_typesupport_introspection_cpp.so /opt/ros/jazzy/lib/libaction_msgs__rosidl_typesupport_cpp.so /opt/ros/jazzy/lib/libaction_msgs__rosidl_generator_py.so /opt/ros/jazzy/lib/libservice_msgs__rosidl_typesupport_fastrtps_c.so /opt/ros/jazzy/lib/libservice_msgs__rosidl_typesupport_fastrtps_cpp.so /opt/ros/jazzy/lib/libservice_msgs__rosidl_typesupport_introspection_c.so /opt/ros/jazzy/lib/libservice_msgs__rosidl_typesupport_introspection_cpp.so /opt/ros/jazzy/lib/libservice_msgs__rosidl_typesupport_cpp.so /opt/ros/jazzy/lib/libaction_msgs__rosidl_typesupport_c.so /opt/ros/jazzy/lib/libaction_msgs__rosidl_generator_c.so /opt/ros/jazzy/lib/libunique_identifier_msgs__rosidl_typesupport_fastrtps_c.so /opt/ros/jazzy/lib/libunique_identifier_msgs__rosidl_typesupport_introspection_c.so /opt/ros/jazzy/lib/libunique_identifier_msgs__rosidl_typesupport_fastrtps_cpp.so /opt/ros/jazzy/lib/libunique_identifier_msgs__rosidl_typesupport_introspection_cpp.so /opt/ros/jazzy/lib/libunique_identifier_msgs__rosidl_typesupport_cpp.so /opt/ros/jazzy/lib/libservice_msgs__rosidl_typesupport_c.so /opt/ros/jazzy/lib/libservice_msgs__rosidl_generator_c.so /opt/ros/jazzy/lib/libunique_identifier_msgs__rosidl_typesupport_c.so /opt/ros/jazzy/lib/libunique_identifier_msgs__rosidl_generator_c.so /opt/ros/jazzy/lib/libstd_msgs__rosidl_typesupport_fastrtps_c.so /opt/ros/jazzy/lib/libstd_msgs__rosidl_typesupport_fastrtps_cpp.so /opt/ros/jazzy/lib/libstd_msgs__rosidl_typesupport_introspection_c.so /opt/ros/jazzy/lib/libstd_msgs__rosidl_typesupport_introspection_cpp.so /opt/ros/jazzy/lib/libstd_msgs__rosidl_typesupport_cpp.so /opt/ros/jazzy/lib/libstd_msgs__rosidl_generator_py.so /home/vdt_2026/VDT_project/install/vdt_msgs/lib/libvdt_msgs__rosidl_typesupport_c.so /opt/ros/jazzy/lib/libstd_msgs__rosidl_typesupport_c.so /home/vdt_2026/VDT_project/install/vdt_msgs/lib/libvdt_msgs__rosidl_generator_c.so /opt/ros/jazzy/lib/libstd_msgs__rosidl_generator_c.so /opt/ros/jazzy/lib/libbuiltin_interfaces__rosidl_typesupport_fastrtps_c.so /opt/ros/jazzy/lib/librosidl_typesupport_fastrtps_c.so /opt/ros/jazzy/lib/libbuiltin_interfaces__rosidl_typesupport_introspection_c.so /opt/ros/jazzy/lib/libbuiltin_interfaces__rosidl_typesupport_fastrtps_cpp.so /opt/ros/jazzy/lib/librosidl_typesupport_fastrtps_cpp.so /opt/ros/jazzy/lib/librmw.so /opt/ros/jazzy/lib/librosidl_dynamic_typesupport.so /opt/ros/jazzy/lib/libfastcdr.so.2.2.8 /opt/ros/jazzy/lib/libbuiltin_interfaces__rosidl_typesupport_introspection_cpp.so /opt/ros/jazzy/lib/librosidl_typesupport_introspection_cpp.so /opt/ros/jazzy/lib/librosidl_typesupport_introspection_c.so /opt/ros/jazzy/lib/libbuiltin_interfaces__rosidl_typesupport_cpp.so /opt/ros/jazzy/lib/librosidl_typesupport_cpp.so /opt/ros/jazzy/lib/libbuiltin_interfaces__rosidl_generator_py.so /opt/ros/jazzy/lib/libbuiltin_interfaces__rosidl_typesupport_c.so /opt/ros/jazzy/lib/libbuiltin_interfaces__rosidl_generator_c.so /opt/ros/jazzy/lib/librosidl_typesupport_c.so /opt/ros/jazzy/lib/librcpputils.so /opt/ros/jazzy/lib/librosidl_runtime_c.so /opt/ros/jazzy/lib/librcutils.so -ldl -latomic -Wl,-rpath-link,/opt/ros/jazzy/lib 
gmake[2]: Leaving directory '/home/vdt_2026/VDT_project/build/px4_state_bridge'
[100%] Built target px4_state_bridge_node
gmake[1]: Leaving directory '/home/vdt_2026/VDT_project/build/px4_state_bridge'
/usr/bin/cmake -E cmake_progress_start /home/vdt_2026/VDT_project/build/px4_state_bridge/CMakeFiles 0

-- Install configuration: ""
-- Installing: /home/vdt_2026/VDT_project/install/px4_state_bridge/lib/px4_state_bridge/px4_state_bridge_node
-- Set non-toolchain portion of runtime path of "/home/vdt_2026/VDT_project/install/px4_state_bridge/lib/px4_state_bridge/px4_state_bridge_node" to ""
-- Installing: /home/vdt_2026/VDT_project/install/px4_state_bridge/share/px4_state_bridge/config
-- Installing: /home/vdt_2026/VDT_project/install/px4_state_bridge/share/px4_state_bridge/config/px4_state_bridge.yaml
-- Installing: /home/vdt_2026/VDT_project/install/px4_state_bridge/share/px4_state_bridge/launch
-- Installing: /home/vdt_2026/VDT_project/install/px4_state_bridge/share/px4_state_bridge/launch/px4_state_bridge.launch.py
-- Installing: /home/vdt_2026/VDT_project/install/px4_state_bridge/share/ament_index/resource_index/package_run_dependencies/px4_state_bridge
-- Installing: /home/vdt_2026/VDT_project/install/px4_state_bridge/share/ament_index/resource_index/parent_prefix_path/px4_state_bridge
-- Installing: /home/vdt_2026/VDT_project/install/px4_state_bridge/share/px4_state_bridge/environment/ament_prefix_path.sh
-- Installing: /home/vdt_2026/VDT_project/install/px4_state_bridge/share/px4_state_bridge/environment/ament_prefix_path.dsv
-- Installing: /home/vdt_2026/VDT_project/install/px4_state_bridge/share/px4_state_bridge/environment/path.sh
-- Installing: /home/vdt_2026/VDT_project/install/px4_state_bridge/share/px4_state_bridge/environment/path.dsv
-- Installing: /home/vdt_2026/VDT_project/install/px4_state_bridge/share/px4_state_bridge/local_setup.bash
-- Installing: /home/vdt_2026/VDT_project/install/px4_state_bridge/share/px4_state_bridge/local_setup.sh
-- Installing: /home/vdt_2026/VDT_project/install/px4_state_bridge/share/px4_state_bridge/local_setup.zsh
-- Installing: /home/vdt_2026/VDT_project/install/px4_state_bridge/share/px4_state_bridge/local_setup.dsv
-- Installing: /home/vdt_2026/VDT_project/install/px4_state_bridge/share/px4_state_bridge/package.dsv
-- Installing: /home/vdt_2026/VDT_project/install/px4_state_bridge/share/ament_index/resource_index/packages/px4_state_bridge
-- Installing: /home/vdt_2026/VDT_project/install/px4_state_bridge/share/px4_state_bridge/cmake/px4_state_bridgeConfig.cmake
-- Installing: /home/vdt_2026/VDT_project/install/px4_state_bridge/share/px4_state_bridge/cmake/px4_state_bridgeConfig-version.cmake
-- Installing: /home/vdt_2026/VDT_project/install/px4_state_bridge/share/px4_state_bridge/package.xml
