[0.013s] Invoking command in '/home/vdt_2026/VDT_project/build/px4_state_bridge': AMENT_PREFIX_PATH=/home/vdt_2026/VDT_project/install/fsm_state_machine:/home/vdt_2026/VDT_project/install/vdt_msgs:${AMENT_PREFIX_PATH} CMAKE_PREFIX_PATH=/home/vdt_2026/VDT_project/install/fsm_state_machine:/home/vdt_2026/VDT_project/install/vdt_msgs:/home/vdt_2026/ros2_ws/install/px4_msgs:/opt/ros/jazzy LD_LIBRARY_PATH=/home/vdt_2026/VDT_project/install/vdt_msgs/lib:${LD_LIBRARY_PATH} PYTHONPATH=/home/vdt_2026/VDT_project/install/vdt_msgs/lib/python3.12/site-packages:${PYTHONPATH} /usr/bin/cmake /home/vdt_2026/VDT_project/ros2_ws/src/px4_state_bridge -DCMAKE_VERBOSE_MAKEFILE=ON -DCMAKE_INSTALL_PREFIX=/home/vdt_2026/VDT_project/install/px4_state_bridge
[0.111s] -- The C compiler identification is GNU 13.3.0
[0.207s] -- The CXX compiler identification is GNU 13.3.0
[0.235s] -- Detecting C compiler ABI info
[0.390s] -- Detecting C compiler ABI info - done
[0.405s] -- Check for working C compiler: /usr/bin/cc - skipped
[0.405s] -- Detecting C compile features
[0.406s] -- Detecting C compile features - done
[0.420s] -- Detecting CXX compiler ABI info
[0.587s] -- Detecting CXX compiler ABI info - done
[0.602s] -- Check for working CXX compiler: /usr/bin/c++ - skipped
[0.603s] -- Detecting CXX compile features
[0.603s] -- Detecting CXX compile features - done
[0.607s] -- Found ament_cmake: 2.5.6 (/opt/ros/jazzy/share/ament_cmake/cmake)
[0.819s] -- Found Python3: /usr/bin/python3 (found version "3.12.3") found components: Interpreter 
[0.970s] -- Found rclcpp: 28.1.22 (/opt/ros/jazzy/share/rclcpp/cmake)
[1.015s] -- Found rosidl_generator_c: 4.6.9 (/opt/ros/jazzy/share/rosidl_generator_c/cmake)
[1.033s] -- Found rosidl_generator_cpp: 4.6.9 (/opt/ros/jazzy/share/rosidl_generator_cpp/cmake)
[1.054s] -- Using all available rosidl_typesupport_c: rosidl_typesupport_fastrtps_c;rosidl_typesupport_introspection_c
[1.077s] -- Using all available rosidl_typesupport_cpp: rosidl_typesupport_fastrtps_cpp;rosidl_typesupport_introspection_cpp
[1.175s] -- Found rmw_implementation_cmake: 7.3.3 (/opt/ros/jazzy/share/rmw_implementation_cmake/cmake)
[1.178s] -- Found rmw_fastrtps_cpp: 8.4.4 (/opt/ros/jazzy/share/rmw_fastrtps_cpp/cmake)
[1.300s] -- Found OpenSSL: /usr/lib/aarch64-linux-gnu/libcrypto.so (found version "3.0.13")  
[1.323s] -- Found FastRTPS: /opt/ros/jazzy/include (Required is at least version "2.13") 
[1.359s] -- Using RMW implementation 'rmw_fastrtps_cpp' as default
[1.456s] -- Found px4_msgs: 2.0.1 (/home/vdt_2026/ros2_ws/install/px4_msgs/share/px4_msgs/cmake)
[1.479s] -- Found nav_msgs: 5.3.8 (/opt/ros/jazzy/share/nav_msgs/cmake)
[1.560s] -- Found tf2_ros: 0.36.22 (/opt/ros/jazzy/share/tf2_ros/cmake)
[1.828s] -- Found fsm_state_machine: 0.1.0 (/home/vdt_2026/VDT_project/install/fsm_state_machine/share/fsm_state_machine/cmake)
[1.829s] -- Found vdt_msgs: 0.1.0 (/home/vdt_2026/VDT_project/install/vdt_msgs/share/vdt_msgs/cmake)
[2.002s] -- Configuring done (2.0s)
[2.031s] -- Generating done (0.0s)
[2.038s] -- Build files have been written to: /home/vdt_2026/VDT_project/build/px4_state_bridge
[2.058s] Invoked command in '/home/vdt_2026/VDT_project/build/px4_state_bridge' returned '0': AMENT_PREFIX_PATH=/home/vdt_2026/VDT_project/install/fsm_state_machine:/home/vdt_2026/VDT_project/install/vdt_msgs:${AMENT_PREFIX_PATH} CMAKE_PREFIX_PATH=/home/vdt_2026/VDT_project/install/fsm_state_machine:/home/vdt_2026/VDT_project/install/vdt_msgs:/home/vdt_2026/ros2_ws/install/px4_msgs:/opt/ros/jazzy LD_LIBRARY_PATH=/home/vdt_2026/VDT_project/install/vdt_msgs/lib:${LD_LIBRARY_PATH} PYTHONPATH=/home/vdt_2026/VDT_project/install/vdt_msgs/lib/python3.12/site-packages:${PYTHONPATH} /usr/bin/cmake /home/vdt_2026/VDT_project/ros2_ws/src/px4_state_bridge -DCMAKE_VERBOSE_MAKEFILE=ON -DCMAKE_INSTALL_PREFIX=/home/vdt_2026/VDT_project/install/px4_state_bridge
[2.059s] Invoking command in '/home/vdt_2026/VDT_project/build/px4_state_bridge': AMENT_PREFIX_PATH=/home/vdt_2026/VDT_project/install/fsm_state_machine:/home/vdt_2026/VDT_project/install/vdt_msgs:${AMENT_PREFIX_PATH} CMAKE_PREFIX_PATH=/home/vdt_2026/VDT_project/install/fsm_state_machine:/home/vdt_2026/VDT_project/install/vdt_msgs:/home/vdt_2026/ros2_ws/install/px4_msgs:/opt/ros/jazzy LD_LIBRARY_PATH=/home/vdt_2026/VDT_project/install/vdt_msgs/lib:${LD_LIBRARY_PATH} PYTHONPATH=/home/vdt_2026/VDT_project/install/vdt_msgs/lib/python3.12/site-packages:${PYTHONPATH} /usr/bin/cmake --build /home/vdt_2026/VDT_project/build/px4_state_bridge -- -j4 -l4
[2.073s] Change Dir: '/home/vdt_2026/VDT_project/build/px4_state_bridge'
[2.073s] 
[2.073s] Run Build Command(s): /usr/bin/cmake -E env VERBOSE=1 /usr/bin/gmake -f Makefile -j4 -l4
[2.090s] /usr/bin/cmake -S/home/vdt_2026/VDT_project/ros2_ws/src/px4_state_bridge -B/home/vdt_2026/VDT_project/build/px4_state_bridge --check-build-system CMakeFiles/Makefile.cmake 0
[2.112s] /usr/bin/cmake -E cmake_progress_start /home/vdt_2026/VDT_project/build/px4_state_bridge/CMakeFiles /home/vdt_2026/VDT_project/build/px4_state_bridge//CMakeFiles/progress.marks
[2.125s] /usr/bin/gmake  -f CMakeFiles/Makefile2 all
[2.127s] gmake[1]: Entering directory '/home/vdt_2026/VDT_project/build/px4_state_bridge'
[2.127s] /usr/bin/gmake  -f CMakeFiles/px4_state_bridge_node.dir/build.make CMakeFiles/px4_state_bridge_node.dir/depend
[2.130s] /usr/bin/gmake  -f CMakeFiles/frame_conversion_test.dir/build.make CMakeFiles/frame_conversion_test.dir/depend
[2.130s] gmake[2]: Entering directory '/home/vdt_2026/VDT_project/build/px4_state_bridge'
[2.130s] cd /home/vdt_2026/VDT_project/build/px4_state_bridge && /usr/bin/cmake -E cmake_depends "Unix Makefiles" /home/vdt_2026/VDT_project/ros2_ws/src/px4_state_bridge /home/vdt_2026/VDT_project/ros2_ws/src/px4_state_bridge /home/vdt_2026/VDT_project/build/px4_state_bridge /home/vdt_2026/VDT_project/build/px4_state_bridge /home/vdt_2026/VDT_project/build/px4_state_bridge/CMakeFiles/frame_conversion_test.dir/DependInfo.cmake "--color="
[2.130s] gmake[2]: Entering directory '/home/vdt_2026/VDT_project/build/px4_state_bridge'
[2.130s] cd /home/vdt_2026/VDT_project/build/px4_state_bridge && /usr/bin/cmake -E cmake_depends "Unix Makefiles" /home/vdt_2026/VDT_project/ros2_ws/src/px4_state_bridge /home/vdt_2026/VDT_project/ros2_ws/src/px4_state_bridge /home/vdt_2026/VDT_project/build/px4_state_bridge /home/vdt_2026/VDT_project/build/px4_state_bridge /home/vdt_2026/VDT_project/build/px4_state_bridge/CMakeFiles/px4_state_bridge_node.dir/DependInfo.cmake "--color="
[2.145s] gmake[2]: Leaving directory '/home/vdt_2026/VDT_project/build/px4_state_bridge'
[2.145s] gmake[2]: Leaving directory '/home/vdt_2026/VDT_project/build/px4_state_bridge'
[2.146s] /usr/bin/gmake  -f CMakeFiles/px4_state_bridge_node.dir/build.make CMakeFiles/px4_state_bridge_node.dir/build
[2.148s] /usr/bin/gmake  -f CMakeFiles/frame_conversion_test.dir/build.make CMakeFiles/frame_conversion_test.dir/build
[2.148s] gmake[2]: Entering directory '/home/vdt_2026/VDT_project/build/px4_state_bridge'
[2.148s] gmake[2]: Entering directory '/home/vdt_2026/VDT_project/build/px4_state_bridge'
[2.161s] [ 50%] Building CXX object CMakeFiles/px4_state_bridge_node.dir/src/px4_bridge_node.cpp.o
[2.161s] [ 50%] Building CXX object CMakeFiles/frame_conversion_test.dir/test/frame_conversion_test.cpp.o
[2.163s] /usr/bin/c++ -DDEFAULT_RMW_IMPLEMENTATION=rmw_fastrtps_cpp -DFASTCDR_DYN_LINK -I/home/vdt_2026/VDT_project/ros2_ws/src/px4_state_bridge/include -isystem /home/vdt_2026/VDT_project/install/vdt_msgs/include/vdt_msgs -isystem /home/vdt_2026/ros2_ws/install/px4_msgs/include/px4_msgs -isystem /opt/ros/jazzy/include/rclcpp -isystem /opt/ros/jazzy/include/nav_msgs -isystem /opt/ros/jazzy/include/geometry_msgs -isystem /opt/ros/jazzy/include/std_msgs -isystem /opt/ros/jazzy/include/tf2_ros -isystem /opt/ros/jazzy/include/builtin_interfaces -isystem /opt/ros/jazzy/include/rosidl_runtime_c -isystem /opt/ros/jazzy/include/rcutils -isystem /opt/ros/jazzy/include/rosidl_typesupport_interface -isystem /opt/ros/jazzy/include/fastcdr -isystem /opt/ros/jazzy/include/rosidl_runtime_cpp -isystem /opt/ros/jazzy/include/rosidl_typesupport_fastrtps_cpp -isystem /opt/ros/jazzy/include/rmw -isystem /opt/ros/jazzy/include/rosidl_dynamic_typesupport -isystem /opt/ros/jazzy/include/rosidl_typesupport_fastrtps_c -isystem /opt/ros/jazzy/include/rosidl_typesupport_introspection_c -isystem /opt/ros/jazzy/include/rosidl_typesupport_introspection_cpp -isystem /opt/ros/jazzy/include/libstatistics_collector -isystem /opt/ros/jazzy/include/rcl -isystem /opt/ros/jazzy/include/rcl_interfaces -isystem /opt/ros/jazzy/include/service_msgs -isystem /opt/ros/jazzy/include/rcl_logging_interface -isystem /opt/ros/jazzy/include/rcl_yaml_param_parser -isystem /opt/ros/jazzy/include/type_description_interfaces -isystem /opt/ros/jazzy/include/rcpputils -isystem /opt/ros/jazzy/include/statistics_msgs -isystem /opt/ros/jazzy/include/rosgraph_msgs -isystem /opt/ros/jazzy/include/rosidl_typesupport_cpp -isystem /opt/ros/jazzy/include/rosidl_typesupport_c -isystem /opt/ros/jazzy/include/tracetools -isystem /opt/ros/jazzy/include/message_filters -isystem /opt/ros/jazzy/include/rclcpp_action -isystem /opt/ros/jazzy/include/action_msgs -isystem /opt/ros/jazzy/include/unique_identifier_msgs -isystem /opt/ros/jazzy/include/rcl_action -isystem /opt/ros/jazzy/include/tf2 -isystem /opt/ros/jazzy/include/tf2_msgs  -MD -MT CMakeFiles/px4_state_bridge_node.dir/src/px4_bridge_node.cpp.o -MF CMakeFiles/px4_state_bridge_node.dir/src/px4_bridge_node.cpp.o.d -o CMakeFiles/px4_state_bridge_node.dir/src/px4_bridge_node.cpp.o -c /home/vdt_2026/VDT_project/ros2_ws/src/px4_state_bridge/src/px4_bridge_node.cpp
[2.164s] /usr/bin/c++  -I/home/vdt_2026/VDT_project/ros2_ws/src/px4_state_bridge/include -UNDEBUG -MD -MT CMakeFiles/frame_conversion_test.dir/test/frame_conversion_test.cpp.o -MF CMakeFiles/frame_conversion_test.dir/test/frame_conversion_test.cpp.o.d -o CMakeFiles/frame_conversion_test.dir/test/frame_conversion_test.cpp.o -c /home/vdt_2026/VDT_project/ros2_ws/src/px4_state_bridge/test/frame_conversion_test.cpp
[2.439s] [ 75%] Linking CXX executable frame_conversion_test
[2.441s] /usr/bin/cmake -E cmake_link_script CMakeFiles/frame_conversion_test.dir/link.txt --verbose=1
[2.453s] /usr/bin/c++ CMakeFiles/frame_conversion_test.dir/test/frame_conversion_test.cpp.o -o frame_conversion_test 
[2.510s] gmake[2]: Leaving directory '/home/vdt_2026/VDT_project/build/px4_state_bridge'
[2.527s] [ 75%] Built target frame_conversion_test
[23.211s] [100%] Linking CXX executable px4_state_bridge_node
[23.213s] /usr/bin/cmake -E cmake_link_script CMakeFiles/px4_state_bridge_node.dir/link.txt --verbose=1
[23.225s] /usr/bin/c++ CMakeFiles/px4_state_bridge_node.dir/src/px4_bridge_node.cpp.o -o px4_state_bridge_node  -Wl,-rpath,/home/vdt_2026/ros2_ws/install/px4_msgs/lib:/opt/ros/jazzy/lib:/home/vdt_2026/VDT_project/install/vdt_msgs/lib: /home/vdt_2026/ros2_ws/install/px4_msgs/lib/libpx4_msgs__rosidl_typesupport_fastrtps_c.so /home/vdt_2026/ros2_ws/install/px4_msgs/lib/libpx4_msgs__rosidl_typesupport_fastrtps_cpp.so /home/vdt_2026/ros2_ws/install/px4_msgs/lib/libpx4_msgs__rosidl_typesupport_introspection_c.so /home/vdt_2026/ros2_ws/install/px4_msgs/lib/libpx4_msgs__rosidl_typesupport_introspection_cpp.so /home/vdt_2026/ros2_ws/install/px4_msgs/lib/libpx4_msgs__rosidl_typesupport_cpp.so /home/vdt_2026/ros2_ws/install/px4_msgs/lib/libpx4_msgs__rosidl_generator_py.so /opt/ros/jazzy/lib/libnav_msgs__rosidl_typesupport_fastrtps_c.so /opt/ros/jazzy/lib/libnav_msgs__rosidl_typesupport_fastrtps_cpp.so /opt/ros/jazzy/lib/libnav_msgs__rosidl_typesupport_introspection_c.so /opt/ros/jazzy/lib/libnav_msgs__rosidl_typesupport_introspection_cpp.so /opt/ros/jazzy/lib/libnav_msgs__rosidl_typesupport_cpp.so /opt/ros/jazzy/lib/libnav_msgs__rosidl_generator_py.so /opt/ros/jazzy/lib/libstatic_transform_broadcaster_node.so /home/vdt_2026/VDT_project/install/vdt_msgs/lib/libvdt_msgs__rosidl_typesupport_fastrtps_c.so /home/vdt_2026/VDT_project/install/vdt_msgs/lib/libvdt_msgs__rosidl_typesupport_fastrtps_cpp.so /home/vdt_2026/VDT_project/install/vdt_msgs/lib/libvdt_msgs__rosidl_typesupport_introspection_c.so /home/vdt_2026/VDT_project/install/vdt_msgs/lib/libvdt_msgs__rosidl_typesupport_introspection_cpp.so /home/vdt_2026/VDT_project/install/vdt_msgs/lib/libvdt_msgs__rosidl_typesupport_cpp.so /home/vdt_2026/VDT_project/install/vdt_msgs/lib/libvdt_msgs__rosidl_generator_py.so /home/vdt_2026/ros2_ws/install/px4_msgs/lib/libpx4_msgs__rosidl_typesupport_c.so /home/vdt_2026/ros2_ws/install/px4_msgs/lib/libpx4_msgs__rosidl_generator_c.so /opt/ros/jazzy/lib/libnav_msgs__rosidl_typesupport_c.so /opt/ros/jazzy/lib/libnav_msgs__rosidl_generator_c.so /opt/ros/jazzy/lib/libtf2_ros.so /opt/ros/jazzy/lib/libmessage_filters.so /opt/ros/jazzy/lib/librclcpp_action.so /opt/ros/jazzy/lib/librclcpp.so /opt/ros/jazzy/lib/liblibstatistics_collector.so /opt/ros/jazzy/lib/librosgraph_msgs__rosidl_typesupport_fastrtps_c.so /opt/ros/jazzy/lib/librosgraph_msgs__rosidl_typesupport_fastrtps_cpp.so /opt/ros/jazzy/lib/librosgraph_msgs__rosidl_typesupport_introspection_c.so /opt/ros/jazzy/lib/librosgraph_msgs__rosidl_typesupport_introspection_cpp.so /opt/ros/jazzy/lib/librosgraph_msgs__rosidl_typesupport_cpp.so /opt/ros/jazzy/lib/librosgraph_msgs__rosidl_generator_py.so /opt/ros/jazzy/lib/librosgraph_msgs__rosidl_typesupport_c.so /opt/ros/jazzy/lib/librosgraph_msgs__rosidl_generator_c.so /opt/ros/jazzy/lib/libstatistics_msgs__rosidl_typesupport_fastrtps_c.so /opt/ros/jazzy/lib/libstatistics_msgs__rosidl_typesupport_fastrtps_cpp.so /opt/ros/jazzy/lib/libstatistics_msgs__rosidl_typesupport_introspection_c.so /opt/ros/jazzy/lib/libstatistics_msgs__rosidl_typesupport_introspection_cpp.so /opt/ros/jazzy/lib/libstatistics_msgs__rosidl_typesupport_cpp.so /opt/ros/jazzy/lib/libstatistics_msgs__rosidl_generator_py.so /opt/ros/jazzy/lib/libstatistics_msgs__rosidl_typesupport_c.so /opt/ros/jazzy/lib/libstatistics_msgs__rosidl_generator_c.so /opt/ros/jazzy/lib/librcl_action.so /opt/ros/jazzy/lib/librcl.so /opt/ros/jazzy/lib/librcl_interfaces__rosidl_typesupport_fastrtps_c.so /opt/ros/jazzy/lib/librcl_interfaces__rosidl_typesupport_introspection_c.so /opt/ros/jazzy/lib/librcl_interfaces__rosidl_typesupport_fastrtps_cpp.so /opt/ros/jazzy/lib/librcl_interfaces__rosidl_typesupport_introspection_cpp.so /opt/ros/jazzy/lib/librcl_interfaces__rosidl_typesupport_cpp.so /opt/ros/jazzy/lib/librcl_interfaces__rosidl_generator_py.so /opt/ros/jazzy/lib/librcl_interfaces__rosidl_typesupport_c.so /opt/ros/jazzy/lib/librcl_interfaces__rosidl_generator_c.so /opt/ros/jazzy/lib/librcl_yaml_param_parser.so /opt/ros/jazzy/lib/libtracetools.so -llttng-ust -llttng-ust-common -rdynamic -ldl /opt/ros/jazzy/lib/librcl_logging_interface.so /opt/ros/jazzy/lib/librmw_implementation.so /opt/ros/jazzy/lib/libtype_description_interfaces__rosidl_typesupport_fastrtps_c.so /opt/ros/jazzy/lib/libtype_description_interfaces__rosidl_typesupport_introspection_c.so /opt/ros/jazzy/lib/libtype_description_interfaces__rosidl_typesupport_fastrtps_cpp.so /opt/ros/jazzy/lib/libtype_description_interfaces__rosidl_typesupport_introspection_cpp.so /opt/ros/jazzy/lib/libtype_description_interfaces__rosidl_typesupport_cpp.so /opt/ros/jazzy/lib/libtype_description_interfaces__rosidl_generator_py.so /opt/ros/jazzy/lib/libtype_description_interfaces__rosidl_typesupport_c.so /opt/ros/jazzy/lib/libtype_description_interfaces__rosidl_generator_c.so /opt/ros/jazzy/lib/libtf2.so /opt/ros/jazzy/lib/libtf2_msgs__rosidl_typesupport_fastrtps_c.so /opt/ros/jazzy/lib/libtf2_msgs__rosidl_typesupport_introspection_c.so /opt/ros/jazzy/lib/libtf2_msgs__rosidl_typesupport_fastrtps_cpp.so /opt/ros/jazzy/lib/libtf2_msgs__rosidl_typesupport_introspection_cpp.so /opt/ros/jazzy/lib/libtf2_msgs__rosidl_typesupport_cpp.so /opt/ros/jazzy/lib/libtf2_msgs__rosidl_generator_py.so /opt/ros/jazzy/lib/libgeometry_msgs__rosidl_typesupport_fastrtps_c.so /opt/ros/jazzy/lib/libgeometry_msgs__rosidl_typesupport_introspection_c.so /opt/ros/jazzy/lib/libgeometry_msgs__rosidl_typesupport_fastrtps_cpp.so /opt/ros/jazzy/lib/libgeometry_msgs__rosidl_typesupport_introspection_cpp.so /opt/ros/jazzy/lib/libgeometry_msgs__rosidl_typesupport_cpp.so /opt/ros/jazzy/lib/libgeometry_msgs__rosidl_generator_py.so /opt/ros/jazzy/lib/libtf2_msgs__rosidl_typesupport_c.so /opt/ros/jazzy/lib/libgeometry_msgs__rosidl_typesupport_c.so /opt/ros/jazzy/lib/libtf2_msgs__rosidl_generator_c.so /opt/ros/jazzy/lib/libgeometry_msgs__rosidl_generator_c.so /opt/ros/jazzy/lib/libaction_msgs__rosidl_typesupport_fastrtps_c.so /opt/ros/jazzy/lib/libaction_msgs__rosidl_typesupport_fastrtps_cpp.so /opt/ros/jazzy/lib/libaction_msgs__rosidl_typesupport_introspection_c.so /opt/ros/jazzy/lib/libaction_msgs__rosidl_typesupport_introspection_cpp.so /opt/ros/jazzy/lib/libaction_msgs__rosidl_typesupport_cpp.so /opt/ros/jazzy/lib/libaction_msgs__rosidl_generator_py.so /opt/ros/jazzy/lib/libservice_msgs__rosidl_typesupport_fastrtps_c.so /opt/ros/jazzy/lib/libservice_msgs__rosidl_typesupport_fastrtps_cpp.so /opt/ros/jazzy/lib/libservice_msgs__rosidl_typesupport_introspection_c.so /opt/ros/jazzy/lib/libservice_msgs__rosidl_typesupport_introspection_cpp.so /opt/ros/jazzy/lib/libservice_msgs__rosidl_typesupport_cpp.so /opt/ros/jazzy/lib/libaction_msgs__rosidl_typesupport_c.so /opt/ros/jazzy/lib/libaction_msgs__rosidl_generator_c.so /opt/ros/jazzy/lib/libunique_identifier_msgs__rosidl_typesupport_fastrtps_c.so /opt/ros/jazzy/lib/libunique_identifier_msgs__rosidl_typesupport_introspection_c.so /opt/ros/jazzy/lib/libunique_identifier_msgs__rosidl_typesupport_fastrtps_cpp.so /opt/ros/jazzy/lib/libunique_identifier_msgs__rosidl_typesupport_introspection_cpp.so /opt/ros/jazzy/lib/libunique_identifier_msgs__rosidl_typesupport_cpp.so /opt/ros/jazzy/lib/libservice_msgs__rosidl_typesupport_c.so /opt/ros/jazzy/lib/libservice_msgs__rosidl_generator_c.so /opt/ros/jazzy/lib/libunique_identifier_msgs__rosidl_typesupport_c.so /opt/ros/jazzy/lib/libunique_identifier_msgs__rosidl_generator_c.so /opt/ros/jazzy/lib/libstd_msgs__rosidl_typesupport_fastrtps_c.so /opt/ros/jazzy/lib/libstd_msgs__rosidl_typesupport_fastrtps_cpp.so /opt/ros/jazzy/lib/libstd_msgs__rosidl_typesupport_introspection_c.so /opt/ros/jazzy/lib/libstd_msgs__rosidl_typesupport_introspection_cpp.so /opt/ros/jazzy/lib/libstd_msgs__rosidl_typesupport_cpp.so /opt/ros/jazzy/lib/libstd_msgs__rosidl_generator_py.so /home/vdt_2026/VDT_project/install/vdt_msgs/lib/libvdt_msgs__rosidl_typesupport_c.so /opt/ros/jazzy/lib/libstd_msgs__rosidl_typesupport_c.so /home/vdt_2026/VDT_project/install/vdt_msgs/lib/libvdt_msgs__rosidl_generator_c.so /opt/ros/jazzy/lib/libstd_msgs__rosidl_generator_c.so /opt/ros/jazzy/lib/libbuiltin_interfaces__rosidl_typesupport_fastrtps_c.so /opt/ros/jazzy/lib/librosidl_typesupport_fastrtps_c.so /opt/ros/jazzy/lib/libbuiltin_interfaces__rosidl_typesupport_introspection_c.so /opt/ros/jazzy/lib/libbuiltin_interfaces__rosidl_typesupport_fastrtps_cpp.so /opt/ros/jazzy/lib/librosidl_typesupport_fastrtps_cpp.so /opt/ros/jazzy/lib/librmw.so /opt/ros/jazzy/lib/librosidl_dynamic_typesupport.so /opt/ros/jazzy/lib/libfastcdr.so.2.2.8 /opt/ros/jazzy/lib/libbuiltin_interfaces__rosidl_typesupport_introspection_cpp.so /opt/ros/jazzy/lib/librosidl_typesupport_introspection_cpp.so /opt/ros/jazzy/lib/librosidl_typesupport_introspection_c.so /opt/ros/jazzy/lib/libbuiltin_interfaces__rosidl_typesupport_cpp.so /opt/ros/jazzy/lib/librosidl_typesupport_cpp.so /opt/ros/jazzy/lib/libbuiltin_interfaces__rosidl_generator_py.so /opt/ros/jazzy/lib/libbuiltin_interfaces__rosidl_typesupport_c.so /opt/ros/jazzy/lib/libbuiltin_interfaces__rosidl_generator_c.so /opt/ros/jazzy/lib/librosidl_typesupport_c.so /opt/ros/jazzy/lib/librcpputils.so /opt/ros/jazzy/lib/librosidl_runtime_c.so /opt/ros/jazzy/lib/librcutils.so -ldl -latomic -Wl,-rpath-link,/opt/ros/jazzy/lib 
[25.265s] gmake[2]: Leaving directory '/home/vdt_2026/VDT_project/build/px4_state_bridge'
[25.283s] [100%] Built target px4_state_bridge_node
[25.284s] gmake[1]: Leaving directory '/home/vdt_2026/VDT_project/build/px4_state_bridge'
[25.285s] /usr/bin/cmake -E cmake_progress_start /home/vdt_2026/VDT_project/build/px4_state_bridge/CMakeFiles 0
[25.302s] 
[25.305s] Invoked command in '/home/vdt_2026/VDT_project/build/px4_state_bridge' returned '0': AMENT_PREFIX_PATH=/home/vdt_2026/VDT_project/install/fsm_state_machine:/home/vdt_2026/VDT_project/install/vdt_msgs:${AMENT_PREFIX_PATH} CMAKE_PREFIX_PATH=/home/vdt_2026/VDT_project/install/fsm_state_machine:/home/vdt_2026/VDT_project/install/vdt_msgs:/home/vdt_2026/ros2_ws/install/px4_msgs:/opt/ros/jazzy LD_LIBRARY_PATH=/home/vdt_2026/VDT_project/install/vdt_msgs/lib:${LD_LIBRARY_PATH} PYTHONPATH=/home/vdt_2026/VDT_project/install/vdt_msgs/lib/python3.12/site-packages:${PYTHONPATH} /usr/bin/cmake --build /home/vdt_2026/VDT_project/build/px4_state_bridge -- -j4 -l4
[25.306s] Invoking command in '/home/vdt_2026/VDT_project/build/px4_state_bridge': AMENT_PREFIX_PATH=/home/vdt_2026/VDT_project/install/fsm_state_machine:/home/vdt_2026/VDT_project/install/vdt_msgs:${AMENT_PREFIX_PATH} CMAKE_PREFIX_PATH=/home/vdt_2026/VDT_project/install/fsm_state_machine:/home/vdt_2026/VDT_project/install/vdt_msgs:/home/vdt_2026/ros2_ws/install/px4_msgs:/opt/ros/jazzy LD_LIBRARY_PATH=/home/vdt_2026/VDT_project/install/vdt_msgs/lib:${LD_LIBRARY_PATH} PYTHONPATH=/home/vdt_2026/VDT_project/install/vdt_msgs/lib/python3.12/site-packages:${PYTHONPATH} /usr/bin/cmake --install /home/vdt_2026/VDT_project/build/px4_state_bridge
[25.320s] -- Install configuration: ""
[25.320s] -- Installing: /home/vdt_2026/VDT_project/install/px4_state_bridge/lib/px4_state_bridge/px4_state_bridge_node
[25.340s] -- Set non-toolchain portion of runtime path of "/home/vdt_2026/VDT_project/install/px4_state_bridge/lib/px4_state_bridge/px4_state_bridge_node" to ""
[25.340s] -- Installing: /home/vdt_2026/VDT_project/install/px4_state_bridge/share/px4_state_bridge/config
[25.341s] -- Installing: /home/vdt_2026/VDT_project/install/px4_state_bridge/share/px4_state_bridge/config/px4_state_bridge.yaml
[25.341s] -- Installing: /home/vdt_2026/VDT_project/install/px4_state_bridge/share/px4_state_bridge/launch
[25.342s] -- Installing: /home/vdt_2026/VDT_project/install/px4_state_bridge/share/px4_state_bridge/launch/px4_state_bridge.launch.py
[25.343s] -- Installing: /home/vdt_2026/VDT_project/install/px4_state_bridge/share/ament_index/resource_index/package_run_dependencies/px4_state_bridge
[25.343s] -- Installing: /home/vdt_2026/VDT_project/install/px4_state_bridge/share/ament_index/resource_index/parent_prefix_path/px4_state_bridge
[25.343s] -- Installing: /home/vdt_2026/VDT_project/install/px4_state_bridge/share/px4_state_bridge/environment/ament_prefix_path.sh
[25.344s] -- Installing: /home/vdt_2026/VDT_project/install/px4_state_bridge/share/px4_state_bridge/environment/ament_prefix_path.dsv
[25.344s] -- Installing: /home/vdt_2026/VDT_project/install/px4_state_bridge/share/px4_state_bridge/environment/path.sh
[25.344s] -- Installing: /home/vdt_2026/VDT_project/install/px4_state_bridge/share/px4_state_bridge/environment/path.dsv
[25.345s] -- Installing: /home/vdt_2026/VDT_project/install/px4_state_bridge/share/px4_state_bridge/local_setup.bash
[25.345s] -- Installing: /home/vdt_2026/VDT_project/install/px4_state_bridge/share/px4_state_bridge/local_setup.sh
[25.345s] -- Installing: /home/vdt_2026/VDT_project/install/px4_state_bridge/share/px4_state_bridge/local_setup.zsh
[25.345s] -- Installing: /home/vdt_2026/VDT_project/install/px4_state_bridge/share/px4_state_bridge/local_setup.dsv
[25.345s] -- Installing: /home/vdt_2026/VDT_project/install/px4_state_bridge/share/px4_state_bridge/package.dsv
[25.345s] -- Installing: /home/vdt_2026/VDT_project/install/px4_state_bridge/share/ament_index/resource_index/packages/px4_state_bridge
[25.346s] -- Installing: /home/vdt_2026/VDT_project/install/px4_state_bridge/share/px4_state_bridge/cmake/px4_state_bridgeConfig.cmake
[25.346s] -- Installing: /home/vdt_2026/VDT_project/install/px4_state_bridge/share/px4_state_bridge/cmake/px4_state_bridgeConfig-version.cmake
[25.346s] -- Installing: /home/vdt_2026/VDT_project/install/px4_state_bridge/share/px4_state_bridge/package.xml
[25.350s] Invoked command in '/home/vdt_2026/VDT_project/build/px4_state_bridge' returned '0': AMENT_PREFIX_PATH=/home/vdt_2026/VDT_project/install/fsm_state_machine:/home/vdt_2026/VDT_project/install/vdt_msgs:${AMENT_PREFIX_PATH} CMAKE_PREFIX_PATH=/home/vdt_2026/VDT_project/install/fsm_state_machine:/home/vdt_2026/VDT_project/install/vdt_msgs:/home/vdt_2026/ros2_ws/install/px4_msgs:/opt/ros/jazzy LD_LIBRARY_PATH=/home/vdt_2026/VDT_project/install/vdt_msgs/lib:${LD_LIBRARY_PATH} PYTHONPATH=/home/vdt_2026/VDT_project/install/vdt_msgs/lib/python3.12/site-packages:${PYTHONPATH} /usr/bin/cmake --install /home/vdt_2026/VDT_project/build/px4_state_bridge
