running egg_info
creating ../../../build/aruco_detector/aruco_detector.egg-info
writing ../../../build/aruco_detector/aruco_detector.egg-info/PKG-INFO
writing dependency_links to ../../../build/aruco_detector/aruco_detector.egg-info/dependency_links.txt
writing entry points to ../../../build/aruco_detector/aruco_detector.egg-info/entry_points.txt
writing requirements to ../../../build/aruco_detector/aruco_detector.egg-info/requires.txt
writing top-level names to ../../../build/aruco_detector/aruco_detector.egg-info/top_level.txt
writing manifest file '../../../build/aruco_detector/aruco_detector.egg-info/SOURCES.txt'
reading manifest file '../../../build/aruco_detector/aruco_detector.egg-info/SOURCES.txt'
writing manifest file '../../../build/aruco_detector/aruco_detector.egg-info/SOURCES.txt'
running build
running build_py
creating /home/vdt_2026/VDT_project/build/aruco_detector/build
creating /home/vdt_2026/VDT_project/build/aruco_detector/build/lib
creating /home/vdt_2026/VDT_project/build/aruco_detector/build/lib/aruco_detector
copying aruco_detector/geometry_utils.py -> /home/vdt_2026/VDT_project/build/aruco_detector/build/lib/aruco_detector
copying aruco_detector/camera_model.py -> /home/vdt_2026/VDT_project/build/aruco_detector/build/lib/aruco_detector
copying aruco_detector/aruco_logic.py -> /home/vdt_2026/VDT_project/build/aruco_detector/build/lib/aruco_detector
copying aruco_detector/image_conversion.py -> /home/vdt_2026/VDT_project/build/aruco_detector/build/lib/aruco_detector
copying aruco_detector/__init__.py -> /home/vdt_2026/VDT_project/build/aruco_detector/build/lib/aruco_detector
copying aruco_detector/message_builders.py -> /home/vdt_2026/VDT_project/build/aruco_detector/build/lib/aruco_detector
copying aruco_detector/depth_to_image_node.py -> /home/vdt_2026/VDT_project/build/aruco_detector/build/lib/aruco_detector
copying aruco_detector/aruco_node.py -> /home/vdt_2026/VDT_project/build/aruco_detector/build/lib/aruco_detector
copying aruco_detector/annotation.py -> /home/vdt_2026/VDT_project/build/aruco_detector/build/lib/aruco_detector
copying aruco_detector/detection_filter.py -> /home/vdt_2026/VDT_project/build/aruco_detector/build/lib/aruco_detector
running install
running install_lib
creating /home/vdt_2026/VDT_project/install/aruco_detector/lib/python3.12/site-packages/aruco_detector
copying /home/vdt_2026/VDT_project/build/aruco_detector/build/lib/aruco_detector/geometry_utils.py -> /home/vdt_2026/VDT_project/install/aruco_detector/lib/python3.12/site-packages/aruco_detector
copying /home/vdt_2026/VDT_project/build/aruco_detector/build/lib/aruco_detector/camera_model.py -> /home/vdt_2026/VDT_project/install/aruco_detector/lib/python3.12/site-packages/aruco_detector
copying /home/vdt_2026/VDT_project/build/aruco_detector/build/lib/aruco_detector/aruco_logic.py -> /home/vdt_2026/VDT_project/install/aruco_detector/lib/python3.12/site-packages/aruco_detector
copying /home/vdt_2026/VDT_project/build/aruco_detector/build/lib/aruco_detector/image_conversion.py -> /home/vdt_2026/VDT_project/install/aruco_detector/lib/python3.12/site-packages/aruco_detector
copying /home/vdt_2026/VDT_project/build/aruco_detector/build/lib/aruco_detector/__init__.py -> /home/vdt_2026/VDT_project/install/aruco_detector/lib/python3.12/site-packages/aruco_detector
copying /home/vdt_2026/VDT_project/build/aruco_detector/build/lib/aruco_detector/message_builders.py -> /home/vdt_2026/VDT_project/install/aruco_detector/lib/python3.12/site-packages/aruco_detector
copying /home/vdt_2026/VDT_project/build/aruco_detector/build/lib/aruco_detector/depth_to_image_node.py -> /home/vdt_2026/VDT_project/install/aruco_detector/lib/python3.12/site-packages/aruco_detector
copying /home/vdt_2026/VDT_project/build/aruco_detector/build/lib/aruco_detector/aruco_node.py -> /home/vdt_2026/VDT_project/install/aruco_detector/lib/python3.12/site-packages/aruco_detector
copying /home/vdt_2026/VDT_project/build/aruco_detector/build/lib/aruco_detector/annotation.py -> /home/vdt_2026/VDT_project/install/aruco_detector/lib/python3.12/site-packages/aruco_detector
copying /home/vdt_2026/VDT_project/build/aruco_detector/build/lib/aruco_detector/detection_filter.py -> /home/vdt_2026/VDT_project/install/aruco_detector/lib/python3.12/site-packages/aruco_detector
byte-compiling /home/vdt_2026/VDT_project/install/aruco_detector/lib/python3.12/site-packages/aruco_detector/geometry_utils.py to geometry_utils.cpython-312.pyc
byte-compiling /home/vdt_2026/VDT_project/install/aruco_detector/lib/python3.12/site-packages/aruco_detector/camera_model.py to camera_model.cpython-312.pyc
byte-compiling /home/vdt_2026/VDT_project/install/aruco_detector/lib/python3.12/site-packages/aruco_detector/aruco_logic.py to aruco_logic.cpython-312.pyc
byte-compiling /home/vdt_2026/VDT_project/install/aruco_detector/lib/python3.12/site-packages/aruco_detector/image_conversion.py to image_conversion.cpython-312.pyc
byte-compiling /home/vdt_2026/VDT_project/install/aruco_detector/lib/python3.12/site-packages/aruco_detector/__init__.py to __init__.cpython-312.pyc
byte-compiling /home/vdt_2026/VDT_project/install/aruco_detector/lib/python3.12/site-packages/aruco_detector/message_builders.py to message_builders.cpython-312.pyc
byte-compiling /home/vdt_2026/VDT_project/install/aruco_detector/lib/python3.12/site-packages/aruco_detector/depth_to_image_node.py to depth_to_image_node.cpython-312.pyc
byte-compiling /home/vdt_2026/VDT_project/install/aruco_detector/lib/python3.12/site-packages/aruco_detector/aruco_node.py to aruco_node.cpython-312.pyc
byte-compiling /home/vdt_2026/VDT_project/install/aruco_detector/lib/python3.12/site-packages/aruco_detector/annotation.py to annotation.cpython-312.pyc
byte-compiling /home/vdt_2026/VDT_project/install/aruco_detector/lib/python3.12/site-packages/aruco_detector/detection_filter.py to detection_filter.cpython-312.pyc
running install_data
creating /home/vdt_2026/VDT_project/install/aruco_detector/share/ament_index
creating /home/vdt_2026/VDT_project/install/aruco_detector/share/ament_index/resource_index
creating /home/vdt_2026/VDT_project/install/aruco_detector/share/ament_index/resource_index/packages
copying resource/aruco_detector -> /home/vdt_2026/VDT_project/install/aruco_detector/share/ament_index/resource_index/packages
copying package.xml -> /home/vdt_2026/VDT_project/install/aruco_detector/share/aruco_detector
creating /home/vdt_2026/VDT_project/install/aruco_detector/share/aruco_detector/launch
copying launch/aruco.launch.py -> /home/vdt_2026/VDT_project/install/aruco_detector/share/aruco_detector/launch
running install_egg_info
Copying ../../../build/aruco_detector/aruco_detector.egg-info to /home/vdt_2026/VDT_project/install/aruco_detector/lib/python3.12/site-packages/aruco_detector-0.1.0-py3.12.egg-info
running install_scripts
Installing aruco_node script to /home/vdt_2026/VDT_project/install/aruco_detector/lib/aruco_detector
Installing depth_to_image_node script to /home/vdt_2026/VDT_project/install/aruco_detector/lib/aruco_detector
writing list of installed files to '/home/vdt_2026/VDT_project/build/aruco_detector/install.log'
