running egg_info
writing ../../../build/xrce_bridge_manager/xrce_bridge_manager.egg-info/PKG-INFO
writing dependency_links to ../../../build/xrce_bridge_manager/xrce_bridge_manager.egg-info/dependency_links.txt
writing entry points to ../../../build/xrce_bridge_manager/xrce_bridge_manager.egg-info/entry_points.txt
writing requirements to ../../../build/xrce_bridge_manager/xrce_bridge_manager.egg-info/requires.txt
writing top-level names to ../../../build/xrce_bridge_manager/xrce_bridge_manager.egg-info/top_level.txt
reading manifest file '../../../build/xrce_bridge_manager/xrce_bridge_manager.egg-info/SOURCES.txt'
writing manifest file '../../../build/xrce_bridge_manager/xrce_bridge_manager.egg-info/SOURCES.txt'
running build
running build_py
running install
running install_lib
running install_data
creating /home/vdt_2026/VDT_project/install/xrce_bridge_manager/share/xrce_bridge_manager/launch
copying launch/xrce_bringe_manager.launch.py -> /home/vdt_2026/VDT_project/install/xrce_bridge_manager/share/xrce_bridge_manager/launch
running install_egg_info
removing '/home/vdt_2026/VDT_project/install/xrce_bridge_manager/lib/python3.12/site-packages/xrce_bridge_manager-0.1.0-py3.12.egg-info' (and everything under it)
Copying ../../../build/xrce_bridge_manager/xrce_bridge_manager.egg-info to /home/vdt_2026/VDT_project/install/xrce_bridge_manager/lib/python3.12/site-packages/xrce_bridge_manager-0.1.0-py3.12.egg-info
running install_scripts
Installing xrce_bridge_node script to /home/vdt_2026/VDT_project/install/xrce_bridge_manager/lib/xrce_bridge_manager
writing list of installed files to '/home/vdt_2026/VDT_project/build/xrce_bridge_manager/install.log'
