[1.078s] Invoking command in '/home/vdt_2026/VDT_project/ros2_ws/src/xrce_bridge_manager': PYTHONPATH=/home/vdt_2026/VDT_project/build/xrce_bridge_manager/prefix_override:/usr/lib/python3/dist-packages/colcon_core/task/python/colcon_distutils_commands:/home/vdt_2026/VDT_project/install/xrce_bridge_manager/lib/python3.12/site-packages:${PYTHONPATH} /usr/bin/python3 -W ignore:setup.py install is deprecated -W ignore:easy_install command is deprecated setup.py egg_info --egg-base ../../../build/xrce_bridge_manager build --build-base /home/vdt_2026/VDT_project/build/xrce_bridge_manager/build install --record /home/vdt_2026/VDT_project/build/xrce_bridge_manager/install.log --install-scripts $base/lib/xrce_bridge_manager --single-version-externally-managed install_data
[1.390s] running egg_info
[1.410s] writing ../../../build/xrce_bridge_manager/xrce_bridge_manager.egg-info/PKG-INFO
[1.411s] writing dependency_links to ../../../build/xrce_bridge_manager/xrce_bridge_manager.egg-info/dependency_links.txt
[1.413s] writing entry points to ../../../build/xrce_bridge_manager/xrce_bridge_manager.egg-info/entry_points.txt
[1.414s] writing requirements to ../../../build/xrce_bridge_manager/xrce_bridge_manager.egg-info/requires.txt
[1.414s] writing top-level names to ../../../build/xrce_bridge_manager/xrce_bridge_manager.egg-info/top_level.txt
[1.457s] reading manifest file '../../../build/xrce_bridge_manager/xrce_bridge_manager.egg-info/SOURCES.txt'
[1.458s] writing manifest file '../../../build/xrce_bridge_manager/xrce_bridge_manager.egg-info/SOURCES.txt'
[1.459s] running build
[1.459s] running build_py
[1.461s] running install
[1.471s] running install_lib
[1.494s] running install_data
[1.495s] creating /home/vdt_2026/VDT_project/install/xrce_bridge_manager/share/xrce_bridge_manager/launch
[1.495s] copying launch/xrce_bringe_manager.launch.py -> /home/vdt_2026/VDT_project/install/xrce_bridge_manager/share/xrce_bridge_manager/launch
[1.496s] running install_egg_info
[1.519s] removing '/home/vdt_2026/VDT_project/install/xrce_bridge_manager/lib/python3.12/site-packages/xrce_bridge_manager-0.1.0-py3.12.egg-info' (and everything under it)
[1.519s] Copying ../../../build/xrce_bridge_manager/xrce_bridge_manager.egg-info to /home/vdt_2026/VDT_project/install/xrce_bridge_manager/lib/python3.12/site-packages/xrce_bridge_manager-0.1.0-py3.12.egg-info
[1.521s] running install_scripts
[1.666s] Installing xrce_bridge_node script to /home/vdt_2026/VDT_project/install/xrce_bridge_manager/lib/xrce_bridge_manager
[1.668s] writing list of installed files to '/home/vdt_2026/VDT_project/build/xrce_bridge_manager/install.log'
[1.758s] Invoked command in '/home/vdt_2026/VDT_project/ros2_ws/src/xrce_bridge_manager' returned '0': PYTHONPATH=/home/vdt_2026/VDT_project/build/xrce_bridge_manager/prefix_override:/usr/lib/python3/dist-packages/colcon_core/task/python/colcon_distutils_commands:/home/vdt_2026/VDT_project/install/xrce_bridge_manager/lib/python3.12/site-packages:${PYTHONPATH} /usr/bin/python3 -W ignore:setup.py install is deprecated -W ignore:easy_install command is deprecated setup.py egg_info --egg-base ../../../build/xrce_bridge_manager build --build-base /home/vdt_2026/VDT_project/build/xrce_bridge_manager/build install --record /home/vdt_2026/VDT_project/build/xrce_bridge_manager/install.log --install-scripts $base/lib/xrce_bridge_manager --single-version-externally-managed install_data
