-- The C compiler identification is GNU 13.3.0
-- The CXX compiler identification is GNU 13.3.0
-- Detecting C compiler ABI info
-- Detecting C compiler ABI info - done
-- Check for working C compiler: /usr/bin/cc - skipped
-- Detecting C compile features
-- Detecting C compile features - done
-- Detecting CXX compiler ABI info
-- Detecting CXX compiler ABI info - done
-- Check for working CXX compiler: /usr/bin/c++ - skipped
-- Detecting CXX compile features
-- Detecting CXX compile features - done
-- Found ament_cmake: 2.5.6 (/opt/ros/jazzy/share/ament_cmake/cmake)
-- Found Python3: /usr/bin/python3 (found version "3.12.3") found components: Interpreter 
-- Found rclcpp: 28.1.22 (/opt/ros/jazzy/share/rclcpp/cmake)
-- Found rosidl_generator_c: 4.6.9 (/opt/ros/jazzy/share/rosidl_generator_c/cmake)
-- Found rosidl_generator_cpp: 4.6.9 (/opt/ros/jazzy/share/rosidl_generator_cpp/cmake)
-- Using all available rosidl_typesupport_c: rosidl_typesupport_fastrtps_c;rosidl_typesupport_introspection_c
-- Using all available rosidl_typesupport_cpp: rosidl_typesupport_fastrtps_cpp;rosidl_typesupport_introspection_cpp
-- Found rmw_implementation_cmake: 7.3.3 (/opt/ros/jazzy/share/rmw_implementation_cmake/cmake)
-- Found rmw_fastrtps_cpp: 8.4.4 (/opt/ros/jazzy/share/rmw_fastrtps_cpp/cmake)
-- Found OpenSSL: /usr/lib/aarch64-linux-gnu/libcrypto.so (found version "3.0.13")  
-- Found FastRTPS: /opt/ros/jazzy/include (Required is at least version "2.13") 
-- Using RMW implementation 'rmw_fastrtps_cpp' as default
-- Found std_msgs: 5.3.8 (/opt/ros/jazzy/share/std_msgs/cmake)
-- Found nav_msgs: 5.3.8 (/opt/ros/jazzy/share/nav_msgs/cmake)
-- Found vdt_msgs: 0.1.0 (/home/vdt_2026/VDT_project/install/vdt_msgs/share/vdt_msgs/cmake)
-- Found ament_cmake_gtest: 2.5.6 (/opt/ros/jazzy/share/ament_cmake_gtest/cmake)
-- Found launch_testing_ament_cmake: 3.4.12 (/opt/ros/jazzy/share/launch_testing_ament_cmake/cmake)
-- Found python_cmake_module: 0.11.1 (/opt/ros/jazzy/share/python_cmake_module/cmake)
-- Found PythonExtra: /usr/bin/python3  
-- Found gtest sources under '/opt/ros/jazzy/src/gtest_vendor': C++ tests using 'Google Test' will be built
-- Performing Test CMAKE_HAVE_LIBC_PTHREAD
-- Performing Test CMAKE_HAVE_LIBC_PTHREAD - Success
-- Found Threads: TRUE  
-- Configuring done (3.7s)
-- Generating done (0.1s)
-- Build files have been written to: /home/vdt_2026/VDT_project/build/fsm_state_machine
[  5%] Building CXX object gtest/CMakeFiles/gtest.dir/src/gtest-all.cc.o
[ 16%] Building CXX object gtest/CMakeFiles/gtest_main.dir/src/gtest_main.cc.o
[ 16%] Building CXX object CMakeFiles/fsm_logic.dir/src/fsm_logic.cpp.o
[ 22%] Linking CXX static library libfsm_logic.a
[ 22%] Built target fsm_logic
[ 27%] Building CXX object CMakeFiles/fsm_actions.dir/src/fsm_actions.cpp.o
[ 33%] Linking CXX static library libgtest_main.a
[ 33%] Built target gtest_main
[ 38%] Linking CXX static library libfsm_actions.a
[ 38%] Built target fsm_actions
[ 44%] Linking CXX static library libgtest.a
[ 44%] Built target gtest
[ 50%] Building CXX object CMakeFiles/fsm_node_lib.dir/src/fsm_node.cpp.o
[ 55%] Linking CXX static library libfsm_node_lib.a
[ 55%] Built target fsm_node_lib
[ 61%] Building CXX object CMakeFiles/fsm_logic_test.dir/test/unit/fsm_logic_test.cpp.o
[ 66%] Building CXX object CMakeFiles/fsm_node.dir/src/main.cpp.o
[ 72%] Building CXX object CMakeFiles/fsm_actions_test.dir/test/ros2/fsm_actions_test.cpp.o
[ 77%] Linking CXX executable fsm_node
[ 77%] Built target fsm_node
[ 83%] Building CXX object CMakeFiles/fsm_node_test.dir/test/ros2/fsm_node_test.cpp.o
[ 88%] Linking CXX executable fsm_logic_test
[ 88%] Built target fsm_logic_test
[ 94%] Linking CXX executable fsm_actions_test
[ 94%] Built target fsm_actions_test
[100%] Linking CXX executable fsm_node_test
[100%] Built target fsm_node_test
