-- The C compiler identification is GNU 13.3.0
-- The CXX compiler identification is GNU 13.3.0
-- Detecting C compiler ABI info
-- Detecting C compiler ABI info - done
-- Check for working C compiler: /usr/bin/cc - skipped
-- Detecting C compile features
-- Detecting C compile features - done
-- Detecting CXX compiler ABI info
-- Detecting CXX compiler ABI info - done
-- Check for working CXX compiler: /usr/bin/c++ - skipped
-- Detecting CXX compile features
-- Detecting CXX compile features - done
-- Found ament_cmake: 2.5.6 (/opt/ros/jazzy/share/ament_cmake/cmake)
-- Found Python3: /usr/bin/python3 (found version "3.12.3") found components: Interpreter 
-- Found rclcpp: 28.1.22 (/opt/ros/jazzy/share/rclcpp/cmake)
-- Found rosidl_generator_c: 4.6.9 (/opt/ros/jazzy/share/rosidl_generator_c/cmake)
-- Found rosidl_generator_cpp: 4.6.9 (/opt/ros/jazzy/share/rosidl_generator_cpp/cmake)
-- Using all available rosidl_typesupport_c: rosidl_typesupport_fastrtps_c;rosidl_typesupport_introspection_c
-- Using all available rosidl_typesupport_cpp: rosidl_typesupport_fastrtps_cpp;rosidl_typesupport_introspection_cpp
-- Found rmw_implementation_cmake: 7.3.3 (/opt/ros/jazzy/share/rmw_implementation_cmake/cmake)
-- Found rmw_fastrtps_cpp: 8.4.4 (/opt/ros/jazzy/share/rmw_fastrtps_cpp/cmake)
-- Found OpenSSL: /usr/lib/aarch64-linux-gnu/libcrypto.so (found version "3.0.13")  
-- Found FastRTPS: /opt/ros/jazzy/include (Required is at least version "2.13") 
-- Using RMW implementation 'rmw_fastrtps_cpp' as default
-- Found std_msgs: 5.3.8 (/opt/ros/jazzy/share/std_msgs/cmake)
-- Found px4_msgs: 2.0.1 (/home/vdt_2026/ros2_ws/install/px4_msgs/share/px4_msgs/cmake)
-- Found vdt_msgs: 0.1.0 (/home/vdt_2026/VDT_project/install/vdt_msgs/share/vdt_msgs/cmake)
-- Found launch_testing_ament_cmake: 3.4.12 (/opt/ros/jazzy/share/launch_testing_ament_cmake/cmake)
-- Found python_cmake_module: 0.11.1 (/opt/ros/jazzy/share/python_cmake_module/cmake)
-- Found PythonExtra: /usr/bin/python3  
-- Configuring done (1.9s)
-- Generating done (0.0s)
-- Build files have been written to: /home/vdt_2026/VDT_project/build/offboard_safety_monitor
Change Dir: '/home/vdt_2026/VDT_project/build/offboard_safety_monitor'

Run Build Command(s): /usr/bin/cmake -E env VERBOSE=1 /usr/bin/gmake -f Makefile -j4 -l4
/usr/bin/cmake -S/home/vdt_2026/VDT_project/ros2_ws/src/offboard_safety_monitor -B/home/vdt_2026/VDT_project/build/offboard_safety_monitor --check-build-system CMakeFiles/Makefile.cmake 0
/usr/bin/cmake -E cmake_progress_start /home/vdt_2026/VDT_project/build/offboard_safety_monitor/CMakeFiles /home/vdt_2026/VDT_project/build/offboard_safety_monitor//CMakeFiles/progress.marks
/usr/bin/gmake  -f CMakeFiles/Makefile2 all
gmake[1]: Entering directory '/home/vdt_2026/VDT_project/build/offboard_safety_monitor'
/usr/bin/gmake  -f CMakeFiles/safety_monitor_node.dir/build.make CMakeFiles/safety_monitor_node.dir/depend
/usr/bin/gmake  -f CMakeFiles/safety_logic_test.dir/build.make CMakeFiles/safety_logic_test.dir/depend
gmake[2]: Entering directory '/home/vdt_2026/VDT_project/build/offboard_safety_monitor'
cd /home/vdt_2026/VDT_project/build/offboard_safety_monitor && /usr/bin/cmake -E cmake_depends "Unix Makefiles" /home/vdt_2026/VDT_project/ros2_ws/src/offboard_safety_monitor /home/vdt_2026/VDT_project/ros2_ws/src/offboard_safety_monitor /home/vdt_2026/VDT_project/build/offboard_safety_monitor /home/vdt_2026/VDT_project/build/offboard_safety_monitor /home/vdt_2026/VDT_project/build/offboard_safety_monitor/CMakeFiles/safety_logic_test.dir/DependInfo.cmake "--color="
gmake[2]: Entering directory '/home/vdt_2026/VDT_project/build/offboard_safety_monitor'
cd /home/vdt_2026/VDT_project/build/offboard_safety_monitor && /usr/bin/cmake -E cmake_depends "Unix Makefiles" /home/vdt_2026/VDT_project/ros2_ws/src/offboard_safety_monitor /home/vdt_2026/VDT_project/ros2_ws/src/offboard_safety_monitor /home/vdt_2026/VDT_project/build/offboard_safety_monitor /home/vdt_2026/VDT_project/build/offboard_safety_monitor /home/vdt_2026/VDT_project/build/offboard_safety_monitor/CMakeFiles/safety_monitor_node.dir/DependInfo.cmake "--color="
gmake[2]: Leaving directory '/home/vdt_2026/VDT_project/build/offboard_safety_monitor'
gmake[2]: Leaving directory '/home/vdt_2026/VDT_project/build/offboard_safety_monitor'
/usr/bin/gmake  -f CMakeFiles/safety_logic_test.dir/build.make CMakeFiles/safety_logic_test.dir/build
/usr/bin/gmake  -f CMakeFiles/safety_monitor_node.dir/build.make CMakeFiles/safety_monitor_node.dir/build
gmake[2]: Entering directory '/home/vdt_2026/VDT_project/build/offboard_safety_monitor'
gmake[2]: Entering directory '/home/vdt_2026/VDT_project/build/offboard_safety_monitor'
[ 57%] Building CXX object CMakeFiles/safety_logic_test.dir/test/safety_logic_test.cpp.o
[ 57%] Building CXX object CMakeFiles/safety_logic_test.dir/src/safety_logic.cpp.o
[ 57%] Building CXX object CMakeFiles/safety_monitor_node.dir/src/main.cpp.o
[ 57%] Building CXX object CMakeFiles/safety_monitor_node.dir/src/safety_monitor_node.cpp.o
/usr/bin/c++  -I/home/vdt_2026/VDT_project/ros2_ws/src/offboard_safety_monitor/include -O3 -DNDEBUG -std=gnu++17 -MD -MT CMakeFiles/safety_logic_test.dir/src/safety_logic.cpp.o -MF CMakeFiles/safety_logic_test.dir/src/safety_logic.cpp.o.d -o CMakeFiles/safety_logic_test.dir/src/safety_logic.cpp.o -c /home/vdt_2026/VDT_project/ros2_ws/src/offboard_safety_monitor/src/safety_logic.cpp
/usr/bin/c++ -DDEFAULT_RMW_IMPLEMENTATION=rmw_fastrtps_cpp -DFASTCDR_DYN_LINK -I/home/vdt_2026/VDT_project/ros2_ws/src/offboard_safety_monitor/include -isystem /home/vdt_2026/VDT_project/install/vdt_msgs/include/vdt_msgs -isystem /home/vdt_2026/ros2_ws/install/px4_msgs/include/px4_msgs -isystem /opt/ros/jazzy/include/rclcpp -isystem /opt/ros/jazzy/include/std_msgs -isystem /opt/ros/jazzy/include/builtin_interfaces -isystem /opt/ros/jazzy/include/rosidl_runtime_c -isystem /opt/ros/jazzy/include/rcutils -isystem /opt/ros/jazzy/include/rosidl_typesupport_interface -isystem /opt/ros/jazzy/include/fastcdr -isystem /opt/ros/jazzy/include/rosidl_runtime_cpp -isystem /opt/ros/jazzy/include/rosidl_typesupport_fastrtps_cpp -isystem /opt/ros/jazzy/include/rmw -isystem /opt/ros/jazzy/include/rosidl_dynamic_typesupport -isystem /opt/ros/jazzy/include/rosidl_typesupport_fastrtps_c -isystem /opt/ros/jazzy/include/rosidl_typesupport_introspection_c -isystem /opt/ros/jazzy/include/rosidl_typesupport_introspection_cpp -isystem /opt/ros/jazzy/include/libstatistics_collector -isystem /opt/ros/jazzy/include/rcl -isystem /opt/ros/jazzy/include/rcl_interfaces -isystem /opt/ros/jazzy/include/service_msgs -isystem /opt/ros/jazzy/include/rcl_logging_interface -isystem /opt/ros/jazzy/include/rcl_yaml_param_parser -isystem /opt/ros/jazzy/include/type_description_interfaces -isystem /opt/ros/jazzy/include/rcpputils -isystem /opt/ros/jazzy/include/statistics_msgs -isystem /opt/ros/jazzy/include/rosgraph_msgs -isystem /opt/ros/jazzy/include/rosidl_typesupport_cpp -isystem /opt/ros/jazzy/include/rosidl_typesupport_c -isystem /opt/ros/jazzy/include/tracetools -O3 -DNDEBUG -std=gnu++17 -MD -MT CMakeFiles/safety_monitor_node.dir/src/main.cpp.o -MF CMakeFiles/safety_monitor_node.dir/src/main.cpp.o.d -o CMakeFiles/safety_monitor_node.dir/src/main.cpp.o -c /home/vdt_2026/VDT_project/ros2_ws/src/offboard_safety_monitor/src/main.cpp
/usr/bin/c++ -DDEFAULT_RMW_IMPLEMENTATION=rmw_fastrtps_cpp -DFASTCDR_DYN_LINK -I/home/vdt_2026/VDT_project/ros2_ws/src/offboard_safety_monitor/include -isystem /home/vdt_2026/VDT_project/install/vdt_msgs/include/vdt_msgs -isystem /home/vdt_2026/ros2_ws/install/px4_msgs/include/px4_msgs -isystem /opt/ros/jazzy/include/rclcpp -isystem /opt/ros/jazzy/include/std_msgs -isystem /opt/ros/jazzy/include/builtin_interfaces -isystem /opt/ros/jazzy/include/rosidl_runtime_c -isystem /opt/ros/jazzy/include/rcutils -isystem /opt/ros/jazzy/include/rosidl_typesupport_interface -isystem /opt/ros/jazzy/include/fastcdr -isystem /opt/ros/jazzy/include/rosidl_runtime_cpp -isystem /opt/ros/jazzy/include/rosidl_typesupport_fastrtps_cpp -isystem /opt/ros/jazzy/include/rmw -isystem /opt/ros/jazzy/include/rosidl_dynamic_typesupport -isystem /opt/ros/jazzy/include/rosidl_typesupport_fastrtps_c -isystem /opt/ros/jazzy/include/rosidl_typesupport_introspection_c -isystem /opt/ros/jazzy/include/rosidl_typesupport_introspection_cpp -isystem /opt/ros/jazzy/include/libstatistics_collector -isystem /opt/ros/jazzy/include/rcl -isystem /opt/ros/jazzy/include/rcl_interfaces -isystem /opt/ros/jazzy/include/service_msgs -isystem /opt/ros/jazzy/include/rcl_logging_interface -isystem /opt/ros/jazzy/include/rcl_yaml_param_parser -isystem /opt/ros/jazzy/include/type_description_interfaces -isystem /opt/ros/jazzy/include/rcpputils -isystem /opt/ros/jazzy/include/statistics_msgs -isystem /opt/ros/jazzy/include/rosgraph_msgs -isystem /opt/ros/jazzy/include/rosidl_typesupport_cpp -isystem /opt/ros/jazzy/include/rosidl_typesupport_c -isystem /opt/ros/jazzy/include/tracetools -O3 -DNDEBUG -std=gnu++17 -MD -MT CMakeFiles/safety_monitor_node.dir/src/safety_monitor_node.cpp.o -MF CMakeFiles/safety_monitor_node.dir/src/safety_monitor_node.cpp.o.d -o CMakeFiles/safety_monitor_node.dir/src/safety_monitor_node.cpp.o -c /home/vdt_2026/VDT_project/ros2_ws/src/offboard_safety_monitor/src/safety_monitor_node.cpp
/usr/bin/c++  -I/home/vdt_2026/VDT_project/ros2_ws/src/offboard_safety_monitor/include -O3 -DNDEBUG -std=gnu++17 -MD -MT CMakeFiles/safety_logic_test.dir/test/safety_logic_test.cpp.o -MF CMakeFiles/safety_logic_test.dir/test/safety_logic_test.cpp.o.d -o CMakeFiles/safety_logic_test.dir/test/safety_logic_test.cpp.o -c /home/vdt_2026/VDT_project/ros2_ws/src/offboard_safety_monitor/test/safety_logic_test.cpp
[ 71%] Building CXX object CMakeFiles/safety_monitor_node.dir/src/safety_logic.cpp.o
/usr/bin/c++ -DDEFAULT_RMW_IMPLEMENTATION=rmw_fastrtps_cpp -DFASTCDR_DYN_LINK -I/home/vdt_2026/VDT_project/ros2_ws/src/offboard_safety_monitor/include -isystem /home/vdt_2026/VDT_project/install/vdt_msgs/include/vdt_msgs -isystem /home/vdt_2026/ros2_ws/install/px4_msgs/include/px4_msgs -isystem /opt/ros/jazzy/include/rclcpp -isystem /opt/ros/jazzy/include/std_msgs -isystem /opt/ros/jazzy/include/builtin_interfaces -isystem /opt/ros/jazzy/include/rosidl_runtime_c -isystem /opt/ros/jazzy/include/rcutils -isystem /opt/ros/jazzy/include/rosidl_typesupport_interface -isystem /opt/ros/jazzy/include/fastcdr -isystem /opt/ros/jazzy/include/rosidl_runtime_cpp -isystem /opt/ros/jazzy/include/rosidl_typesupport_fastrtps_cpp -isystem /opt/ros/jazzy/include/rmw -isystem /opt/ros/jazzy/include/rosidl_dynamic_typesupport -isystem /opt/ros/jazzy/include/rosidl_typesupport_fastrtps_c -isystem /opt/ros/jazzy/include/rosidl_typesupport_introspection_c -isystem /opt/ros/jazzy/include/rosidl_typesupport_introspection_cpp -isystem /opt/ros/jazzy/include/libstatistics_collector -isystem /opt/ros/jazzy/include/rcl -isystem /opt/ros/jazzy/include/rcl_interfaces -isystem /opt/ros/jazzy/include/service_msgs -isystem /opt/ros/jazzy/include/rcl_logging_interface -isystem /opt/ros/jazzy/include/rcl_yaml_param_parser -isystem /opt/ros/jazzy/include/type_description_interfaces -isystem /opt/ros/jazzy/include/rcpputils -isystem /opt/ros/jazzy/include/statistics_msgs -isystem /opt/ros/jazzy/include/rosgraph_msgs -isystem /opt/ros/jazzy/include/rosidl_typesupport_cpp -isystem /opt/ros/jazzy/include/rosidl_typesupport_c -isystem /opt/ros/jazzy/include/tracetools -O3 -DNDEBUG -std=gnu++17 -MD -MT CMakeFiles/safety_monitor_node.dir/src/safety_logic.cpp.o -MF CMakeFiles/safety_monitor_node.dir/src/safety_logic.cpp.o.d -o CMakeFiles/safety_monitor_node.dir/src/safety_logic.cpp.o -c /home/vdt_2026/VDT_project/ros2_ws/src/offboard_safety_monitor/src/safety_logic.cpp
[ 85%] Linking CXX executable safety_logic_test
/usr/bin/cmake -E cmake_link_script CMakeFiles/safety_logic_test.dir/link.txt --verbose=1
/usr/bin/c++ -O3 -DNDEBUG CMakeFiles/safety_logic_test.dir/test/safety_logic_test.cpp.o CMakeFiles/safety_logic_test.dir/src/safety_logic.cpp.o -o safety_logic_test 
gmake[2]: Leaving directory '/home/vdt_2026/VDT_project/build/offboard_safety_monitor'
[ 85%] Built target safety_logic_test
[100%] Linking CXX executable safety_monitor_node
/usr/bin/cmake -E cmake_link_script CMakeFiles/safety_monitor_node.dir/link.txt --verbose=1
/usr/bin/c++ -O3 -DNDEBUG CMakeFiles/safety_monitor_node.dir/src/main.cpp.o CMakeFiles/safety_monitor_node.dir/src/safety_monitor_node.cpp.o CMakeFiles/safety_monitor_node.dir/src/safety_logic.cpp.o -o safety_monitor_node  -Wl,-rpath,/opt/ros/jazzy/lib:/home/vdt_2026/ros2_ws/install/px4_msgs/lib:/home/vdt_2026/VDT_project/install/vdt_msgs/lib: /opt/ros/jazzy/lib/librclcpp.so /home/vdt_2026/ros2_ws/install/px4_msgs/lib/libpx4_msgs__rosidl_typesupport_fastrtps_c.so /home/vdt_2026/ros2_ws/install/px4_msgs/lib/libpx4_msgs__rosidl_typesupport_fastrtps_cpp.so /home/vdt_2026/ros2_ws/install/px4_msgs/lib/libpx4_msgs__rosidl_typesupport_introspection_c.so /home/vdt_2026/ros2_ws/install/px4_msgs/lib/libpx4_msgs__rosidl_typesupport_introspection_cpp.so /home/vdt_2026/ros2_ws/install/px4_msgs/lib/libpx4_msgs__rosidl_typesupport_cpp.so /home/vdt_2026/ros2_ws/install/px4_msgs/lib/libpx4_msgs__rosidl_generator_py.so /home/vdt_2026/VDT_project/install/vdt_msgs/lib/libvdt_msgs__rosidl_typesupport_fastrtps_c.so /home/vdt_2026/VDT_project/install/vdt_msgs/lib/libvdt_msgs__rosidl_typesupport_fastrtps_cpp.so /home/vdt_2026/VDT_project/install/vdt_msgs/lib/libvdt_msgs__rosidl_typesupport_introspection_c.so /home/vdt_2026/VDT_project/install/vdt_msgs/lib/libvdt_msgs__rosidl_typesupport_introspection_cpp.so /home/vdt_2026/VDT_project/install/vdt_msgs/lib/libvdt_msgs__rosidl_typesupport_cpp.so /home/vdt_2026/VDT_project/install/vdt_msgs/lib/libvdt_msgs__rosidl_generator_py.so /opt/ros/jazzy/lib/liblibstatistics_collector.so /opt/ros/jazzy/lib/librcl.so /opt/ros/jazzy/lib/librmw_implementation.so /opt/ros/jazzy/lib/libtype_description_interfaces__rosidl_typesupport_fastrtps_c.so /opt/ros/jazzy/lib/libtype_description_interfaces__rosidl_typesupport_introspection_c.so /opt/ros/jazzy/lib/libtype_description_interfaces__rosidl_typesupport_fastrtps_cpp.so /opt/ros/jazzy/lib/libtype_description_interfaces__rosidl_typesupport_introspection_cpp.so /opt/ros/jazzy/lib/libtype_description_interfaces__rosidl_typesupport_cpp.so /opt/ros/jazzy/lib/libtype_description_interfaces__rosidl_generator_py.so /opt/ros/jazzy/lib/libtype_description_interfaces__rosidl_typesupport_c.so /opt/ros/jazzy/lib/libtype_description_interfaces__rosidl_generator_c.so /opt/ros/jazzy/lib/librcl_yaml_param_parser.so /opt/ros/jazzy/lib/librosgraph_msgs__rosidl_typesupport_fastrtps_c.so /opt/ros/jazzy/lib/librosgraph_msgs__rosidl_typesupport_fastrtps_cpp.so /opt/ros/jazzy/lib/librosgraph_msgs__rosidl_typesupport_introspection_c.so /opt/ros/jazzy/lib/librosgraph_msgs__rosidl_typesupport_introspection_cpp.so /opt/ros/jazzy/lib/librosgraph_msgs__rosidl_typesupport_cpp.so /opt/ros/jazzy/lib/librosgraph_msgs__rosidl_generator_py.so /opt/ros/jazzy/lib/librcl_interfaces__rosidl_typesupport_fastrtps_c.so /opt/ros/jazzy/lib/librcl_interfaces__rosidl_typesupport_introspection_c.so /opt/ros/jazzy/lib/librcl_interfaces__rosidl_typesupport_fastrtps_cpp.so /opt/ros/jazzy/lib/librcl_interfaces__rosidl_typesupport_introspection_cpp.so /opt/ros/jazzy/lib/librcl_interfaces__rosidl_typesupport_cpp.so /opt/ros/jazzy/lib/librcl_interfaces__rosidl_generator_py.so /opt/ros/jazzy/lib/librosgraph_msgs__rosidl_typesupport_c.so /opt/ros/jazzy/lib/librcl_interfaces__rosidl_typesupport_c.so /opt/ros/jazzy/lib/librosgraph_msgs__rosidl_generator_c.so /opt/ros/jazzy/lib/librcl_interfaces__rosidl_generator_c.so /opt/ros/jazzy/lib/libstatistics_msgs__rosidl_typesupport_fastrtps_c.so /opt/ros/jazzy/lib/libstatistics_msgs__rosidl_typesupport_fastrtps_cpp.so /opt/ros/jazzy/lib/libstatistics_msgs__rosidl_typesupport_introspection_c.so /opt/ros/jazzy/lib/libstatistics_msgs__rosidl_typesupport_introspection_cpp.so /opt/ros/jazzy/lib/libstatistics_msgs__rosidl_typesupport_cpp.so /opt/ros/jazzy/lib/libstatistics_msgs__rosidl_generator_py.so /opt/ros/jazzy/lib/libstatistics_msgs__rosidl_typesupport_c.so /opt/ros/jazzy/lib/libstatistics_msgs__rosidl_generator_c.so /opt/ros/jazzy/lib/libtracetools.so -llttng-ust -llttng-ust-common -rdynamic -ldl /opt/ros/jazzy/lib/librcl_logging_interface.so /home/vdt_2026/ros2_ws/install/px4_msgs/lib/libpx4_msgs__rosidl_typesupport_c.so /home/vdt_2026/ros2_ws/install/px4_msgs/lib/libpx4_msgs__rosidl_generator_c.so /opt/ros/jazzy/lib/libservice_msgs__rosidl_typesupport_fastrtps_c.so /opt/ros/jazzy/lib/libservice_msgs__rosidl_typesupport_fastrtps_cpp.so /opt/ros/jazzy/lib/libservice_msgs__rosidl_typesupport_introspection_c.so /opt/ros/jazzy/lib/libservice_msgs__rosidl_typesupport_introspection_cpp.so /opt/ros/jazzy/lib/libservice_msgs__rosidl_typesupport_cpp.so /opt/ros/jazzy/lib/libservice_msgs__rosidl_typesupport_c.so /opt/ros/jazzy/lib/libservice_msgs__rosidl_generator_c.so /opt/ros/jazzy/lib/libstd_msgs__rosidl_typesupport_fastrtps_c.so /opt/ros/jazzy/lib/libstd_msgs__rosidl_typesupport_fastrtps_cpp.so /opt/ros/jazzy/lib/libstd_msgs__rosidl_typesupport_introspection_c.so /opt/ros/jazzy/lib/libstd_msgs__rosidl_typesupport_introspection_cpp.so /opt/ros/jazzy/lib/libstd_msgs__rosidl_typesupport_cpp.so /opt/ros/jazzy/lib/libstd_msgs__rosidl_generator_py.so /home/vdt_2026/VDT_project/install/vdt_msgs/lib/libvdt_msgs__rosidl_typesupport_c.so /opt/ros/jazzy/lib/libstd_msgs__rosidl_typesupport_c.so /home/vdt_2026/VDT_project/install/vdt_msgs/lib/libvdt_msgs__rosidl_generator_c.so /opt/ros/jazzy/lib/libstd_msgs__rosidl_generator_c.so /opt/ros/jazzy/lib/libbuiltin_interfaces__rosidl_typesupport_fastrtps_c.so /opt/ros/jazzy/lib/librosidl_typesupport_fastrtps_c.so /opt/ros/jazzy/lib/libbuiltin_interfaces__rosidl_typesupport_introspection_c.so /opt/ros/jazzy/lib/libbuiltin_interfaces__rosidl_typesupport_fastrtps_cpp.so /opt/ros/jazzy/lib/librosidl_typesupport_fastrtps_cpp.so /opt/ros/jazzy/lib/librmw.so /opt/ros/jazzy/lib/librosidl_dynamic_typesupport.so /opt/ros/jazzy/lib/libfastcdr.so.2.2.8 /opt/ros/jazzy/lib/libbuiltin_interfaces__rosidl_typesupport_introspection_cpp.so /opt/ros/jazzy/lib/librosidl_typesupport_introspection_cpp.so /opt/ros/jazzy/lib/librosidl_typesupport_introspection_c.so /opt/ros/jazzy/lib/libbuiltin_interfaces__rosidl_typesupport_cpp.so /opt/ros/jazzy/lib/librosidl_typesupport_cpp.so /opt/ros/jazzy/lib/libbuiltin_interfaces__rosidl_generator_py.so /opt/ros/jazzy/lib/libbuiltin_interfaces__rosidl_typesupport_c.so /opt/ros/jazzy/lib/libbuiltin_interfaces__rosidl_generator_c.so /opt/ros/jazzy/lib/librosidl_typesupport_c.so /opt/ros/jazzy/lib/librcpputils.so /opt/ros/jazzy/lib/librosidl_runtime_c.so /opt/ros/jazzy/lib/librcutils.so -ldl -latomic -Wl,-rpath-link,/opt/ros/jazzy/lib 
gmake[2]: Leaving directory '/home/vdt_2026/VDT_project/build/offboard_safety_monitor'
[100%] Built target safety_monitor_node
gmake[1]: Leaving directory '/home/vdt_2026/VDT_project/build/offboard_safety_monitor'
/usr/bin/cmake -E cmake_progress_start /home/vdt_2026/VDT_project/build/offboard_safety_monitor/CMakeFiles 0

-- Install configuration: "Release"
-- Installing: /home/vdt_2026/VDT_project/install/offboard_safety_monitor/lib/offboard_safety_monitor/safety_monitor_node
-- Set non-toolchain portion of runtime path of "/home/vdt_2026/VDT_project/install/offboard_safety_monitor/lib/offboard_safety_monitor/safety_monitor_node" to ""
-- Installing: /home/vdt_2026/VDT_project/install/offboard_safety_monitor/lib/offboard_safety_monitor/hil_validation.py
-- Installing: /home/vdt_2026/VDT_project/install/offboard_safety_monitor/share/ament_index/resource_index/package_run_dependencies/offboard_safety_monitor
-- Installing: /home/vdt_2026/VDT_project/install/offboard_safety_monitor/share/ament_index/resource_index/parent_prefix_path/offboard_safety_monitor
-- Installing: /home/vdt_2026/VDT_project/install/offboard_safety_monitor/share/offboard_safety_monitor/environment/ament_prefix_path.sh
-- Installing: /home/vdt_2026/VDT_project/install/offboard_safety_monitor/share/offboard_safety_monitor/environment/ament_prefix_path.dsv
-- Installing: /home/vdt_2026/VDT_project/install/offboard_safety_monitor/share/offboard_safety_monitor/environment/path.sh
-- Installing: /home/vdt_2026/VDT_project/install/offboard_safety_monitor/share/offboard_safety_monitor/environment/path.dsv
-- Installing: /home/vdt_2026/VDT_project/install/offboard_safety_monitor/share/offboard_safety_monitor/local_setup.bash
-- Installing: /home/vdt_2026/VDT_project/install/offboard_safety_monitor/share/offboard_safety_monitor/local_setup.sh
-- Installing: /home/vdt_2026/VDT_project/install/offboard_safety_monitor/share/offboard_safety_monitor/local_setup.zsh
-- Installing: /home/vdt_2026/VDT_project/install/offboard_safety_monitor/share/offboard_safety_monitor/local_setup.dsv
-- Installing: /home/vdt_2026/VDT_project/install/offboard_safety_monitor/share/offboard_safety_monitor/package.dsv
-- Installing: /home/vdt_2026/VDT_project/install/offboard_safety_monitor/share/ament_index/resource_index/packages/offboard_safety_monitor
-- Installing: /home/vdt_2026/VDT_project/install/offboard_safety_monitor/share/offboard_safety_monitor/cmake/offboard_safety_monitorConfig.cmake
-- Installing: /home/vdt_2026/VDT_project/install/offboard_safety_monitor/share/offboard_safety_monitor/cmake/offboard_safety_monitorConfig-version.cmake
-- Installing: /home/vdt_2026/VDT_project/install/offboard_safety_monitor/share/offboard_safety_monitor/package.xml
