[0.001s] Invoking command in '/home/vdt_2026/VDT_project/build/offboard_safety_monitor': AMENT_PREFIX_PATH=/home/vdt_2026/VDT_project/install/offboard_manager:/home/vdt_2026/VDT_project/install/vdt_msgs:${AMENT_PREFIX_PATH} CMAKE_PREFIX_PATH=/home/vdt_2026/VDT_project/install/offboard_manager:/home/vdt_2026/VDT_project/install/vdt_msgs:/home/vdt_2026/ros2_ws/install/px4_msgs:/opt/ros/jazzy LD_LIBRARY_PATH=/home/vdt_2026/VDT_project/install/vdt_msgs/lib:${LD_LIBRARY_PATH} PYTHONPATH=/home/vdt_2026/VDT_project/install/vdt_msgs/lib/python3.12/site-packages:${PYTHONPATH} /usr/bin/cmake /home/vdt_2026/VDT_project/ros2_ws/src/offboard_safety_monitor -DCMAKE_VERBOSE_MAKEFILE=ON -DCMAKE_INSTALL_PREFIX=/home/vdt_2026/VDT_project/install/offboard_safety_monitor
[0.093s] -- The C compiler identification is GNU 13.3.0
[0.188s] -- The CXX compiler identification is GNU 13.3.0
[0.215s] -- Detecting C compiler ABI info
[0.368s] -- Detecting C compiler ABI info - done
[0.385s] -- Check for working C compiler: /usr/bin/cc - skipped
[0.385s] -- Detecting C compile features
[0.386s] -- Detecting C compile features - done
[0.400s] -- Detecting CXX compiler ABI info
[0.568s] -- Detecting CXX compiler ABI info - done
[0.584s] -- Check for working CXX compiler: /usr/bin/c++ - skipped
[0.584s] -- Detecting CXX compile features
[0.585s] -- Detecting CXX compile features - done
[0.588s] -- Found ament_cmake: 2.5.6 (/opt/ros/jazzy/share/ament_cmake/cmake)
[0.802s] -- Found Python3: /usr/bin/python3 (found version "3.12.3") found components: Interpreter 
[0.952s] -- Found rclcpp: 28.1.22 (/opt/ros/jazzy/share/rclcpp/cmake)
[0.996s] -- Found rosidl_generator_c: 4.6.9 (/opt/ros/jazzy/share/rosidl_generator_c/cmake)
[1.014s] -- Found rosidl_generator_cpp: 4.6.9 (/opt/ros/jazzy/share/rosidl_generator_cpp/cmake)
[1.034s] -- Using all available rosidl_typesupport_c: rosidl_typesupport_fastrtps_c;rosidl_typesupport_introspection_c
[1.058s] -- Using all available rosidl_typesupport_cpp: rosidl_typesupport_fastrtps_cpp;rosidl_typesupport_introspection_cpp
[1.154s] -- Found rmw_implementation_cmake: 7.3.3 (/opt/ros/jazzy/share/rmw_implementation_cmake/cmake)
[1.157s] -- Found rmw_fastrtps_cpp: 8.4.4 (/opt/ros/jazzy/share/rmw_fastrtps_cpp/cmake)
[1.280s] -- Found OpenSSL: /usr/lib/aarch64-linux-gnu/libcrypto.so (found version "3.0.13")  
[1.303s] -- Found FastRTPS: /opt/ros/jazzy/include (Required is at least version "2.13") 
[1.338s] -- Using RMW implementation 'rmw_fastrtps_cpp' as default
[1.436s] -- Found std_msgs: 5.3.8 (/opt/ros/jazzy/share/std_msgs/cmake)
[1.454s] -- Found px4_msgs: 2.0.1 (/home/vdt_2026/ros2_ws/install/px4_msgs/share/px4_msgs/cmake)
[1.476s] -- Found vdt_msgs: 0.1.0 (/home/vdt_2026/VDT_project/install/vdt_msgs/share/vdt_msgs/cmake)
[1.496s] -- Found launch_testing_ament_cmake: 3.4.12 (/opt/ros/jazzy/share/launch_testing_ament_cmake/cmake)
[1.498s] -- Found python_cmake_module: 0.11.1 (/opt/ros/jazzy/share/python_cmake_module/cmake)
[1.701s] -- Found PythonExtra: /usr/bin/python3  
[1.857s] -- Configuring done (1.9s)
[1.878s] -- Generating done (0.0s)
[1.884s] -- Build files have been written to: /home/vdt_2026/VDT_project/build/offboard_safety_monitor
[1.902s] Invoked command in '/home/vdt_2026/VDT_project/build/offboard_safety_monitor' returned '0': AMENT_PREFIX_PATH=/home/vdt_2026/VDT_project/install/offboard_manager:/home/vdt_2026/VDT_project/install/vdt_msgs:${AMENT_PREFIX_PATH} CMAKE_PREFIX_PATH=/home/vdt_2026/VDT_project/install/offboard_manager:/home/vdt_2026/VDT_project/install/vdt_msgs:/home/vdt_2026/ros2_ws/install/px4_msgs:/opt/ros/jazzy LD_LIBRARY_PATH=/home/vdt_2026/VDT_project/install/vdt_msgs/lib:${LD_LIBRARY_PATH} PYTHONPATH=/home/vdt_2026/VDT_project/install/vdt_msgs/lib/python3.12/site-packages:${PYTHONPATH} /usr/bin/cmake /home/vdt_2026/VDT_project/ros2_ws/src/offboard_safety_monitor -DCMAKE_VERBOSE_MAKEFILE=ON -DCMAKE_INSTALL_PREFIX=/home/vdt_2026/VDT_project/install/offboard_safety_monitor
[1.903s] Invoking command in '/home/vdt_2026/VDT_project/build/offboard_safety_monitor': AMENT_PREFIX_PATH=/home/vdt_2026/VDT_project/install/offboard_manager:/home/vdt_2026/VDT_project/install/vdt_msgs:${AMENT_PREFIX_PATH} CMAKE_PREFIX_PATH=/home/vdt_2026/VDT_project/install/offboard_manager:/home/vdt_2026/VDT_project/install/vdt_msgs:/home/vdt_2026/ros2_ws/install/px4_msgs:/opt/ros/jazzy LD_LIBRARY_PATH=/home/vdt_2026/VDT_project/install/vdt_msgs/lib:${LD_LIBRARY_PATH} PYTHONPATH=/home/vdt_2026/VDT_project/install/vdt_msgs/lib/python3.12/site-packages:${PYTHONPATH} /usr/bin/cmake --build /home/vdt_2026/VDT_project/build/offboard_safety_monitor -- -j4 -l4
[1.917s] Change Dir: '/home/vdt_2026/VDT_project/build/offboard_safety_monitor'
[1.917s] 
[1.917s] Run Build Command(s): /usr/bin/cmake -E env VERBOSE=1 /usr/bin/gmake -f Makefile -j4 -l4
[1.934s] /usr/bin/cmake -S/home/vdt_2026/VDT_project/ros2_ws/src/offboard_safety_monitor -B/home/vdt_2026/VDT_project/build/offboard_safety_monitor --check-build-system CMakeFiles/Makefile.cmake 0
[1.955s] /usr/bin/cmake -E cmake_progress_start /home/vdt_2026/VDT_project/build/offboard_safety_monitor/CMakeFiles /home/vdt_2026/VDT_project/build/offboard_safety_monitor//CMakeFiles/progress.marks
[1.969s] /usr/bin/gmake  -f CMakeFiles/Makefile2 all
[1.971s] gmake[1]: Entering directory '/home/vdt_2026/VDT_project/build/offboard_safety_monitor'
[1.972s] /usr/bin/gmake  -f CMakeFiles/safety_monitor_node.dir/build.make CMakeFiles/safety_monitor_node.dir/depend
[1.972s] /usr/bin/gmake  -f CMakeFiles/safety_logic_test.dir/build.make CMakeFiles/safety_logic_test.dir/depend
[1.974s] gmake[2]: Entering directory '/home/vdt_2026/VDT_project/build/offboard_safety_monitor'
[1.974s] cd /home/vdt_2026/VDT_project/build/offboard_safety_monitor && /usr/bin/cmake -E cmake_depends "Unix Makefiles" /home/vdt_2026/VDT_project/ros2_ws/src/offboard_safety_monitor /home/vdt_2026/VDT_project/ros2_ws/src/offboard_safety_monitor /home/vdt_2026/VDT_project/build/offboard_safety_monitor /home/vdt_2026/VDT_project/build/offboard_safety_monitor /home/vdt_2026/VDT_project/build/offboard_safety_monitor/CMakeFiles/safety_logic_test.dir/DependInfo.cmake "--color="
[1.974s] gmake[2]: Entering directory '/home/vdt_2026/VDT_project/build/offboard_safety_monitor'
[1.974s] cd /home/vdt_2026/VDT_project/build/offboard_safety_monitor && /usr/bin/cmake -E cmake_depends "Unix Makefiles" /home/vdt_2026/VDT_project/ros2_ws/src/offboard_safety_monitor /home/vdt_2026/VDT_project/ros2_ws/src/offboard_safety_monitor /home/vdt_2026/VDT_project/build/offboard_safety_monitor /home/vdt_2026/VDT_project/build/offboard_safety_monitor /home/vdt_2026/VDT_project/build/offboard_safety_monitor/CMakeFiles/safety_monitor_node.dir/DependInfo.cmake "--color="
[1.990s] gmake[2]: Leaving directory '/home/vdt_2026/VDT_project/build/offboard_safety_monitor'
[1.991s] gmake[2]: Leaving directory '/home/vdt_2026/VDT_project/build/offboard_safety_monitor'
[1.991s] /usr/bin/gmake  -f CMakeFiles/safety_logic_test.dir/build.make CMakeFiles/safety_logic_test.dir/build
[1.991s] /usr/bin/gmake  -f CMakeFiles/safety_monitor_node.dir/build.make CMakeFiles/safety_monitor_node.dir/build
[1.992s] gmake[2]: Entering directory '/home/vdt_2026/VDT_project/build/offboard_safety_monitor'
[1.993s] gmake[2]: Entering directory '/home/vdt_2026/VDT_project/build/offboard_safety_monitor'
[2.010s] [ 57%] Building CXX object CMakeFiles/safety_logic_test.dir/test/safety_logic_test.cpp.o
[2.011s] [ 57%] Building CXX object CMakeFiles/safety_logic_test.dir/src/safety_logic.cpp.o
[2.011s] [ 57%] Building CXX object CMakeFiles/safety_monitor_node.dir/src/main.cpp.o
[2.011s] [ 57%] Building CXX object CMakeFiles/safety_monitor_node.dir/src/safety_monitor_node.cpp.o
[2.011s] /usr/bin/c++  -I/home/vdt_2026/VDT_project/ros2_ws/src/offboard_safety_monitor/include -O3 -DNDEBUG -std=gnu++17 -MD -MT CMakeFiles/safety_logic_test.dir/src/safety_logic.cpp.o -MF CMakeFiles/safety_logic_test.dir/src/safety_logic.cpp.o.d -o CMakeFiles/safety_logic_test.dir/src/safety_logic.cpp.o -c /home/vdt_2026/VDT_project/ros2_ws/src/offboard_safety_monitor/src/safety_logic.cpp
[2.011s] /usr/bin/c++ -DDEFAULT_RMW_IMPLEMENTATION=rmw_fastrtps_cpp -DFASTCDR_DYN_LINK -I/home/vdt_2026/VDT_project/ros2_ws/src/offboard_safety_monitor/include -isystem /home/vdt_2026/VDT_project/install/vdt_msgs/include/vdt_msgs -isystem /home/vdt_2026/ros2_ws/install/px4_msgs/include/px4_msgs -isystem /opt/ros/jazzy/include/rclcpp -isystem /opt/ros/jazzy/include/std_msgs -isystem /opt/ros/jazzy/include/builtin_interfaces -isystem /opt/ros/jazzy/include/rosidl_runtime_c -isystem /opt/ros/jazzy/include/rcutils -isystem /opt/ros/jazzy/include/rosidl_typesupport_interface -isystem /opt/ros/jazzy/include/fastcdr -isystem /opt/ros/jazzy/include/rosidl_runtime_cpp -isystem /opt/ros/jazzy/include/rosidl_typesupport_fastrtps_cpp -isystem /opt/ros/jazzy/include/rmw -isystem /opt/ros/jazzy/include/rosidl_dynamic_typesupport -isystem /opt/ros/jazzy/include/rosidl_typesupport_fastrtps_c -isystem /opt/ros/jazzy/include/rosidl_typesupport_introspection_c -isystem /opt/ros/jazzy/include/rosidl_typesupport_introspection_cpp -isystem /opt/ros/jazzy/include/libstatistics_collector -isystem /opt/ros/jazzy/include/rcl -isystem /opt/ros/jazzy/include/rcl_interfaces -isystem /opt/ros/jazzy/include/service_msgs -isystem /opt/ros/jazzy/include/rcl_logging_interface -isystem /opt/ros/jazzy/include/rcl_yaml_param_parser -isystem /opt/ros/jazzy/include/type_description_interfaces -isystem /opt/ros/jazzy/include/rcpputils -isystem /opt/ros/jazzy/include/statistics_msgs -isystem /opt/ros/jazzy/include/rosgraph_msgs -isystem /opt/ros/jazzy/include/rosidl_typesupport_cpp -isystem /opt/ros/jazzy/include/rosidl_typesupport_c -isystem /opt/ros/jazzy/include/tracetools -O3 -DNDEBUG -std=gnu++17 -MD -MT CMakeFiles/safety_monitor_node.dir/src/main.cpp.o -MF CMakeFiles/safety_monitor_node.dir/src/main.cpp.o.d -o CMakeFiles/safety_monitor_node.dir/src/main.cpp.o -c /home/vdt_2026/VDT_project/ros2_ws/src/offboard_safety_monitor/src/main.cpp
[2.013s] /usr/bin/c++ -DDEFAULT_RMW_IMPLEMENTATION=rmw_fastrtps_cpp -DFASTCDR_DYN_LINK -I/home/vdt_2026/VDT_project/ros2_ws/src/offboard_safety_monitor/include -isystem /home/vdt_2026/VDT_project/install/vdt_msgs/include/vdt_msgs -isystem /home/vdt_2026/ros2_ws/install/px4_msgs/include/px4_msgs -isystem /opt/ros/jazzy/include/rclcpp -isystem /opt/ros/jazzy/include/std_msgs -isystem /opt/ros/jazzy/include/builtin_interfaces -isystem /opt/ros/jazzy/include/rosidl_runtime_c -isystem /opt/ros/jazzy/include/rcutils -isystem /opt/ros/jazzy/include/rosidl_typesupport_interface -isystem /opt/ros/jazzy/include/fastcdr -isystem /opt/ros/jazzy/include/rosidl_runtime_cpp -isystem /opt/ros/jazzy/include/rosidl_typesupport_fastrtps_cpp -isystem /opt/ros/jazzy/include/rmw -isystem /opt/ros/jazzy/include/rosidl_dynamic_typesupport -isystem /opt/ros/jazzy/include/rosidl_typesupport_fastrtps_c -isystem /opt/ros/jazzy/include/rosidl_typesupport_introspection_c -isystem /opt/ros/jazzy/include/rosidl_typesupport_introspection_cpp -isystem /opt/ros/jazzy/include/libstatistics_collector -isystem /opt/ros/jazzy/include/rcl -isystem /opt/ros/jazzy/include/rcl_interfaces -isystem /opt/ros/jazzy/include/service_msgs -isystem /opt/ros/jazzy/include/rcl_logging_interface -isystem /opt/ros/jazzy/include/rcl_yaml_param_parser -isystem /opt/ros/jazzy/include/type_description_interfaces -isystem /opt/ros/jazzy/include/rcpputils -isystem /opt/ros/jazzy/include/statistics_msgs -isystem /opt/ros/jazzy/include/rosgraph_msgs -isystem /opt/ros/jazzy/include/rosidl_typesupport_cpp -isystem /opt/ros/jazzy/include/rosidl_typesupport_c -isystem /opt/ros/jazzy/include/tracetools -O3 -DNDEBUG -std=gnu++17 -MD -MT CMakeFiles/safety_monitor_node.dir/src/safety_monitor_node.cpp.o -MF CMakeFiles/safety_monitor_node.dir/src/safety_monitor_node.cpp.o.d -o CMakeFiles/safety_monitor_node.dir/src/safety_monitor_node.cpp.o -c /home/vdt_2026/VDT_project/ros2_ws/src/offboard_safety_monitor/src/safety_monitor_node.cpp
[2.014s] /usr/bin/c++  -I/home/vdt_2026/VDT_project/ros2_ws/src/offboard_safety_monitor/include -O3 -DNDEBUG -std=gnu++17 -MD -MT CMakeFiles/safety_logic_test.dir/test/safety_logic_test.cpp.o -MF CMakeFiles/safety_logic_test.dir/test/safety_logic_test.cpp.o.d -o CMakeFiles/safety_logic_test.dir/test/safety_logic_test.cpp.o -c /home/vdt_2026/VDT_project/ros2_ws/src/offboard_safety_monitor/test/safety_logic_test.cpp
[2.303s] [ 71%] Building CXX object CMakeFiles/safety_monitor_node.dir/src/safety_logic.cpp.o
[2.306s] /usr/bin/c++ -DDEFAULT_RMW_IMPLEMENTATION=rmw_fastrtps_cpp -DFASTCDR_DYN_LINK -I/home/vdt_2026/VDT_project/ros2_ws/src/offboard_safety_monitor/include -isystem /home/vdt_2026/VDT_project/install/vdt_msgs/include/vdt_msgs -isystem /home/vdt_2026/ros2_ws/install/px4_msgs/include/px4_msgs -isystem /opt/ros/jazzy/include/rclcpp -isystem /opt/ros/jazzy/include/std_msgs -isystem /opt/ros/jazzy/include/builtin_interfaces -isystem /opt/ros/jazzy/include/rosidl_runtime_c -isystem /opt/ros/jazzy/include/rcutils -isystem /opt/ros/jazzy/include/rosidl_typesupport_interface -isystem /opt/ros/jazzy/include/fastcdr -isystem /opt/ros/jazzy/include/rosidl_runtime_cpp -isystem /opt/ros/jazzy/include/rosidl_typesupport_fastrtps_cpp -isystem /opt/ros/jazzy/include/rmw -isystem /opt/ros/jazzy/include/rosidl_dynamic_typesupport -isystem /opt/ros/jazzy/include/rosidl_typesupport_fastrtps_c -isystem /opt/ros/jazzy/include/rosidl_typesupport_introspection_c -isystem /opt/ros/jazzy/include/rosidl_typesupport_introspection_cpp -isystem /opt/ros/jazzy/include/libstatistics_collector -isystem /opt/ros/jazzy/include/rcl -isystem /opt/ros/jazzy/include/rcl_interfaces -isystem /opt/ros/jazzy/include/service_msgs -isystem /opt/ros/jazzy/include/rcl_logging_interface -isystem /opt/ros/jazzy/include/rcl_yaml_param_parser -isystem /opt/ros/jazzy/include/type_description_interfaces -isystem /opt/ros/jazzy/include/rcpputils -isystem /opt/ros/jazzy/include/statistics_msgs -isystem /opt/ros/jazzy/include/rosgraph_msgs -isystem /opt/ros/jazzy/include/rosidl_typesupport_cpp -isystem /opt/ros/jazzy/include/rosidl_typesupport_c -isystem /opt/ros/jazzy/include/tracetools -O3 -DNDEBUG -std=gnu++17 -MD -MT CMakeFiles/safety_monitor_node.dir/src/safety_logic.cpp.o -MF CMakeFiles/safety_monitor_node.dir/src/safety_logic.cpp.o.d -o CMakeFiles/safety_monitor_node.dir/src/safety_logic.cpp.o -c /home/vdt_2026/VDT_project/ros2_ws/src/offboard_safety_monitor/src/safety_logic.cpp
[2.336s] [ 85%] Linking CXX executable safety_logic_test
[2.341s] /usr/bin/cmake -E cmake_link_script CMakeFiles/safety_logic_test.dir/link.txt --verbose=1
[2.353s] /usr/bin/c++ -O3 -DNDEBUG CMakeFiles/safety_logic_test.dir/test/safety_logic_test.cpp.o CMakeFiles/safety_logic_test.dir/src/safety_logic.cpp.o -o safety_logic_test 
[2.429s] gmake[2]: Leaving directory '/home/vdt_2026/VDT_project/build/offboard_safety_monitor'
[2.448s] [ 85%] Built target safety_logic_test
[36.204s] [100%] Linking CXX executable safety_monitor_node
[36.207s] /usr/bin/cmake -E cmake_link_script CMakeFiles/safety_monitor_node.dir/link.txt --verbose=1
[36.218s] /usr/bin/c++ -O3 -DNDEBUG CMakeFiles/safety_monitor_node.dir/src/main.cpp.o CMakeFiles/safety_monitor_node.dir/src/safety_monitor_node.cpp.o CMakeFiles/safety_monitor_node.dir/src/safety_logic.cpp.o -o safety_monitor_node  -Wl,-rpath,/opt/ros/jazzy/lib:/home/vdt_2026/ros2_ws/install/px4_msgs/lib:/home/vdt_2026/VDT_project/install/vdt_msgs/lib: /opt/ros/jazzy/lib/librclcpp.so /home/vdt_2026/ros2_ws/install/px4_msgs/lib/libpx4_msgs__rosidl_typesupport_fastrtps_c.so /home/vdt_2026/ros2_ws/install/px4_msgs/lib/libpx4_msgs__rosidl_typesupport_fastrtps_cpp.so /home/vdt_2026/ros2_ws/install/px4_msgs/lib/libpx4_msgs__rosidl_typesupport_introspection_c.so /home/vdt_2026/ros2_ws/install/px4_msgs/lib/libpx4_msgs__rosidl_typesupport_introspection_cpp.so /home/vdt_2026/ros2_ws/install/px4_msgs/lib/libpx4_msgs__rosidl_typesupport_cpp.so /home/vdt_2026/ros2_ws/install/px4_msgs/lib/libpx4_msgs__rosidl_generator_py.so /home/vdt_2026/VDT_project/install/vdt_msgs/lib/libvdt_msgs__rosidl_typesupport_fastrtps_c.so /home/vdt_2026/VDT_project/install/vdt_msgs/lib/libvdt_msgs__rosidl_typesupport_fastrtps_cpp.so /home/vdt_2026/VDT_project/install/vdt_msgs/lib/libvdt_msgs__rosidl_typesupport_introspection_c.so /home/vdt_2026/VDT_project/install/vdt_msgs/lib/libvdt_msgs__rosidl_typesupport_introspection_cpp.so /home/vdt_2026/VDT_project/install/vdt_msgs/lib/libvdt_msgs__rosidl_typesupport_cpp.so /home/vdt_2026/VDT_project/install/vdt_msgs/lib/libvdt_msgs__rosidl_generator_py.so /opt/ros/jazzy/lib/liblibstatistics_collector.so /opt/ros/jazzy/lib/librcl.so /opt/ros/jazzy/lib/librmw_implementation.so /opt/ros/jazzy/lib/libtype_description_interfaces__rosidl_typesupport_fastrtps_c.so /opt/ros/jazzy/lib/libtype_description_interfaces__rosidl_typesupport_introspection_c.so /opt/ros/jazzy/lib/libtype_description_interfaces__rosidl_typesupport_fastrtps_cpp.so /opt/ros/jazzy/lib/libtype_description_interfaces__rosidl_typesupport_introspection_cpp.so /opt/ros/jazzy/lib/libtype_description_interfaces__rosidl_typesupport_cpp.so /opt/ros/jazzy/lib/libtype_description_interfaces__rosidl_generator_py.so /opt/ros/jazzy/lib/libtype_description_interfaces__rosidl_typesupport_c.so /opt/ros/jazzy/lib/libtype_description_interfaces__rosidl_generator_c.so /opt/ros/jazzy/lib/librcl_yaml_param_parser.so /opt/ros/jazzy/lib/librosgraph_msgs__rosidl_typesupport_fastrtps_c.so /opt/ros/jazzy/lib/librosgraph_msgs__rosidl_typesupport_fastrtps_cpp.so /opt/ros/jazzy/lib/librosgraph_msgs__rosidl_typesupport_introspection_c.so /opt/ros/jazzy/lib/librosgraph_msgs__rosidl_typesupport_introspection_cpp.so /opt/ros/jazzy/lib/librosgraph_msgs__rosidl_typesupport_cpp.so /opt/ros/jazzy/lib/librosgraph_msgs__rosidl_generator_py.so /opt/ros/jazzy/lib/librcl_interfaces__rosidl_typesupport_fastrtps_c.so /opt/ros/jazzy/lib/librcl_interfaces__rosidl_typesupport_introspection_c.so /opt/ros/jazzy/lib/librcl_interfaces__rosidl_typesupport_fastrtps_cpp.so /opt/ros/jazzy/lib/librcl_interfaces__rosidl_typesupport_introspection_cpp.so /opt/ros/jazzy/lib/librcl_interfaces__rosidl_typesupport_cpp.so /opt/ros/jazzy/lib/librcl_interfaces__rosidl_generator_py.so /opt/ros/jazzy/lib/librosgraph_msgs__rosidl_typesupport_c.so /opt/ros/jazzy/lib/librcl_interfaces__rosidl_typesupport_c.so /opt/ros/jazzy/lib/librosgraph_msgs__rosidl_generator_c.so /opt/ros/jazzy/lib/librcl_interfaces__rosidl_generator_c.so /opt/ros/jazzy/lib/libstatistics_msgs__rosidl_typesupport_fastrtps_c.so /opt/ros/jazzy/lib/libstatistics_msgs__rosidl_typesupport_fastrtps_cpp.so /opt/ros/jazzy/lib/libstatistics_msgs__rosidl_typesupport_introspection_c.so /opt/ros/jazzy/lib/libstatistics_msgs__rosidl_typesupport_introspection_cpp.so /opt/ros/jazzy/lib/libstatistics_msgs__rosidl_typesupport_cpp.so /opt/ros/jazzy/lib/libstatistics_msgs__rosidl_generator_py.so /opt/ros/jazzy/lib/libstatistics_msgs__rosidl_typesupport_c.so /opt/ros/jazzy/lib/libstatistics_msgs__rosidl_generator_c.so /opt/ros/jazzy/lib/libtracetools.so -llttng-ust -llttng-ust-common -rdynamic -ldl /opt/ros/jazzy/lib/librcl_logging_interface.so /home/vdt_2026/ros2_ws/install/px4_msgs/lib/libpx4_msgs__rosidl_typesupport_c.so /home/vdt_2026/ros2_ws/install/px4_msgs/lib/libpx4_msgs__rosidl_generator_c.so /opt/ros/jazzy/lib/libservice_msgs__rosidl_typesupport_fastrtps_c.so /opt/ros/jazzy/lib/libservice_msgs__rosidl_typesupport_fastrtps_cpp.so /opt/ros/jazzy/lib/libservice_msgs__rosidl_typesupport_introspection_c.so /opt/ros/jazzy/lib/libservice_msgs__rosidl_typesupport_introspection_cpp.so /opt/ros/jazzy/lib/libservice_msgs__rosidl_typesupport_cpp.so /opt/ros/jazzy/lib/libservice_msgs__rosidl_typesupport_c.so /opt/ros/jazzy/lib/libservice_msgs__rosidl_generator_c.so /opt/ros/jazzy/lib/libstd_msgs__rosidl_typesupport_fastrtps_c.so /opt/ros/jazzy/lib/libstd_msgs__rosidl_typesupport_fastrtps_cpp.so /opt/ros/jazzy/lib/libstd_msgs__rosidl_typesupport_introspection_c.so /opt/ros/jazzy/lib/libstd_msgs__rosidl_typesupport_introspection_cpp.so /opt/ros/jazzy/lib/libstd_msgs__rosidl_typesupport_cpp.so /opt/ros/jazzy/lib/libstd_msgs__rosidl_generator_py.so /home/vdt_2026/VDT_project/install/vdt_msgs/lib/libvdt_msgs__rosidl_typesupport_c.so /opt/ros/jazzy/lib/libstd_msgs__rosidl_typesupport_c.so /home/vdt_2026/VDT_project/install/vdt_msgs/lib/libvdt_msgs__rosidl_generator_c.so /opt/ros/jazzy/lib/libstd_msgs__rosidl_generator_c.so /opt/ros/jazzy/lib/libbuiltin_interfaces__rosidl_typesupport_fastrtps_c.so /opt/ros/jazzy/lib/librosidl_typesupport_fastrtps_c.so /opt/ros/jazzy/lib/libbuiltin_interfaces__rosidl_typesupport_introspection_c.so /opt/ros/jazzy/lib/libbuiltin_interfaces__rosidl_typesupport_fastrtps_cpp.so /opt/ros/jazzy/lib/librosidl_typesupport_fastrtps_cpp.so /opt/ros/jazzy/lib/librmw.so /opt/ros/jazzy/lib/librosidl_dynamic_typesupport.so /opt/ros/jazzy/lib/libfastcdr.so.2.2.8 /opt/ros/jazzy/lib/libbuiltin_interfaces__rosidl_typesupport_introspection_cpp.so /opt/ros/jazzy/lib/librosidl_typesupport_introspection_cpp.so /opt/ros/jazzy/lib/librosidl_typesupport_introspection_c.so /opt/ros/jazzy/lib/libbuiltin_interfaces__rosidl_typesupport_cpp.so /opt/ros/jazzy/lib/librosidl_typesupport_cpp.so /opt/ros/jazzy/lib/libbuiltin_interfaces__rosidl_generator_py.so /opt/ros/jazzy/lib/libbuiltin_interfaces__rosidl_typesupport_c.so /opt/ros/jazzy/lib/libbuiltin_interfaces__rosidl_generator_c.so /opt/ros/jazzy/lib/librosidl_typesupport_c.so /opt/ros/jazzy/lib/librcpputils.so /opt/ros/jazzy/lib/librosidl_runtime_c.so /opt/ros/jazzy/lib/librcutils.so -ldl -latomic -Wl,-rpath-link,/opt/ros/jazzy/lib 
[36.632s] gmake[2]: Leaving directory '/home/vdt_2026/VDT_project/build/offboard_safety_monitor'
[36.649s] [100%] Built target safety_monitor_node
[36.651s] gmake[1]: Leaving directory '/home/vdt_2026/VDT_project/build/offboard_safety_monitor'
[36.651s] /usr/bin/cmake -E cmake_progress_start /home/vdt_2026/VDT_project/build/offboard_safety_monitor/CMakeFiles 0
[36.669s] 
[36.672s] Invoked command in '/home/vdt_2026/VDT_project/build/offboard_safety_monitor' returned '0': AMENT_PREFIX_PATH=/home/vdt_2026/VDT_project/install/offboard_manager:/home/vdt_2026/VDT_project/install/vdt_msgs:${AMENT_PREFIX_PATH} CMAKE_PREFIX_PATH=/home/vdt_2026/VDT_project/install/offboard_manager:/home/vdt_2026/VDT_project/install/vdt_msgs:/home/vdt_2026/ros2_ws/install/px4_msgs:/opt/ros/jazzy LD_LIBRARY_PATH=/home/vdt_2026/VDT_project/install/vdt_msgs/lib:${LD_LIBRARY_PATH} PYTHONPATH=/home/vdt_2026/VDT_project/install/vdt_msgs/lib/python3.12/site-packages:${PYTHONPATH} /usr/bin/cmake --build /home/vdt_2026/VDT_project/build/offboard_safety_monitor -- -j4 -l4
[36.673s] Invoking command in '/home/vdt_2026/VDT_project/build/offboard_safety_monitor': AMENT_PREFIX_PATH=/home/vdt_2026/VDT_project/install/offboard_manager:/home/vdt_2026/VDT_project/install/vdt_msgs:${AMENT_PREFIX_PATH} CMAKE_PREFIX_PATH=/home/vdt_2026/VDT_project/install/offboard_manager:/home/vdt_2026/VDT_project/install/vdt_msgs:/home/vdt_2026/ros2_ws/install/px4_msgs:/opt/ros/jazzy LD_LIBRARY_PATH=/home/vdt_2026/VDT_project/install/vdt_msgs/lib:${LD_LIBRARY_PATH} PYTHONPATH=/home/vdt_2026/VDT_project/install/vdt_msgs/lib/python3.12/site-packages:${PYTHONPATH} /usr/bin/cmake --install /home/vdt_2026/VDT_project/build/offboard_safety_monitor
[36.687s] -- Install configuration: "Release"
[36.687s] -- Installing: /home/vdt_2026/VDT_project/install/offboard_safety_monitor/lib/offboard_safety_monitor/safety_monitor_node
[36.692s] -- Set non-toolchain portion of runtime path of "/home/vdt_2026/VDT_project/install/offboard_safety_monitor/lib/offboard_safety_monitor/safety_monitor_node" to ""
[36.692s] -- Installing: /home/vdt_2026/VDT_project/install/offboard_safety_monitor/lib/offboard_safety_monitor/hil_validation.py
[36.694s] -- Installing: /home/vdt_2026/VDT_project/install/offboard_safety_monitor/share/ament_index/resource_index/package_run_dependencies/offboard_safety_monitor
[36.694s] -- Installing: /home/vdt_2026/VDT_project/install/offboard_safety_monitor/share/ament_index/resource_index/parent_prefix_path/offboard_safety_monitor
[36.694s] -- Installing: /home/vdt_2026/VDT_project/install/offboard_safety_monitor/share/offboard_safety_monitor/environment/ament_prefix_path.sh
[36.695s] -- Installing: /home/vdt_2026/VDT_project/install/offboard_safety_monitor/share/offboard_safety_monitor/environment/ament_prefix_path.dsv
[36.695s] -- Installing: /home/vdt_2026/VDT_project/install/offboard_safety_monitor/share/offboard_safety_monitor/environment/path.sh
[36.695s] -- Installing: /home/vdt_2026/VDT_project/install/offboard_safety_monitor/share/offboard_safety_monitor/environment/path.dsv
[36.695s] -- Installing: /home/vdt_2026/VDT_project/install/offboard_safety_monitor/share/offboard_safety_monitor/local_setup.bash
[36.696s] -- Installing: /home/vdt_2026/VDT_project/install/offboard_safety_monitor/share/offboard_safety_monitor/local_setup.sh
[36.696s] -- Installing: /home/vdt_2026/VDT_project/install/offboard_safety_monitor/share/offboard_safety_monitor/local_setup.zsh
[36.698s] -- Installing: /home/vdt_2026/VDT_project/install/offboard_safety_monitor/share/offboard_safety_monitor/local_setup.dsv
[36.698s] -- Installing: /home/vdt_2026/VDT_project/install/offboard_safety_monitor/share/offboard_safety_monitor/package.dsv
[36.699s] -- Installing: /home/vdt_2026/VDT_project/install/offboard_safety_monitor/share/ament_index/resource_index/packages/offboard_safety_monitor
[36.699s] -- Installing: /home/vdt_2026/VDT_project/install/offboard_safety_monitor/share/offboard_safety_monitor/cmake/offboard_safety_monitorConfig.cmake
[36.699s] -- Installing: /home/vdt_2026/VDT_project/install/offboard_safety_monitor/share/offboard_safety_monitor/cmake/offboard_safety_monitorConfig-version.cmake
[36.699s] -- Installing: /home/vdt_2026/VDT_project/install/offboard_safety_monitor/share/offboard_safety_monitor/package.xml
[36.700s] Invoked command in '/home/vdt_2026/VDT_project/build/offboard_safety_monitor' returned '0': AMENT_PREFIX_PATH=/home/vdt_2026/VDT_project/install/offboard_manager:/home/vdt_2026/VDT_project/install/vdt_msgs:${AMENT_PREFIX_PATH} CMAKE_PREFIX_PATH=/home/vdt_2026/VDT_project/install/offboard_manager:/home/vdt_2026/VDT_project/install/vdt_msgs:/home/vdt_2026/ros2_ws/install/px4_msgs:/opt/ros/jazzy LD_LIBRARY_PATH=/home/vdt_2026/VDT_project/install/vdt_msgs/lib:${LD_LIBRARY_PATH} PYTHONPATH=/home/vdt_2026/VDT_project/install/vdt_msgs/lib/python3.12/site-packages:${PYTHONPATH} /usr/bin/cmake --install /home/vdt_2026/VDT_project/build/offboard_safety_monitor
