-- Found ament_cmake: 2.5.6 (/opt/ros/jazzy/share/ament_cmake/cmake)
-- Found rclcpp: 28.1.22 (/opt/ros/jazzy/share/rclcpp/cmake)
-- Found rosidl_generator_c: 4.6.9 (/opt/ros/jazzy/share/rosidl_generator_c/cmake)
-- Found rosidl_generator_cpp: 4.6.9 (/opt/ros/jazzy/share/rosidl_generator_cpp/cmake)
-- Using all available rosidl_typesupport_c: rosidl_typesupport_fastrtps_c;rosidl_typesupport_introspection_c
-- Using all available rosidl_typesupport_cpp: rosidl_typesupport_fastrtps_cpp;rosidl_typesupport_introspection_cpp
-- Found rmw_implementation_cmake: 7.3.3 (/opt/ros/jazzy/share/rmw_implementation_cmake/cmake)
-- Found rmw_fastrtps_cpp: 8.4.4 (/opt/ros/jazzy/share/rmw_fastrtps_cpp/cmake)
-- Using RMW implementation 'rmw_fastrtps_cpp' as default
-- Found vdt_msgs: 0.1.0 (/home/vdt_2026/VDT_project/install/vdt_msgs/share/vdt_msgs/cmake)
-- Configuring done (0.9s)
-- Generating done (0.0s)
-- Build files have been written to: /home/vdt_2026/VDT_project/build/rc_parser
Change Dir: '/home/vdt_2026/VDT_project/build/rc_parser'

Run Build Command(s): /usr/bin/cmake -E env VERBOSE=1 /usr/bin/gmake -f Makefile -j4 -l4
/usr/bin/cmake -S/home/vdt_2026/VDT_project/ros2_ws/src/rc_parser -B/home/vdt_2026/VDT_project/build/rc_parser --check-build-system CMakeFiles/Makefile.cmake 0
/usr/bin/cmake -E cmake_progress_start /home/vdt_2026/VDT_project/build/rc_parser/CMakeFiles /home/vdt_2026/VDT_project/build/rc_parser//CMakeFiles/progress.marks
/usr/bin/gmake  -f CMakeFiles/Makefile2 all
gmake[1]: Entering directory '/home/vdt_2026/VDT_project/build/rc_parser'
/usr/bin/gmake  -f CMakeFiles/rc_parser_lib.dir/build.make CMakeFiles/rc_parser_lib.dir/depend
gmake[2]: Entering directory '/home/vdt_2026/VDT_project/build/rc_parser'
cd /home/vdt_2026/VDT_project/build/rc_parser && /usr/bin/cmake -E cmake_depends "Unix Makefiles" /home/vdt_2026/VDT_project/ros2_ws/src/rc_parser /home/vdt_2026/VDT_project/ros2_ws/src/rc_parser /home/vdt_2026/VDT_project/build/rc_parser /home/vdt_2026/VDT_project/build/rc_parser /home/vdt_2026/VDT_project/build/rc_parser/CMakeFiles/rc_parser_lib.dir/DependInfo.cmake "--color="
gmake[2]: Leaving directory '/home/vdt_2026/VDT_project/build/rc_parser'
/usr/bin/gmake  -f CMakeFiles/rc_parser_lib.dir/build.make CMakeFiles/rc_parser_lib.dir/build
gmake[2]: Entering directory '/home/vdt_2026/VDT_project/build/rc_parser'
[ 11%] Building CXX object CMakeFiles/rc_parser_lib.dir/src/rc_logic.cpp.o
/usr/bin/c++ -DDEFAULT_RMW_IMPLEMENTATION=rmw_fastrtps_cpp -DFASTCDR_DYN_LINK -I/home/vdt_2026/VDT_project/ros2_ws/src/rc_parser/include -isystem /home/vdt_2026/VDT_project/install/vdt_msgs/include/vdt_msgs -isystem /opt/ros/jazzy/include/rclcpp -isystem /opt/ros/jazzy/include/builtin_interfaces -isystem /opt/ros/jazzy/include/rosidl_runtime_c -isystem /opt/ros/jazzy/include/rcutils -isystem /opt/ros/jazzy/include/rosidl_typesupport_interface -isystem /opt/ros/jazzy/include/fastcdr -isystem /opt/ros/jazzy/include/rosidl_runtime_cpp -isystem /opt/ros/jazzy/include/rosidl_typesupport_fastrtps_cpp -isystem /opt/ros/jazzy/include/rmw -isystem /opt/ros/jazzy/include/rosidl_dynamic_typesupport -isystem /opt/ros/jazzy/include/rosidl_typesupport_fastrtps_c -isystem /opt/ros/jazzy/include/rosidl_typesupport_introspection_c -isystem /opt/ros/jazzy/include/rosidl_typesupport_introspection_cpp -isystem /opt/ros/jazzy/include/libstatistics_collector -isystem /opt/ros/jazzy/include/rcl -isystem /opt/ros/jazzy/include/rcl_interfaces -isystem /opt/ros/jazzy/include/service_msgs -isystem /opt/ros/jazzy/include/rcl_logging_interface -isystem /opt/ros/jazzy/include/rcl_yaml_param_parser -isystem /opt/ros/jazzy/include/type_description_interfaces -isystem /opt/ros/jazzy/include/rcpputils -isystem /opt/ros/jazzy/include/statistics_msgs -isystem /opt/ros/jazzy/include/rosgraph_msgs -isystem /opt/ros/jazzy/include/rosidl_typesupport_cpp -isystem /opt/ros/jazzy/include/rosidl_typesupport_c -isystem /opt/ros/jazzy/include/tracetools -isystem /opt/ros/jazzy/include/std_msgs -O3 -DNDEBUG -std=gnu++17 -MD -MT CMakeFiles/rc_parser_lib.dir/src/rc_logic.cpp.o -MF CMakeFiles/rc_parser_lib.dir/src/rc_logic.cpp.o.d -o CMakeFiles/rc_parser_lib.dir/src/rc_logic.cpp.o -c /home/vdt_2026/VDT_project/ros2_ws/src/rc_parser/src/rc_logic.cpp
[ 22%] Linking CXX static library librc_parser_lib.a
/usr/bin/cmake -P CMakeFiles/rc_parser_lib.dir/cmake_clean_target.cmake
/usr/bin/cmake -E cmake_link_script CMakeFiles/rc_parser_lib.dir/link.txt --verbose=1
/usr/bin/ar qc librc_parser_lib.a CMakeFiles/rc_parser_lib.dir/src/rc_logic.cpp.o
/usr/bin/ranlib librc_parser_lib.a
gmake[2]: Leaving directory '/home/vdt_2026/VDT_project/build/rc_parser'
[ 22%] Built target rc_parser_lib
/usr/bin/gmake  -f CMakeFiles/rc_node.dir/build.make CMakeFiles/rc_node.dir/depend
/usr/bin/gmake  -f CMakeFiles/rc_logic_test.dir/build.make CMakeFiles/rc_logic_test.dir/depend
gmake[2]: Entering directory '/home/vdt_2026/VDT_project/build/rc_parser'
cd /home/vdt_2026/VDT_project/build/rc_parser && /usr/bin/cmake -E cmake_depends "Unix Makefiles" /home/vdt_2026/VDT_project/ros2_ws/src/rc_parser /home/vdt_2026/VDT_project/ros2_ws/src/rc_parser /home/vdt_2026/VDT_project/build/rc_parser /home/vdt_2026/VDT_project/build/rc_parser /home/vdt_2026/VDT_project/build/rc_parser/CMakeFiles/rc_node.dir/DependInfo.cmake "--color="
gmake[2]: Entering directory '/home/vdt_2026/VDT_project/build/rc_parser'
cd /home/vdt_2026/VDT_project/build/rc_parser && /usr/bin/cmake -E cmake_depends "Unix Makefiles" /home/vdt_2026/VDT_project/ros2_ws/src/rc_parser /home/vdt_2026/VDT_project/ros2_ws/src/rc_parser /home/vdt_2026/VDT_project/build/rc_parser /home/vdt_2026/VDT_project/build/rc_parser /home/vdt_2026/VDT_project/build/rc_parser/CMakeFiles/rc_logic_test.dir/DependInfo.cmake "--color="
Dependencies file "CMakeFiles/rc_node.dir/src/main.cpp.o.d" is newer than depends file "/home/vdt_2026/VDT_project/build/rc_parser/CMakeFiles/rc_node.dir/compiler_depend.internal".
Dependencies file "CMakeFiles/rc_logic_test.dir/test/rc_logic_test.cpp.o.d" is newer than depends file "/home/vdt_2026/VDT_project/build/rc_parser/CMakeFiles/rc_logic_test.dir/compiler_depend.internal".
Consolidate compiler generated dependencies of target rc_logic_test
gmake[2]: Leaving directory '/home/vdt_2026/VDT_project/build/rc_parser'
/usr/bin/gmake  -f CMakeFiles/rc_logic_test.dir/build.make CMakeFiles/rc_logic_test.dir/build
Dependencies file "CMakeFiles/rc_node.dir/src/rc_node.cpp.o.d" is newer than depends file "/home/vdt_2026/VDT_project/build/rc_parser/CMakeFiles/rc_node.dir/compiler_depend.internal".
gmake[2]: Entering directory '/home/vdt_2026/VDT_project/build/rc_parser'
Dependencies file "CMakeFiles/rc_node.dir/src/rc_sbus.cpp.o.d" is newer than depends file "/home/vdt_2026/VDT_project/build/rc_parser/CMakeFiles/rc_node.dir/compiler_depend.internal".
Dependencies file "CMakeFiles/rc_node.dir/src/rc_uart.cpp.o.d" is newer than depends file "/home/vdt_2026/VDT_project/build/rc_parser/CMakeFiles/rc_node.dir/compiler_depend.internal".
Consolidate compiler generated dependencies of target rc_node
[ 33%] Linking CXX executable rc_logic_test
gmake[2]: Leaving directory '/home/vdt_2026/VDT_project/build/rc_parser'
/usr/bin/gmake  -f CMakeFiles/rc_node.dir/build.make CMakeFiles/rc_node.dir/build
/usr/bin/cmake -E cmake_link_script CMakeFiles/rc_logic_test.dir/link.txt --verbose=1
gmake[2]: Entering directory '/home/vdt_2026/VDT_project/build/rc_parser'
/usr/bin/c++ -O3 -DNDEBUG CMakeFiles/rc_logic_test.dir/test/rc_logic_test.cpp.o -o rc_logic_test  -Wl,-rpath,/opt/ros/jazzy/lib:/home/vdt_2026/VDT_project/install/vdt_msgs/lib librc_parser_lib.a /opt/ros/jazzy/lib/librclcpp.so /home/vdt_2026/VDT_project/install/vdt_msgs/lib/libvdt_msgs__rosidl_typesupport_fastrtps_c.so /home/vdt_2026/VDT_project/install/vdt_msgs/lib/libvdt_msgs__rosidl_typesupport_fastrtps_cpp.so /home/vdt_2026/VDT_project/install/vdt_msgs/lib/libvdt_msgs__rosidl_typesupport_introspection_c.so /home/vdt_2026/VDT_project/install/vdt_msgs/lib/libvdt_msgs__rosidl_typesupport_introspection_cpp.so /home/vdt_2026/VDT_project/install/vdt_msgs/lib/libvdt_msgs__rosidl_typesupport_cpp.so /home/vdt_2026/VDT_project/install/vdt_msgs/lib/libvdt_msgs__rosidl_generator_py.so /opt/ros/jazzy/lib/liblibstatistics_collector.so /opt/ros/jazzy/lib/librcl.so /opt/ros/jazzy/lib/librmw_implementation.so /opt/ros/jazzy/lib/libtype_description_interfaces__rosidl_typesupport_fastrtps_c.so /opt/ros/jazzy/lib/libtype_description_interfaces__rosidl_typesupport_introspection_c.so /opt/ros/jazzy/lib/libtype_description_interfaces__rosidl_typesupport_fastrtps_cpp.so /opt/ros/jazzy/lib/libtype_description_interfaces__rosidl_typesupport_introspection_cpp.so /opt/ros/jazzy/lib/libtype_description_interfaces__rosidl_typesupport_cpp.so /opt/ros/jazzy/lib/libtype_description_interfaces__rosidl_generator_py.so /opt/ros/jazzy/lib/libtype_description_interfaces__rosidl_typesupport_c.so /opt/ros/jazzy/lib/libtype_description_interfaces__rosidl_generator_c.so /opt/ros/jazzy/lib/librcl_yaml_param_parser.so /opt/ros/jazzy/lib/librosgraph_msgs__rosidl_typesupport_fastrtps_c.so /opt/ros/jazzy/lib/librosgraph_msgs__rosidl_typesupport_fastrtps_cpp.so /opt/ros/jazzy/lib/librosgraph_msgs__rosidl_typesupport_introspection_c.so /opt/ros/jazzy/lib/librosgraph_msgs__rosidl_typesupport_introspection_cpp.so /opt/ros/jazzy/lib/librosgraph_msgs__rosidl_typesupport_cpp.so /opt/ros/jazzy/lib/librosgraph_msgs__rosidl_generator_py.so /opt/ros/jazzy/lib/librcl_interfaces__rosidl_typesupport_fastrtps_c.so /opt/ros/jazzy/lib/librcl_interfaces__rosidl_typesupport_introspection_c.so /opt/ros/jazzy/lib/librcl_interfaces__rosidl_typesupport_fastrtps_cpp.so /opt/ros/jazzy/lib/librcl_interfaces__rosidl_typesupport_introspection_cpp.so /opt/ros/jazzy/lib/librcl_interfaces__rosidl_typesupport_cpp.so /opt/ros/jazzy/lib/librcl_interfaces__rosidl_generator_py.so /opt/ros/jazzy/lib/librosgraph_msgs__rosidl_typesupport_c.so /opt/ros/jazzy/lib/librcl_interfaces__rosidl_typesupport_c.so /opt/ros/jazzy/lib/librosgraph_msgs__rosidl_generator_c.so /opt/ros/jazzy/lib/librcl_interfaces__rosidl_generator_c.so /opt/ros/jazzy/lib/libservice_msgs__rosidl_typesupport_fastrtps_c.so /opt/ros/jazzy/lib/libservice_msgs__rosidl_typesupport_introspection_c.so /opt/ros/jazzy/lib/libservice_msgs__rosidl_typesupport_fastrtps_cpp.so /opt/ros/jazzy/lib/libservice_msgs__rosidl_typesupport_introspection_cpp.so /opt/ros/jazzy/lib/libservice_msgs__rosidl_typesupport_cpp.so /opt/ros/jazzy/lib/libservice_msgs__rosidl_typesupport_c.so /opt/ros/jazzy/lib/libservice_msgs__rosidl_generator_c.so /opt/ros/jazzy/lib/libstatistics_msgs__rosidl_typesupport_fastrtps_c.so /opt/ros/jazzy/lib/libstatistics_msgs__rosidl_typesupport_fastrtps_cpp.so /opt/ros/jazzy/lib/libstatistics_msgs__rosidl_typesupport_introspection_c.so /opt/ros/jazzy/lib/libstatistics_msgs__rosidl_typesupport_introspection_cpp.so /opt/ros/jazzy/lib/libstatistics_msgs__rosidl_typesupport_cpp.so /opt/ros/jazzy/lib/libstatistics_msgs__rosidl_generator_py.so /opt/ros/jazzy/lib/libstatistics_msgs__rosidl_typesupport_c.so /opt/ros/jazzy/lib/libstatistics_msgs__rosidl_generator_c.so /opt/ros/jazzy/lib/libtracetools.so -llttng-ust -llttng-ust-common -rdynamic -ldl /opt/ros/jazzy/lib/librcl_logging_interface.so /home/vdt_2026/VDT_project/install/vdt_msgs/lib/libvdt_msgs__rosidl_typesupport_c.so /home/vdt_2026/VDT_project/install/vdt_msgs/lib/libvdt_msgs__rosidl_generator_c.so /opt/ros/jazzy/lib/libstd_msgs__rosidl_typesupport_fastrtps_c.so /opt/ros/jazzy/lib/libstd_msgs__rosidl_typesupport_fastrtps_cpp.so /opt/ros/jazzy/lib/libstd_msgs__rosidl_typesupport_introspection_c.so /opt/ros/jazzy/lib/libstd_msgs__rosidl_typesupport_introspection_cpp.so /opt/ros/jazzy/lib/libstd_msgs__rosidl_typesupport_cpp.so /opt/ros/jazzy/lib/libbuiltin_interfaces__rosidl_typesupport_fastrtps_c.so /opt/ros/jazzy/lib/librosidl_typesupport_fastrtps_c.so /opt/ros/jazzy/lib/libbuiltin_interfaces__rosidl_typesupport_introspection_c.so /opt/ros/jazzy/lib/libbuiltin_interfaces__rosidl_typesupport_fastrtps_cpp.so /opt/ros/jazzy/lib/librosidl_typesupport_fastrtps_cpp.so /opt/ros/jazzy/lib/librmw.so /opt/ros/jazzy/lib/librosidl_dynamic_typesupport.so /opt/ros/jazzy/lib/libfastcdr.so.2.2.8 /opt/ros/jazzy/lib/libbuiltin_interfaces__rosidl_typesupport_introspection_cpp.so /opt/ros/jazzy/lib/librosidl_typesupport_introspection_cpp.so /opt/ros/jazzy/lib/librosidl_typesupport_introspection_c.so /opt/ros/jazzy/lib/libbuiltin_interfaces__rosidl_typesupport_cpp.so /opt/ros/jazzy/lib/librosidl_typesupport_cpp.so /opt/ros/jazzy/lib/libbuiltin_interfaces__rosidl_generator_py.so /opt/ros/jazzy/lib/libstd_msgs__rosidl_typesupport_c.so /opt/ros/jazzy/lib/libbuiltin_interfaces__rosidl_typesupport_c.so /opt/ros/jazzy/lib/libstd_msgs__rosidl_generator_c.so /opt/ros/jazzy/lib/libbuiltin_interfaces__rosidl_generator_c.so /opt/ros/jazzy/lib/librosidl_typesupport_c.so /opt/ros/jazzy/lib/librcpputils.so /opt/ros/jazzy/lib/librosidl_runtime_c.so /opt/ros/jazzy/lib/librcutils.so -ldl -latomic -Wl,-rpath-link,/opt/ros/jazzy/lib 
[ 44%] Linking CXX executable rc_node
/usr/bin/cmake -E cmake_link_script CMakeFiles/rc_node.dir/link.txt --verbose=1
/usr/bin/c++ -O3 -DNDEBUG CMakeFiles/rc_node.dir/src/main.cpp.o CMakeFiles/rc_node.dir/src/rc_node.cpp.o CMakeFiles/rc_node.dir/src/rc_sbus.cpp.o CMakeFiles/rc_node.dir/src/rc_uart.cpp.o -o rc_node  -Wl,-rpath,/opt/ros/jazzy/lib:/home/vdt_2026/VDT_project/install/vdt_msgs/lib: librc_parser_lib.a /opt/ros/jazzy/lib/librclcpp.so /home/vdt_2026/VDT_project/install/vdt_msgs/lib/libvdt_msgs__rosidl_typesupport_fastrtps_c.so /home/vdt_2026/VDT_project/install/vdt_msgs/lib/libvdt_msgs__rosidl_typesupport_fastrtps_cpp.so /home/vdt_2026/VDT_project/install/vdt_msgs/lib/libvdt_msgs__rosidl_typesupport_introspection_c.so /home/vdt_2026/VDT_project/install/vdt_msgs/lib/libvdt_msgs__rosidl_typesupport_introspection_cpp.so /home/vdt_2026/VDT_project/install/vdt_msgs/lib/libvdt_msgs__rosidl_typesupport_cpp.so /home/vdt_2026/VDT_project/install/vdt_msgs/lib/libvdt_msgs__rosidl_generator_py.so /opt/ros/jazzy/lib/liblibstatistics_collector.so /opt/ros/jazzy/lib/librcl.so /opt/ros/jazzy/lib/librmw_implementation.so /opt/ros/jazzy/lib/libtype_description_interfaces__rosidl_typesupport_fastrtps_c.so /opt/ros/jazzy/lib/libtype_description_interfaces__rosidl_typesupport_introspection_c.so /opt/ros/jazzy/lib/libtype_description_interfaces__rosidl_typesupport_fastrtps_cpp.so /opt/ros/jazzy/lib/libtype_description_interfaces__rosidl_typesupport_introspection_cpp.so /opt/ros/jazzy/lib/libtype_description_interfaces__rosidl_typesupport_cpp.so /opt/ros/jazzy/lib/libtype_description_interfaces__rosidl_generator_py.so /opt/ros/jazzy/lib/libtype_description_interfaces__rosidl_typesupport_c.so /opt/ros/jazzy/lib/libtype_description_interfaces__rosidl_generator_c.so /opt/ros/jazzy/lib/librcl_yaml_param_parser.so /opt/ros/jazzy/lib/librosgraph_msgs__rosidl_typesupport_fastrtps_c.so /opt/ros/jazzy/lib/librosgraph_msgs__rosidl_typesupport_fastrtps_cpp.so /opt/ros/jazzy/lib/librosgraph_msgs__rosidl_typesupport_introspection_c.so /opt/ros/jazzy/lib/librosgraph_msgs__rosidl_typesupport_introspection_cpp.so /opt/ros/jazzy/lib/librosgraph_msgs__rosidl_typesupport_cpp.so /opt/ros/jazzy/lib/librosgraph_msgs__rosidl_generator_py.so /opt/ros/jazzy/lib/librcl_interfaces__rosidl_typesupport_fastrtps_c.so /opt/ros/jazzy/lib/librcl_interfaces__rosidl_typesupport_introspection_c.so /opt/ros/jazzy/lib/librcl_interfaces__rosidl_typesupport_fastrtps_cpp.so /opt/ros/jazzy/lib/librcl_interfaces__rosidl_typesupport_introspection_cpp.so /opt/ros/jazzy/lib/librcl_interfaces__rosidl_typesupport_cpp.so /opt/ros/jazzy/lib/librcl_interfaces__rosidl_generator_py.so /opt/ros/jazzy/lib/librosgraph_msgs__rosidl_typesupport_c.so /opt/ros/jazzy/lib/librcl_interfaces__rosidl_typesupport_c.so /opt/ros/jazzy/lib/librosgraph_msgs__rosidl_generator_c.so /opt/ros/jazzy/lib/librcl_interfaces__rosidl_generator_c.so /opt/ros/jazzy/lib/libservice_msgs__rosidl_typesupport_fastrtps_c.so /opt/ros/jazzy/lib/libservice_msgs__rosidl_typesupport_introspection_c.so /opt/ros/jazzy/lib/libservice_msgs__rosidl_typesupport_fastrtps_cpp.so /opt/ros/jazzy/lib/libservice_msgs__rosidl_typesupport_introspection_cpp.so /opt/ros/jazzy/lib/libservice_msgs__rosidl_typesupport_cpp.so /opt/ros/jazzy/lib/libservice_msgs__rosidl_typesupport_c.so /opt/ros/jazzy/lib/libservice_msgs__rosidl_generator_c.so /opt/ros/jazzy/lib/libstatistics_msgs__rosidl_typesupport_fastrtps_c.so /opt/ros/jazzy/lib/libstatistics_msgs__rosidl_typesupport_fastrtps_cpp.so /opt/ros/jazzy/lib/libstatistics_msgs__rosidl_typesupport_introspection_c.so /opt/ros/jazzy/lib/libstatistics_msgs__rosidl_typesupport_introspection_cpp.so /opt/ros/jazzy/lib/libstatistics_msgs__rosidl_typesupport_cpp.so /opt/ros/jazzy/lib/libstatistics_msgs__rosidl_generator_py.so /opt/ros/jazzy/lib/libstatistics_msgs__rosidl_typesupport_c.so /opt/ros/jazzy/lib/libstatistics_msgs__rosidl_generator_c.so /opt/ros/jazzy/lib/libtracetools.so -llttng-ust -llttng-ust-common -rdynamic -ldl /opt/ros/jazzy/lib/librcl_logging_interface.so /home/vdt_2026/VDT_project/install/vdt_msgs/lib/libvdt_msgs__rosidl_typesupport_c.so /home/vdt_2026/VDT_project/install/vdt_msgs/lib/libvdt_msgs__rosidl_generator_c.so /opt/ros/jazzy/lib/libstd_msgs__rosidl_typesupport_fastrtps_c.so /opt/ros/jazzy/lib/libstd_msgs__rosidl_typesupport_fastrtps_cpp.so /opt/ros/jazzy/lib/libstd_msgs__rosidl_typesupport_introspection_c.so /opt/ros/jazzy/lib/libstd_msgs__rosidl_typesupport_introspection_cpp.so /opt/ros/jazzy/lib/libstd_msgs__rosidl_typesupport_cpp.so /opt/ros/jazzy/lib/libbuiltin_interfaces__rosidl_typesupport_fastrtps_c.so /opt/ros/jazzy/lib/librosidl_typesupport_fastrtps_c.so /opt/ros/jazzy/lib/libbuiltin_interfaces__rosidl_typesupport_introspection_c.so /opt/ros/jazzy/lib/libbuiltin_interfaces__rosidl_typesupport_fastrtps_cpp.so /opt/ros/jazzy/lib/librosidl_typesupport_fastrtps_cpp.so /opt/ros/jazzy/lib/librmw.so /opt/ros/jazzy/lib/librosidl_dynamic_typesupport.so /opt/ros/jazzy/lib/libfastcdr.so.2.2.8 /opt/ros/jazzy/lib/libbuiltin_interfaces__rosidl_typesupport_introspection_cpp.so /opt/ros/jazzy/lib/librosidl_typesupport_introspection_cpp.so /opt/ros/jazzy/lib/librosidl_typesupport_introspection_c.so /opt/ros/jazzy/lib/libbuiltin_interfaces__rosidl_typesupport_cpp.so /opt/ros/jazzy/lib/librosidl_typesupport_cpp.so /opt/ros/jazzy/lib/libbuiltin_interfaces__rosidl_generator_py.so /opt/ros/jazzy/lib/libstd_msgs__rosidl_typesupport_c.so /opt/ros/jazzy/lib/libbuiltin_interfaces__rosidl_typesupport_c.so /opt/ros/jazzy/lib/libstd_msgs__rosidl_generator_c.so /opt/ros/jazzy/lib/libbuiltin_interfaces__rosidl_generator_c.so /opt/ros/jazzy/lib/librosidl_typesupport_c.so /opt/ros/jazzy/lib/librcpputils.so /opt/ros/jazzy/lib/librosidl_runtime_c.so /opt/ros/jazzy/lib/librcutils.so -ldl -latomic -Wl,-rpath-link,/opt/ros/jazzy/lib 
gmake[2]: Leaving directory '/home/vdt_2026/VDT_project/build/rc_parser'
[ 55%] Built target rc_logic_test
gmake[2]: Leaving directory '/home/vdt_2026/VDT_project/build/rc_parser'
[100%] Built target rc_node
gmake[1]: Leaving directory '/home/vdt_2026/VDT_project/build/rc_parser'
/usr/bin/cmake -E cmake_progress_start /home/vdt_2026/VDT_project/build/rc_parser/CMakeFiles 0

-- Install configuration: "Release"
-- Installing: /home/vdt_2026/VDT_project/install/rc_parser/lib/librc_parser_lib.a
-- Installing: /home/vdt_2026/VDT_project/install/rc_parser/lib/rc_parser/rc_node
-- Set non-toolchain portion of runtime path of "/home/vdt_2026/VDT_project/install/rc_parser/lib/rc_parser/rc_node" to ""
-- Up-to-date: /home/vdt_2026/VDT_project/install/rc_parser/include
-- Up-to-date: /home/vdt_2026/VDT_project/install/rc_parser/include/rc_parser
-- Up-to-date: /home/vdt_2026/VDT_project/install/rc_parser/include/rc_parser/rc_logic.hpp
-- Up-to-date: /home/vdt_2026/VDT_project/install/rc_parser/include/rc_parser/rc_sbus.hpp
-- Up-to-date: /home/vdt_2026/VDT_project/install/rc_parser/include/rc_parser/rc_types.hpp
-- Up-to-date: /home/vdt_2026/VDT_project/install/rc_parser/include/rc_parser/rc_node.hpp
-- Up-to-date: /home/vdt_2026/VDT_project/install/rc_parser/include/rc_parser/rc_uart.hpp
-- Installing: /home/vdt_2026/VDT_project/install/rc_parser/share/rc_parser/environment/library_path.sh
-- Installing: /home/vdt_2026/VDT_project/install/rc_parser/share/rc_parser/environment/library_path.dsv
-- Up-to-date: /home/vdt_2026/VDT_project/install/rc_parser/share/ament_index/resource_index/package_run_dependencies/rc_parser
-- Up-to-date: /home/vdt_2026/VDT_project/install/rc_parser/share/ament_index/resource_index/parent_prefix_path/rc_parser
-- Up-to-date: /home/vdt_2026/VDT_project/install/rc_parser/share/rc_parser/environment/ament_prefix_path.sh
-- Up-to-date: /home/vdt_2026/VDT_project/install/rc_parser/share/rc_parser/environment/ament_prefix_path.dsv
-- Up-to-date: /home/vdt_2026/VDT_project/install/rc_parser/share/rc_parser/environment/path.sh
-- Up-to-date: /home/vdt_2026/VDT_project/install/rc_parser/share/rc_parser/environment/path.dsv
-- Up-to-date: /home/vdt_2026/VDT_project/install/rc_parser/share/rc_parser/local_setup.bash
-- Installing: /home/vdt_2026/VDT_project/install/rc_parser/share/rc_parser/local_setup.sh
-- Up-to-date: /home/vdt_2026/VDT_project/install/rc_parser/share/rc_parser/local_setup.zsh
-- Installing: /home/vdt_2026/VDT_project/install/rc_parser/share/rc_parser/local_setup.dsv
-- Installing: /home/vdt_2026/VDT_project/install/rc_parser/share/rc_parser/package.dsv
-- Up-to-date: /home/vdt_2026/VDT_project/install/rc_parser/share/ament_index/resource_index/packages/rc_parser
-- Installing: /home/vdt_2026/VDT_project/install/rc_parser/share/rc_parser/cmake/export_rc_parser_libExport.cmake
-- Installing: /home/vdt_2026/VDT_project/install/rc_parser/share/rc_parser/cmake/export_rc_parser_libExport-release.cmake
-- Installing: /home/vdt_2026/VDT_project/install/rc_parser/share/rc_parser/cmake/ament_cmake_export_targets-extras.cmake
-- Installing: /home/vdt_2026/VDT_project/install/rc_parser/share/rc_parser/cmake/ament_cmake_export_dependencies-extras.cmake
-- Installing: /home/vdt_2026/VDT_project/install/rc_parser/share/rc_parser/cmake/rc_parserConfig.cmake
-- Up-to-date: /home/vdt_2026/VDT_project/install/rc_parser/share/rc_parser/cmake/rc_parserConfig-version.cmake
-- Up-to-date: /home/vdt_2026/VDT_project/install/rc_parser/share/rc_parser/package.xml
