[0.017s] Invoking command in '/home/vdt_2026/VDT_project/build/rc_parser': AMENT_PREFIX_PATH=/home/vdt_2026/VDT_project/install/vdt_msgs:${AMENT_PREFIX_PATH} CMAKE_PREFIX_PATH=/home/vdt_2026/VDT_project/install/vdt_msgs:/home/vdt_2026/ros2_ws/install/px4_msgs:/opt/ros/jazzy LD_LIBRARY_PATH=/home/vdt_2026/VDT_project/install/vdt_msgs/lib:${LD_LIBRARY_PATH} PYTHONPATH=/home/vdt_2026/VDT_project/install/vdt_msgs/lib/python3.12/site-packages:${PYTHONPATH} /usr/bin/cmake /home/vdt_2026/VDT_project/ros2_ws/src/rc_parser -DCMAKE_VERBOSE_MAKEFILE=ON -DCMAKE_INSTALL_PREFIX=/home/vdt_2026/VDT_project/install/rc_parser
[0.043s] -- Found ament_cmake: 2.5.6 (/opt/ros/jazzy/share/ament_cmake/cmake)
[0.381s] -- Found rclcpp: 28.1.22 (/opt/ros/jazzy/share/rclcpp/cmake)
[0.413s] -- Found rosidl_generator_c: 4.6.9 (/opt/ros/jazzy/share/rosidl_generator_c/cmake)
[0.426s] -- Found rosidl_generator_cpp: 4.6.9 (/opt/ros/jazzy/share/rosidl_generator_cpp/cmake)
[0.446s] -- Using all available rosidl_typesupport_c: rosidl_typesupport_fastrtps_c;rosidl_typesupport_introspection_c
[0.465s] -- Using all available rosidl_typesupport_cpp: rosidl_typesupport_fastrtps_cpp;rosidl_typesupport_introspection_cpp
[0.546s] -- Found rmw_implementation_cmake: 7.3.3 (/opt/ros/jazzy/share/rmw_implementation_cmake/cmake)
[0.548s] -- Found rmw_fastrtps_cpp: 8.4.4 (/opt/ros/jazzy/share/rmw_fastrtps_cpp/cmake)
[0.636s] -- Using RMW implementation 'rmw_fastrtps_cpp' as default
[0.723s] -- Found vdt_msgs: 0.1.0 (/home/vdt_2026/VDT_project/install/vdt_msgs/share/vdt_msgs/cmake)
[0.928s] -- Configuring done (0.9s)
[0.989s] -- Generating done (0.0s)
[1.006s] -- Build files have been written to: /home/vdt_2026/VDT_project/build/rc_parser
[1.021s] Invoked command in '/home/vdt_2026/VDT_project/build/rc_parser' returned '0': AMENT_PREFIX_PATH=/home/vdt_2026/VDT_project/install/vdt_msgs:${AMENT_PREFIX_PATH} CMAKE_PREFIX_PATH=/home/vdt_2026/VDT_project/install/vdt_msgs:/home/vdt_2026/ros2_ws/install/px4_msgs:/opt/ros/jazzy LD_LIBRARY_PATH=/home/vdt_2026/VDT_project/install/vdt_msgs/lib:${LD_LIBRARY_PATH} PYTHONPATH=/home/vdt_2026/VDT_project/install/vdt_msgs/lib/python3.12/site-packages:${PYTHONPATH} /usr/bin/cmake /home/vdt_2026/VDT_project/ros2_ws/src/rc_parser -DCMAKE_VERBOSE_MAKEFILE=ON -DCMAKE_INSTALL_PREFIX=/home/vdt_2026/VDT_project/install/rc_parser
[1.022s] Invoking command in '/home/vdt_2026/VDT_project/build/rc_parser': AMENT_PREFIX_PATH=/home/vdt_2026/VDT_project/install/vdt_msgs:${AMENT_PREFIX_PATH} CMAKE_PREFIX_PATH=/home/vdt_2026/VDT_project/install/vdt_msgs:/home/vdt_2026/ros2_ws/install/px4_msgs:/opt/ros/jazzy LD_LIBRARY_PATH=/home/vdt_2026/VDT_project/install/vdt_msgs/lib:${LD_LIBRARY_PATH} PYTHONPATH=/home/vdt_2026/VDT_project/install/vdt_msgs/lib/python3.12/site-packages:${PYTHONPATH} /usr/bin/cmake --build /home/vdt_2026/VDT_project/build/rc_parser -- -j4 -l4
[1.036s] Change Dir: '/home/vdt_2026/VDT_project/build/rc_parser'
[1.036s] 
[1.036s] Run Build Command(s): /usr/bin/cmake -E env VERBOSE=1 /usr/bin/gmake -f Makefile -j4 -l4
[1.053s] /usr/bin/cmake -S/home/vdt_2026/VDT_project/ros2_ws/src/rc_parser -B/home/vdt_2026/VDT_project/build/rc_parser --check-build-system CMakeFiles/Makefile.cmake 0
[1.074s] /usr/bin/cmake -E cmake_progress_start /home/vdt_2026/VDT_project/build/rc_parser/CMakeFiles /home/vdt_2026/VDT_project/build/rc_parser//CMakeFiles/progress.marks
[1.088s] /usr/bin/gmake  -f CMakeFiles/Makefile2 all
[1.090s] gmake[1]: Entering directory '/home/vdt_2026/VDT_project/build/rc_parser'
[1.090s] /usr/bin/gmake  -f CMakeFiles/rc_parser_lib.dir/build.make CMakeFiles/rc_parser_lib.dir/depend
[1.092s] gmake[2]: Entering directory '/home/vdt_2026/VDT_project/build/rc_parser'
[1.092s] cd /home/vdt_2026/VDT_project/build/rc_parser && /usr/bin/cmake -E cmake_depends "Unix Makefiles" /home/vdt_2026/VDT_project/ros2_ws/src/rc_parser /home/vdt_2026/VDT_project/ros2_ws/src/rc_parser /home/vdt_2026/VDT_project/build/rc_parser /home/vdt_2026/VDT_project/build/rc_parser /home/vdt_2026/VDT_project/build/rc_parser/CMakeFiles/rc_parser_lib.dir/DependInfo.cmake "--color="
[1.108s] gmake[2]: Leaving directory '/home/vdt_2026/VDT_project/build/rc_parser'
[1.108s] /usr/bin/gmake  -f CMakeFiles/rc_parser_lib.dir/build.make CMakeFiles/rc_parser_lib.dir/build
[1.110s] gmake[2]: Entering directory '/home/vdt_2026/VDT_project/build/rc_parser'
[1.123s] [ 11%] Building CXX object CMakeFiles/rc_parser_lib.dir/src/rc_logic.cpp.o
[1.125s] /usr/bin/c++ -DDEFAULT_RMW_IMPLEMENTATION=rmw_fastrtps_cpp -DFASTCDR_DYN_LINK -I/home/vdt_2026/VDT_project/ros2_ws/src/rc_parser/include -isystem /home/vdt_2026/VDT_project/install/vdt_msgs/include/vdt_msgs -isystem /opt/ros/jazzy/include/rclcpp -isystem /opt/ros/jazzy/include/builtin_interfaces -isystem /opt/ros/jazzy/include/rosidl_runtime_c -isystem /opt/ros/jazzy/include/rcutils -isystem /opt/ros/jazzy/include/rosidl_typesupport_interface -isystem /opt/ros/jazzy/include/fastcdr -isystem /opt/ros/jazzy/include/rosidl_runtime_cpp -isystem /opt/ros/jazzy/include/rosidl_typesupport_fastrtps_cpp -isystem /opt/ros/jazzy/include/rmw -isystem /opt/ros/jazzy/include/rosidl_dynamic_typesupport -isystem /opt/ros/jazzy/include/rosidl_typesupport_fastrtps_c -isystem /opt/ros/jazzy/include/rosidl_typesupport_introspection_c -isystem /opt/ros/jazzy/include/rosidl_typesupport_introspection_cpp -isystem /opt/ros/jazzy/include/libstatistics_collector -isystem /opt/ros/jazzy/include/rcl -isystem /opt/ros/jazzy/include/rcl_interfaces -isystem /opt/ros/jazzy/include/service_msgs -isystem /opt/ros/jazzy/include/rcl_logging_interface -isystem /opt/ros/jazzy/include/rcl_yaml_param_parser -isystem /opt/ros/jazzy/include/type_description_interfaces -isystem /opt/ros/jazzy/include/rcpputils -isystem /opt/ros/jazzy/include/statistics_msgs -isystem /opt/ros/jazzy/include/rosgraph_msgs -isystem /opt/ros/jazzy/include/rosidl_typesupport_cpp -isystem /opt/ros/jazzy/include/rosidl_typesupport_c -isystem /opt/ros/jazzy/include/tracetools -isystem /opt/ros/jazzy/include/std_msgs -O3 -DNDEBUG -std=gnu++17 -MD -MT CMakeFiles/rc_parser_lib.dir/src/rc_logic.cpp.o -MF CMakeFiles/rc_parser_lib.dir/src/rc_logic.cpp.o.d -o CMakeFiles/rc_parser_lib.dir/src/rc_logic.cpp.o -c /home/vdt_2026/VDT_project/ros2_ws/src/rc_parser/src/rc_logic.cpp
[1.687s] [ 22%] Linking CXX static library librc_parser_lib.a
[1.689s] /usr/bin/cmake -P CMakeFiles/rc_parser_lib.dir/cmake_clean_target.cmake
[1.705s] /usr/bin/cmake -E cmake_link_script CMakeFiles/rc_parser_lib.dir/link.txt --verbose=1
[1.717s] /usr/bin/ar qc librc_parser_lib.a CMakeFiles/rc_parser_lib.dir/src/rc_logic.cpp.o
[1.722s] /usr/bin/ranlib librc_parser_lib.a
[1.730s] gmake[2]: Leaving directory '/home/vdt_2026/VDT_project/build/rc_parser'
[1.746s] [ 22%] Built target rc_parser_lib
[1.748s] /usr/bin/gmake  -f CMakeFiles/rc_node.dir/build.make CMakeFiles/rc_node.dir/depend
[1.748s] /usr/bin/gmake  -f CMakeFiles/rc_logic_test.dir/build.make CMakeFiles/rc_logic_test.dir/depend
[1.750s] gmake[2]: Entering directory '/home/vdt_2026/VDT_project/build/rc_parser'
[1.750s] cd /home/vdt_2026/VDT_project/build/rc_parser && /usr/bin/cmake -E cmake_depends "Unix Makefiles" /home/vdt_2026/VDT_project/ros2_ws/src/rc_parser /home/vdt_2026/VDT_project/ros2_ws/src/rc_parser /home/vdt_2026/VDT_project/build/rc_parser /home/vdt_2026/VDT_project/build/rc_parser /home/vdt_2026/VDT_project/build/rc_parser/CMakeFiles/rc_node.dir/DependInfo.cmake "--color="
[1.751s] gmake[2]: Entering directory '/home/vdt_2026/VDT_project/build/rc_parser'
[1.751s] cd /home/vdt_2026/VDT_project/build/rc_parser && /usr/bin/cmake -E cmake_depends "Unix Makefiles" /home/vdt_2026/VDT_project/ros2_ws/src/rc_parser /home/vdt_2026/VDT_project/ros2_ws/src/rc_parser /home/vdt_2026/VDT_project/build/rc_parser /home/vdt_2026/VDT_project/build/rc_parser /home/vdt_2026/VDT_project/build/rc_parser/CMakeFiles/rc_logic_test.dir/DependInfo.cmake "--color="
[1.766s] Dependencies file "CMakeFiles/rc_node.dir/src/main.cpp.o.d" is newer than depends file "/home/vdt_2026/VDT_project/build/rc_parser/CMakeFiles/rc_node.dir/compiler_depend.internal".
[1.767s] Dependencies file "CMakeFiles/rc_logic_test.dir/test/rc_logic_test.cpp.o.d" is newer than depends file "/home/vdt_2026/VDT_project/build/rc_parser/CMakeFiles/rc_logic_test.dir/compiler_depend.internal".
[1.769s] Consolidate compiler generated dependencies of target rc_logic_test
[1.771s] gmake[2]: Leaving directory '/home/vdt_2026/VDT_project/build/rc_parser'
[1.771s] /usr/bin/gmake  -f CMakeFiles/rc_logic_test.dir/build.make CMakeFiles/rc_logic_test.dir/build
[1.771s] Dependencies file "CMakeFiles/rc_node.dir/src/rc_node.cpp.o.d" is newer than depends file "/home/vdt_2026/VDT_project/build/rc_parser/CMakeFiles/rc_node.dir/compiler_depend.internal".
[1.774s] gmake[2]: Entering directory '/home/vdt_2026/VDT_project/build/rc_parser'
[1.775s] Dependencies file "CMakeFiles/rc_node.dir/src/rc_sbus.cpp.o.d" is newer than depends file "/home/vdt_2026/VDT_project/build/rc_parser/CMakeFiles/rc_node.dir/compiler_depend.internal".
[1.778s] Dependencies file "CMakeFiles/rc_node.dir/src/rc_uart.cpp.o.d" is newer than depends file "/home/vdt_2026/VDT_project/build/rc_parser/CMakeFiles/rc_node.dir/compiler_depend.internal".
[1.789s] Consolidate compiler generated dependencies of target rc_node
[1.790s] [ 33%] Linking CXX executable rc_logic_test
[1.791s] gmake[2]: Leaving directory '/home/vdt_2026/VDT_project/build/rc_parser'
[1.791s] /usr/bin/gmake  -f CMakeFiles/rc_node.dir/build.make CMakeFiles/rc_node.dir/build
[1.792s] /usr/bin/cmake -E cmake_link_script CMakeFiles/rc_logic_test.dir/link.txt --verbose=1
[1.803s] gmake[2]: Entering directory '/home/vdt_2026/VDT_project/build/rc_parser'
[1.806s] /usr/bin/c++ -O3 -DNDEBUG CMakeFiles/rc_logic_test.dir/test/rc_logic_test.cpp.o -o rc_logic_test  -Wl,-rpath,/opt/ros/jazzy/lib:/home/vdt_2026/VDT_project/install/vdt_msgs/lib librc_parser_lib.a /opt/ros/jazzy/lib/librclcpp.so /home/vdt_2026/VDT_project/install/vdt_msgs/lib/libvdt_msgs__rosidl_typesupport_fastrtps_c.so /home/vdt_2026/VDT_project/install/vdt_msgs/lib/libvdt_msgs__rosidl_typesupport_fastrtps_cpp.so /home/vdt_2026/VDT_project/install/vdt_msgs/lib/libvdt_msgs__rosidl_typesupport_introspection_c.so /home/vdt_2026/VDT_project/install/vdt_msgs/lib/libvdt_msgs__rosidl_typesupport_introspection_cpp.so /home/vdt_2026/VDT_project/install/vdt_msgs/lib/libvdt_msgs__rosidl_typesupport_cpp.so /home/vdt_2026/VDT_project/install/vdt_msgs/lib/libvdt_msgs__rosidl_generator_py.so /opt/ros/jazzy/lib/liblibstatistics_collector.so /opt/ros/jazzy/lib/librcl.so /opt/ros/jazzy/lib/librmw_implementation.so /opt/ros/jazzy/lib/libtype_description_interfaces__rosidl_typesupport_fastrtps_c.so /opt/ros/jazzy/lib/libtype_description_interfaces__rosidl_typesupport_introspection_c.so /opt/ros/jazzy/lib/libtype_description_interfaces__rosidl_typesupport_fastrtps_cpp.so /opt/ros/jazzy/lib/libtype_description_interfaces__rosidl_typesupport_introspection_cpp.so /opt/ros/jazzy/lib/libtype_description_interfaces__rosidl_typesupport_cpp.so /opt/ros/jazzy/lib/libtype_description_interfaces__rosidl_generator_py.so /opt/ros/jazzy/lib/libtype_description_interfaces__rosidl_typesupport_c.so /opt/ros/jazzy/lib/libtype_description_interfaces__rosidl_generator_c.so /opt/ros/jazzy/lib/librcl_yaml_param_parser.so /opt/ros/jazzy/lib/librosgraph_msgs__rosidl_typesupport_fastrtps_c.so /opt/ros/jazzy/lib/librosgraph_msgs__rosidl_typesupport_fastrtps_cpp.so /opt/ros/jazzy/lib/librosgraph_msgs__rosidl_typesupport_introspection_c.so /opt/ros/jazzy/lib/librosgraph_msgs__rosidl_typesupport_introspection_cpp.so /opt/ros/jazzy/lib/librosgraph_msgs__rosidl_typesupport_cpp.so /opt/ros/jazzy/lib/librosgraph_msgs__rosidl_generator_py.so /opt/ros/jazzy/lib/librcl_interfaces__rosidl_typesupport_fastrtps_c.so /opt/ros/jazzy/lib/librcl_interfaces__rosidl_typesupport_introspection_c.so /opt/ros/jazzy/lib/librcl_interfaces__rosidl_typesupport_fastrtps_cpp.so /opt/ros/jazzy/lib/librcl_interfaces__rosidl_typesupport_introspection_cpp.so /opt/ros/jazzy/lib/librcl_interfaces__rosidl_typesupport_cpp.so /opt/ros/jazzy/lib/librcl_interfaces__rosidl_generator_py.so /opt/ros/jazzy/lib/librosgraph_msgs__rosidl_typesupport_c.so /opt/ros/jazzy/lib/librcl_interfaces__rosidl_typesupport_c.so /opt/ros/jazzy/lib/librosgraph_msgs__rosidl_generator_c.so /opt/ros/jazzy/lib/librcl_interfaces__rosidl_generator_c.so /opt/ros/jazzy/lib/libservice_msgs__rosidl_typesupport_fastrtps_c.so /opt/ros/jazzy/lib/libservice_msgs__rosidl_typesupport_introspection_c.so /opt/ros/jazzy/lib/libservice_msgs__rosidl_typesupport_fastrtps_cpp.so /opt/ros/jazzy/lib/libservice_msgs__rosidl_typesupport_introspection_cpp.so /opt/ros/jazzy/lib/libservice_msgs__rosidl_typesupport_cpp.so /opt/ros/jazzy/lib/libservice_msgs__rosidl_typesupport_c.so /opt/ros/jazzy/lib/libservice_msgs__rosidl_generator_c.so /opt/ros/jazzy/lib/libstatistics_msgs__rosidl_typesupport_fastrtps_c.so /opt/ros/jazzy/lib/libstatistics_msgs__rosidl_typesupport_fastrtps_cpp.so /opt/ros/jazzy/lib/libstatistics_msgs__rosidl_typesupport_introspection_c.so /opt/ros/jazzy/lib/libstatistics_msgs__rosidl_typesupport_introspection_cpp.so /opt/ros/jazzy/lib/libstatistics_msgs__rosidl_typesupport_cpp.so /opt/ros/jazzy/lib/libstatistics_msgs__rosidl_generator_py.so /opt/ros/jazzy/lib/libstatistics_msgs__rosidl_typesupport_c.so /opt/ros/jazzy/lib/libstatistics_msgs__rosidl_generator_c.so /opt/ros/jazzy/lib/libtracetools.so -llttng-ust -llttng-ust-common -rdynamic -ldl /opt/ros/jazzy/lib/librcl_logging_interface.so /home/vdt_2026/VDT_project/install/vdt_msgs/lib/libvdt_msgs__rosidl_typesupport_c.so /home/vdt_2026/VDT_project/install/vdt_msgs/lib/libvdt_msgs__rosidl_generator_c.so /opt/ros/jazzy/lib/libstd_msgs__rosidl_typesupport_fastrtps_c.so /opt/ros/jazzy/lib/libstd_msgs__rosidl_typesupport_fastrtps_cpp.so /opt/ros/jazzy/lib/libstd_msgs__rosidl_typesupport_introspection_c.so /opt/ros/jazzy/lib/libstd_msgs__rosidl_typesupport_introspection_cpp.so /opt/ros/jazzy/lib/libstd_msgs__rosidl_typesupport_cpp.so /opt/ros/jazzy/lib/libbuiltin_interfaces__rosidl_typesupport_fastrtps_c.so /opt/ros/jazzy/lib/librosidl_typesupport_fastrtps_c.so /opt/ros/jazzy/lib/libbuiltin_interfaces__rosidl_typesupport_introspection_c.so /opt/ros/jazzy/lib/libbuiltin_interfaces__rosidl_typesupport_fastrtps_cpp.so /opt/ros/jazzy/lib/librosidl_typesupport_fastrtps_cpp.so /opt/ros/jazzy/lib/librmw.so /opt/ros/jazzy/lib/librosidl_dynamic_typesupport.so /opt/ros/jazzy/lib/libfastcdr.so.2.2.8 /opt/ros/jazzy/lib/libbuiltin_interfaces__rosidl_typesupport_introspection_cpp.so /opt/ros/jazzy/lib/librosidl_typesupport_introspection_cpp.so /opt/ros/jazzy/lib/librosidl_typesupport_introspection_c.so /opt/ros/jazzy/lib/libbuiltin_interfaces__rosidl_typesupport_cpp.so /opt/ros/jazzy/lib/librosidl_typesupport_cpp.so /opt/ros/jazzy/lib/libbuiltin_interfaces__rosidl_generator_py.so /opt/ros/jazzy/lib/libstd_msgs__rosidl_typesupport_c.so /opt/ros/jazzy/lib/libbuiltin_interfaces__rosidl_typesupport_c.so /opt/ros/jazzy/lib/libstd_msgs__rosidl_generator_c.so /opt/ros/jazzy/lib/libbuiltin_interfaces__rosidl_generator_c.so /opt/ros/jazzy/lib/librosidl_typesupport_c.so /opt/ros/jazzy/lib/librcpputils.so /opt/ros/jazzy/lib/librosidl_runtime_c.so /opt/ros/jazzy/lib/librcutils.so -ldl -latomic -Wl,-rpath-link,/opt/ros/jazzy/lib 
[1.818s] [ 44%] Linking CXX executable rc_node
[1.820s] /usr/bin/cmake -E cmake_link_script CMakeFiles/rc_node.dir/link.txt --verbose=1
[1.835s] /usr/bin/c++ -O3 -DNDEBUG CMakeFiles/rc_node.dir/src/main.cpp.o CMakeFiles/rc_node.dir/src/rc_node.cpp.o CMakeFiles/rc_node.dir/src/rc_sbus.cpp.o CMakeFiles/rc_node.dir/src/rc_uart.cpp.o -o rc_node  -Wl,-rpath,/opt/ros/jazzy/lib:/home/vdt_2026/VDT_project/install/vdt_msgs/lib: librc_parser_lib.a /opt/ros/jazzy/lib/librclcpp.so /home/vdt_2026/VDT_project/install/vdt_msgs/lib/libvdt_msgs__rosidl_typesupport_fastrtps_c.so /home/vdt_2026/VDT_project/install/vdt_msgs/lib/libvdt_msgs__rosidl_typesupport_fastrtps_cpp.so /home/vdt_2026/VDT_project/install/vdt_msgs/lib/libvdt_msgs__rosidl_typesupport_introspection_c.so /home/vdt_2026/VDT_project/install/vdt_msgs/lib/libvdt_msgs__rosidl_typesupport_introspection_cpp.so /home/vdt_2026/VDT_project/install/vdt_msgs/lib/libvdt_msgs__rosidl_typesupport_cpp.so /home/vdt_2026/VDT_project/install/vdt_msgs/lib/libvdt_msgs__rosidl_generator_py.so /opt/ros/jazzy/lib/liblibstatistics_collector.so /opt/ros/jazzy/lib/librcl.so /opt/ros/jazzy/lib/librmw_implementation.so /opt/ros/jazzy/lib/libtype_description_interfaces__rosidl_typesupport_fastrtps_c.so /opt/ros/jazzy/lib/libtype_description_interfaces__rosidl_typesupport_introspection_c.so /opt/ros/jazzy/lib/libtype_description_interfaces__rosidl_typesupport_fastrtps_cpp.so /opt/ros/jazzy/lib/libtype_description_interfaces__rosidl_typesupport_introspection_cpp.so /opt/ros/jazzy/lib/libtype_description_interfaces__rosidl_typesupport_cpp.so /opt/ros/jazzy/lib/libtype_description_interfaces__rosidl_generator_py.so /opt/ros/jazzy/lib/libtype_description_interfaces__rosidl_typesupport_c.so /opt/ros/jazzy/lib/libtype_description_interfaces__rosidl_generator_c.so /opt/ros/jazzy/lib/librcl_yaml_param_parser.so /opt/ros/jazzy/lib/librosgraph_msgs__rosidl_typesupport_fastrtps_c.so /opt/ros/jazzy/lib/librosgraph_msgs__rosidl_typesupport_fastrtps_cpp.so /opt/ros/jazzy/lib/librosgraph_msgs__rosidl_typesupport_introspection_c.so /opt/ros/jazzy/lib/librosgraph_msgs__rosidl_typesupport_introspection_cpp.so /opt/ros/jazzy/lib/librosgraph_msgs__rosidl_typesupport_cpp.so /opt/ros/jazzy/lib/librosgraph_msgs__rosidl_generator_py.so /opt/ros/jazzy/lib/librcl_interfaces__rosidl_typesupport_fastrtps_c.so /opt/ros/jazzy/lib/librcl_interfaces__rosidl_typesupport_introspection_c.so /opt/ros/jazzy/lib/librcl_interfaces__rosidl_typesupport_fastrtps_cpp.so /opt/ros/jazzy/lib/librcl_interfaces__rosidl_typesupport_introspection_cpp.so /opt/ros/jazzy/lib/librcl_interfaces__rosidl_typesupport_cpp.so /opt/ros/jazzy/lib/librcl_interfaces__rosidl_generator_py.so /opt/ros/jazzy/lib/librosgraph_msgs__rosidl_typesupport_c.so /opt/ros/jazzy/lib/librcl_interfaces__rosidl_typesupport_c.so /opt/ros/jazzy/lib/librosgraph_msgs__rosidl_generator_c.so /opt/ros/jazzy/lib/librcl_interfaces__rosidl_generator_c.so /opt/ros/jazzy/lib/libservice_msgs__rosidl_typesupport_fastrtps_c.so /opt/ros/jazzy/lib/libservice_msgs__rosidl_typesupport_introspection_c.so /opt/ros/jazzy/lib/libservice_msgs__rosidl_typesupport_fastrtps_cpp.so /opt/ros/jazzy/lib/libservice_msgs__rosidl_typesupport_introspection_cpp.so /opt/ros/jazzy/lib/libservice_msgs__rosidl_typesupport_cpp.so /opt/ros/jazzy/lib/libservice_msgs__rosidl_typesupport_c.so /opt/ros/jazzy/lib/libservice_msgs__rosidl_generator_c.so /opt/ros/jazzy/lib/libstatistics_msgs__rosidl_typesupport_fastrtps_c.so /opt/ros/jazzy/lib/libstatistics_msgs__rosidl_typesupport_fastrtps_cpp.so /opt/ros/jazzy/lib/libstatistics_msgs__rosidl_typesupport_introspection_c.so /opt/ros/jazzy/lib/libstatistics_msgs__rosidl_typesupport_introspection_cpp.so /opt/ros/jazzy/lib/libstatistics_msgs__rosidl_typesupport_cpp.so /opt/ros/jazzy/lib/libstatistics_msgs__rosidl_generator_py.so /opt/ros/jazzy/lib/libstatistics_msgs__rosidl_typesupport_c.so /opt/ros/jazzy/lib/libstatistics_msgs__rosidl_generator_c.so /opt/ros/jazzy/lib/libtracetools.so -llttng-ust -llttng-ust-common -rdynamic -ldl /opt/ros/jazzy/lib/librcl_logging_interface.so /home/vdt_2026/VDT_project/install/vdt_msgs/lib/libvdt_msgs__rosidl_typesupport_c.so /home/vdt_2026/VDT_project/install/vdt_msgs/lib/libvdt_msgs__rosidl_generator_c.so /opt/ros/jazzy/lib/libstd_msgs__rosidl_typesupport_fastrtps_c.so /opt/ros/jazzy/lib/libstd_msgs__rosidl_typesupport_fastrtps_cpp.so /opt/ros/jazzy/lib/libstd_msgs__rosidl_typesupport_introspection_c.so /opt/ros/jazzy/lib/libstd_msgs__rosidl_typesupport_introspection_cpp.so /opt/ros/jazzy/lib/libstd_msgs__rosidl_typesupport_cpp.so /opt/ros/jazzy/lib/libbuiltin_interfaces__rosidl_typesupport_fastrtps_c.so /opt/ros/jazzy/lib/librosidl_typesupport_fastrtps_c.so /opt/ros/jazzy/lib/libbuiltin_interfaces__rosidl_typesupport_introspection_c.so /opt/ros/jazzy/lib/libbuiltin_interfaces__rosidl_typesupport_fastrtps_cpp.so /opt/ros/jazzy/lib/librosidl_typesupport_fastrtps_cpp.so /opt/ros/jazzy/lib/librmw.so /opt/ros/jazzy/lib/librosidl_dynamic_typesupport.so /opt/ros/jazzy/lib/libfastcdr.so.2.2.8 /opt/ros/jazzy/lib/libbuiltin_interfaces__rosidl_typesupport_introspection_cpp.so /opt/ros/jazzy/lib/librosidl_typesupport_introspection_cpp.so /opt/ros/jazzy/lib/librosidl_typesupport_introspection_c.so /opt/ros/jazzy/lib/libbuiltin_interfaces__rosidl_typesupport_cpp.so /opt/ros/jazzy/lib/librosidl_typesupport_cpp.so /opt/ros/jazzy/lib/libbuiltin_interfaces__rosidl_generator_py.so /opt/ros/jazzy/lib/libstd_msgs__rosidl_typesupport_c.so /opt/ros/jazzy/lib/libbuiltin_interfaces__rosidl_typesupport_c.so /opt/ros/jazzy/lib/libstd_msgs__rosidl_generator_c.so /opt/ros/jazzy/lib/libbuiltin_interfaces__rosidl_generator_c.so /opt/ros/jazzy/lib/librosidl_typesupport_c.so /opt/ros/jazzy/lib/librcpputils.so /opt/ros/jazzy/lib/librosidl_runtime_c.so /opt/ros/jazzy/lib/librcutils.so -ldl -latomic -Wl,-rpath-link,/opt/ros/jazzy/lib 
[1.918s] gmake[2]: Leaving directory '/home/vdt_2026/VDT_project/build/rc_parser'
[1.938s] [ 55%] Built target rc_logic_test
[2.119s] gmake[2]: Leaving directory '/home/vdt_2026/VDT_project/build/rc_parser'
[2.133s] [100%] Built target rc_node
[2.135s] gmake[1]: Leaving directory '/home/vdt_2026/VDT_project/build/rc_parser'
[2.135s] /usr/bin/cmake -E cmake_progress_start /home/vdt_2026/VDT_project/build/rc_parser/CMakeFiles 0
[2.152s] 
[2.155s] Invoked command in '/home/vdt_2026/VDT_project/build/rc_parser' returned '0': AMENT_PREFIX_PATH=/home/vdt_2026/VDT_project/install/vdt_msgs:${AMENT_PREFIX_PATH} CMAKE_PREFIX_PATH=/home/vdt_2026/VDT_project/install/vdt_msgs:/home/vdt_2026/ros2_ws/install/px4_msgs:/opt/ros/jazzy LD_LIBRARY_PATH=/home/vdt_2026/VDT_project/install/vdt_msgs/lib:${LD_LIBRARY_PATH} PYTHONPATH=/home/vdt_2026/VDT_project/install/vdt_msgs/lib/python3.12/site-packages:${PYTHONPATH} /usr/bin/cmake --build /home/vdt_2026/VDT_project/build/rc_parser -- -j4 -l4
[2.156s] Invoking command in '/home/vdt_2026/VDT_project/build/rc_parser': AMENT_PREFIX_PATH=/home/vdt_2026/VDT_project/install/vdt_msgs:${AMENT_PREFIX_PATH} CMAKE_PREFIX_PATH=/home/vdt_2026/VDT_project/install/vdt_msgs:/home/vdt_2026/ros2_ws/install/px4_msgs:/opt/ros/jazzy LD_LIBRARY_PATH=/home/vdt_2026/VDT_project/install/vdt_msgs/lib:${LD_LIBRARY_PATH} PYTHONPATH=/home/vdt_2026/VDT_project/install/vdt_msgs/lib/python3.12/site-packages:${PYTHONPATH} /usr/bin/cmake --install /home/vdt_2026/VDT_project/build/rc_parser
[2.172s] -- Install configuration: "Release"
[2.172s] -- Installing: /home/vdt_2026/VDT_project/install/rc_parser/lib/librc_parser_lib.a
[2.175s] -- Installing: /home/vdt_2026/VDT_project/install/rc_parser/lib/rc_parser/rc_node
[2.176s] -- Set non-toolchain portion of runtime path of "/home/vdt_2026/VDT_project/install/rc_parser/lib/rc_parser/rc_node" to ""
[2.176s] -- Up-to-date: /home/vdt_2026/VDT_project/install/rc_parser/include
[2.176s] -- Up-to-date: /home/vdt_2026/VDT_project/install/rc_parser/include/rc_parser
[2.177s] -- Up-to-date: /home/vdt_2026/VDT_project/install/rc_parser/include/rc_parser/rc_logic.hpp
[2.177s] -- Up-to-date: /home/vdt_2026/VDT_project/install/rc_parser/include/rc_parser/rc_sbus.hpp
[2.177s] -- Up-to-date: /home/vdt_2026/VDT_project/install/rc_parser/include/rc_parser/rc_types.hpp
[2.177s] -- Up-to-date: /home/vdt_2026/VDT_project/install/rc_parser/include/rc_parser/rc_node.hpp
[2.177s] -- Up-to-date: /home/vdt_2026/VDT_project/install/rc_parser/include/rc_parser/rc_uart.hpp
[2.178s] -- Installing: /home/vdt_2026/VDT_project/install/rc_parser/share/rc_parser/environment/library_path.sh
[2.178s] -- Installing: /home/vdt_2026/VDT_project/install/rc_parser/share/rc_parser/environment/library_path.dsv
[2.179s] -- Up-to-date: /home/vdt_2026/VDT_project/install/rc_parser/share/ament_index/resource_index/package_run_dependencies/rc_parser
[2.179s] -- Up-to-date: /home/vdt_2026/VDT_project/install/rc_parser/share/ament_index/resource_index/parent_prefix_path/rc_parser
[2.180s] -- Up-to-date: /home/vdt_2026/VDT_project/install/rc_parser/share/rc_parser/environment/ament_prefix_path.sh
[2.180s] -- Up-to-date: /home/vdt_2026/VDT_project/install/rc_parser/share/rc_parser/environment/ament_prefix_path.dsv
[2.180s] -- Up-to-date: /home/vdt_2026/VDT_project/install/rc_parser/share/rc_parser/environment/path.sh
[2.180s] -- Up-to-date: /home/vdt_2026/VDT_project/install/rc_parser/share/rc_parser/environment/path.dsv
[2.180s] -- Up-to-date: /home/vdt_2026/VDT_project/install/rc_parser/share/rc_parser/local_setup.bash
[2.180s] -- Installing: /home/vdt_2026/VDT_project/install/rc_parser/share/rc_parser/local_setup.sh
[2.181s] -- Up-to-date: /home/vdt_2026/VDT_project/install/rc_parser/share/rc_parser/local_setup.zsh
[2.181s] -- Installing: /home/vdt_2026/VDT_project/install/rc_parser/share/rc_parser/local_setup.dsv
[2.181s] -- Installing: /home/vdt_2026/VDT_project/install/rc_parser/share/rc_parser/package.dsv
[2.181s] -- Up-to-date: /home/vdt_2026/VDT_project/install/rc_parser/share/ament_index/resource_index/packages/rc_parser
[2.182s] -- Installing: /home/vdt_2026/VDT_project/install/rc_parser/share/rc_parser/cmake/export_rc_parser_libExport.cmake
[2.182s] -- Installing: /home/vdt_2026/VDT_project/install/rc_parser/share/rc_parser/cmake/export_rc_parser_libExport-release.cmake
[2.182s] -- Installing: /home/vdt_2026/VDT_project/install/rc_parser/share/rc_parser/cmake/ament_cmake_export_targets-extras.cmake
[2.183s] -- Installing: /home/vdt_2026/VDT_project/install/rc_parser/share/rc_parser/cmake/ament_cmake_export_dependencies-extras.cmake
[2.184s] -- Installing: /home/vdt_2026/VDT_project/install/rc_parser/share/rc_parser/cmake/rc_parserConfig.cmake
[2.184s] -- Up-to-date: /home/vdt_2026/VDT_project/install/rc_parser/share/rc_parser/cmake/rc_parserConfig-version.cmake
[2.184s] -- Up-to-date: /home/vdt_2026/VDT_project/install/rc_parser/share/rc_parser/package.xml
[2.187s] Invoked command in '/home/vdt_2026/VDT_project/build/rc_parser' returned '0': AMENT_PREFIX_PATH=/home/vdt_2026/VDT_project/install/vdt_msgs:${AMENT_PREFIX_PATH} CMAKE_PREFIX_PATH=/home/vdt_2026/VDT_project/install/vdt_msgs:/home/vdt_2026/ros2_ws/install/px4_msgs:/opt/ros/jazzy LD_LIBRARY_PATH=/home/vdt_2026/VDT_project/install/vdt_msgs/lib:${LD_LIBRARY_PATH} PYTHONPATH=/home/vdt_2026/VDT_project/install/vdt_msgs/lib/python3.12/site-packages:${PYTHONPATH} /usr/bin/cmake --install /home/vdt_2026/VDT_project/build/rc_parser
